This is XeTeX, Version 3.141592653-2.6-0.999996 (TeX Live 2024) (preloaded format=xelatex 2025.3.7)  23 SEP 2025 21:48
entering extended mode
 restricted \write18 enabled.
 file:line:error style messages enabled.
 %&-line parsing enabled.
**monthly_calendar.tex
(./monthly_calendar.tex
LaTeX2e <2023-11-01> patch level 1
L3 programming layer <2024-02-20>
(/usr/local/texlive/2024/texmf-dist/tex/latex/extsizes/extarticle.cls
Document Class: extarticle 1996/10/08 v1.0 Non Standard LaTeX document class
(/usr/local/texlive/2024/texmf-dist/tex/latex/extsizes/size9.clo
File: size9.clo 1999/11/11 v1.4a NON-Standard LaTeX file (size option)
)
(/usr/local/texlive/2024/texmf-dist/tex/latex/base/exscale.sty
Package: exscale 2018/09/24 v2.1i Standard LaTeX package exscale
LaTeX Font Info:    Redeclaring symbol font `largesymbols' on input line 57.
LaTeX Font Info:    Overwriting symbol font `largesymbols' in version `normal'
(Font)                  OMX/cmex/m/n --> OMX/cmex/m/n on input line 57.
LaTeX Font Info:    Overwriting symbol font `largesymbols' in version `bold'
(Font)                  OMX/cmex/m/n --> OMX/cmex/m/n on input line 57.
\big@size=\dimen140
)
\c@part=\count184
\c@section=\count185
\c@subsection=\count186
\c@subsubsection=\count187
\c@paragraph=\count188
\c@subparagraph=\count189
\c@figure=\count190
\c@table=\count191
\abovecaptionskip=\skip48
\belowcaptionskip=\)
(/usr/local/texlive/2024/texmf-dist/tex/latex/xcolor/xcolor.sty
(/usr/local/texlive/2024/texmf-dist/tex/latex/graphics-cfg/color.cfg)
(/usr/local/texlive/2024/texmf-dist/tex/latex/graphics-def/xetex.def)
(/usr/local/texlive/2024/texmf-dist/tex/latex/graphics/mathcolor.ltx))
(/usr/local/texlive/2024/texmf-dist/tex/latex/colortbl/colortbl.sty
(/usr/local/texlive/2024/texmf-dist/tex/latex/tools/array.sty))
(/usr/local/texlive/2024/texmf-dist/tex/latex/graphics/graphicx.sty
(/usr/local/texlive/2024/texmf-dist/tex/latex/graphics/graphics.sty
(/usr/local/texlive/2024/texmf-dist/tex/latex/graphics/trig.sty)
(/usr/local/texlive/2024/texmf-dist/tex/latex/graphics-cfg/graphics.cfg)))
(/usr/local/texlive/2024/texmf-dist/tex/latex/pgf/frontendlayer/tikz.sty
(/usr/local/texlive/2024/texmf-dist/tex/latex/pgf/basiclayer/pgf.sty
(/usr/local/texlive/2024/texmf-dist/tex/latex/pgf/utilities/pgfrcs.sty
(/usr/local/texlive/2024/texmf-dist/tex/generic/pgf/utilities/pgfutil-common.te
x)
(/usr/local/texlive/2024/texmf-dist/tex/generic/pgf/utilities/pgfutil-latex.def
) (/usr/local/texlive/2024/texmf-dist/tex/generic/pgf/utilities/pgfrcs.code.tex
(/usr/local/texlive/2024/texmf-dist/tex/generic/pgf/pgf.revision.tex)))
(/usr/local/texlive/2024/texmf-dist/tex/latex/pgf/basiclayer/pgfcore.sty
(/usr/local/texlive/2024/texmf-dist/tex/latex/pgf/systemlayer/pgfsys.sty
(/usr/local/texlive/2024/texmf-dist/tex/generic/pgf/systemlayer/pgfsys.code.tex
(/usr/local/texlive/2024/texmf-dist/tex/generic/pgf/utilities/pgfkeys.code.tex
(/usr/local/texlive/2024/texmf-dist/tex/generic/pgf/utilities/pgfkeyslibraryfil
tered.code.tex))
(/usr/local/texlive/2024/texmf-dist/tex/generic/pgf/systemlayer/pgf.cfg)
(/usr/local/texlive/2024/texmf-dist/tex/generic/pgf/systemlayer/pgfsys-xetex.de
f
(/usr/local/texlive/2024/texmf-dist/tex/generic/pgf/systemlayer/pgfsys-dvipdfmx
.def
(/usr/local/texlive/2024/texmf-dist/tex/generic/pgf/systemlayer/pgfsys-common-p
df.def))))
(/usr/local/texlive/2024/texmf-dist/tex/generic/pgf/systemlayer/pgfsyssoftpath.
code.tex)
(/usr/local/texlive/2024/texmf-dist/tex/generic/pgf/systemlayer/pgfsysprotocol.
code.tex))
(/usr/local/texlive/2024/texmf-dist/tex/generic/pgf/basiclayer/pgfcore.code.tex
(/usr/local/texlive/2024/texmf-dist/tex/generic/pgf/math/pgfmath.code.tex
(/usr/local/texlive/2024/texmf-dist/tex/generic/pgf/math/pgfmathutil.code.tex)
(/usr/local/texlive/2024/texmf-dist/tex/generic/pgf/math/pgfmathparser.code.tex
)
(/usr/local/texlive/2024/texmf-dist/tex/generic/pgf/math/pgfmathfunctions.code.
tex)
(/usr/local/texlive/2024/texmf-dist/tex/generic/pgf/math/pgfmathfunctions.basic
.code.tex)
(/usr/local/texlive/2024/texmf-dist/tex/generic/pgf/math/pgfmathfunctions.trigo
nometric.code.tex)
(/usr/local/texlive/2024/texmf-dist/tex/generic/pgf/math/pgfmathfunctions.rando
m.code.tex)
(/usr/local/texlive/2024/texmf-dist/tex/generic/pgf/math/pgfmathfunctions.compa
rison.code.tex)
(/usr/local/texlive/2024/texmf-dist/tex/generic/pgf/math/pgfmathfunctions.base.
code.tex)
(/usr/local/texlive/2024/texmf-dist/tex/generic/pgf/math/pgfmathfunctions.round
.code.tex)
(/usr/local/texlive/2024/texmf-dist/tex/generic/pgf/math/pgfmathfunctions.misc.
code.tex)
(/usr/local/texlive/2024/texmf-dist/tex/generic/pgf/math/pgfmathfunctions.integ
erarithmetics.code.tex)
(/usr/local/texlive/2024/texmf-dist/tex/generic/pgf/math/pgfmathcalc.code.tex)
(/usr/local/texlive/2024/texmf-dist/tex/generic/pgf/math/pgfmathfloat.code.tex)
) (/usr/local/texlive/2024/texmf-dist/tex/generic/pgf/math/pgfint.code.tex)
(/usr/local/texlive/2024/texmf-dist/tex/generic/pgf/basiclayer/pgfcorepoints.co
de.tex)
(/usr/local/texlive/2024/texmf-dist/tex/generic/pgf/basiclayer/pgfcorepathconst
ruct.code.tex)
(/usr/local/texlive/2024/texmf-dist/tex/generic/pgf/basiclayer/pgfcorepathusage
.code.tex)
(/usr/local/texlive/2024/texmf-dist/tex/generic/pgf/basiclayer/pgfcorescopes.co
de.tex)
(/usr/local/texlive/2024/texmf-dist/tex/generic/pgf/basiclayer/pgfcoregraphicst
ate.code.tex)
(/usr/local/texlive/2024/texmf-dist/tex/generic/pgf/basiclayer/pgfcoretransform
ations.code.tex)
(/usr/local/texlive/2024/texmf-dist/tex/generic/pgf/basiclayer/pgfcorequick.cod
e.tex)
(/usr/local/texlive/2024/texmf-dist/tex/generic/pgf/basiclayer/pgfcoreobjects.c
ode.tex)
(/usr/local/texlive/2024/texmf-dist/tex/generic/pgf/basiclayer/pgfcorepathproce
ssing.code.tex)
(/usr/local/texlive/2024/texmf-dist/tex/generic/pgf/basiclayer/pgfcorearrows.co
de.tex)
(/usr/local/texlive/2024/texmf-dist/tex/generic/pgf/basiclayer/pgfcoreshade.cod
e.tex)
(/usr/local/texlive/2024/texmf-dist/tex/generic/pgf/basiclayer/pgfcoreimage.cod
e.tex)
(/usr/local/texlive/2024/texmf-dist/tex/generic/pgf/basiclayer/pgfcoreexternal.
code.tex)
(/usr/local/texlive/2024/texmf-dist/tex/generic/pgf/basiclayer/pgfcorelayers.co
de.tex)
(/usr/local/texlive/2024/texmf-dist/tex/generic/pgf/basiclayer/pgfcoretranspare
ncy.code.tex)
(/usr/local/texlive/2024/texmf-dist/tex/generic/pgf/basiclayer/pgfcorepatterns.
code.tex)
(/usr/local/texlive/2024/texmf-dist/tex/generic/pgf/basiclayer/pgfcorerdf.code.
tex)))
(/usr/local/texlive/2024/texmf-dist/tex/generic/pgf/modules/pgfmoduleshapes.cod
e.tex)
(/usr/local/texlive/2024/texmf-dist/tex/generic/pgf/modules/pgfmoduleplot.code.
tex)
(/usr/local/texlive/2024/texmf-dist/tex/latex/pgf/compatibility/pgfcomp-version
-0-65.sty)
(/usr/local/texlive/2024/texmf-dist/tex/latex/pgf/compatibility/pgfcomp-version
-1-18.sty))
(/usr/local/texlive/2024/texmf-dist/tex/latex/pgf/utilities/pgffor.sty
(/usr/local/texlive/2024/texmf-dist/tex/latex/pgf/utilities/pgfkeys.sty
(/usr/local/texlive/2024/texmf-dist/tex/generic/pgf/utilities/pgfkeys.code.tex)
) (/usr/local/texlive/2024/texmf-dist/tex/latex/pgf/math/pgfmath.sty
(/usr/local/texlive/2024/texmf-dist/tex/generic/pgf/math/pgfmath.code.tex))
(/usr/local/texlive/2024/texmf-dist/tex/generic/pgf/utilities/pgffor.code.tex))

(/usr/local/texlive/2024/texmf-dist/tex/generic/pgf/frontendlayer/tikz/tikz.cod
e.tex
(/usr/local/texlive/2024/texmf-dist/tex/generic/pgf/libraries/pgflibraryplothan
dlers.code.tex)
(/usr/local/texlive/2024/texmf-dist/tex/generic/pgf/modules/pgfmodulematrix.cod
e.tex)
(/usr/local/texlive/2024/texmf-dist/tex/generic/pgf/frontendlayer/tikz/librarie
s/tikzlibrarytopaths.code.tex)))
(/usr/local/texlive/2024/texmf-dist/tex/latex/adjustbox/adjustbox.sty
(/usr/local/texlive/2024/texmf-dist/tex/latex/xkeyval/xkeyval.sty
(/usr/local/texlive/2024/texmf-dist/tex/generic/xkeyval/xkeyval.tex
(/usr/local/texlive/2024/texmf-dist/tex/generic/xkeyval/xkvutils.tex)))
(/usr/local/texlive/2024/texmf-dist/tex/latex/adjustbox/adjcalc.sty)
(/usr/local/texlive/2024/texmf-dist/tex/latex/adjustbox/trimclip.sty
(/usr/local/texlive/2024/texmf-dist/tex/latex/collectbox/collectbox.sty)
(/usr/local/texlive/2024/texmf-dist/tex/latex/adjustbox/tc-xetex.def))
(/usr/local/texlive/2024/texmf-dist/tex/latex/ifoddpage/ifoddpage.sty)
(/usr/local/texlive/2024/texmf-dist/tex/latex/varwidth/varwidth.sty))
(/usr/local/texlive/2024/texmf-dist/tex/latex/tools/tabularx.sty)
(/usr/local/texlive/2024/texmf-dist/tex/latex/multirow/multirow.sty)
(/usr/local/texlive/2024/texmf-dist/tex/latex/makecell/makecell.sty)
(/usr/local/texlive/2024/texmf-dist/tex/latex/setspace/setspace.sty)
(/usr/local/texlive/2024/texmf-dist/tex/latex/leading/leading.sty)
(/usr/local/texlive/2024/texmf-dist/tex/latex/dashrule/dashrule.sty
(/usr/local/texlive/2024/texmf-dist/tex/latex/ifmtarg/ifmtarg.sty))
(/usr/local/texlive/2024/texmf-dist/tex/latex/wrapfig/wrapfig.sty)
(/usr/local/texlive/2024/texmf-dist/tex/latex/marginnote/marginnote.sty)
(/usr/local/texlive/2024/texmf-dist/tex/latex/fancyhdr/fancyhdr.sty)
(/usr/local/texlive/2024/texmf-dist/tex/latex/mathtools/mathtools.sty
(/usr/local/texlive/2024/texmf-dist/tex/latex/mathtools/mhsetup.sty)
(/usr/local/texlive/2024/texmf-dist/tex/latex/amsmath/amsmath.sty
For additional information on amsmath, use the `?' option.
(/usr/local/texlive/2024/texmf-dist/tex/latex/amsmath/amstext.sty
(/usr/local/texlive/2024/texmf-dist/tex/latex/amsmath/amsgen.sty))
(/usr/local/texlive/2024/texmf-dist/tex/latex/amsmath/amsbsy.sty)
(/usr/local/texlive/2024/texmf-dist/tex/latex/amsmath/amsopn.sty)))
(/usr/local/texlive/2024/texmf-dist/tex/latex/amsfonts/amssymb.sty
(/usr/local/texlive/2024/texmf-dist/tex/latex/amsfonts/amsfonts.sty))
(/usr/local/texlive/2024/texmf-dist/tex/latex/multido/multido.sty
(/usr/local/texlive/2024/texmf-dist/tex/generic/multido/multido.tex
 v1.42, 2010/05/14 <tvz>))
(/usr/local/texlive/2024/texmf-dist/tex/latex/tcolorbox/tcolorbox.sty
(/usr/local/texlive/2024/texmf-dist/tex/latex/tools/verbatim.sty)
(/usr/local/texlive/2024/texmf-dist/tex/latex/environ/environ.sty
(/usr/local/texlive/2024/texmf-dist/tex/latex/trimspaces/trimspaces.sty))
(/usr/local/texlive/2024/texmf-dist/tex/latex/etoolbox/etoolbox.sty)
(/usr/local/texlive/2024/texmf-dist/tex/latex/tcolorbox/tcbraster.code.tex
Library (tcolorbox): 'tcbraster.code.tex' version '6.2.0'
) (/usr/local/texlive/2024/texmf-dist/tex/latex/tcolorbox/tcbskins.code.tex
Library (tcolorbox): 'tcbskins.code.tex' version '6.2.0'
(/usr/local/texlive/2024/texmf-dist/tex/latex/tikzfill/tikzfill.image.sty
(/usr/local/texlive/2024/texmf-dist/tex/latex/tikzfill/tikzfill-common.sty)
(/usr/local/texlive/2024/texmf-dist/tex/latex/tikzfill/tikzlibraryfill.image.co
de.tex))
(/usr/local/texlive/2024/texmf-dist/tex/latex/tcolorbox/tcbskinsjigsaw.code.tex
Library (tcolorbox): 'tcbskinsjigsaw.code.tex' version '6.2.0'
))
(/usr/local/texlive/2024/texmf-dist/tex/latex/tcolorbox/tcbbreakable.code.tex
Library (tcolorbox): 'tcbbreakable.code.tex' version '6.2.0'
(/usr/local/texlive/2024/texmf-dist/tex/latex/pdfcol/pdfcol.sty
(/usr/local/texlive/2024/texmf-dist/tex/generic/ltxcmds/ltxcmds.sty)
(/usr/local/texlive/2024/texmf-dist/tex/generic/infwarerr/infwarerr.sty)))
(/usr/local/texlive/2024/texmf-dist/tex/latex/tcolorbox/tcbhooks.code.tex
Library (tcolorbox): 'tcbhooks.code.tex' version '6.2.0'
) (/usr/local/texlive/2024/texmf-dist/tex/latex/tcolorbox/tcbtheorems.code.tex
Library (tcolorbox): 'tcbtheorems.code.tex' version '6.2.0'
) (/usr/local/texlive/2024/texmf-dist/tex/latex/tcolorbox/tcbfitting.code.tex
Library (tcolorbox): 'tcbfitting.code.tex' version '6.2.0'
)
(/usr/local/texlive/2024/texmf-dist/tex/latex/tcolorbox/tcblistingsutf8.code.te
x
Library (tcolorbox): 'tcblistingsutf8.code.tex' version '6.2.0'
(/usr/local/texlive/2024/texmf-dist/tex/latex/tcolorbox/tcblistings.code.tex
Library (tcolorbox): 'tcblistings.code.tex' version '6.2.0'
(/usr/local/texlive/2024/texmf-dist/tex/latex/listings/listings.sty
(/usr/local/texlive/2024/texmf-dist/tex/latex/listings/lstpatch.sty)
(/usr/local/texlive/2024/texmf-dist/tex/latex/listings/lstmisc.sty)
(/usr/local/texlive/2024/texmf-dist/tex/latex/listings/listings.cfg))
(/usr/local/texlive/2024/texmf-dist/tex/latex/tcolorbox/tcblistingscore.code.te
x
Library (tcolorbox): 'tcblistingscore.code.tex' version '6.2.0'
(/usr/local/texlive/2024/texmf-dist/tex/latex/tcolorbox/tcbprocessing.code.tex
Library (tcolorbox): 'tcbprocessing.code.tex' version '6.2.0'
))))
(/usr/local/texlive/2024/texmf-dist/tex/latex/tcolorbox/tcbexternal.code.tex
Library (tcolorbox): 'tcbexternal.code.tex' version '6.2.0'
) (/usr/local/texlive/2024/texmf-dist/tex/latex/tcolorbox/tcbmagazine.code.tex
Library (tcolorbox): 'tcbmagazine.code.tex' version '6.2.0'
) (/usr/local/texlive/2024/texmf-dist/tex/latex/tcolorbox/tcbvignette.code.tex
Library (tcolorbox): 'tcbvignette.code.tex' version '6.2.0'

(/usr/local/texlive/2024/texmf-dist/tex/generic/pgf/frontendlayer/tikz/librarie
s/tikzlibraryfadings.code.tex
(/usr/local/texlive/2024/texmf-dist/tex/generic/pgf/libraries/pgflibraryfadings
.code.tex)))
(/usr/local/texlive/2024/texmf-dist/tex/latex/tcolorbox/tcbposter.code.tex
Library (tcolorbox): 'tcbposter.code.tex' version '6.2.0'
)) (/usr/local/texlive/2024/texmf-dist/tex/latex/blindtext/blindtext.sty
(/usr/local/texlive/2024/texmf-dist/tex/latex/tools/xspace.sty))
(/usr/local/texlive/2024/texmf-dist/tex/latex/lm/t1lmss.fd)
No file monthly_calendar.aux.
(/usr/local/texlive/2024/texmf-dist/tex/latex/base/ts1cmr.fd)
*geometry* driver: auto-detecting
*geometry* detected driver: xetex
(./monthly.tex (/usr/local/texlive/2024/texmf-dist/tex/latex/lm/ot1lmr.fd)
(/usr/local/texlive/2024/texmf-dist/tex/latex/lm/omllmm.fd)
(/usr/local/texlive/2024/texmf-dist/tex/latex/lm/omslmsy.fd)
(/usr/local/texlive/2024/texmf-dist/tex/latex/lm/omxlmex.fd)
(/usr/local/texlive/2024/texmf-dist/tex/latex/amsfonts/umsa.fd)
(/usr/local/texlive/2024/texmf-dist/tex/latex/amsfonts/umsb.fd)
./monthly.tex:259: Misplaced \noalign.
\hline ->\noalign 
                  {\ifnum 0=`}\fi \let \hskip \vskip \let \vrule \hrule \let...
l.259   \end{tabularx}
                      
./monthly.tex:259: Misplaced \noalign.
\hline ->\noalign 
                  {\ifnum 0=`}\fi \let \hskip \vskip \let \vrule \hrule \let...
l.259   \end{tabularx}
                      
./monthly.tex:259: Misplaced \noalign.
\hline ->\noalign 
                  {\ifnum 0=`}\fi \let \hskip \vskip \let \vrule \hrule \let...
l.259   \end{tabularx}
                      
./monthly.tex:259: Misplaced \noalign.
\hline ->\noalign 
                  {\ifnum 0=`}\fi \let \hskip \vskip \let \vrule \hrule \let...
l.259   \end{tabularx}
                      
./monthly.tex:259: Misplaced \noalign.
\hline ->\noalign 
                  {\ifnum 0=`}\fi \let \hskip \vskip \let \vrule \hrule \let...
l.259   \end{tabularx}
                      
./monthly.tex:259: Misplaced \noalign.
\hline ->\noalign 
                  {\ifnum 0=`}\fi \let \hskip \vskip \let \vrule \hrule \let...
l.259   \end{tabularx}
                      
./monthly.tex:259: Misplaced \noalign.
\hline ->\noalign 
                  {\ifnum 0=`}\fi \let \hskip \vskip \let \vrule \hrule \let...
l.259   \end{tabularx}
                      
./monthly.tex:259: Misplaced \noalign.
\hline ->\noalign 
                  {\ifnum 0=`}\fi \let \hskip \vskip \let \vrule \hrule \let...
l.259   \end{tabularx}
                      
./monthly.tex:259: Misplaced \noalign.
\hline ->\noalign 
                  {\ifnum 0=`}\fi \let \hskip \vskip \let \vrule \hrule \let...
l.259   \end{tabularx}
                      
./monthly.tex:259: Misplaced \noalign.
\hline ->\noalign 
                  {\ifnum 0=`}\fi \let \hskip \vskip \let \vrule \hrule \let...
l.259   \end{tabularx}
                      
./monthly.tex:259: Misplaced \noalign.
\hline ->\noalign 
                  {\ifnum 0=`}\fi \let \hskip \vskip \let \vrule \hrule \let...
l.259   \end{tabularx}
                      
./monthly.tex:259: Misplaced \noalign.
\hline ->\noalign 
                  {\ifnum 0=`}\fi \let \hskip \vskip \let \vrule \hrule \let...
l.259   \end{tabularx}
                      
./monthly.tex:259: Misplaced \noalign.
\hline ->\noalign 
                  {\ifnum 0=`}\fi \let \hskip \vskip \let \vrule \hrule \let...
l.259   \end{tabularx}
                      
./monthly.tex:259: Misplaced \noalign.
\hline ->\noalign 
                  {\ifnum 0=`}\fi \let \hskip \vskip \let \vrule \hrule \let...
l.259   \end{tabularx}
                      
./monthly.tex:259: Misplaced \noalign.
\hline ->\noalign 
                  {\ifnum 0=`}\fi \let \hskip \vskip \let \vrule \hrule \let...
l.259   \end{tabularx}
                      
./monthly.tex:259: Misplaced \noalign.
\hline ->\noalign 
                  {\ifnum 0=`}\fi \let \hskip \vskip \let \vrule \hrule \let...
l.259   \end{tabularx}
                      
./monthly.tex:259: Misplaced \noalign.
\hline ->\noalign 
                  {\ifnum 0=`}\fi \let \hskip \vskip \let \vrule \hrule \let...
l.259   \end{tabularx}
                      
./monthly.tex:259: Misplaced \noalign.
\hline ->\noalign 
                  {\ifnum 0=`}\fi \let \hskip \vskip \let \vrule \hrule \let...
l.259   \end{tabularx}
                      
./monthly.tex:259: Misplaced \noalign.
\hline ->\noalign 
                  {\ifnum 0=`}\fi \let \hskip \vskip \let \vrule \hrule \let...
l.259   \end{tabularx}
                      
./monthly.tex:259: Misplaced \noalign.
\hline ->\noalign 
                  {\ifnum 0=`}\fi \let \hskip \vskip \let \vrule \hrule \let...
l.259   \end{tabularx}
                      
./monthly.tex:259: Misplaced \noalign.
\hline ->\noalign 
                  {\ifnum 0=`}\fi \let \hskip \vskip \let \vrule \hrule \let...
l.259   \end{tabularx}
                      
./monthly.tex:259: Misplaced \noalign.
\hline ->\noalign 
                  {\ifnum 0=`}\fi \let \hskip \vskip \let \vrule \hrule \let...
l.259   \end{tabularx}
                      
./monthly.tex:259: Misplaced \noalign.
\hline ->\noalign 
                  {\ifnum 0=`}\fi \let \hskip \vskip \let \vrule \hrule \let...
l.259   \end{tabularx}
                      
./monthly.tex:259: Misplaced \noalign.
\hline ->\noalign 
                  {\ifnum 0=`}\fi \let \hskip \vskip \let \vrule \hrule \let...
l.259   \end{tabularx}
                      
./monthly.tex:259: Misplaced \noalign.
\hline ->\noalign 
                  {\ifnum 0=`}\fi \let \hskip \vskip \let \vrule \hrule \let...
l.259   \end{tabularx}
                      
./monthly.tex:259: Misplaced \noalign.
\hline ->\noalign 
                  {\ifnum 0=`}\fi \let \hskip \vskip \let \vrule \hrule \let...
l.259   \end{tabularx}
                      
./monthly.tex:259: Misplaced \noalign.
\hline ->\noalign 
                  {\ifnum 0=`}\fi \let \hskip \vskip \let \vrule \hrule \let...
l.259   \end{tabularx}
                      
./monthly.tex:259: Misplaced \noalign.
\hline ->\noalign 
                  {\ifnum 0=`}\fi \let \hskip \vskip \let \vrule \hrule \let...
l.259   \end{tabularx}
                      
./monthly.tex:259: Misplaced \noalign.
\hline ->\noalign 
                  {\ifnum 0=`}\fi \let \hskip \vskip \let \vrule \hrule \let...
l.259   \end{tabularx}
                      
./monthly.tex:259: Misplaced \noalign.
\hline ->\noalign 
                  {\ifnum 0=`}\fi \let \hskip \vskip \let \vrule \hrule \let...
l.259   \end{tabularx}
                      
./monthly.tex:259: Misplaced \noalign.
\hline ->\noalign 
                  {\ifnum 0=`}\fi \let \hskip \vskip \let \vrule \hrule \let...
l.259   \end{tabularx}
                      
./monthly.tex:259: Misplaced \noalign.
\hline ->\noalign 
                  {\ifnum 0=`}\fi \let \hskip \vskip \let \vrule \hrule \let...
l.259   \end{tabularx}
                      
./monthly.tex:259: Misplaced \noalign.
\hline ->\noalign 
                  {\ifnum 0=`}\fi \let \hskip \vskip \let \vrule \hrule \let...
l.259   \end{tabularx}
                      
./monthly.tex:259: Misplaced \noalign.
\hline ->\noalign 
                  {\ifnum 0=`}\fi \let \hskip \vskip \let \vrule \hrule \let...
l.259   \end{tabularx}
                      
./monthly.tex:259: Misplaced \noalign.
\hline ->\noalign 
                  {\ifnum 0=`}\fi \let \hskip \vskip \let \vrule \hrule \let...
l.259   \end{tabularx}
                      
./monthly.tex:259: Misplaced \noalign.
\hline ->\noalign 
                  {\ifnum 0=`}\fi \let \hskip \vskip \let \vrule \hrule \let...
l.259   \end{tabularx}
                      
./monthly.tex:259: Misplaced \noalign.
\hline ->\noalign 
                  {\ifnum 0=`}\fi \let \hskip \vskip \let \vrule \hrule \let...
l.259   \end{tabularx}
                      
./monthly.tex:259: Misplaced \noalign.
\hline ->\noalign 
                  {\ifnum 0=`}\fi \let \hskip \vskip \let \vrule \hrule \let...
l.259   \end{tabularx}
                      
./monthly.tex:259: Misplaced \noalign.
\hline ->\noalign 
                  {\ifnum 0=`}\fi \let \hskip \vskip \let \vrule \hrule \let...
l.259   \end{tabularx}
                      
./monthly.tex:259: Misplaced \noalign.
\hline ->\noalign 
                  {\ifnum 0=`}\fi \let \hskip \vskip \let \vrule \hrule \let...
l.259   \end{tabularx}
                      
./monthly.tex:259: Misplaced \noalign.
\hline ->\noalign 
                  {\ifnum 0=`}\fi \let \hskip \vskip \let \vrule \hrule \let...
l.259   \end{tabularx}
                      
./monthly.tex:259: Misplaced \noalign.
\hline ->\noalign 
                  {\ifnum 0=`}\fi \let \hskip \vskip \let \vrule \hrule \let...
l.259   \end{tabularx}
                      
./monthly.tex:259: Misplaced \noalign.
\hline ->\noalign 
                  {\ifnum 0=`}\fi \let \hskip \vskip \let \vrule \hrule \let...
l.259   \end{tabularx}
                      
./monthly.tex:259: Misplaced \noalign.
\hline ->\noalign 
                  {\ifnum 0=`}\fi \let \hskip \vskip \let \vrule \hrule \let...
l.259   \end{tabularx}
                      
./monthly.tex:259: Misplaced \noalign.
\hline ->\noalign 
                  {\ifnum 0=`}\fi \let \hskip \vskip \let \vrule \hrule \let...
l.259   \end{tabularx}
                      
./monthly.tex:259: Misplaced \noalign.
\hline ->\noalign 
                  {\ifnum 0=`}\fi \let \hskip \vskip \let \vrule \hrule \let...
l.259   \end{tabularx}
                      
./monthly.tex:259: Misplaced \noalign.
\hline ->\noalign 
                  {\ifnum 0=`}\fi \let \hskip \vskip \let \vrule \hrule \let...
l.259   \end{tabularx}
                      
./monthly.tex:259: Misplaced \noalign.
\hline ->\noalign 
                  {\ifnum 0=`}\fi \let \hskip \vskip \let \vrule \hrule \let...
l.259   \end{tabularx}
                      
./monthly.tex:259: Misplaced \noalign.
\hline ->\noalign 
                  {\ifnum 0=`}\fi \let \hskip \vskip \let \vrule \hrule \let...
l.259   \end{tabularx}
                      
./monthly.tex:259: Misplaced \noalign.
\hline ->\noalign 
                  {\ifnum 0=`}\fi \let \hskip \vskip \let \vrule \hrule \let...
l.259   \end{tabularx}
                      
./monthly.tex:259: Misplaced \noalign.
\hline ->\noalign 
                  {\ifnum 0=`}\fi \let \hskip \vskip \let \vrule \hrule \let...
l.259   \end{tabularx}
                      
./monthly.tex:259: Misplaced \noalign.
\hline ->\noalign 
                  {\ifnum 0=`}\fi \let \hskip \vskip \let \vrule \hrule \let...
l.259   \end{tabularx}
                      
./monthly.tex:259: Misplaced \noalign.
\hline ->\noalign 
                  {\ifnum 0=`}\fi \let \hskip \vskip \let \vrule \hrule \let...
l.259   \end{tabularx}
                      
./monthly.tex:259: Misplaced \noalign.
\hline ->\noalign 
                  {\ifnum 0=`}\fi \let \hskip \vskip \let \vrule \hrule \let...
l.259   \end{tabularx}
                      
./monthly.tex:259: Misplaced \noalign.
\hline ->\noalign 
                  {\ifnum 0=`}\fi \let \hskip \vskip \let \vrule \hrule \let...
l.259   \end{tabularx}
                      
./monthly.tex:259: Misplaced \noalign.
\hline ->\noalign 
                  {\ifnum 0=`}\fi \let \hskip \vskip \let \vrule \hrule \let...
l.259   \end{tabularx}
                      
./monthly.tex:259: Misplaced \noalign.
\hline ->\noalign 
                  {\ifnum 0=`}\fi \let \hskip \vskip \let \vrule \hrule \let...
l.259   \end{tabularx}
                      
./monthly.tex:259: Misplaced \noalign.
\hline ->\noalign 
                  {\ifnum 0=`}\fi \let \hskip \vskip \let \vrule \hrule \let...
l.259   \end{tabularx}
                      
./monthly.tex:259: Misplaced \noalign.
\hline ->\noalign 
                  {\ifnum 0=`}\fi \let \hskip \vskip \let \vrule \hrule \let...
l.259   \end{tabularx}
                      
./monthly.tex:259: Misplaced \noalign.
\hline ->\noalign 
                  {\ifnum 0=`}\fi \let \hskip \vskip \let \vrule \hrule \let...
l.259   \end{tabularx}
                      
./monthly.tex:259: Misplaced \noalign.
\hline ->\noalign 
                  {\ifnum 0=`}\fi \let \hskip \vskip \let \vrule \hrule \let...
l.259   \end{tabularx}
                      
./monthly.tex:259: Misplaced \noalign.
\hline ->\noalign 
                  {\ifnum 0=`}\fi \let \hskip \vskip \let \vrule \hrule \let...
l.259   \end{tabularx}
                      
./monthly.tex:259: Misplaced \noalign.
\hline ->\noalign 
                  {\ifnum 0=`}\fi \let \hskip \vskip \let \vrule \hrule \let...
l.259   \end{tabularx}
                      
./monthly.tex:259: Misplaced \noalign.
\hline ->\noalign 
                  {\ifnum 0=`}\fi \let \hskip \vskip \let \vrule \hrule \let...
l.259   \end{tabularx}
                      
./monthly.tex:259: Misplaced \noalign.
\hline ->\noalign 
                  {\ifnum 0=`}\fi \let \hskip \vskip \let \vrule \hrule \let...
l.259   \end{tabularx}
                      
./monthly.tex:259: Misplaced \noalign.
\hline ->\noalign 
                  {\ifnum 0=`}\fi \let \hskip \vskip \let \vrule \hrule \let...
l.259   \end{tabularx}
                      
./monthly.tex:259: Misplaced \noalign.
\hline ->\noalign 
                  {\ifnum 0=`}\fi \let \hskip \vskip \let \vrule \hrule \let...
l.259   \end{tabularx}
                      
./monthly.tex:259: Misplaced \noalign.
\hline ->\noalign 
                  {\ifnum 0=`}\fi \let \hskip \vskip \let \vrule \hrule \let...
l.259   \end{tabularx}
                      
./monthly.tex:259: Misplaced \noalign.
\hline ->\noalign 
                  {\ifnum 0=`}\fi \let \hskip \vskip \let \vrule \hrule \let...
l.259   \end{tabularx}
                      
./monthly.tex:259: Misplaced \noalign.
\hline ->\noalign 
                  {\ifnum 0=`}\fi \let \hskip \vskip \let \vrule \hrule \let...
l.259   \end{tabularx}
                      
./monthly.tex:259: Misplaced \noalign.
\hline ->\noalign 
                  {\ifnum 0=`}\fi \let \hskip \vskip \let \vrule \hrule \let...
l.259   \end{tabularx}
                      
./monthly.tex:259: Misplaced \noalign.
\hline ->\noalign 
                  {\ifnum 0=`}\fi \let \hskip \vskip \let \vrule \hrule \let...
l.259   \end{tabularx}
                      
./monthly.tex:259: Misplaced \noalign.
\hline ->\noalign 
                  {\ifnum 0=`}\fi \let \hskip \vskip \let \vrule \hrule \let...
l.259   \end{tabularx}
                      
./monthly.tex:259: Misplaced \noalign.
\hline ->\noalign 
                  {\ifnum 0=`}\fi \let \hskip \vskip \let \vrule \hrule \let...
l.259   \end{tabularx}
                      
./monthly.tex:259: Misplaced \noalign.
\hline ->\noalign 
                  {\ifnum 0=`}\fi \let \hskip \vskip \let \vrule \hrule \let...
l.259   \end{tabularx}
                      
./monthly.tex:259: Misplaced \noalign.
\hline ->\noalign 
                  {\ifnum 0=`}\fi \let \hskip \vskip \let \vrule \hrule \let...
l.259   \end{tabularx}
                      
./monthly.tex:259: Misplaced \noalign.
\hline ->\noalign 
                  {\ifnum 0=`}\fi \let \hskip \vskip \let \vrule \hrule \let...
l.259   \end{tabularx}
                      
./monthly.tex:259: Misplaced \noalign.
\hline ->\noalign 
                  {\ifnum 0=`}\fi \let \hskip \vskip \let \vrule \hrule \let...
l.259   \end{tabularx}
                      
./monthly.tex:259: Misplaced \noalign.
\hline ->\noalign 
                  {\ifnum 0=`}\fi \let \hskip \vskip \let \vrule \hrule \let...
l.259   \end{tabularx}
                      
./monthly.tex:259: Misplaced \noalign.
\hline ->\noalign 
                  {\ifnum 0=`}\fi \let \hskip \vskip \let \vrule \hrule \let...
l.259   \end{tabularx}
                      
./monthly.tex:259: Misplaced \noalign.
\hline ->\noalign 
                  {\ifnum 0=`}\fi \let \hskip \vskip \let \vrule \hrule \let...
l.259   \end{tabularx}
                      
./monthly.tex:259: Misplaced \noalign.
\hline ->\noalign 
                  {\ifnum 0=`}\fi \let \hskip \vskip \let \vrule \hrule \let...
l.259   \end{tabularx}
                      
./monthly.tex:259: Misplaced \noalign.
\hline ->\noalign 
                  {\ifnum 0=`}\fi \let \hskip \vskip \let \vrule \hrule \let...
l.259   \end{tabularx}
                      
./monthly.tex:259: Misplaced \noalign.
\hline ->\noalign 
                  {\ifnum 0=`}\fi \let \hskip \vskip \let \vrule \hrule \let...
l.259   \end{tabularx}
                      
./monthly.tex:259: Misplaced \noalign.
\hline ->\noalign 
                  {\ifnum 0=`}\fi \let \hskip \vskip \let \vrule \hrule \let...
l.259   \end{tabularx}
                      
./monthly.tex:259: Misplaced \noalign.
\hline ->\noalign 
                  {\ifnum 0=`}\fi \let \hskip \vskip \let \vrule \hrule \let...
l.259   \end{tabularx}
                      
./monthly.tex:259: Misplaced \noalign.
\hline ->\noalign 
                  {\ifnum 0=`}\fi \let \hskip \vskip \let \vrule \hrule \let...
l.259   \end{tabularx}
                      
./monthly.tex:259: Misplaced \noalign.
\hline ->\noalign 
                  {\ifnum 0=`}\fi \let \hskip \vskip \let \vrule \hrule \let...
l.259   \end{tabularx}
                      
./monthly.tex:259: Misplaced \noalign.
\hline ->\noalign 
                  {\ifnum 0=`}\fi \let \hskip \vskip \let \vrule \hrule \let...
l.259   \end{tabularx}
                      
./monthly.tex:259: Misplaced \noalign.
\hline ->\noalign 
                  {\ifnum 0=`}\fi \let \hskip \vskip \let \vrule \hrule \let...
l.259   \end{tabularx}
                      
./monthly.tex:259: Misplaced \noalign.
\hline ->\noalign 
                  {\ifnum 0=`}\fi \let \hskip \vskip \let \vrule \hrule \let...
l.259   \end{tabularx}
                      

Overfull \hbox (113.76016pt too wide) in paragraph at lines 259--259
[]|[][][] 
./monthly.tex:259: Misplaced \noalign.
\hline ->\noalign 
                  {\ifnum 0=`}\fi \let \hskip \vskip \let \vrule \hrule \let...
l.259   \end{tabularx}
                      
./monthly.tex:259: Misplaced \noalign.
\hline ->\noalign 
                  {\ifnum 0=`}\fi \let \hskip \vskip \let \vrule \hrule \let...
l.259   \end{tabularx}
                      

Underfull \hbox (badness 10000) in paragraph at lines 259--262

[1]
./monthly.tex:521: Misplaced \noalign.
\hline ->\noalign 
                  {\ifnum 0=`}\fi \let \hskip \vskip \let \vrule \hrule \let...
l.521   \end{tabularx}
                      
./monthly.tex:521: Misplaced \noalign.
\hline ->\noalign 
                  {\ifnum 0=`}\fi \let \hskip \vskip \let \vrule \hrule \let...
l.521   \end{tabularx}
                      
./monthly.tex:521: Misplaced \noalign.
\hline ->\noalign 
                  {\ifnum 0=`}\fi \let \hskip \vskip \let \vrule \hrule \let...
l.521   \end{tabularx}
                      
./monthly.tex:521: Misplaced \noalign.
\hline ->\noalign 
                  {\ifnum 0=`}\fi \let \hskip \vskip \let \vrule \hrule \let...
l.521   \end{tabularx}
                      
./monthly.tex:521: Misplaced \noalign.
\hline ->\noalign 
                  {\ifnum 0=`}\fi \let \hskip \vskip \let \vrule \hrule \let...
l.521   \end{tabularx}
                      
./monthly.tex:521: Misplaced \noalign.
\hline ->\noalign 
                  {\ifnum 0=`}\fi \let \hskip \vskip \let \vrule \hrule \let...
l.521   \end{tabularx}
                      
./monthly.tex:521: Misplaced \noalign.
\hline ->\noalign 
                  {\ifnum 0=`}\fi \let \hskip \vskip \let \vrule \hrule \let...
l.521   \end{tabularx}
                      
./monthly.tex:521: Misplaced \noalign.
\hline ->\noalign 
                  {\ifnum 0=`}\fi \let \hskip \vskip \let \vrule \hrule \let...
l.521   \end{tabularx}
                      
./monthly.tex:521: Misplaced \noalign.
\hline ->\noalign 
                  {\ifnum 0=`}\fi \let \hskip \vskip \let \vrule \hrule \let...
l.521   \end{tabularx}
                      
./monthly.tex:521: Misplaced \noalign.
\hline ->\noalign 
                  {\ifnum 0=`}\fi \let \hskip \vskip \let \vrule \hrule \let...
l.521   \end{tabularx}
                      
./monthly.tex:521: Misplaced \noalign.
\hline ->\noalign 
                  {\ifnum 0=`}\fi \let \hskip \vskip \let \vrule \hrule \let...
l.521   \end{tabularx}
                      
./monthly.tex:521: Misplaced \noalign.
\hline ->\noalign 
                  {\ifnum 0=`}\fi \let \hskip \vskip \let \vrule \hrule \let...
l.521   \end{tabularx}
                      
./monthly.tex:521: Misplaced \noalign.
\hline ->\noalign 
                  {\ifnum 0=`}\fi \let \hskip \vskip \let \vrule \hrule \let...
l.521   \end{tabularx}
                      
./monthly.tex:521: Misplaced \noalign.
\hline ->\noalign 
                  {\ifnum 0=`}\fi \let \hskip \vskip \let \vrule \hrule \let...
l.521   \end{tabularx}
                      
./monthly.tex:521: Misplaced \noalign.
\hline ->\noalign 
                  {\ifnum 0=`}\fi \let \hskip \vskip \let \vrule \hrule \let...
l.521   \end{tabularx}
                      
./monthly.tex:521: Misplaced \noalign.
\hline ->\noalign 
                  {\ifnum 0=`}\fi \let \hskip \vskip \let \vrule \hrule \let...
l.521   \end{tabularx}
                      
./monthly.tex:521: Misplaced \noalign.
\hline ->\noalign 
                  {\ifnum 0=`}\fi \let \hskip \vskip \let \vrule \hrule \let...
l.521   \end{tabularx}
                      
./monthly.tex:521: Misplaced \noalign.
\hline ->\noalign 
                  {\ifnum 0=`}\fi \let \hskip \vskip \let \vrule \hrule \let...
l.521   \end{tabularx}
                      
./monthly.tex:521: Misplaced \noalign.
\hline ->\noalign 
                  {\ifnum 0=`}\fi \let \hskip \vskip \let \vrule \hrule \let...
l.521   \end{tabularx}
                      
./monthly.tex:521: Misplaced \noalign.
\hline ->\noalign 
                  {\ifnum 0=`}\fi \let \hskip \vskip \let \vrule \hrule \let...
l.521   \end{tabularx}
                      
./monthly.tex:521: Misplaced \noalign.
\hline ->\noalign 
                  {\ifnum 0=`}\fi \let \hskip \vskip \let \vrule \hrule \let...
l.521   \end{tabularx}
                      
./monthly.tex:521: Misplaced \noalign.
\hline ->\noalign 
                  {\ifnum 0=`}\fi \let \hskip \vskip \let \vrule \hrule \let...
l.521   \end{tabularx}
                      
./monthly.tex:521: Misplaced \noalign.
\hline ->\noalign 
                  {\ifnum 0=`}\fi \let \hskip \vskip \let \vrule \hrule \let...
l.521   \end{tabularx}
                      
./monthly.tex:521: Misplaced \noalign.
\hline ->\noalign 
                  {\ifnum 0=`}\fi \let \hskip \vskip \let \vrule \hrule \let...
l.521   \end{tabularx}
                      
./monthly.tex:521: Misplaced \noalign.
\hline ->\noalign 
                  {\ifnum 0=`}\fi \let \hskip \vskip \let \vrule \hrule \let...
l.521   \end{tabularx}
                      
./monthly.tex:521: Misplaced \noalign.
\hline ->\noalign 
                  {\ifnum 0=`}\fi \let \hskip \vskip \let \vrule \hrule \let...
l.521   \end{tabularx}
                      
./monthly.tex:521: Misplaced \noalign.
\hline ->\noalign 
                  {\ifnum 0=`}\fi \let \hskip \vskip \let \vrule \hrule \let...
l.521   \end{tabularx}
                      
./monthly.tex:521: Misplaced \noalign.
\hline ->\noalign 
                  {\ifnum 0=`}\fi \let \hskip \vskip \let \vrule \hrule \let...
l.521   \end{tabularx}
                      
./monthly.tex:521: Misplaced \noalign.
\hline ->\noalign 
                  {\ifnum 0=`}\fi \let \hskip \vskip \let \vrule \hrule \let...
l.521   \end{tabularx}
                      
./monthly.tex:521: Misplaced \noalign.
\hline ->\noalign 
                  {\ifnum 0=`}\fi \let \hskip \vskip \let \vrule \hrule \let...
l.521   \end{tabularx}
                      
./monthly.tex:521: Misplaced \noalign.
\hline ->\noalign 
                  {\ifnum 0=`}\fi \let \hskip \vskip \let \vrule \hrule \let...
l.521   \end{tabularx}
                      
./monthly.tex:521: Misplaced \noalign.
\hline ->\noalign 
                  {\ifnum 0=`}\fi \let \hskip \vskip \let \vrule \hrule \let...
l.521   \end{tabularx}
                      
./monthly.tex:521: Misplaced \noalign.
\hline ->\noalign 
                  {\ifnum 0=`}\fi \let \hskip \vskip \let \vrule \hrule \let...
l.521   \end{tabularx}
                      
./monthly.tex:521: Misplaced \noalign.
\hline ->\noalign 
                  {\ifnum 0=`}\fi \let \hskip \vskip \let \vrule \hrule \let...
l.521   \end{tabularx}
                      
./monthly.tex:521: Misplaced \noalign.
\hline ->\noalign 
                  {\ifnum 0=`}\fi \let \hskip \vskip \let \vrule \hrule \let...
l.521   \end{tabularx}
                      
./monthly.tex:521: Misplaced \noalign.
\hline ->\noalign 
                  {\ifnum 0=`}\fi \let \hskip \vskip \let \vrule \hrule \let...
l.521   \end{tabularx}
                      
./monthly.tex:521: Misplaced \noalign.
\hline ->\noalign 
                  {\ifnum 0=`}\fi \let \hskip \vskip \let \vrule \hrule \let...
l.521   \end{tabularx}
                      
./monthly.tex:521: Misplaced \noalign.
\hline ->\noalign 
                  {\ifnum 0=`}\fi \let \hskip \vskip \let \vrule \hrule \let...
l.521   \end{tabularx}
                      
./monthly.tex:521: Misplaced \noalign.
\hline ->\noalign 
                  {\ifnum 0=`}\fi \let \hskip \vskip \let \vrule \hrule \let...
l.521   \end{tabularx}
                      
./monthly.tex:521: Misplaced \noalign.
\hline ->\noalign 
                  {\ifnum 0=`}\fi \let \hskip \vskip \let \vrule \hrule \let...
l.521   \end{tabularx}
                      
./monthly.tex:521: Misplaced \noalign.
\hline ->\noalign 
                  {\ifnum 0=`}\fi \let \hskip \vskip \let \vrule \hrule \let...
l.521   \end{tabularx}
                      
./monthly.tex:521: Misplaced \noalign.
\hline ->\noalign 
                  {\ifnum 0=`}\fi \let \hskip \vskip \let \vrule \hrule \let...
l.521   \end{tabularx}
                      
./monthly.tex:521: Misplaced \noalign.
\hline ->\noalign 
                  {\ifnum 0=`}\fi \let \hskip \vskip \let \vrule \hrule \let...
l.521   \end{tabularx}
                      
./monthly.tex:521: Misplaced \noalign.
\hline ->\noalign 
                  {\ifnum 0=`}\fi \let \hskip \vskip \let \vrule \hrule \let...
l.521   \end{tabularx}
                      
./monthly.tex:521: Misplaced \noalign.
\hline ->\noalign 
                  {\ifnum 0=`}\fi \let \hskip \vskip \let \vrule \hrule \let...
l.521   \end{tabularx}
                      
./monthly.tex:521: Misplaced \noalign.
\hline ->\noalign 
                  {\ifnum 0=`}\fi \let \hskip \vskip \let \vrule \hrule \let...
l.521   \end{tabularx}
                      
./monthly.tex:521: Misplaced \noalign.
\hline ->\noalign 
                  {\ifnum 0=`}\fi \let \hskip \vskip \let \vrule \hrule \let...
l.521   \end{tabularx}
                      
./monthly.tex:521: Misplaced \noalign.
\hline ->\noalign 
                  {\ifnum 0=`}\fi \let \hskip \vskip \let \vrule \hrule \let...
l.521   \end{tabularx}
                      
./monthly.tex:521: Misplaced \noalign.
\hline ->\noalign 
                  {\ifnum 0=`}\fi \let \hskip \vskip \let \vrule \hrule \let...
l.521   \end{tabularx}
                      
./monthly.tex:521: Misplaced \noalign.
\hline ->\noalign 
                  {\ifnum 0=`}\fi \let \hskip \vskip \let \vrule \hrule \let...
l.521   \end{tabularx}
                      
./monthly.tex:521: Misplaced \noalign.
\hline ->\noalign 
                  {\ifnum 0=`}\fi \let \hskip \vskip \let \vrule \hrule \let...
l.521   \end{tabularx}
                      
./monthly.tex:521: Misplaced \noalign.
\hline ->\noalign 
                  {\ifnum 0=`}\fi \let \hskip \vskip \let \vrule \hrule \let...
l.521   \end{tabularx}
                      
./monthly.tex:521: Misplaced \noalign.
\hline ->\noalign 
                  {\ifnum 0=`}\fi \let \hskip \vskip \let \vrule \hrule \let...
l.521   \end{tabularx}
                      
./monthly.tex:521: Misplaced \noalign.
\hline ->\noalign 
                  {\ifnum 0=`}\fi \let \hskip \vskip \let \vrule \hrule \let...
l.521   \end{tabularx}
                      
./monthly.tex:521: Misplaced \noalign.
\hline ->\noalign 
                  {\ifnum 0=`}\fi \let \hskip \vskip \let \vrule \hrule \let...
l.521   \end{tabularx}
                      
./monthly.tex:521: Misplaced \noalign.
\hline ->\noalign 
                  {\ifnum 0=`}\fi \let \hskip \vskip \let \vrule \hrule \let...
l.521   \end{tabularx}
                      
./monthly.tex:521: Misplaced \noalign.
\hline ->\noalign 
                  {\ifnum 0=`}\fi \let \hskip \vskip \let \vrule \hrule \let...
l.521   \end{tabularx}
                      
./monthly.tex:521: Misplaced \noalign.
\hline ->\noalign 
                  {\ifnum 0=`}\fi \let \hskip \vskip \let \vrule \hrule \let...
l.521   \end{tabularx}
                      
./monthly.tex:521: Misplaced \noalign.
\hline ->\noalign 
                  {\ifnum 0=`}\fi \let \hskip \vskip \let \vrule \hrule \let...
l.521   \end{tabularx}
                      
./monthly.tex:521: Misplaced \noalign.
\hline ->\noalign 
                  {\ifnum 0=`}\fi \let \hskip \vskip \let \vrule \hrule \let...
l.521   \end{tabularx}
                      
./monthly.tex:521: Misplaced \noalign.
\hline ->\noalign 
                  {\ifnum 0=`}\fi \let \hskip \vskip \let \vrule \hrule \let...
l.521   \end{tabularx}
                      

Overfull \hbox (341.28049pt too wide) in paragraph at lines 521--521
[]|[][][] 
./monthly.tex:521: Misplaced \noalign.
\hline ->\noalign 
                  {\ifnum 0=`}\fi \let \hskip \vskip \let \vrule \hrule \let...
l.521   \end{tabularx}
                      

Overfull \hbox (284.4004pt too wide) in paragraph at lines 521--521
[]|[][][] 
./monthly.tex:521: Misplaced \noalign.
\hline ->\noalign 
                  {\ifnum 0=`}\fi \let \hskip \vskip \let \vrule \hrule \let...
l.521   \end{tabularx}
                      

Overfull \hbox (227.52032pt too wide) in paragraph at lines 521--521
[]|[][][] 
./monthly.tex:521: Misplaced \noalign.
\hline ->\noalign 
                  {\ifnum 0=`}\fi \let \hskip \vskip \let \vrule \hrule \let...
l.521   \end{tabularx}
                      

Overfull \hbox (170.64024pt too wide) in paragraph at lines 521--521
[]|[][][] 
./monthly.tex:521: Misplaced \noalign.
\hline ->\noalign 
                  {\ifnum 0=`}\fi \let \hskip \vskip \let \vrule \hrule \let...
l.521   \end{tabularx}
                      

Overfull \hbox (113.76016pt too wide) in paragraph at lines 521--521
[]|[][][] 
./monthly.tex:521: Misplaced \noalign.
\hline ->\noalign 
                  {\ifnum 0=`}\fi \let \hskip \vskip \let \vrule \hrule \let...
l.521   \end{tabularx}
                      

Overfull \hbox (56.88008pt too wide) in paragraph at lines 521--521
[]|[][][] 
./monthly.tex:521: Misplaced \noalign.
\hline ->\noalign 
                  {\ifnum 0=`}\fi \let \hskip \vskip \let \vrule \hrule \let...
l.521   \end{tabularx}
                      
./monthly.tex:521: Misplaced \noalign.
\hline ->\noalign 
                  {\ifnum 0=`}\fi \let \hskip \vskip \let \vrule \hrule \let...
l.521   \end{tabularx}
                      

Overfull \hbox (341.28049pt too wide) in paragraph at lines 521--521
[]|[][][] 
./monthly.tex:521: Misplaced \noalign.
\hline ->\noalign 
                  {\ifnum 0=`}\fi \let \hskip \vskip \let \vrule \hrule \let...
l.521   \end{tabularx}
                      

Overfull \hbox (284.4004pt too wide) in paragraph at lines 521--521
[]|[][][] 
./monthly.tex:521: Misplaced \noalign.
\hline ->\noalign 
                  {\ifnum 0=`}\fi \let \hskip \vskip \let \vrule \hrule \let...
l.521   \end{tabularx}
                      

Overfull \hbox (227.52032pt too wide) in paragraph at lines 521--521
[]|[][][] 
./monthly.tex:521: Misplaced \noalign.
\hline ->\noalign 
                  {\ifnum 0=`}\fi \let \hskip \vskip \let \vrule \hrule \let...
l.521   \end{tabularx}
                      
./monthly.tex:521: Misplaced \noalign.
\hline ->\noalign 
                  {\ifnum 0=`}\fi \let \hskip \vskip \let \vrule \hrule \let...
l.521   \end{tabularx}
                      
./monthly.tex:521: Misplaced \noalign.
\hline ->\noalign 
                  {\ifnum 0=`}\fi \let \hskip \vskip \let \vrule \hrule \let...
l.521   \end{tabularx}
                      

Overfull \hbox (56.88008pt too wide) in paragraph at lines 521--521
[]|[][][] 
./monthly.tex:521: Misplaced \noalign.
\hline ->\noalign 
                  {\ifnum 0=`}\fi \let \hskip \vskip \let \vrule \hrule \let...
l.521   \end{tabularx}
                      
./monthly.tex:521: Misplaced \noalign.
\hline ->\noalign 
                  {\ifnum 0=`}\fi \let \hskip \vskip \let \vrule \hrule \let...
l.521   \end{tabularx}
                      

Overfull \hbox (341.28049pt too wide) in paragraph at lines 521--521
[]|[][][] 
./monthly.tex:521: Misplaced \noalign.
\hline ->\noalign 
                  {\ifnum 0=`}\fi \let \hskip \vskip \let \vrule \hrule \let...
l.521   \end{tabularx}
                      
./monthly.tex:521: Misplaced \noalign.
\hline ->\noalign 
                  {\ifnum 0=`}\fi \let \hskip \vskip \let \vrule \hrule \let...
l.521   \end{tabularx}
                      
./monthly.tex:521: Misplaced \noalign.
\hline ->\noalign 
                  {\ifnum 0=`}\fi \let \hskip \vskip \let \vrule \hrule \let...
l.521   \end{tabularx}
                      
./monthly.tex:521: Misplaced \noalign.
\hline ->\noalign 
                  {\ifnum 0=`}\fi \let \hskip \vskip \let \vrule \hrule \let...
l.521   \end{tabularx}
                      
./monthly.tex:521: Misplaced \noalign.
\hline ->\noalign 
                  {\ifnum 0=`}\fi \let \hskip \vskip \let \vrule \hrule \let...
l.521   \end{tabularx}
                      
./monthly.tex:521: Misplaced \noalign.
\hline ->\noalign 
                  {\ifnum 0=`}\fi \let \hskip \vskip \let \vrule \hrule \let...
l.521   \end{tabularx}
                      
./monthly.tex:521: Misplaced \noalign.
\hline ->\noalign 
                  {\ifnum 0=`}\fi \let \hskip \vskip \let \vrule \hrule \let...
l.521   \end{tabularx}
                      
./monthly.tex:521: Misplaced \noalign.
\hline ->\noalign 
                  {\ifnum 0=`}\fi \let \hskip \vskip \let \vrule \hrule \let...
l.521   \end{tabularx}
                      
./monthly.tex:521: Misplaced \noalign.
\hline ->\noalign 
                  {\ifnum 0=`}\fi \let \hskip \vskip \let \vrule \hrule \let...
l.521   \end{tabularx}
                      
./monthly.tex:521: Misplaced \noalign.
\hline ->\noalign 
                  {\ifnum 0=`}\fi \let \hskip \vskip \let \vrule \hrule \let...
l.521   \end{tabularx}
                      
./monthly.tex:521: Misplaced \noalign.
\hline ->\noalign 
                  {\ifnum 0=`}\fi \let \hskip \vskip \let \vrule \hrule \let...
l.521   \end{tabularx}
                      

Overfull \hbox (113.76016pt too wide) in paragraph at lines 521--521
[]|[][][] 
./monthly.tex:521: Misplaced \noalign.
\hline ->\noalign 
                  {\ifnum 0=`}\fi \let \hskip \vskip \let \vrule \hrule \let...
l.521   \end{tabularx}
                      
./monthly.tex:521: Misplaced \noalign.
\hline ->\noalign 
                  {\ifnum 0=`}\fi \let \hskip \vskip \let \vrule \hrule \let...
l.521   \end{tabularx}
                      
./monthly.tex:521: Misplaced \noalign.
\hline ->\noalign 
                  {\ifnum 0=`}\fi \let \hskip \vskip \let \vrule \hrule \let...
l.521   \end{tabularx}
                      
./monthly.tex:521: Misplaced \noalign.
\hline ->\noalign 
                  {\ifnum 0=`}\fi \let \hskip \vskip \let \vrule \hrule \let...
l.521   \end{tabularx}
                      

Underfull \hbox (badness 10000) in paragraph at lines 521--524

[2]
./monthly.tex:785: Misplaced \noalign.
\hline ->\noalign 
                  {\ifnum 0=`}\fi \let \hskip \vskip \let \vrule \hrule \let...
l.785   \end{tabularx}
                      
./monthly.tex:785: Misplaced \noalign.
\hline ->\noalign 
                  {\ifnum 0=`}\fi \let \hskip \vskip \let \vrule \hrule \let...
l.785   \end{tabularx}
                      
./monthly.tex:785: Misplaced \noalign.
\hline ->\noalign 
                  {\ifnum 0=`}\fi \let \hskip \vskip \let \vrule \hrule \let...
l.785   \end{tabularx}
                      
./monthly.tex:785: Misplaced \noalign.
\hline ->\noalign 
                  {\ifnum 0=`}\fi \let \hskip \vskip \let \vrule \hrule \let...
l.785   \end{tabularx}
                      
./monthly.tex:785: Misplaced \noalign.
\hline ->\noalign 
                  {\ifnum 0=`}\fi \let \hskip \vskip \let \vrule \hrule \let...
l.785   \end{tabularx}
                      
./monthly.tex:785: Misplaced \noalign.
\hline ->\noalign 
                  {\ifnum 0=`}\fi \let \hskip \vskip \let \vrule \hrule \let...
l.785   \end{tabularx}
                      
./monthly.tex:785: Misplaced \noalign.
\hline ->\noalign 
                  {\ifnum 0=`}\fi \let \hskip \vskip \let \vrule \hrule \let...
l.785   \end{tabularx}
                      
./monthly.tex:785: Misplaced \noalign.
\hline ->\noalign 
                  {\ifnum 0=`}\fi \let \hskip \vskip \let \vrule \hrule \let...
l.785   \end{tabularx}
                      
./monthly.tex:785: Misplaced \noalign.
\hline ->\noalign 
                  {\ifnum 0=`}\fi \let \hskip \vskip \let \vrule \hrule \let...
l.785   \end{tabularx}
                      
./monthly.tex:785: Misplaced \noalign.
\hline ->\noalign 
                  {\ifnum 0=`}\fi \let \hskip \vskip \let \vrule \hrule \let...
l.785   \end{tabularx}
                      
./monthly.tex:785: Misplaced \noalign.
\hline ->\noalign 
                  {\ifnum 0=`}\fi \let \hskip \vskip \let \vrule \hrule \let...
l.785   \end{tabularx}
                      
./monthly.tex:785: Misplaced \noalign.
\hline ->\noalign 
                  {\ifnum 0=`}\fi \let \hskip \vskip \let \vrule \hrule \let...
l.785   \end{tabularx}
                      
./monthly.tex:785: Misplaced \noalign.
\hline ->\noalign 
                  {\ifnum 0=`}\fi \let \hskip \vskip \let \vrule \hrule \let...
l.785   \end{tabularx}
                      
./monthly.tex:785: Misplaced \noalign.
\hline ->\noalign 
                  {\ifnum 0=`}\fi \let \hskip \vskip \let \vrule \hrule \let...
l.785   \end{tabularx}
                      
./monthly.tex:785: Misplaced \noalign.
\hline ->\noalign 
                  {\ifnum 0=`}\fi \let \hskip \vskip \let \vrule \hrule \let...
l.785   \end{tabularx}
                      
./monthly.tex:785: Misplaced \noalign.
\hline ->\noalign 
                  {\ifnum 0=`}\fi \let \hskip \vskip \let \vrule \hrule \let...
l.785   \end{tabularx}
                      
./monthly.tex:785: Misplaced \noalign.
\hline ->\noalign 
                  {\ifnum 0=`}\fi \let \hskip \vskip \let \vrule \hrule \let...
l.785   \end{tabularx}
                      
./monthly.tex:785: Misplaced \noalign.
\hline ->\noalign 
                  {\ifnum 0=`}\fi \let \hskip \vskip \let \vrule \hrule \let...
l.785   \end{tabularx}
                      
./monthly.tex:785: Misplaced \noalign.
\hline ->\noalign 
                  {\ifnum 0=`}\fi \let \hskip \vskip \let \vrule \hrule \let...
l.785   \end{tabularx}
                      
./monthly.tex:785: Misplaced \noalign.
\hline ->\noalign 
                  {\ifnum 0=`}\fi \let \hskip \vskip \let \vrule \hrule \let...
l.785   \end{tabularx}
                      
./monthly.tex:785: Misplaced \noalign.
\hline ->\noalign 
                  {\ifnum 0=`}\fi \let \hskip \vskip \let \vrule \hrule \let...
l.785   \end{tabularx}
                      
./monthly.tex:785: Misplaced \noalign.
\hline ->\noalign 
                  {\ifnum 0=`}\fi \let \hskip \vskip \let \vrule \hrule \let...
l.785   \end{tabularx}
                      
./monthly.tex:785: Misplaced \noalign.
\hline ->\noalign 
                  {\ifnum 0=`}\fi \let \hskip \vskip \let \vrule \hrule \let...
l.785   \end{tabularx}
                      
./monthly.tex:785: Misplaced \noalign.
\hline ->\noalign 
                  {\ifnum 0=`}\fi \let \hskip \vskip \let \vrule \hrule \let...
l.785   \end{tabularx}
                      
./monthly.tex:785: Misplaced \noalign.
\hline ->\noalign 
                  {\ifnum 0=`}\fi \let \hskip \vskip \let \vrule \hrule \let...
l.785   \end{tabularx}
                      
./monthly.tex:785: Misplaced \noalign.
\hline ->\noalign 
                  {\ifnum 0=`}\fi \let \hskip \vskip \let \vrule \hrule \let...
l.785   \end{tabularx}
                      
./monthly.tex:785: Misplaced \noalign.
\hline ->\noalign 
                  {\ifnum 0=`}\fi \let \hskip \vskip \let \vrule \hrule \let...
l.785   \end{tabularx}
                      
./monthly.tex:785: Misplaced \noalign.
\hline ->\noalign 
                  {\ifnum 0=`}\fi \let \hskip \vskip \let \vrule \hrule \let...
l.785   \end{tabularx}
                      
./monthly.tex:785: Misplaced \noalign.
\hline ->\noalign 
                  {\ifnum 0=`}\fi \let \hskip \vskip \let \vrule \hrule \let...
l.785   \end{tabularx}
                      
./monthly.tex:785: Misplaced \noalign.
\hline ->\noalign 
                  {\ifnum 0=`}\fi \let \hskip \vskip \let \vrule \hrule \let...
l.785   \end{tabularx}
                      
./monthly.tex:785: Misplaced \noalign.
\hline ->\noalign 
                  {\ifnum 0=`}\fi \let \hskip \vskip \let \vrule \hrule \let...
l.785   \end{tabularx}
                      
./monthly.tex:785: Misplaced \noalign.
\hline ->\noalign 
                  {\ifnum 0=`}\fi \let \hskip \vskip \let \vrule \hrule \let...
l.785   \end{tabularx}
                      
./monthly.tex:785: Misplaced \noalign.
\hline ->\noalign 
                  {\ifnum 0=`}\fi \let \hskip \vskip \let \vrule \hrule \let...
l.785   \end{tabularx}
                      
./monthly.tex:785: Misplaced \noalign.
\hline ->\noalign 
                  {\ifnum 0=`}\fi \let \hskip \vskip \let \vrule \hrule \let...
l.785   \end{tabularx}
                      
./monthly.tex:785: Misplaced \noalign.
\hline ->\noalign 
                  {\ifnum 0=`}\fi \let \hskip \vskip \let \vrule \hrule \let...
l.785   \end{tabularx}
                      
./monthly.tex:785: Misplaced \noalign.
\hline ->\noalign 
                  {\ifnum 0=`}\fi \let \hskip \vskip \let \vrule \hrule \let...
l.785   \end{tabularx}
                      
./monthly.tex:785: Misplaced \noalign.
\hline ->\noalign 
                  {\ifnum 0=`}\fi \let \hskip \vskip \let \vrule \hrule \let...
l.785   \end{tabularx}
                      
./monthly.tex:785: Misplaced \noalign.
\hline ->\noalign 
                  {\ifnum 0=`}\fi \let \hskip \vskip \let \vrule \hrule \let...
l.785   \end{tabularx}
                      
./monthly.tex:785: Misplaced \noalign.
\hline ->\noalign 
                  {\ifnum 0=`}\fi \let \hskip \vskip \let \vrule \hrule \let...
l.785   \end{tabularx}
                      
./monthly.tex:785: Misplaced \noalign.
\hline ->\noalign 
                  {\ifnum 0=`}\fi \let \hskip \vskip \let \vrule \hrule \let...
l.785   \end{tabularx}
                      
./monthly.tex:785: Misplaced \noalign.
\hline ->\noalign 
                  {\ifnum 0=`}\fi \let \hskip \vskip \let \vrule \hrule \let...
l.785   \end{tabularx}
                      
./monthly.tex:785: Misplaced \noalign.
\hline ->\noalign 
                  {\ifnum 0=`}\fi \let \hskip \vskip \let \vrule \hrule \let...
l.785   \end{tabularx}
                      
./monthly.tex:785: Misplaced \noalign.
\hline ->\noalign 
                  {\ifnum 0=`}\fi \let \hskip \vskip \let \vrule \hrule \let...
l.785   \end{tabularx}
                      
./monthly.tex:785: Misplaced \noalign.
\hline ->\noalign 
                  {\ifnum 0=`}\fi \let \hskip \vskip \let \vrule \hrule \let...
l.785   \end{tabularx}
                      
./monthly.tex:785: Misplaced \noalign.
\hline ->\noalign 
                  {\ifnum 0=`}\fi \let \hskip \vskip \let \vrule \hrule \let...
l.785   \end{tabularx}
                      
./monthly.tex:785: Misplaced \noalign.
\hline ->\noalign 
                  {\ifnum 0=`}\fi \let \hskip \vskip \let \vrule \hrule \let...
l.785   \end{tabularx}
                      
./monthly.tex:785: Misplaced \noalign.
\hline ->\noalign 
                  {\ifnum 0=`}\fi \let \hskip \vskip \let \vrule \hrule \let...
l.785   \end{tabularx}
                      
./monthly.tex:785: Misplaced \noalign.
\hline ->\noalign 
                  {\ifnum 0=`}\fi \let \hskip \vskip \let \vrule \hrule \let...
l.785   \end{tabularx}
                      
./monthly.tex:785: Misplaced \noalign.
\hline ->\noalign 
                  {\ifnum 0=`}\fi \let \hskip \vskip \let \vrule \hrule \let...
l.785   \end{tabularx}
                      
./monthly.tex:785: Misplaced \noalign.
\hline ->\noalign 
                  {\ifnum 0=`}\fi \let \hskip \vskip \let \vrule \hrule \let...
l.785   \end{tabularx}
                      
./monthly.tex:785: Misplaced \noalign.
\hline ->\noalign 
                  {\ifnum 0=`}\fi \let \hskip \vskip \let \vrule \hrule \let...
l.785   \end{tabularx}
                      
./monthly.tex:785: Misplaced \noalign.
\hline ->\noalign 
                  {\ifnum 0=`}\fi \let \hskip \vskip \let \vrule \hrule \let...
l.785   \end{tabularx}
                      
./monthly.tex:785: Misplaced \noalign.
\hline ->\noalign 
                  {\ifnum 0=`}\fi \let \hskip \vskip \let \vrule \hrule \let...
l.785   \end{tabularx}
                      
./monthly.tex:785: Misplaced \noalign.
\hline ->\noalign 
                  {\ifnum 0=`}\fi \let \hskip \vskip \let \vrule \hrule \let...
l.785   \end{tabularx}
                      
./monthly.tex:785: Misplaced \noalign.
\hline ->\noalign 
                  {\ifnum 0=`}\fi \let \hskip \vskip \let \vrule \hrule \let...
l.785   \end{tabularx}
                      
./monthly.tex:785: Misplaced \noalign.
\hline ->\noalign 
                  {\ifnum 0=`}\fi \let \hskip \vskip \let \vrule \hrule \let...
l.785   \end{tabularx}
                      
./monthly.tex:785: Misplaced \noalign.
\hline ->\noalign 
                  {\ifnum 0=`}\fi \let \hskip \vskip \let \vrule \hrule \let...
l.785   \end{tabularx}
                      
./monthly.tex:785: Misplaced \noalign.
\hline ->\noalign 
                  {\ifnum 0=`}\fi \let \hskip \vskip \let \vrule \hrule \let...
l.785   \end{tabularx}
                      
./monthly.tex:785: Misplaced \noalign.
\hline ->\noalign 
                  {\ifnum 0=`}\fi \let \hskip \vskip \let \vrule \hrule \let...
l.785   \end{tabularx}
                      
./monthly.tex:785: Misplaced \noalign.
\hline ->\noalign 
                  {\ifnum 0=`}\fi \let \hskip \vskip \let \vrule \hrule \let...
l.785   \end{tabularx}
                      
./monthly.tex:785: Misplaced \noalign.
\hline ->\noalign 
                  {\ifnum 0=`}\fi \let \hskip \vskip \let \vrule \hrule \let...
l.785   \end{tabularx}
                      
./monthly.tex:785: Misplaced \noalign.
\hline ->\noalign 
                  {\ifnum 0=`}\fi \let \hskip \vskip \let \vrule \hrule \let...
l.785   \end{tabularx}
                      
./monthly.tex:785: Misplaced \noalign.
\hline ->\noalign 
                  {\ifnum 0=`}\fi \let \hskip \vskip \let \vrule \hrule \let...
l.785   \end{tabularx}
                      

Overfull \hbox (227.52032pt too wide) in paragraph at lines 785--785
[]|[][][] 
./monthly.tex:785: Misplaced \noalign.
\hline ->\noalign 
                  {\ifnum 0=`}\fi \let \hskip \vskip \let \vrule \hrule \let...
l.785   \end{tabularx}
                      
./monthly.tex:785: Misplaced \noalign.
\hline ->\noalign 
                  {\ifnum 0=`}\fi \let \hskip \vskip \let \vrule \hrule \let...
l.785   \end{tabularx}
                      
./monthly.tex:785: Misplaced \noalign.
\hline ->\noalign 
                  {\ifnum 0=`}\fi \let \hskip \vskip \let \vrule \hrule \let...
l.785   \end{tabularx}
                      
./monthly.tex:785: Misplaced \noalign.
\hline ->\noalign 
                  {\ifnum 0=`}\fi \let \hskip \vskip \let \vrule \hrule \let...
l.785   \end{tabularx}
                      
./monthly.tex:785: Misplaced \noalign.
\hline ->\noalign 
                  {\ifnum 0=`}\fi \let \hskip \vskip \let \vrule \hrule \let...
l.785   \end{tabularx}
                      
./monthly.tex:785: Misplaced \noalign.
\hline ->\noalign 
                  {\ifnum 0=`}\fi \let \hskip \vskip \let \vrule \hrule \let...
l.785   \end{tabularx}
                      

Overfull \hbox (284.4004pt too wide) in paragraph at lines 785--785
[]|[][][] 
./monthly.tex:785: Misplaced \noalign.
\hline ->\noalign 
                  {\ifnum 0=`}\fi \let \hskip \vskip \let \vrule \hrule \let...
l.785   \end{tabularx}
                      

Overfull \hbox (227.52032pt too wide) in paragraph at lines 785--785
[]|[][][] 
./monthly.tex:785: Misplaced \noalign.
\hline ->\noalign 
                  {\ifnum 0=`}\fi \let \hskip \vskip \let \vrule \hrule \let...
l.785   \end{tabularx}
                      
./monthly.tex:785: Misplaced \noalign.
\hline ->\noalign 
                  {\ifnum 0=`}\fi \let \hskip \vskip \let \vrule \hrule \let...
l.785   \end{tabularx}
                      
./monthly.tex:785: Misplaced \noalign.
\hline ->\noalign 
                  {\ifnum 0=`}\fi \let \hskip \vskip \let \vrule \hrule \let...
l.785   \end{tabularx}
                      
./monthly.tex:785: Misplaced \noalign.
\hline ->\noalign 
                  {\ifnum 0=`}\fi \let \hskip \vskip \let \vrule \hrule \let...
l.785   \end{tabularx}
                      
./monthly.tex:785: Misplaced \noalign.
\hline ->\noalign 
                  {\ifnum 0=`}\fi \let \hskip \vskip \let \vrule \hrule \let...
l.785   \end{tabularx}
                      
./monthly.tex:785: Misplaced \noalign.
\hline ->\noalign 
                  {\ifnum 0=`}\fi \let \hskip \vskip \let \vrule \hrule \let...
l.785   \end{tabularx}
                      

Overfull \hbox (284.4004pt too wide) in paragraph at lines 785--785
[]|[][][] 
./monthly.tex:785: Misplaced \noalign.
\hline ->\noalign 
                  {\ifnum 0=`}\fi \let \hskip \vskip \let \vrule \hrule \let...
l.785   \end{tabularx}
                      

Overfull \hbox (227.52032pt too wide) in paragraph at lines 785--785
[]|[][][] 
./monthly.tex:785: Misplaced \noalign.
\hline ->\noalign 
                  {\ifnum 0=`}\fi \let \hskip \vskip \let \vrule \hrule \let...
l.785   \end{tabularx}
                      
./monthly.tex:785: Misplaced \noalign.
\hline ->\noalign 
                  {\ifnum 0=`}\fi \let \hskip \vskip \let \vrule \hrule \let...
l.785   \end{tabularx}
                      
./monthly.tex:785: Misplaced \noalign.
\hline ->\noalign 
                  {\ifnum 0=`}\fi \let \hskip \vskip \let \vrule \hrule \let...
l.785   \end{tabularx}
                      
./monthly.tex:785: Misplaced \noalign.
\hline ->\noalign 
                  {\ifnum 0=`}\fi \let \hskip \vskip \let \vrule \hrule \let...
l.785   \end{tabularx}
                      
./monthly.tex:785: Misplaced \noalign.
\hline ->\noalign 
                  {\ifnum 0=`}\fi \let \hskip \vskip \let \vrule \hrule \let...
l.785   \end{tabularx}
                      
./monthly.tex:785: Misplaced \noalign.
\hline ->\noalign 
                  {\ifnum 0=`}\fi \let \hskip \vskip \let \vrule \hrule \let...
l.785   \end{tabularx}
                      

Overfull \hbox (284.4004pt too wide) in paragraph at lines 785--785
[]|[][][] 
./monthly.tex:785: Misplaced \noalign.
\hline ->\noalign 
                  {\ifnum 0=`}\fi \let \hskip \vskip \let \vrule \hrule \let...
l.785   \end{tabularx}
                      
./monthly.tex:785: Misplaced \noalign.
\hline ->\noalign 
                  {\ifnum 0=`}\fi \let \hskip \vskip \let \vrule \hrule \let...
l.785   \end{tabularx}
                      
./monthly.tex:785: Misplaced \noalign.
\hline ->\noalign 
                  {\ifnum 0=`}\fi \let \hskip \vskip \let \vrule \hrule \let...
l.785   \end{tabularx}
                      
./monthly.tex:785: Misplaced \noalign.
\hline ->\noalign 
                  {\ifnum 0=`}\fi \let \hskip \vskip \let \vrule \hrule \let...
l.785   \end{tabularx}
                      
./monthly.tex:785: Misplaced \noalign.
\hline ->\noalign 
                  {\ifnum 0=`}\fi \let \hskip \vskip \let \vrule \hrule \let...
l.785   \end{tabularx}
                      
./monthly.tex:785: Misplaced \noalign.
\hline ->\noalign 
                  {\ifnum 0=`}\fi \let \hskip \vskip \let \vrule \hrule \let...
l.785   \end{tabularx}
                      
./monthly.tex:785: Misplaced \noalign.
\hline ->\noalign 
                  {\ifnum 0=`}\fi \let \hskip \vskip \let \vrule \hrule \let...
l.785   \end{tabularx}
                      

Overfull \hbox (284.4004pt too wide) in paragraph at lines 785--785
[]|[][][] 
./monthly.tex:785: Misplaced \noalign.
\hline ->\noalign 
                  {\ifnum 0=`}\fi \let \hskip \vskip \let \vrule \hrule \let...
l.785   \end{tabularx}
                      
./monthly.tex:785: Misplaced \noalign.
\hline ->\noalign 
                  {\ifnum 0=`}\fi \let \hskip \vskip \let \vrule \hrule \let...
l.785   \end{tabularx}
                      
./monthly.tex:785: Misplaced \noalign.
\hline ->\noalign 
                  {\ifnum 0=`}\fi \let \hskip \vskip \let \vrule \hrule \let...
l.785   \end{tabularx}
                      

Underfull \hbox (badness 10000) in paragraph at lines 785--788

[3]
./monthly.tex:1047: Misplaced \noalign.
\hline ->\noalign 
                  {\ifnum 0=`}\fi \let \hskip \vskip \let \vrule \hrule \let...
l.1047   \end{tabularx}
                       
./monthly.tex:1047: Misplaced \noalign.
\hline ->\noalign 
                  {\ifnum 0=`}\fi \let \hskip \vskip \let \vrule \hrule \let...
l.1047   \end{tabularx}
                       
./monthly.tex:1047: Misplaced \noalign.
\hline ->\noalign 
                  {\ifnum 0=`}\fi \let \hskip \vskip \let \vrule \hrule \let...
l.1047   \end{tabularx}
                       
./monthly.tex:1047: Misplaced \noalign.
\hline ->\noalign 
                  {\ifnum 0=`}\fi \let \hskip \vskip \let \vrule \hrule \let...
l.1047   \end{tabularx}
                       
./monthly.tex:1047: Misplaced \noalign.
\hline ->\noalign 
                  {\ifnum 0=`}\fi \let \hskip \vskip \let \vrule \hrule \let...
l.1047   \end{tabularx}
                       
./monthly.tex:1047: Misplaced \noalign.
\hline ->\noalign 
                  {\ifnum 0=`}\fi \let \hskip \vskip \let \vrule \hrule \let...
l.1047   \end{tabularx}
                       
./monthly.tex:1047: Misplaced \noalign.
\hline ->\noalign 
                  {\ifnum 0=`}\fi \let \hskip \vskip \let \vrule \hrule \let...
l.1047   \end{tabularx}
                       
./monthly.tex:1047: Misplaced \noalign.
\hline ->\noalign 
                  {\ifnum 0=`}\fi \let \hskip \vskip \let \vrule \hrule \let...
l.1047   \end{tabularx}
                       
./monthly.tex:1047: Misplaced \noalign.
\hline ->\noalign 
                  {\ifnum 0=`}\fi \let \hskip \vskip \let \vrule \hrule \let...
l.1047   \end{tabularx}
                       
./monthly.tex:1047: Misplaced \noalign.
\hline ->\noalign 
                  {\ifnum 0=`}\fi \let \hskip \vskip \let \vrule \hrule \let...
l.1047   \end{tabularx}
                       
./monthly.tex:1047: Misplaced \noalign.
\hline ->\noalign 
                  {\ifnum 0=`}\fi \let \hskip \vskip \let \vrule \hrule \let...
l.1047   \end{tabularx}
                       
./monthly.tex:1047: Misplaced \noalign.
\hline ->\noalign 
                  {\ifnum 0=`}\fi \let \hskip \vskip \let \vrule \hrule \let...
l.1047   \end{tabularx}
                       
./monthly.tex:1047: Misplaced \noalign.
\hline ->\noalign 
                  {\ifnum 0=`}\fi \let \hskip \vskip \let \vrule \hrule \let...
l.1047   \end{tabularx}
                       
./monthly.tex:1047: Misplaced \noalign.
\hline ->\noalign 
                  {\ifnum 0=`}\fi \let \hskip \vskip \let \vrule \hrule \let...
l.1047   \end{tabularx}
                       
./monthly.tex:1047: Misplaced \noalign.
\hline ->\noalign 
                  {\ifnum 0=`}\fi \let \hskip \vskip \let \vrule \hrule \let...
l.1047   \end{tabularx}
                       
./monthly.tex:1047: Misplaced \noalign.
\hline ->\noalign 
                  {\ifnum 0=`}\fi \let \hskip \vskip \let \vrule \hrule \let...
l.1047   \end{tabularx}
                       
./monthly.tex:1047: Misplaced \noalign.
\hline ->\noalign 
                  {\ifnum 0=`}\fi \let \hskip \vskip \let \vrule \hrule \let...
l.1047   \end{tabularx}
                       
./monthly.tex:1047: Misplaced \noalign.
\hline ->\noalign 
                  {\ifnum 0=`}\fi \let \hskip \vskip \let \vrule \hrule \let...
l.1047   \end{tabularx}
                       
./monthly.tex:1047: Misplaced \noalign.
\hline ->\noalign 
                  {\ifnum 0=`}\fi \let \hskip \vskip \let \vrule \hrule \let...
l.1047   \end{tabularx}
                       
./monthly.tex:1047: Misplaced \noalign.
\hline ->\noalign 
                  {\ifnum 0=`}\fi \let \hskip \vskip \let \vrule \hrule \let...
l.1047   \end{tabularx}
                       
./monthly.tex:1047: Misplaced \noalign.
\hline ->\noalign 
                  {\ifnum 0=`}\fi \let \hskip \vskip \let \vrule \hrule \let...
l.1047   \end{tabularx}
                       
./monthly.tex:1047: Misplaced \noalign.
\hline ->\noalign 
                  {\ifnum 0=`}\fi \let \hskip \vskip \let \vrule \hrule \let...
l.1047   \end{tabularx}
                       
./monthly.tex:1047: Misplaced \noalign.
\hline ->\noalign 
                  {\ifnum 0=`}\fi \let \hskip \vskip \let \vrule \hrule \let...
l.1047   \end{tabularx}
                       
./monthly.tex:1047: Misplaced \noalign.
\hline ->\noalign 
                  {\ifnum 0=`}\fi \let \hskip \vskip \let \vrule \hrule \let...
l.1047   \end{tabularx}
                       
./monthly.tex:1047: Misplaced \noalign.
\hline ->\noalign 
                  {\ifnum 0=`}\fi \let \hskip \vskip \let \vrule \hrule \let...
l.1047   \end{tabularx}
                       
./monthly.tex:1047: Misplaced \noalign.
\hline ->\noalign 
                  {\ifnum 0=`}\fi \let \hskip \vskip \let \vrule \hrule \let...
l.1047   \end{tabularx}
                       
./monthly.tex:1047: Misplaced \noalign.
\hline ->\noalign 
                  {\ifnum 0=`}\fi \let \hskip \vskip \let \vrule \hrule \let...
l.1047   \end{tabularx}
                       
./monthly.tex:1047: Misplaced \noalign.
\hline ->\noalign 
                  {\ifnum 0=`}\fi \let \hskip \vskip \let \vrule \hrule \let...
l.1047   \end{tabularx}
                       
./monthly.tex:1047: Misplaced \noalign.
\hline ->\noalign 
                  {\ifnum 0=`}\fi \let \hskip \vskip \let \vrule \hrule \let...
l.1047   \end{tabularx}
                       
./monthly.tex:1047: Misplaced \noalign.
\hline ->\noalign 
                  {\ifnum 0=`}\fi \let \hskip \vskip \let \vrule \hrule \let...
l.1047   \end{tabularx}
                       
./monthly.tex:1047: Misplaced \noalign.
\hline ->\noalign 
                  {\ifnum 0=`}\fi \let \hskip \vskip \let \vrule \hrule \let...
l.1047   \end{tabularx}
                       
./monthly.tex:1047: Misplaced \noalign.
\hline ->\noalign 
                  {\ifnum 0=`}\fi \let \hskip \vskip \let \vrule \hrule \let...
l.1047   \end{tabularx}
                       
./monthly.tex:1047: Misplaced \noalign.
\hline ->\noalign 
                  {\ifnum 0=`}\fi \let \hskip \vskip \let \vrule \hrule \let...
l.1047   \end{tabularx}
                       
./monthly.tex:1047: Misplaced \noalign.
\hline ->\noalign 
                  {\ifnum 0=`}\fi \let \hskip \vskip \let \vrule \hrule \let...
l.1047   \end{tabularx}
                       
./monthly.tex:1047: Misplaced \noalign.
\hline ->\noalign 
                  {\ifnum 0=`}\fi \let \hskip \vskip \let \vrule \hrule \let...
l.1047   \end{tabularx}
                       
./monthly.tex:1047: Misplaced \noalign.
\hline ->\noalign 
                  {\ifnum 0=`}\fi \let \hskip \vskip \let \vrule \hrule \let...
l.1047   \end{tabularx}
                       
./monthly.tex:1047: Misplaced \noalign.
\hline ->\noalign 
                  {\ifnum 0=`}\fi \let \hskip \vskip \let \vrule \hrule \let...
l.1047   \end{tabularx}
                       
./monthly.tex:1047: Misplaced \noalign.
\hline ->\noalign 
                  {\ifnum 0=`}\fi \let \hskip \vskip \let \vrule \hrule \let...
l.1047   \end{tabularx}
                       
./monthly.tex:1047: Misplaced \noalign.
\hline ->\noalign 
                  {\ifnum 0=`}\fi \let \hskip \vskip \let \vrule \hrule \let...
l.1047   \end{tabularx}
                       
./monthly.tex:1047: Misplaced \noalign.
\hline ->\noalign 
                  {\ifnum 0=`}\fi \let \hskip \vskip \let \vrule \hrule \let...
l.1047   \end{tabularx}
                       
./monthly.tex:1047: Misplaced \noalign.
\hline ->\noalign 
                  {\ifnum 0=`}\fi \let \hskip \vskip \let \vrule \hrule \let...
l.1047   \end{tabularx}
                       
./monthly.tex:1047: Misplaced \noalign.
\hline ->\noalign 
                  {\ifnum 0=`}\fi \let \hskip \vskip \let \vrule \hrule \let...
l.1047   \end{tabularx}
                       
./monthly.tex:1047: Misplaced \noalign.
\hline ->\noalign 
                  {\ifnum 0=`}\fi \let \hskip \vskip \let \vrule \hrule \let...
l.1047   \end{tabularx}
                       
./monthly.tex:1047: Misplaced \noalign.
\hline ->\noalign 
                  {\ifnum 0=`}\fi \let \hskip \vskip \let \vrule \hrule \let...
l.1047   \end{tabularx}
                       
./monthly.tex:1047: Misplaced \noalign.
\hline ->\noalign 
                  {\ifnum 0=`}\fi \let \hskip \vskip \let \vrule \hrule \let...
l.1047   \end{tabularx}
                       
./monthly.tex:1047: Misplaced \noalign.
\hline ->\noalign 
                  {\ifnum 0=`}\fi \let \hskip \vskip \let \vrule \hrule \let...
l.1047   \end{tabularx}
                       
./monthly.tex:1047: Misplaced \noalign.
\hline ->\noalign 
                  {\ifnum 0=`}\fi \let \hskip \vskip \let \vrule \hrule \let...
l.1047   \end{tabularx}
                       
./monthly.tex:1047: Misplaced \noalign.
\hline ->\noalign 
                  {\ifnum 0=`}\fi \let \hskip \vskip \let \vrule \hrule \let...
l.1047   \end{tabularx}
                       
./monthly.tex:1047: Misplaced \noalign.
\hline ->\noalign 
                  {\ifnum 0=`}\fi \let \hskip \vskip \let \vrule \hrule \let...
l.1047   \end{tabularx}
                       
./monthly.tex:1047: Misplaced \noalign.
\hline ->\noalign 
                  {\ifnum 0=`}\fi \let \hskip \vskip \let \vrule \hrule \let...
l.1047   \end{tabularx}
                       
./monthly.tex:1047: Misplaced \noalign.
\hline ->\noalign 
                  {\ifnum 0=`}\fi \let \hskip \vskip \let \vrule \hrule \let...
l.1047   \end{tabularx}
                       
./monthly.tex:1047: Misplaced \noalign.
\hline ->\noalign 
                  {\ifnum 0=`}\fi \let \hskip \vskip \let \vrule \hrule \let...
l.1047   \end{tabularx}
                       
./monthly.tex:1047: Misplaced \noalign.
\hline ->\noalign 
                  {\ifnum 0=`}\fi \let \hskip \vskip \let \vrule \hrule \let...
l.1047   \end{tabularx}
                       
./monthly.tex:1047: Misplaced \noalign.
\hline ->\noalign 
                  {\ifnum 0=`}\fi \let \hskip \vskip \let \vrule \hrule \let...
l.1047   \end{tabularx}
                       
./monthly.tex:1047: Misplaced \noalign.
\hline ->\noalign 
                  {\ifnum 0=`}\fi \let \hskip \vskip \let \vrule \hrule \let...
l.1047   \end{tabularx}
                       
./monthly.tex:1047: Misplaced \noalign.
\hline ->\noalign 
                  {\ifnum 0=`}\fi \let \hskip \vskip \let \vrule \hrule \let...
l.1047   \end{tabularx}
                       
./monthly.tex:1047: Misplaced \noalign.
\hline ->\noalign 
                  {\ifnum 0=`}\fi \let \hskip \vskip \let \vrule \hrule \let...
l.1047   \end{tabularx}
                       
./monthly.tex:1047: Misplaced \noalign.
\hline ->\noalign 
                  {\ifnum 0=`}\fi \let \hskip \vskip \let \vrule \hrule \let...
l.1047   \end{tabularx}
                       
./monthly.tex:1047: Misplaced \noalign.
\hline ->\noalign 
                  {\ifnum 0=`}\fi \let \hskip \vskip \let \vrule \hrule \let...
l.1047   \end{tabularx}
                       
./monthly.tex:1047: Misplaced \noalign.
\hline ->\noalign 
                  {\ifnum 0=`}\fi \let \hskip \vskip \let \vrule \hrule \let...
l.1047   \end{tabularx}
                       
./monthly.tex:1047: Misplaced \noalign.
\hline ->\noalign 
                  {\ifnum 0=`}\fi \let \hskip \vskip \let \vrule \hrule \let...
l.1047   \end{tabularx}
                       
./monthly.tex:1047: Misplaced \noalign.
\hline ->\noalign 
                  {\ifnum 0=`}\fi \let \hskip \vskip \let \vrule \hrule \let...
l.1047   \end{tabularx}
                       
./monthly.tex:1047: Misplaced \noalign.
\hline ->\noalign 
                  {\ifnum 0=`}\fi \let \hskip \vskip \let \vrule \hrule \let...
l.1047   \end{tabularx}
                       
./monthly.tex:1047: Misplaced \noalign.
\hline ->\noalign 
                  {\ifnum 0=`}\fi \let \hskip \vskip \let \vrule \hrule \let...
l.1047   \end{tabularx}
                       
./monthly.tex:1047: Misplaced \noalign.
\hline ->\noalign 
                  {\ifnum 0=`}\fi \let \hskip \vskip \let \vrule \hrule \let...
l.1047   \end{tabularx}
                       
./monthly.tex:1047: Misplaced \noalign.
\hline ->\noalign 
                  {\ifnum 0=`}\fi \let \hskip \vskip \let \vrule \hrule \let...
l.1047   \end{tabularx}
                       
./monthly.tex:1047: Misplaced \noalign.
\hline ->\noalign 
                  {\ifnum 0=`}\fi \let \hskip \vskip \let \vrule \hrule \let...
l.1047   \end{tabularx}
                       
./monthly.tex:1047: Misplaced \noalign.
\hline ->\noalign 
                  {\ifnum 0=`}\fi \let \hskip \vskip \let \vrule \hrule \let...
l.1047   \end{tabularx}
                       
./monthly.tex:1047: Misplaced \noalign.
\hline ->\noalign 
                  {\ifnum 0=`}\fi \let \hskip \vskip \let \vrule \hrule \let...
l.1047   \end{tabularx}
                       
./monthly.tex:1047: Misplaced \noalign.
\hline ->\noalign 
                  {\ifnum 0=`}\fi \let \hskip \vskip \let \vrule \hrule \let...
l.1047   \end{tabularx}
                       
./monthly.tex:1047: Misplaced \noalign.
\hline ->\noalign 
                  {\ifnum 0=`}\fi \let \hskip \vskip \let \vrule \hrule \let...
l.1047   \end{tabularx}
                       

Overfull \hbox (284.4004pt too wide) in paragraph at lines 1047--1047
[]|[][][] 
./monthly.tex:1047: Misplaced \noalign.
\hline ->\noalign 
                  {\ifnum 0=`}\fi \let \hskip \vskip \let \vrule \hrule \let...
l.1047   \end{tabularx}
                       

Overfull \hbox (227.52032pt too wide) in paragraph at lines 1047--1047
[]|[][][] 
./monthly.tex:1047: Misplaced \noalign.
\hline ->\noalign 
                  {\ifnum 0=`}\fi \let \hskip \vskip \let \vrule \hrule \let...
l.1047   \end{tabularx}
                       
./monthly.tex:1047: Misplaced \noalign.
\hline ->\noalign 
                  {\ifnum 0=`}\fi \let \hskip \vskip \let \vrule \hrule \let...
l.1047   \end{tabularx}
                       
./monthly.tex:1047: Misplaced \noalign.
\hline ->\noalign 
                  {\ifnum 0=`}\fi \let \hskip \vskip \let \vrule \hrule \let...
l.1047   \end{tabularx}
                       
./monthly.tex:1047: Misplaced \noalign.
\hline ->\noalign 
                  {\ifnum 0=`}\fi \let \hskip \vskip \let \vrule \hrule \let...
l.1047   \end{tabularx}
                       
./monthly.tex:1047: Misplaced \noalign.
\hline ->\noalign 
                  {\ifnum 0=`}\fi \let \hskip \vskip \let \vrule \hrule \let...
l.1047   \end{tabularx}
                       
./monthly.tex:1047: Misplaced \noalign.
\hline ->\noalign 
                  {\ifnum 0=`}\fi \let \hskip \vskip \let \vrule \hrule \let...
l.1047   \end{tabularx}
                       
./monthly.tex:1047: Misplaced \noalign.
\hline ->\noalign 
                  {\ifnum 0=`}\fi \let \hskip \vskip \let \vrule \hrule \let...
l.1047   \end{tabularx}
                       
./monthly.tex:1047: Misplaced \noalign.
\hline ->\noalign 
                  {\ifnum 0=`}\fi \let \hskip \vskip \let \vrule \hrule \let...
l.1047   \end{tabularx}
                       
./monthly.tex:1047: Misplaced \noalign.
\hline ->\noalign 
                  {\ifnum 0=`}\fi \let \hskip \vskip \let \vrule \hrule \let...
l.1047   \end{tabularx}
                       
./monthly.tex:1047: Misplaced \noalign.
\hline ->\noalign 
                  {\ifnum 0=`}\fi \let \hskip \vskip \let \vrule \hrule \let...
l.1047   \end{tabularx}
                       
./monthly.tex:1047: Misplaced \noalign.
\hline ->\noalign 
                  {\ifnum 0=`}\fi \let \hskip \vskip \let \vrule \hrule \let...
l.1047   \end{tabularx}
                       
./monthly.tex:1047: Misplaced \noalign.
\hline ->\noalign 
                  {\ifnum 0=`}\fi \let \hskip \vskip \let \vrule \hrule \let...
l.1047   \end{tabularx}
                       
./monthly.tex:1047: Misplaced \noalign.
\hline ->\noalign 
                  {\ifnum 0=`}\fi \let \hskip \vskip \let \vrule \hrule \let...
l.1047   \end{tabularx}
                       
./monthly.tex:1047: Misplaced \noalign.
\hline ->\noalign 
                  {\ifnum 0=`}\fi \let \hskip \vskip \let \vrule \hrule \let...
l.1047   \end{tabularx}
                       
./monthly.tex:1047: Misplaced \noalign.
\hline ->\noalign 
                  {\ifnum 0=`}\fi \let \hskip \vskip \let \vrule \hrule \let...
l.1047   \end{tabularx}
                       
./monthly.tex:1047: Misplaced \noalign.
\hline ->\noalign 
                  {\ifnum 0=`}\fi \let \hskip \vskip \let \vrule \hrule \let...
l.1047   \end{tabularx}
                       

Overfull \hbox (113.76016pt too wide) in paragraph at lines 1047--1047
[]|[][][] 
./monthly.tex:1047: Misplaced \noalign.
\hline ->\noalign 
                  {\ifnum 0=`}\fi \let \hskip \vskip \let \vrule \hrule \let...
l.1047   \end{tabularx}
                       
./monthly.tex:1047: Misplaced \noalign.
\hline ->\noalign 
                  {\ifnum 0=`}\fi \let \hskip \vskip \let \vrule \hrule \let...
l.1047   \end{tabularx}
                       

Underfull \hbox (badness 10000) in paragraph at lines 1047--1050

[4]
./monthly.tex:1311: Misplaced \noalign.
\hline ->\noalign 
                  {\ifnum 0=`}\fi \let \hskip \vskip \let \vrule \hrule \let...
l.1311   \end{tabularx}
                       
./monthly.tex:1311: Misplaced \noalign.
\hline ->\noalign 
                  {\ifnum 0=`}\fi \let \hskip \vskip \let \vrule \hrule \let...
l.1311   \end{tabularx}
                       
./monthly.tex:1311: Misplaced \noalign.
\hline ->\noalign 
                  {\ifnum 0=`}\fi \let \hskip \vskip \let \vrule \hrule \let...
l.1311   \end{tabularx}
                       
./monthly.tex:1311: Misplaced \noalign.
\hline ->\noalign 
                  {\ifnum 0=`}\fi \let \hskip \vskip \let \vrule \hrule \let...
l.1311   \end{tabularx}
                       
./monthly.tex:1311: Misplaced \noalign.
\hline ->\noalign 
                  {\ifnum 0=`}\fi \let \hskip \vskip \let \vrule \hrule \let...
l.1311   \end{tabularx}
                       
./monthly.tex:1311: Misplaced \noalign.
\hline ->\noalign 
                  {\ifnum 0=`}\fi \let \hskip \vskip \let \vrule \hrule \let...
l.1311   \end{tabularx}
                       
./monthly.tex:1311: Misplaced \noalign.
\hline ->\noalign 
                  {\ifnum 0=`}\fi \let \hskip \vskip \let \vrule \hrule \let...
l.1311   \end{tabularx}
                       
./monthly.tex:1311: Misplaced \noalign.
\hline ->\noalign 
                  {\ifnum 0=`}\fi \let \hskip \vskip \let \vrule \hrule \let...
l.1311   \end{tabularx}
                       
./monthly.tex:1311: Misplaced \noalign.
\hline ->\noalign 
                  {\ifnum 0=`}\fi \let \hskip \vskip \let \vrule \hrule \let...
l.1311   \end{tabularx}
                       
./monthly.tex:1311: Misplaced \noalign.
\hline ->\noalign 
                  {\ifnum 0=`}\fi \let \hskip \vskip \let \vrule \hrule \let...
l.1311   \end{tabularx}
                       
./monthly.tex:1311: Misplaced \noalign.
\hline ->\noalign 
                  {\ifnum 0=`}\fi \let \hskip \vskip \let \vrule \hrule \let...
l.1311   \end{tabularx}
                       
./monthly.tex:1311: Misplaced \noalign.
\hline ->\noalign 
                  {\ifnum 0=`}\fi \let \hskip \vskip \let \vrule \hrule \let...
l.1311   \end{tabularx}
                       
./monthly.tex:1311: Misplaced \noalign.
\hline ->\noalign 
                  {\ifnum 0=`}\fi \let \hskip \vskip \let \vrule \hrule \let...
l.1311   \end{tabularx}
                       
./monthly.tex:1311: Misplaced \noalign.
\hline ->\noalign 
                  {\ifnum 0=`}\fi \let \hskip \vskip \let \vrule \hrule \let...
l.1311   \end{tabularx}
                       
./monthly.tex:1311: Misplaced \noalign.
\hline ->\noalign 
                  {\ifnum 0=`}\fi \let \hskip \vskip \let \vrule \hrule \let...
l.1311   \end{tabularx}
                       
./monthly.tex:1311: Misplaced \noalign.
\hline ->\noalign 
                  {\ifnum 0=`}\fi \let \hskip \vskip \let \vrule \hrule \let...
l.1311   \end{tabularx}
                       
./monthly.tex:1311: Misplaced \noalign.
\hline ->\noalign 
                  {\ifnum 0=`}\fi \let \hskip \vskip \let \vrule \hrule \let...
l.1311   \end{tabularx}
                       
./monthly.tex:1311: Misplaced \noalign.
\hline ->\noalign 
                  {\ifnum 0=`}\fi \let \hskip \vskip \let \vrule \hrule \let...
l.1311   \end{tabularx}
                       
./monthly.tex:1311: Misplaced \noalign.
\hline ->\noalign 
                  {\ifnum 0=`}\fi \let \hskip \vskip \let \vrule \hrule \let...
l.1311   \end{tabularx}
                       
./monthly.tex:1311: Misplaced \noalign.
\hline ->\noalign 
                  {\ifnum 0=`}\fi \let \hskip \vskip \let \vrule \hrule \let...
l.1311   \end{tabularx}
                       
./monthly.tex:1311: Misplaced \noalign.
\hline ->\noalign 
                  {\ifnum 0=`}\fi \let \hskip \vskip \let \vrule \hrule \let...
l.1311   \end{tabularx}
                       
./monthly.tex:1311: Misplaced \noalign.
\hline ->\noalign 
                  {\ifnum 0=`}\fi \let \hskip \vskip \let \vrule \hrule \let...
l.1311   \end{tabularx}
                       
./monthly.tex:1311: Misplaced \noalign.
\hline ->\noalign 
                  {\ifnum 0=`}\fi \let \hskip \vskip \let \vrule \hrule \let...
l.1311   \end{tabularx}
                       
./monthly.tex:1311: Misplaced \noalign.
\hline ->\noalign 
                  {\ifnum 0=`}\fi \let \hskip \vskip \let \vrule \hrule \let...
l.1311   \end{tabularx}
                       
./monthly.tex:1311: Misplaced \noalign.
\hline ->\noalign 
                  {\ifnum 0=`}\fi \let \hskip \vskip \let \vrule \hrule \let...
l.1311   \end{tabularx}
                       
./monthly.tex:1311: Misplaced \noalign.
\hline ->\noalign 
                  {\ifnum 0=`}\fi \let \hskip \vskip \let \vrule \hrule \let...
l.1311   \end{tabularx}
                       
./monthly.tex:1311: Misplaced \noalign.
\hline ->\noalign 
                  {\ifnum 0=`}\fi \let \hskip \vskip \let \vrule \hrule \let...
l.1311   \end{tabularx}
                       
./monthly.tex:1311: Misplaced \noalign.
\hline ->\noalign 
                  {\ifnum 0=`}\fi \let \hskip \vskip \let \vrule \hrule \let...
l.1311   \end{tabularx}
                       
./monthly.tex:1311: Misplaced \noalign.
\hline ->\noalign 
                  {\ifnum 0=`}\fi \let \hskip \vskip \let \vrule \hrule \let...
l.1311   \end{tabularx}
                       
./monthly.tex:1311: Misplaced \noalign.
\hline ->\noalign 
                  {\ifnum 0=`}\fi \let \hskip \vskip \let \vrule \hrule \let...
l.1311   \end{tabularx}
                       
./monthly.tex:1311: Misplaced \noalign.
\hline ->\noalign 
                  {\ifnum 0=`}\fi \let \hskip \vskip \let \vrule \hrule \let...
l.1311   \end{tabularx}
                       
./monthly.tex:1311: Misplaced \noalign.
\hline ->\noalign 
                  {\ifnum 0=`}\fi \let \hskip \vskip \let \vrule \hrule \let...
l.1311   \end{tabularx}
                       
./monthly.tex:1311: Misplaced \noalign.
\hline ->\noalign 
                  {\ifnum 0=`}\fi \let \hskip \vskip \let \vrule \hrule \let...
l.1311   \end{tabularx}
                       
./monthly.tex:1311: Misplaced \noalign.
\hline ->\noalign 
                  {\ifnum 0=`}\fi \let \hskip \vskip \let \vrule \hrule \let...
l.1311   \end{tabularx}
                       
./monthly.tex:1311: Misplaced \noalign.
\hline ->\noalign 
                  {\ifnum 0=`}\fi \let \hskip \vskip \let \vrule \hrule \let...
l.1311   \end{tabularx}
                       
./monthly.tex:1311: Misplaced \noalign.
\hline ->\noalign 
                  {\ifnum 0=`}\fi \let \hskip \vskip \let \vrule \hrule \let...
l.1311   \end{tabularx}
                       
./monthly.tex:1311: Misplaced \noalign.
\hline ->\noalign 
                  {\ifnum 0=`}\fi \let \hskip \vskip \let \vrule \hrule \let...
l.1311   \end{tabularx}
                       
./monthly.tex:1311: Misplaced \noalign.
\hline ->\noalign 
                  {\ifnum 0=`}\fi \let \hskip \vskip \let \vrule \hrule \let...
l.1311   \end{tabularx}
                       
./monthly.tex:1311: Misplaced \noalign.
\hline ->\noalign 
                  {\ifnum 0=`}\fi \let \hskip \vskip \let \vrule \hrule \let...
l.1311   \end{tabularx}
                       
./monthly.tex:1311: Misplaced \noalign.
\hline ->\noalign 
                  {\ifnum 0=`}\fi \let \hskip \vskip \let \vrule \hrule \let...
l.1311   \end{tabularx}
                       
./monthly.tex:1311: Misplaced \noalign.
\hline ->\noalign 
                  {\ifnum 0=`}\fi \let \hskip \vskip \let \vrule \hrule \let...
l.1311   \end{tabularx}
                       
./monthly.tex:1311: Misplaced \noalign.
\hline ->\noalign 
                  {\ifnum 0=`}\fi \let \hskip \vskip \let \vrule \hrule \let...
l.1311   \end{tabularx}
                       
./monthly.tex:1311: Misplaced \noalign.
\hline ->\noalign 
                  {\ifnum 0=`}\fi \let \hskip \vskip \let \vrule \hrule \let...
l.1311   \end{tabularx}
                       
./monthly.tex:1311: Misplaced \noalign.
\hline ->\noalign 
                  {\ifnum 0=`}\fi \let \hskip \vskip \let \vrule \hrule \let...
l.1311   \end{tabularx}
                       
./monthly.tex:1311: Misplaced \noalign.
\hline ->\noalign 
                  {\ifnum 0=`}\fi \let \hskip \vskip \let \vrule \hrule \let...
l.1311   \end{tabularx}
                       
./monthly.tex:1311: Misplaced \noalign.
\hline ->\noalign 
                  {\ifnum 0=`}\fi \let \hskip \vskip \let \vrule \hrule \let...
l.1311   \end{tabularx}
                       
./monthly.tex:1311: Misplaced \noalign.
\hline ->\noalign 
                  {\ifnum 0=`}\fi \let \hskip \vskip \let \vrule \hrule \let...
l.1311   \end{tabularx}
                       
./monthly.tex:1311: Misplaced \noalign.
\hline ->\noalign 
                  {\ifnum 0=`}\fi \let \hskip \vskip \let \vrule \hrule \let...
l.1311   \end{tabularx}
                       
./monthly.tex:1311: Misplaced \noalign.
\hline ->\noalign 
                  {\ifnum 0=`}\fi \let \hskip \vskip \let \vrule \hrule \let...
l.1311   \end{tabularx}
                       
./monthly.tex:1311: Misplaced \noalign.
\hline ->\noalign 
                  {\ifnum 0=`}\fi \let \hskip \vskip \let \vrule \hrule \let...
l.1311   \end{tabularx}
                       
./monthly.tex:1311: Misplaced \noalign.
\hline ->\noalign 
                  {\ifnum 0=`}\fi \let \hskip \vskip \let \vrule \hrule \let...
l.1311   \end{tabularx}
                       
./monthly.tex:1311: Misplaced \noalign.
\hline ->\noalign 
                  {\ifnum 0=`}\fi \let \hskip \vskip \let \vrule \hrule \let...
l.1311   \end{tabularx}
                       
./monthly.tex:1311: Misplaced \noalign.
\hline ->\noalign 
                  {\ifnum 0=`}\fi \let \hskip \vskip \let \vrule \hrule \let...
l.1311   \end{tabularx}
                       
./monthly.tex:1311: Misplaced \noalign.
\hline ->\noalign 
                  {\ifnum 0=`}\fi \let \hskip \vskip \let \vrule \hrule \let...
l.1311   \end{tabularx}
                       
./monthly.tex:1311: Misplaced \noalign.
\hline ->\noalign 
                  {\ifnum 0=`}\fi \let \hskip \vskip \let \vrule \hrule \let...
l.1311   \end{tabularx}
                       
./monthly.tex:1311: Misplaced \noalign.
\hline ->\noalign 
                  {\ifnum 0=`}\fi \let \hskip \vskip \let \vrule \hrule \let...
l.1311   \end{tabularx}
                       
./monthly.tex:1311: Misplaced \noalign.
\hline ->\noalign 
                  {\ifnum 0=`}\fi \let \hskip \vskip \let \vrule \hrule \let...
l.1311   \end{tabularx}
                       
./monthly.tex:1311: Misplaced \noalign.
\hline ->\noalign 
                  {\ifnum 0=`}\fi \let \hskip \vskip \let \vrule \hrule \let...
l.1311   \end{tabularx}
                       
./monthly.tex:1311: Misplaced \noalign.
\hline ->\noalign 
                  {\ifnum 0=`}\fi \let \hskip \vskip \let \vrule \hrule \let...
l.1311   \end{tabularx}
                       
./monthly.tex:1311: Misplaced \noalign.
\hline ->\noalign 
                  {\ifnum 0=`}\fi \let \hskip \vskip \let \vrule \hrule \let...
l.1311   \end{tabularx}
                       
./monthly.tex:1311: Misplaced \noalign.
\hline ->\noalign 
                  {\ifnum 0=`}\fi \let \hskip \vskip \let \vrule \hrule \let...
l.1311   \end{tabularx}
                       
./monthly.tex:1311: Misplaced \noalign.
\hline ->\noalign 
                  {\ifnum 0=`}\fi \let \hskip \vskip \let \vrule \hrule \let...
l.1311   \end{tabularx}
                       
./monthly.tex:1311: Misplaced \noalign.
\hline ->\noalign 
                  {\ifnum 0=`}\fi \let \hskip \vskip \let \vrule \hrule \let...
l.1311   \end{tabularx}
                       

Overfull \hbox (341.28049pt too wide) in paragraph at lines 1311--1311
[]|[][][] 
./monthly.tex:1311: Misplaced \noalign.
\hline ->\noalign 
                  {\ifnum 0=`}\fi \let \hskip \vskip \let \vrule \hrule \let...
l.1311   \end{tabularx}
                       
./monthly.tex:1311: Misplaced \noalign.
\hline ->\noalign 
                  {\ifnum 0=`}\fi \let \hskip \vskip \let \vrule \hrule \let...
l.1311   \end{tabularx}
                       
./monthly.tex:1311: Misplaced \noalign.
\hline ->\noalign 
                  {\ifnum 0=`}\fi \let \hskip \vskip \let \vrule \hrule \let...
l.1311   \end{tabularx}
                       
./monthly.tex:1311: Misplaced \noalign.
\hline ->\noalign 
                  {\ifnum 0=`}\fi \let \hskip \vskip \let \vrule \hrule \let...
l.1311   \end{tabularx}
                       
./monthly.tex:1311: Misplaced \noalign.
\hline ->\noalign 
                  {\ifnum 0=`}\fi \let \hskip \vskip \let \vrule \hrule \let...
l.1311   \end{tabularx}
                       
./monthly.tex:1311: Misplaced \noalign.
\hline ->\noalign 
                  {\ifnum 0=`}\fi \let \hskip \vskip \let \vrule \hrule \let...
l.1311   \end{tabularx}
                       
./monthly.tex:1311: Misplaced \noalign.
\hline ->\noalign 
                  {\ifnum 0=`}\fi \let \hskip \vskip \let \vrule \hrule \let...
l.1311   \end{tabularx}
                       

Overfull \hbox (341.28049pt too wide) in paragraph at lines 1311--1311
[]|[][][] 
./monthly.tex:1311: Misplaced \noalign.
\hline ->\noalign 
                  {\ifnum 0=`}\fi \let \hskip \vskip \let \vrule \hrule \let...
l.1311   \end{tabularx}
                       
./monthly.tex:1311: Misplaced \noalign.
\hline ->\noalign 
                  {\ifnum 0=`}\fi \let \hskip \vskip \let \vrule \hrule \let...
l.1311   \end{tabularx}
                       
./monthly.tex:1311: Misplaced \noalign.
\hline ->\noalign 
                  {\ifnum 0=`}\fi \let \hskip \vskip \let \vrule \hrule \let...
l.1311   \end{tabularx}
                       
./monthly.tex:1311: Misplaced \noalign.
\hline ->\noalign 
                  {\ifnum 0=`}\fi \let \hskip \vskip \let \vrule \hrule \let...
l.1311   \end{tabularx}
                       
./monthly.tex:1311: Misplaced \noalign.
\hline ->\noalign 
                  {\ifnum 0=`}\fi \let \hskip \vskip \let \vrule \hrule \let...
l.1311   \end{tabularx}
                       
./monthly.tex:1311: Misplaced \noalign.
\hline ->\noalign 
                  {\ifnum 0=`}\fi \let \hskip \vskip \let \vrule \hrule \let...
l.1311   \end{tabularx}
                       
./monthly.tex:1311: Misplaced \noalign.
\hline ->\noalign 
                  {\ifnum 0=`}\fi \let \hskip \vskip \let \vrule \hrule \let...
l.1311   \end{tabularx}
                       
./monthly.tex:1311: Misplaced \noalign.
\hline ->\noalign 
                  {\ifnum 0=`}\fi \let \hskip \vskip \let \vrule \hrule \let...
l.1311   \end{tabularx}
                       
./monthly.tex:1311: Misplaced \noalign.
\hline ->\noalign 
                  {\ifnum 0=`}\fi \let \hskip \vskip \let \vrule \hrule \let...
l.1311   \end{tabularx}
                       

Overfull \hbox (170.64024pt too wide) in paragraph at lines 1311--1311
[]|[][][] 
./monthly.tex:1311: Misplaced \noalign.
\hline ->\noalign 
                  {\ifnum 0=`}\fi \let \hskip \vskip \let \vrule \hrule \let...
l.1311   \end{tabularx}
                       
./monthly.tex:1311: Misplaced \noalign.
\hline ->\noalign 
                  {\ifnum 0=`}\fi \let \hskip \vskip \let \vrule \hrule \let...
l.1311   \end{tabularx}
                       

Overfull \hbox (113.76016pt too wide) in paragraph at lines 1311--1311
[]|[][][] 
./monthly.tex:1311: Misplaced \noalign.
\hline ->\noalign 
                  {\ifnum 0=`}\fi \let \hskip \vskip \let \vrule \hrule \let...
l.1311   \end{tabularx}
                       

Overfull \hbox (56.88008pt too wide) in paragraph at lines 1311--1311
[]|[][][] 
./monthly.tex:1311: Misplaced \noalign.
\hline ->\noalign 
                  {\ifnum 0=`}\fi \let \hskip \vskip \let \vrule \hrule \let...
l.1311   \end{tabularx}
                       
./monthly.tex:1311: Misplaced \noalign.
\hline ->\noalign 
                  {\ifnum 0=`}\fi \let \hskip \vskip \let \vrule \hrule \let...
l.1311   \end{tabularx}
                       
./monthly.tex:1311: Misplaced \noalign.
\hline ->\noalign 
                  {\ifnum 0=`}\fi \let \hskip \vskip \let \vrule \hrule \let...
l.1311   \end{tabularx}
                       

Overfull \hbox (284.4004pt too wide) in paragraph at lines 1311--1311
[]|[][][] 
./monthly.tex:1311: Misplaced \noalign.
\hline ->\noalign 
                  {\ifnum 0=`}\fi \let \hskip \vskip \let \vrule \hrule \let...
l.1311   \end{tabularx}
                       
./monthly.tex:1311: Misplaced \noalign.
\hline ->\noalign 
                  {\ifnum 0=`}\fi \let \hskip \vskip \let \vrule \hrule \let...
l.1311   \end{tabularx}
                       
./monthly.tex:1311: Misplaced \noalign.
\hline ->\noalign 
                  {\ifnum 0=`}\fi \let \hskip \vskip \let \vrule \hrule \let...
l.1311   \end{tabularx}
                       
./monthly.tex:1311: Misplaced \noalign.
\hline ->\noalign 
                  {\ifnum 0=`}\fi \let \hskip \vskip \let \vrule \hrule \let...
l.1311   \end{tabularx}
                       
./monthly.tex:1311: Misplaced \noalign.
\hline ->\noalign 
                  {\ifnum 0=`}\fi \let \hskip \vskip \let \vrule \hrule \let...
l.1311   \end{tabularx}
                       
./monthly.tex:1311: Misplaced \noalign.
\hline ->\noalign 
                  {\ifnum 0=`}\fi \let \hskip \vskip \let \vrule \hrule \let...
l.1311   \end{tabularx}
                       
./monthly.tex:1311: Misplaced \noalign.
\hline ->\noalign 
                  {\ifnum 0=`}\fi \let \hskip \vskip \let \vrule \hrule \let...
l.1311   \end{tabularx}
                       
./monthly.tex:1311: Misplaced \noalign.
\hline ->\noalign 
                  {\ifnum 0=`}\fi \let \hskip \vskip \let \vrule \hrule \let...
l.1311   \end{tabularx}
                       

Underfull \hbox (badness 10000) in paragraph at lines 1311--1314

[5]
./monthly.tex:1575: Misplaced \noalign.
\hline ->\noalign 
                  {\ifnum 0=`}\fi \let \hskip \vskip \let \vrule \hrule \let...
l.1575   \end{tabularx}
                       
./monthly.tex:1575: Misplaced \noalign.
\hline ->\noalign 
                  {\ifnum 0=`}\fi \let \hskip \vskip \let \vrule \hrule \let...
l.1575   \end{tabularx}
                       
./monthly.tex:1575: Misplaced \noalign.
\hline ->\noalign 
                  {\ifnum 0=`}\fi \let \hskip \vskip \let \vrule \hrule \let...
l.1575   \end{tabularx}
                       
./monthly.tex:1575: Misplaced \noalign.
\hline ->\noalign 
                  {\ifnum 0=`}\fi \let \hskip \vskip \let \vrule \hrule \let...
l.1575   \end{tabularx}
                       
./monthly.tex:1575: Misplaced \noalign.
\hline ->\noalign 
                  {\ifnum 0=`}\fi \let \hskip \vskip \let \vrule \hrule \let...
l.1575   \end{tabularx}
                       
./monthly.tex:1575: Misplaced \noalign.
\hline ->\noalign 
                  {\ifnum 0=`}\fi \let \hskip \vskip \let \vrule \hrule \let...
l.1575   \end{tabularx}
                       
./monthly.tex:1575: Misplaced \noalign.
\hline ->\noalign 
                  {\ifnum 0=`}\fi \let \hskip \vskip \let \vrule \hrule \let...
l.1575   \end{tabularx}
                       
./monthly.tex:1575: Misplaced \noalign.
\hline ->\noalign 
                  {\ifnum 0=`}\fi \let \hskip \vskip \let \vrule \hrule \let...
l.1575   \end{tabularx}
                       
./monthly.tex:1575: Misplaced \noalign.
\hline ->\noalign 
                  {\ifnum 0=`}\fi \let \hskip \vskip \let \vrule \hrule \let...
l.1575   \end{tabularx}
                       
./monthly.tex:1575: Misplaced \noalign.
\hline ->\noalign 
                  {\ifnum 0=`}\fi \let \hskip \vskip \let \vrule \hrule \let...
l.1575   \end{tabularx}
                       
./monthly.tex:1575: Misplaced \noalign.
\hline ->\noalign 
                  {\ifnum 0=`}\fi \let \hskip \vskip \let \vrule \hrule \let...
l.1575   \end{tabularx}
                       
./monthly.tex:1575: Misplaced \noalign.
\hline ->\noalign 
                  {\ifnum 0=`}\fi \let \hskip \vskip \let \vrule \hrule \let...
l.1575   \end{tabularx}
                       
./monthly.tex:1575: Misplaced \noalign.
\hline ->\noalign 
                  {\ifnum 0=`}\fi \let \hskip \vskip \let \vrule \hrule \let...
l.1575   \end{tabularx}
                       
./monthly.tex:1575: Misplaced \noalign.
\hline ->\noalign 
                  {\ifnum 0=`}\fi \let \hskip \vskip \let \vrule \hrule \let...
l.1575   \end{tabularx}
                       
./monthly.tex:1575: Misplaced \noalign.
\hline ->\noalign 
                  {\ifnum 0=`}\fi \let \hskip \vskip \let \vrule \hrule \let...
l.1575   \end{tabularx}
                       
./monthly.tex:1575: Misplaced \noalign.
\hline ->\noalign 
                  {\ifnum 0=`}\fi \let \hskip \vskip \let \vrule \hrule \let...
l.1575   \end{tabularx}
                       
./monthly.tex:1575: Misplaced \noalign.
\hline ->\noalign 
                  {\ifnum 0=`}\fi \let \hskip \vskip \let \vrule \hrule \let...
l.1575   \end{tabularx}
                       
./monthly.tex:1575: Misplaced \noalign.
\hline ->\noalign 
                  {\ifnum 0=`}\fi \let \hskip \vskip \let \vrule \hrule \let...
l.1575   \end{tabularx}
                       
./monthly.tex:1575: Misplaced \noalign.
\hline ->\noalign 
                  {\ifnum 0=`}\fi \let \hskip \vskip \let \vrule \hrule \let...
l.1575   \end{tabularx}
                       
./monthly.tex:1575: Misplaced \noalign.
\hline ->\noalign 
                  {\ifnum 0=`}\fi \let \hskip \vskip \let \vrule \hrule \let...
l.1575   \end{tabularx}
                       
./monthly.tex:1575: Misplaced \noalign.
\hline ->\noalign 
                  {\ifnum 0=`}\fi \let \hskip \vskip \let \vrule \hrule \let...
l.1575   \end{tabularx}
                       
./monthly.tex:1575: Misplaced \noalign.
\hline ->\noalign 
                  {\ifnum 0=`}\fi \let \hskip \vskip \let \vrule \hrule \let...
l.1575   \end{tabularx}
                       
./monthly.tex:1575: Misplaced \noalign.
\hline ->\noalign 
                  {\ifnum 0=`}\fi \let \hskip \vskip \let \vrule \hrule \let...
l.1575   \end{tabularx}
                       
./monthly.tex:1575: Misplaced \noalign.
\hline ->\noalign 
                  {\ifnum 0=`}\fi \let \hskip \vskip \let \vrule \hrule \let...
l.1575   \end{tabularx}
                       
./monthly.tex:1575: Misplaced \noalign.
\hline ->\noalign 
                  {\ifnum 0=`}\fi \let \hskip \vskip \let \vrule \hrule \let...
l.1575   \end{tabularx}
                       
./monthly.tex:1575: Misplaced \noalign.
\hline ->\noalign 
                  {\ifnum 0=`}\fi \let \hskip \vskip \let \vrule \hrule \let...
l.1575   \end{tabularx}
                       
./monthly.tex:1575: Misplaced \noalign.
\hline ->\noalign 
                  {\ifnum 0=`}\fi \let \hskip \vskip \let \vrule \hrule \let...
l.1575   \end{tabularx}
                       
./monthly.tex:1575: Misplaced \noalign.
\hline ->\noalign 
                  {\ifnum 0=`}\fi \let \hskip \vskip \let \vrule \hrule \let...
l.1575   \end{tabularx}
                       
./monthly.tex:1575: Misplaced \noalign.
\hline ->\noalign 
                  {\ifnum 0=`}\fi \let \hskip \vskip \let \vrule \hrule \let...
l.1575   \end{tabularx}
                       
./monthly.tex:1575: Misplaced \noalign.
\hline ->\noalign 
                  {\ifnum 0=`}\fi \let \hskip \vskip \let \vrule \hrule \let...
l.1575   \end{tabularx}
                       
./monthly.tex:1575: Misplaced \noalign.
\hline ->\noalign 
                  {\ifnum 0=`}\fi \let \hskip \vskip \let \vrule \hrule \let...
l.1575   \end{tabularx}
                       
./monthly.tex:1575: Misplaced \noalign.
\hline ->\noalign 
                  {\ifnum 0=`}\fi \let \hskip \vskip \let \vrule \hrule \let...
l.1575   \end{tabularx}
                       
./monthly.tex:1575: Misplaced \noalign.
\hline ->\noalign 
                  {\ifnum 0=`}\fi \let \hskip \vskip \let \vrule \hrule \let...
l.1575   \end{tabularx}
                       
./monthly.tex:1575: Misplaced \noalign.
\hline ->\noalign 
                  {\ifnum 0=`}\fi \let \hskip \vskip \let \vrule \hrule \let...
l.1575   \end{tabularx}
                       
./monthly.tex:1575: Misplaced \noalign.
\hline ->\noalign 
                  {\ifnum 0=`}\fi \let \hskip \vskip \let \vrule \hrule \let...
l.1575   \end{tabularx}
                       
./monthly.tex:1575: Misplaced \noalign.
\hline ->\noalign 
                  {\ifnum 0=`}\fi \let \hskip \vskip \let \vrule \hrule \let...
l.1575   \end{tabularx}
                       
./monthly.tex:1575: Misplaced \noalign.
\hline ->\noalign 
                  {\ifnum 0=`}\fi \let \hskip \vskip \let \vrule \hrule \let...
l.1575   \end{tabularx}
                       
./monthly.tex:1575: Misplaced \noalign.
\hline ->\noalign 
                  {\ifnum 0=`}\fi \let \hskip \vskip \let \vrule \hrule \let...
l.1575   \end{tabularx}
                       
./monthly.tex:1575: Misplaced \noalign.
\hline ->\noalign 
                  {\ifnum 0=`}\fi \let \hskip \vskip \let \vrule \hrule \let...
l.1575   \end{tabularx}
                       
./monthly.tex:1575: Misplaced \noalign.
\hline ->\noalign 
                  {\ifnum 0=`}\fi \let \hskip \vskip \let \vrule \hrule \let...
l.1575   \end{tabularx}
                       
./monthly.tex:1575: Misplaced \noalign.
\hline ->\noalign 
                  {\ifnum 0=`}\fi \let \hskip \vskip \let \vrule \hrule \let...
l.1575   \end{tabularx}
                       
./monthly.tex:1575: Misplaced \noalign.
\hline ->\noalign 
                  {\ifnum 0=`}\fi \let \hskip \vskip \let \vrule \hrule \let...
l.1575   \end{tabularx}
                       
./monthly.tex:1575: Misplaced \noalign.
\hline ->\noalign 
                  {\ifnum 0=`}\fi \let \hskip \vskip \let \vrule \hrule \let...
l.1575   \end{tabularx}
                       
./monthly.tex:1575: Misplaced \noalign.
\hline ->\noalign 
                  {\ifnum 0=`}\fi \let \hskip \vskip \let \vrule \hrule \let...
l.1575   \end{tabularx}
                       
./monthly.tex:1575: Misplaced \noalign.
\hline ->\noalign 
                  {\ifnum 0=`}\fi \let \hskip \vskip \let \vrule \hrule \let...
l.1575   \end{tabularx}
                       
./monthly.tex:1575: Misplaced \noalign.
\hline ->\noalign 
                  {\ifnum 0=`}\fi \let \hskip \vskip \let \vrule \hrule \let...
l.1575   \end{tabularx}
                       
./monthly.tex:1575: Misplaced \noalign.
\hline ->\noalign 
                  {\ifnum 0=`}\fi \let \hskip \vskip \let \vrule \hrule \let...
l.1575   \end{tabularx}
                       
./monthly.tex:1575: Misplaced \noalign.
\hline ->\noalign 
                  {\ifnum 0=`}\fi \let \hskip \vskip \let \vrule \hrule \let...
l.1575   \end{tabularx}
                       
./monthly.tex:1575: Misplaced \noalign.
\hline ->\noalign 
                  {\ifnum 0=`}\fi \let \hskip \vskip \let \vrule \hrule \let...
l.1575   \end{tabularx}
                       
./monthly.tex:1575: Misplaced \noalign.
\hline ->\noalign 
                  {\ifnum 0=`}\fi \let \hskip \vskip \let \vrule \hrule \let...
l.1575   \end{tabularx}
                       
./monthly.tex:1575: Misplaced \noalign.
\hline ->\noalign 
                  {\ifnum 0=`}\fi \let \hskip \vskip \let \vrule \hrule \let...
l.1575   \end{tabularx}
                       
./monthly.tex:1575: Misplaced \noalign.
\hline ->\noalign 
                  {\ifnum 0=`}\fi \let \hskip \vskip \let \vrule \hrule \let...
l.1575   \end{tabularx}
                       
./monthly.tex:1575: Misplaced \noalign.
\hline ->\noalign 
                  {\ifnum 0=`}\fi \let \hskip \vskip \let \vrule \hrule \let...
l.1575   \end{tabularx}
                       
./monthly.tex:1575: Misplaced \noalign.
\hline ->\noalign 
                  {\ifnum 0=`}\fi \let \hskip \vskip \let \vrule \hrule \let...
l.1575   \end{tabularx}
                       
./monthly.tex:1575: Misplaced \noalign.
\hline ->\noalign 
                  {\ifnum 0=`}\fi \let \hskip \vskip \let \vrule \hrule \let...
l.1575   \end{tabularx}
                       
./monthly.tex:1575: Misplaced \noalign.
\hline ->\noalign 
                  {\ifnum 0=`}\fi \let \hskip \vskip \let \vrule \hrule \let...
l.1575   \end{tabularx}
                       
./monthly.tex:1575: Misplaced \noalign.
\hline ->\noalign 
                  {\ifnum 0=`}\fi \let \hskip \vskip \let \vrule \hrule \let...
l.1575   \end{tabularx}
                       
./monthly.tex:1575: Misplaced \noalign.
\hline ->\noalign 
                  {\ifnum 0=`}\fi \let \hskip \vskip \let \vrule \hrule \let...
l.1575   \end{tabularx}
                       
./monthly.tex:1575: Misplaced \noalign.
\hline ->\noalign 
                  {\ifnum 0=`}\fi \let \hskip \vskip \let \vrule \hrule \let...
l.1575   \end{tabularx}
                       
./monthly.tex:1575: Misplaced \noalign.
\hline ->\noalign 
                  {\ifnum 0=`}\fi \let \hskip \vskip \let \vrule \hrule \let...
l.1575   \end{tabularx}
                       
./monthly.tex:1575: Misplaced \noalign.
\hline ->\noalign 
                  {\ifnum 0=`}\fi \let \hskip \vskip \let \vrule \hrule \let...
l.1575   \end{tabularx}
                       
./monthly.tex:1575: Misplaced \noalign.
\hline ->\noalign 
                  {\ifnum 0=`}\fi \let \hskip \vskip \let \vrule \hrule \let...
l.1575   \end{tabularx}
                       
./monthly.tex:1575: Misplaced \noalign.
\hline ->\noalign 
                  {\ifnum 0=`}\fi \let \hskip \vskip \let \vrule \hrule \let...
l.1575   \end{tabularx}
                       

Overfull \hbox (170.64024pt too wide) in paragraph at lines 1575--1575
[]|[][][] 
./monthly.tex:1575: Misplaced \noalign.
\hline ->\noalign 
                  {\ifnum 0=`}\fi \let \hskip \vskip \let \vrule \hrule \let...
l.1575   \end{tabularx}
                       
./monthly.tex:1575: Misplaced \noalign.
\hline ->\noalign 
                  {\ifnum 0=`}\fi \let \hskip \vskip \let \vrule \hrule \let...
l.1575   \end{tabularx}
                       
./monthly.tex:1575: Misplaced \noalign.
\hline ->\noalign 
                  {\ifnum 0=`}\fi \let \hskip \vskip \let \vrule \hrule \let...
l.1575   \end{tabularx}
                       
./monthly.tex:1575: Misplaced \noalign.
\hline ->\noalign 
                  {\ifnum 0=`}\fi \let \hskip \vskip \let \vrule \hrule \let...
l.1575   \end{tabularx}
                       
./monthly.tex:1575: Misplaced \noalign.
\hline ->\noalign 
                  {\ifnum 0=`}\fi \let \hskip \vskip \let \vrule \hrule \let...
l.1575   \end{tabularx}
                       
./monthly.tex:1575: Misplaced \noalign.
\hline ->\noalign 
                  {\ifnum 0=`}\fi \let \hskip \vskip \let \vrule \hrule \let...
l.1575   \end{tabularx}
                       
./monthly.tex:1575: Misplaced \noalign.
\hline ->\noalign 
                  {\ifnum 0=`}\fi \let \hskip \vskip \let \vrule \hrule \let...
l.1575   \end{tabularx}
                       
./monthly.tex:1575: Misplaced \noalign.
\hline ->\noalign 
                  {\ifnum 0=`}\fi \let \hskip \vskip \let \vrule \hrule \let...
l.1575   \end{tabularx}
                       
./monthly.tex:1575: Misplaced \noalign.
\hline ->\noalign 
                  {\ifnum 0=`}\fi \let \hskip \vskip \let \vrule \hrule \let...
l.1575   \end{tabularx}
                       
./monthly.tex:1575: Misplaced \noalign.
\hline ->\noalign 
                  {\ifnum 0=`}\fi \let \hskip \vskip \let \vrule \hrule \let...
l.1575   \end{tabularx}
                       
./monthly.tex:1575: Misplaced \noalign.
\hline ->\noalign 
                  {\ifnum 0=`}\fi \let \hskip \vskip \let \vrule \hrule \let...
l.1575   \end{tabularx}
                       
./monthly.tex:1575: Misplaced \noalign.
\hline ->\noalign 
                  {\ifnum 0=`}\fi \let \hskip \vskip \let \vrule \hrule \let...
l.1575   \end{tabularx}
                       
./monthly.tex:1575: Misplaced \noalign.
\hline ->\noalign 
                  {\ifnum 0=`}\fi \let \hskip \vskip \let \vrule \hrule \let...
l.1575   \end{tabularx}
                       
./monthly.tex:1575: Misplaced \noalign.
\hline ->\noalign 
                  {\ifnum 0=`}\fi \let \hskip \vskip \let \vrule \hrule \let...
l.1575   \end{tabularx}
                       
./monthly.tex:1575: Misplaced \noalign.
\hline ->\noalign 
                  {\ifnum 0=`}\fi \let \hskip \vskip \let \vrule \hrule \let...
l.1575   \end{tabularx}
                       
./monthly.tex:1575: Misplaced \noalign.
\hline ->\noalign 
                  {\ifnum 0=`}\fi \let \hskip \vskip \let \vrule \hrule \let...
l.1575   \end{tabularx}
                       
./monthly.tex:1575: Misplaced \noalign.
\hline ->\noalign 
                  {\ifnum 0=`}\fi \let \hskip \vskip \let \vrule \hrule \let...
l.1575   \end{tabularx}
                       
./monthly.tex:1575: Misplaced \noalign.
\hline ->\noalign 
                  {\ifnum 0=`}\fi \let \hskip \vskip \let \vrule \hrule \let...
l.1575   \end{tabularx}
                       
./monthly.tex:1575: Misplaced \noalign.
\hline ->\noalign 
                  {\ifnum 0=`}\fi \let \hskip \vskip \let \vrule \hrule \let...
l.1575   \end{tabularx}
                       
./monthly.tex:1575: Misplaced \noalign.
\hline ->\noalign 
                  {\ifnum 0=`}\fi \let \hskip \vskip \let \vrule \hrule \let...
l.1575   \end{tabularx}
                       
./monthly.tex:1575: Misplaced \noalign.
\hline ->\noalign 
                  {\ifnum 0=`}\fi \let \hskip \vskip \let \vrule \hrule \let...
l.1575   \end{tabularx}
                       
./monthly.tex:1575: Misplaced \noalign.
\hline ->\noalign 
                  {\ifnum 0=`}\fi \let \hskip \vskip \let \vrule \hrule \let...
l.1575   \end{tabularx}
                       
./monthly.tex:1575: Misplaced \noalign.
\hline ->\noalign 
                  {\ifnum 0=`}\fi \let \hskip \vskip \let \vrule \hrule \let...
l.1575   \end{tabularx}
                       
./monthly.tex:1575: Misplaced \noalign.
\hline ->\noalign 
                  {\ifnum 0=`}\fi \let \hskip \vskip \let \vrule \hrule \let...
l.1575   \end{tabularx}
                       
./monthly.tex:1575: Misplaced \noalign.
\hline ->\noalign 
                  {\ifnum 0=`}\fi \let \hskip \vskip \let \vrule \hrule \let...
l.1575   \end{tabularx}
                       
./monthly.tex:1575: Misplaced \noalign.
\hline ->\noalign 
                  {\ifnum 0=`}\fi \let \hskip \vskip \let \vrule \hrule \let...
l.1575   \end{tabularx}
                       
./monthly.tex:1575: Misplaced \noalign.
\hline ->\noalign 
                  {\ifnum 0=`}\fi \let \hskip \vskip \let \vrule \hrule \let...
l.1575   \end{tabularx}
                       
./monthly.tex:1575: Misplaced \noalign.
\hline ->\noalign 
                  {\ifnum 0=`}\fi \let \hskip \vskip \let \vrule \hrule \let...
l.1575   \end{tabularx}
                       
./monthly.tex:1575: Misplaced \noalign.
\hline ->\noalign 
                  {\ifnum 0=`}\fi \let \hskip \vskip \let \vrule \hrule \let...
l.1575   \end{tabularx}
                       
./monthly.tex:1575: Misplaced \noalign.
\hline ->\noalign 
                  {\ifnum 0=`}\fi \let \hskip \vskip \let \vrule \hrule \let...
l.1575   \end{tabularx}
                       

Underfull \hbox (badness 10000) in paragraph at lines 1575--1578

[6]
./monthly.tex:1833: Misplaced \noalign.
\hline ->\noalign 
                  {\ifnum 0=`}\fi \let \hskip \vskip \let \vrule \hrule \let...
l.1833   \end{tabularx}
                       
./monthly.tex:1833: Misplaced \noalign.
\hline ->\noalign 
                  {\ifnum 0=`}\fi \let \hskip \vskip \let \vrule \hrule \let...
l.1833   \end{tabularx}
                       
./monthly.tex:1833: Misplaced \noalign.
\hline ->\noalign 
                  {\ifnum 0=`}\fi \let \hskip \vskip \let \vrule \hrule \let...
l.1833   \end{tabularx}
                       
./monthly.tex:1833: Misplaced \noalign.
\hline ->\noalign 
                  {\ifnum 0=`}\fi \let \hskip \vskip \let \vrule \hrule \let...
l.1833   \end{tabularx}
                       
./monthly.tex:1833: Misplaced \noalign.
\hline ->\noalign 
                  {\ifnum 0=`}\fi \let \hskip \vskip \let \vrule \hrule \let...
l.1833   \end{tabularx}
                       
./monthly.tex:1833: Misplaced \noalign.
\hline ->\noalign 
                  {\ifnum 0=`}\fi \let \hskip \vskip \let \vrule \hrule \let...
l.1833   \end{tabularx}
                       
./monthly.tex:1833: Misplaced \noalign.
\hline ->\noalign 
                  {\ifnum 0=`}\fi \let \hskip \vskip \let \vrule \hrule \let...
l.1833   \end{tabularx}
                       
./monthly.tex:1833: Misplaced \noalign.
\hline ->\noalign 
                  {\ifnum 0=`}\fi \let \hskip \vskip \let \vrule \hrule \let...
l.1833   \end{tabularx}
                       
./monthly.tex:1833: Misplaced \noalign.
\hline ->\noalign 
                  {\ifnum 0=`}\fi \let \hskip \vskip \let \vrule \hrule \let...
l.1833   \end{tabularx}
                       
./monthly.tex:1833: Misplaced \noalign.
\hline ->\noalign 
                  {\ifnum 0=`}\fi \let \hskip \vskip \let \vrule \hrule \let...
l.1833   \end{tabularx}
                       
./monthly.tex:1833: Misplaced \noalign.
\hline ->\noalign 
                  {\ifnum 0=`}\fi \let \hskip \vskip \let \vrule \hrule \let...
l.1833   \end{tabularx}
                       
./monthly.tex:1833: Misplaced \noalign.
\hline ->\noalign 
                  {\ifnum 0=`}\fi \let \hskip \vskip \let \vrule \hrule \let...
l.1833   \end{tabularx}
                       
./monthly.tex:1833: Misplaced \noalign.
\hline ->\noalign 
                  {\ifnum 0=`}\fi \let \hskip \vskip \let \vrule \hrule \let...
l.1833   \end{tabularx}
                       
./monthly.tex:1833: Misplaced \noalign.
\hline ->\noalign 
                  {\ifnum 0=`}\fi \let \hskip \vskip \let \vrule \hrule \let...
l.1833   \end{tabularx}
                       
./monthly.tex:1833: Misplaced \noalign.
\hline ->\noalign 
                  {\ifnum 0=`}\fi \let \hskip \vskip \let \vrule \hrule \let...
l.1833   \end{tabularx}
                       
./monthly.tex:1833: Misplaced \noalign.
\hline ->\noalign 
                  {\ifnum 0=`}\fi \let \hskip \vskip \let \vrule \hrule \let...
l.1833   \end{tabularx}
                       
./monthly.tex:1833: Misplaced \noalign.
\hline ->\noalign 
                  {\ifnum 0=`}\fi \let \hskip \vskip \let \vrule \hrule \let...
l.1833   \end{tabularx}
                       
./monthly.tex:1833: Misplaced \noalign.
\hline ->\noalign 
                  {\ifnum 0=`}\fi \let \hskip \vskip \let \vrule \hrule \let...
l.1833   \end{tabularx}
                       
./monthly.tex:1833: Misplaced \noalign.
\hline ->\noalign 
                  {\ifnum 0=`}\fi \let \hskip \vskip \let \vrule \hrule \let...
l.1833   \end{tabularx}
                       
./monthly.tex:1833: Misplaced \noalign.
\hline ->\noalign 
                  {\ifnum 0=`}\fi \let \hskip \vskip \let \vrule \hrule \let...
l.1833   \end{tabularx}
                       
./monthly.tex:1833: Misplaced \noalign.
\hline ->\noalign 
                  {\ifnum 0=`}\fi \let \hskip \vskip \let \vrule \hrule \let...
l.1833   \end{tabularx}
                       
./monthly.tex:1833: Misplaced \noalign.
\hline ->\noalign 
                  {\ifnum 0=`}\fi \let \hskip \vskip \let \vrule \hrule \let...
l.1833   \end{tabularx}
                       
./monthly.tex:1833: Misplaced \noalign.
\hline ->\noalign 
                  {\ifnum 0=`}\fi \let \hskip \vskip \let \vrule \hrule \let...
l.1833   \end{tabularx}
                       
./monthly.tex:1833: Misplaced \noalign.
\hline ->\noalign 
                  {\ifnum 0=`}\fi \let \hskip \vskip \let \vrule \hrule \let...
l.1833   \end{tabularx}
                       
./monthly.tex:1833: Misplaced \noalign.
\hline ->\noalign 
                  {\ifnum 0=`}\fi \let \hskip \vskip \let \vrule \hrule \let...
l.1833   \end{tabularx}
                       
./monthly.tex:1833: Misplaced \noalign.
\hline ->\noalign 
                  {\ifnum 0=`}\fi \let \hskip \vskip \let \vrule \hrule \let...
l.1833   \end{tabularx}
                       
./monthly.tex:1833: Misplaced \noalign.
\hline ->\noalign 
                  {\ifnum 0=`}\fi \let \hskip \vskip \let \vrule \hrule \let...
l.1833   \end{tabularx}
                       
./monthly.tex:1833: Misplaced \noalign.
\hline ->\noalign 
                  {\ifnum 0=`}\fi \let \hskip \vskip \let \vrule \hrule \let...
l.1833   \end{tabularx}
                       
./monthly.tex:1833: Misplaced \noalign.
\hline ->\noalign 
                  {\ifnum 0=`}\fi \let \hskip \vskip \let \vrule \hrule \let...
l.1833   \end{tabularx}
                       
./monthly.tex:1833: Misplaced \noalign.
\hline ->\noalign 
                  {\ifnum 0=`}\fi \let \hskip \vskip \let \vrule \hrule \let...
l.1833   \end{tabularx}
                       
./monthly.tex:1833: Misplaced \noalign.
\hline ->\noalign 
                  {\ifnum 0=`}\fi \let \hskip \vskip \let \vrule \hrule \let...
l.1833   \end{tabularx}
                       
./monthly.tex:1833: Misplaced \noalign.
\hline ->\noalign 
                  {\ifnum 0=`}\fi \let \hskip \vskip \let \vrule \hrule \let...
l.1833   \end{tabularx}
                       
./monthly.tex:1833: Misplaced \noalign.
\hline ->\noalign 
                  {\ifnum 0=`}\fi \let \hskip \vskip \let \vrule \hrule \let...
l.1833   \end{tabularx}
                       
./monthly.tex:1833: Misplaced \noalign.
\hline ->\noalign 
                  {\ifnum 0=`}\fi \let \hskip \vskip \let \vrule \hrule \let...
l.1833   \end{tabularx}
                       
./monthly.tex:1833: Misplaced \noalign.
\hline ->\noalign 
                  {\ifnum 0=`}\fi \let \hskip \vskip \let \vrule \hrule \let...
l.1833   \end{tabularx}
                       
./monthly.tex:1833: Misplaced \noalign.
\hline ->\noalign 
                  {\ifnum 0=`}\fi \let \hskip \vskip \let \vrule \hrule \let...
l.1833   \end{tabularx}
                       
./monthly.tex:1833: Misplaced \noalign.
\hline ->\noalign 
                  {\ifnum 0=`}\fi \let \hskip \vskip \let \vrule \hrule \let...
l.1833   \end{tabularx}
                       
./monthly.tex:1833: Misplaced \noalign.
\hline ->\noalign 
                  {\ifnum 0=`}\fi \let \hskip \vskip \let \vrule \hrule \let...
l.1833   \end{tabularx}
                       
./monthly.tex:1833: Misplaced \noalign.
\hline ->\noalign 
                  {\ifnum 0=`}\fi \let \hskip \vskip \let \vrule \hrule \let...
l.1833   \end{tabularx}
                       
./monthly.tex:1833: Misplaced \noalign.
\hline ->\noalign 
                  {\ifnum 0=`}\fi \let \hskip \vskip \let \vrule \hrule \let...
l.1833   \end{tabularx}
                       
./monthly.tex:1833: Misplaced \noalign.
\hline ->\noalign 
                  {\ifnum 0=`}\fi \let \hskip \vskip \let \vrule \hrule \let...
l.1833   \end{tabularx}
                       
./monthly.tex:1833: Misplaced \noalign.
\hline ->\noalign 
                  {\ifnum 0=`}\fi \let \hskip \vskip \let \vrule \hrule \let...
l.1833   \end{tabularx}
                       
./monthly.tex:1833: Misplaced \noalign.
\hline ->\noalign 
                  {\ifnum 0=`}\fi \let \hskip \vskip \let \vrule \hrule \let...
l.1833   \end{tabularx}
                       
./monthly.tex:1833: Misplaced \noalign.
\hline ->\noalign 
                  {\ifnum 0=`}\fi \let \hskip \vskip \let \vrule \hrule \let...
l.1833   \end{tabularx}
                       
./monthly.tex:1833: Misplaced \noalign.
\hline ->\noalign 
                  {\ifnum 0=`}\fi \let \hskip \vskip \let \vrule \hrule \let...
l.1833   \end{tabularx}
                       
./monthly.tex:1833: Misplaced \noalign.
\hline ->\noalign 
                  {\ifnum 0=`}\fi \let \hskip \vskip \let \vrule \hrule \let...
l.1833   \end{tabularx}
                       
./monthly.tex:1833: Misplaced \noalign.
\hline ->\noalign 
                  {\ifnum 0=`}\fi \let \hskip \vskip \let \vrule \hrule \let...
l.1833   \end{tabularx}
                       
./monthly.tex:1833: Misplaced \noalign.
\hline ->\noalign 
                  {\ifnum 0=`}\fi \let \hskip \vskip \let \vrule \hrule \let...
l.1833   \end{tabularx}
                       
./monthly.tex:1833: Misplaced \noalign.
\hline ->\noalign 
                  {\ifnum 0=`}\fi \let \hskip \vskip \let \vrule \hrule \let...
l.1833   \end{tabularx}
                       
./monthly.tex:1833: Misplaced \noalign.
\hline ->\noalign 
                  {\ifnum 0=`}\fi \let \hskip \vskip \let \vrule \hrule \let...
l.1833   \end{tabularx}
                       
./monthly.tex:1833: Misplaced \noalign.
\hline ->\noalign 
                  {\ifnum 0=`}\fi \let \hskip \vskip \let \vrule \hrule \let...
l.1833   \end{tabularx}
                       
./monthly.tex:1833: Misplaced \noalign.
\hline ->\noalign 
                  {\ifnum 0=`}\fi \let \hskip \vskip \let \vrule \hrule \let...
l.1833   \end{tabularx}
                       
./monthly.tex:1833: Misplaced \noalign.
\hline ->\noalign 
                  {\ifnum 0=`}\fi \let \hskip \vskip \let \vrule \hrule \let...
l.1833   \end{tabularx}
                       
./monthly.tex:1833: Misplaced \noalign.
\hline ->\noalign 
                  {\ifnum 0=`}\fi \let \hskip \vskip \let \vrule \hrule \let...
l.1833   \end{tabularx}
                       
./monthly.tex:1833: Misplaced \noalign.
\hline ->\noalign 
                  {\ifnum 0=`}\fi \let \hskip \vskip \let \vrule \hrule \let...
l.1833   \end{tabularx}
                       
./monthly.tex:1833: Misplaced \noalign.
\hline ->\noalign 
                  {\ifnum 0=`}\fi \let \hskip \vskip \let \vrule \hrule \let...
l.1833   \end{tabularx}
                       
./monthly.tex:1833: Misplaced \noalign.
\hline ->\noalign 
                  {\ifnum 0=`}\fi \let \hskip \vskip \let \vrule \hrule \let...
l.1833   \end{tabularx}
                       
./monthly.tex:1833: Misplaced \noalign.
\hline ->\noalign 
                  {\ifnum 0=`}\fi \let \hskip \vskip \let \vrule \hrule \let...
l.1833   \end{tabularx}
                       
./monthly.tex:1833: Misplaced \noalign.
\hline ->\noalign 
                  {\ifnum 0=`}\fi \let \hskip \vskip \let \vrule \hrule \let...
l.1833   \end{tabularx}
                       
./monthly.tex:1833: Misplaced \noalign.
\hline ->\noalign 
                  {\ifnum 0=`}\fi \let \hskip \vskip \let \vrule \hrule \let...
l.1833   \end{tabularx}
                       
./monthly.tex:1833: Misplaced \noalign.
\hline ->\noalign 
                  {\ifnum 0=`}\fi \let \hskip \vskip \let \vrule \hrule \let...
l.1833   \end{tabularx}
                       
./monthly.tex:1833: Misplaced \noalign.
\hline ->\noalign 
                  {\ifnum 0=`}\fi \let \hskip \vskip \let \vrule \hrule \let...
l.1833   \end{tabularx}
                       
./monthly.tex:1833: Misplaced \noalign.
\hline ->\noalign 
                  {\ifnum 0=`}\fi \let \hskip \vskip \let \vrule \hrule \let...
l.1833   \end{tabularx}
                       
./monthly.tex:1833: Misplaced \noalign.
\hline ->\noalign 
                  {\ifnum 0=`}\fi \let \hskip \vskip \let \vrule \hrule \let...
l.1833   \end{tabularx}
                       
./monthly.tex:1833: Misplaced \noalign.
\hline ->\noalign 
                  {\ifnum 0=`}\fi \let \hskip \vskip \let \vrule \hrule \let...
l.1833   \end{tabularx}
                       
./monthly.tex:1833: Misplaced \noalign.
\hline ->\noalign 
                  {\ifnum 0=`}\fi \let \hskip \vskip \let \vrule \hrule \let...
l.1833   \end{tabularx}
                       
./monthly.tex:1833: Misplaced \noalign.
\hline ->\noalign 
                  {\ifnum 0=`}\fi \let \hskip \vskip \let \vrule \hrule \let...
l.1833   \end{tabularx}
                       
./monthly.tex:1833: Misplaced \noalign.
\hline ->\noalign 
                  {\ifnum 0=`}\fi \let \hskip \vskip \let \vrule \hrule \let...
l.1833   \end{tabularx}
                       
./monthly.tex:1833: Misplaced \noalign.
\hline ->\noalign 
                  {\ifnum 0=`}\fi \let \hskip \vskip \let \vrule \hrule \let...
l.1833   \end{tabularx}
                       
./monthly.tex:1833: Misplaced \noalign.
\hline ->\noalign 
                  {\ifnum 0=`}\fi \let \hskip \vskip \let \vrule \hrule \let...
l.1833   \end{tabularx}
                       
./monthly.tex:1833: Misplaced \noalign.
\hline ->\noalign 
                  {\ifnum 0=`}\fi \let \hskip \vskip \let \vrule \hrule \let...
l.1833   \end{tabularx}
                       
./monthly.tex:1833: Misplaced \noalign.
\hline ->\noalign 
                  {\ifnum 0=`}\fi \let \hskip \vskip \let \vrule \hrule \let...
l.1833   \end{tabularx}
                       
./monthly.tex:1833: Misplaced \noalign.
\hline ->\noalign 
                  {\ifnum 0=`}\fi \let \hskip \vskip \let \vrule \hrule \let...
l.1833   \end{tabularx}
                       
./monthly.tex:1833: Misplaced \noalign.
\hline ->\noalign 
                  {\ifnum 0=`}\fi \let \hskip \vskip \let \vrule \hrule \let...
l.1833   \end{tabularx}
                       
./monthly.tex:1833: Misplaced \noalign.
\hline ->\noalign 
                  {\ifnum 0=`}\fi \let \hskip \vskip \let \vrule \hrule \let...
l.1833   \end{tabularx}
                       
./monthly.tex:1833: Misplaced \noalign.
\hline ->\noalign 
                  {\ifnum 0=`}\fi \let \hskip \vskip \let \vrule \hrule \let...
l.1833   \end{tabularx}
                       
./monthly.tex:1833: Misplaced \noalign.
\hline ->\noalign 
                  {\ifnum 0=`}\fi \let \hskip \vskip \let \vrule \hrule \let...
l.1833   \end{tabularx}
                       
./monthly.tex:1833: Misplaced \noalign.
\hline ->\noalign 
                  {\ifnum 0=`}\fi \let \hskip \vskip \let \vrule \hrule \let...
l.1833   \end{tabularx}
                       
./monthly.tex:1833: Misplaced \noalign.
\hline ->\noalign 
                  {\ifnum 0=`}\fi \let \hskip \vskip \let \vrule \hrule \let...
l.1833   \end{tabularx}
                       
./monthly.tex:1833: Misplaced \noalign.
\hline ->\noalign 
                  {\ifnum 0=`}\fi \let \hskip \vskip \let \vrule \hrule \let...
l.1833   \end{tabularx}
                       
./monthly.tex:1833: Misplaced \noalign.
\hline ->\noalign 
                  {\ifnum 0=`}\fi \let \hskip \vskip \let \vrule \hrule \let...
l.1833   \end{tabularx}
                       
./monthly.tex:1833: Misplaced \noalign.
\hline ->\noalign 
                  {\ifnum 0=`}\fi \let \hskip \vskip \let \vrule \hrule \let...
l.1833   \end{tabularx}
                       
./monthly.tex:1833: Misplaced \noalign.
\hline ->\noalign 
                  {\ifnum 0=`}\fi \let \hskip \vskip \let \vrule \hrule \let...
l.1833   \end{tabularx}
                       

Overfull \hbox (113.76016pt too wide) in paragraph at lines 1833--1833
[]|[][][] 
./monthly.tex:1833: Misplaced \noalign.
\hline ->\noalign 
                  {\ifnum 0=`}\fi \let \hskip \vskip \let \vrule \hrule \let...
l.1833   \end{tabularx}
                       

Underfull \hbox (badness 10000) in paragraph at lines 1833--1836

[7]
./monthly.tex:2132: Misplaced \noalign.
\hline ->\noalign 
                  {\ifnum 0=`}\fi \let \hskip \vskip \let \vrule \hrule \let...
l.2132   \end{tabularx}
                       
./monthly.tex:2132: Misplaced \noalign.
\hline ->\noalign 
                  {\ifnum 0=`}\fi \let \hskip \vskip \let \vrule \hrule \let...
l.2132   \end{tabularx}
                       
./monthly.tex:2132: Misplaced \noalign.
\hline ->\noalign 
                  {\ifnum 0=`}\fi \let \hskip \vskip \let \vrule \hrule \let...
l.2132   \end{tabularx}
                       
./monthly.tex:2132: Misplaced \noalign.
\hline ->\noalign 
                  {\ifnum 0=`}\fi \let \hskip \vskip \let \vrule \hrule \let...
l.2132   \end{tabularx}
                       
./monthly.tex:2132: Misplaced \noalign.
\hline ->\noalign 
                  {\ifnum 0=`}\fi \let \hskip \vskip \let \vrule \hrule \let...
l.2132   \end{tabularx}
                       
./monthly.tex:2132: Misplaced \noalign.
\hline ->\noalign 
                  {\ifnum 0=`}\fi \let \hskip \vskip \let \vrule \hrule \let...
l.2132   \end{tabularx}
                       
./monthly.tex:2132: Misplaced \noalign.
\hline ->\noalign 
                  {\ifnum 0=`}\fi \let \hskip \vskip \let \vrule \hrule \let...
l.2132   \end{tabularx}
                       
./monthly.tex:2132: Misplaced \noalign.
\hline ->\noalign 
                  {\ifnum 0=`}\fi \let \hskip \vskip \let \vrule \hrule \let...
l.2132   \end{tabularx}
                       
./monthly.tex:2132: Misplaced \noalign.
\hline ->\noalign 
                  {\ifnum 0=`}\fi \let \hskip \vskip \let \vrule \hrule \let...
l.2132   \end{tabularx}
                       
./monthly.tex:2132: Misplaced \noalign.
\hline ->\noalign 
                  {\ifnum 0=`}\fi \let \hskip \vskip \let \vrule \hrule \let...
l.2132   \end{tabularx}
                       
./monthly.tex:2132: Misplaced \noalign.
\hline ->\noalign 
                  {\ifnum 0=`}\fi \let \hskip \vskip \let \vrule \hrule \let...
l.2132   \end{tabularx}
                       
./monthly.tex:2132: Misplaced \noalign.
\hline ->\noalign 
                  {\ifnum 0=`}\fi \let \hskip \vskip \let \vrule \hrule \let...
l.2132   \end{tabularx}
                       
./monthly.tex:2132: Misplaced \noalign.
\hline ->\noalign 
                  {\ifnum 0=`}\fi \let \hskip \vskip \let \vrule \hrule \let...
l.2132   \end{tabularx}
                       
./monthly.tex:2132: Misplaced \noalign.
\hline ->\noalign 
                  {\ifnum 0=`}\fi \let \hskip \vskip \let \vrule \hrule \let...
l.2132   \end{tabularx}
                       
./monthly.tex:2132: Misplaced \noalign.
\hline ->\noalign 
                  {\ifnum 0=`}\fi \let \hskip \vskip \let \vrule \hrule \let...
l.2132   \end{tabularx}
                       
./monthly.tex:2132: Misplaced \noalign.
\hline ->\noalign 
                  {\ifnum 0=`}\fi \let \hskip \vskip \let \vrule \hrule \let...
l.2132   \end{tabularx}
                       
./monthly.tex:2132: Misplaced \noalign.
\hline ->\noalign 
                  {\ifnum 0=`}\fi \let \hskip \vskip \let \vrule \hrule \let...
l.2132   \end{tabularx}
                       
./monthly.tex:2132: Misplaced \noalign.
\hline ->\noalign 
                  {\ifnum 0=`}\fi \let \hskip \vskip \let \vrule \hrule \let...
l.2132   \end{tabularx}
                       
./monthly.tex:2132: Misplaced \noalign.
\hline ->\noalign 
                  {\ifnum 0=`}\fi \let \hskip \vskip \let \vrule \hrule \let...
l.2132   \end{tabularx}
                       
./monthly.tex:2132: Misplaced \noalign.
\hline ->\noalign 
                  {\ifnum 0=`}\fi \let \hskip \vskip \let \vrule \hrule \let...
l.2132   \end{tabularx}
                       
./monthly.tex:2132: Misplaced \noalign.
\hline ->\noalign 
                  {\ifnum 0=`}\fi \let \hskip \vskip \let \vrule \hrule \let...
l.2132   \end{tabularx}
                       
./monthly.tex:2132: Misplaced \noalign.
\hline ->\noalign 
                  {\ifnum 0=`}\fi \let \hskip \vskip \let \vrule \hrule \let...
l.2132   \end{tabularx}
                       
./monthly.tex:2132: Misplaced \noalign.
\hline ->\noalign 
                  {\ifnum 0=`}\fi \let \hskip \vskip \let \vrule \hrule \let...
l.2132   \end{tabularx}
                       
./monthly.tex:2132: Misplaced \noalign.
\hline ->\noalign 
                  {\ifnum 0=`}\fi \let \hskip \vskip \let \vrule \hrule \let...
l.2132   \end{tabularx}
                       
./monthly.tex:2132: Misplaced \noalign.
\hline ->\noalign 
                  {\ifnum 0=`}\fi \let \hskip \vskip \let \vrule \hrule \let...
l.2132   \end{tabularx}
                       
./monthly.tex:2132: Misplaced \noalign.
\hline ->\noalign 
                  {\ifnum 0=`}\fi \let \hskip \vskip \let \vrule \hrule \let...
l.2132   \end{tabularx}
                       
./monthly.tex:2132: Misplaced \noalign.
\hline ->\noalign 
                  {\ifnum 0=`}\fi \let \hskip \vskip \let \vrule \hrule \let...
l.2132   \end{tabularx}
                       
./monthly.tex:2132: Misplaced \noalign.
\hline ->\noalign 
                  {\ifnum 0=`}\fi \let \hskip \vskip \let \vrule \hrule \let...
l.2132   \end{tabularx}
                       
./monthly.tex:2132: Misplaced \noalign.
\hline ->\noalign 
                  {\ifnum 0=`}\fi \let \hskip \vskip \let \vrule \hrule \let...
l.2132   \end{tabularx}
                       
./monthly.tex:2132: Misplaced \noalign.
\hline ->\noalign 
                  {\ifnum 0=`}\fi \let \hskip \vskip \let \vrule \hrule \let...
l.2132   \end{tabularx}
                       
./monthly.tex:2132: Misplaced \noalign.
\hline ->\noalign 
                  {\ifnum 0=`}\fi \let \hskip \vskip \let \vrule \hrule \let...
l.2132   \end{tabularx}
                       
./monthly.tex:2132: Misplaced \noalign.
\hline ->\noalign 
                  {\ifnum 0=`}\fi \let \hskip \vskip \let \vrule \hrule \let...
l.2132   \end{tabularx}
                       
./monthly.tex:2132: Misplaced \noalign.
\hline ->\noalign 
                  {\ifnum 0=`}\fi \let \hskip \vskip \let \vrule \hrule \let...
l.2132   \end{tabularx}
                       
./monthly.tex:2132: Misplaced \noalign.
\hline ->\noalign 
                  {\ifnum 0=`}\fi \let \hskip \vskip \let \vrule \hrule \let...
l.2132   \end{tabularx}
                       
./monthly.tex:2132: Misplaced \noalign.
\hline ->\noalign 
                  {\ifnum 0=`}\fi \let \hskip \vskip \let \vrule \hrule \let...
l.2132   \end{tabularx}
                       
./monthly.tex:2132: Misplaced \noalign.
\hline ->\noalign 
                  {\ifnum 0=`}\fi \let \hskip \vskip \let \vrule \hrule \let...
l.2132   \end{tabularx}
                       
./monthly.tex:2132: Misplaced \noalign.
\hline ->\noalign 
                  {\ifnum 0=`}\fi \let \hskip \vskip \let \vrule \hrule \let...
l.2132   \end{tabularx}
                       
./monthly.tex:2132: Misplaced \noalign.
\hline ->\noalign 
                  {\ifnum 0=`}\fi \let \hskip \vskip \let \vrule \hrule \let...
l.2132   \end{tabularx}
                       
./monthly.tex:2132: Misplaced \noalign.
\hline ->\noalign 
                  {\ifnum 0=`}\fi \let \hskip \vskip \let \vrule \hrule \let...
l.2132   \end{tabularx}
                       
./monthly.tex:2132: Misplaced \noalign.
\hline ->\noalign 
                  {\ifnum 0=`}\fi \let \hskip \vskip \let \vrule \hrule \let...
l.2132   \end{tabularx}
                       
./monthly.tex:2132: Misplaced \noalign.
\hline ->\noalign 
                  {\ifnum 0=`}\fi \let \hskip \vskip \let \vrule \hrule \let...
l.2132   \end{tabularx}
                       
./monthly.tex:2132: Misplaced \noalign.
\hline ->\noalign 
                  {\ifnum 0=`}\fi \let \hskip \vskip \let \vrule \hrule \let...
l.2132   \end{tabularx}
                       
./monthly.tex:2132: Misplaced \noalign.
\hline ->\noalign 
                  {\ifnum 0=`}\fi \let \hskip \vskip \let \vrule \hrule \let...
l.2132   \end{tabularx}
                       
./monthly.tex:2132: Misplaced \noalign.
\hline ->\noalign 
                  {\ifnum 0=`}\fi \let \hskip \vskip \let \vrule \hrule \let...
l.2132   \end{tabularx}
                       
./monthly.tex:2132: Misplaced \noalign.
\hline ->\noalign 
                  {\ifnum 0=`}\fi \let \hskip \vskip \let \vrule \hrule \let...
l.2132   \end{tabularx}
                       
./monthly.tex:2132: Misplaced \noalign.
\hline ->\noalign 
                  {\ifnum 0=`}\fi \let \hskip \vskip \let \vrule \hrule \let...
l.2132   \end{tabularx}
                       
./monthly.tex:2132: Misplaced \noalign.
\hline ->\noalign 
                  {\ifnum 0=`}\fi \let \hskip \vskip \let \vrule \hrule \let...
l.2132   \end{tabularx}
                       
./monthly.tex:2132: Misplaced \noalign.
\hline ->\noalign 
                  {\ifnum 0=`}\fi \let \hskip \vskip \let \vrule \hrule \let...
l.2132   \end{tabularx}
                       
./monthly.tex:2132: Misplaced \noalign.
\hline ->\noalign 
                  {\ifnum 0=`}\fi \let \hskip \vskip \let \vrule \hrule \let...
l.2132   \end{tabularx}
                       
./monthly.tex:2132: Misplaced \noalign.
\hline ->\noalign 
                  {\ifnum 0=`}\fi \let \hskip \vskip \let \vrule \hrule \let...
l.2132   \end{tabularx}
                       
./monthly.tex:2132: Misplaced \noalign.
\hline ->\noalign 
                  {\ifnum 0=`}\fi \let \hskip \vskip \let \vrule \hrule \let...
l.2132   \end{tabularx}
                       
./monthly.tex:2132: Misplaced \noalign.
\hline ->\noalign 
                  {\ifnum 0=`}\fi \let \hskip \vskip \let \vrule \hrule \let...
l.2132   \end{tabularx}
                       
./monthly.tex:2132: Misplaced \noalign.
\hline ->\noalign 
                  {\ifnum 0=`}\fi \let \hskip \vskip \let \vrule \hrule \let...
l.2132   \end{tabularx}
                       
./monthly.tex:2132: Misplaced \noalign.
\hline ->\noalign 
                  {\ifnum 0=`}\fi \let \hskip \vskip \let \vrule \hrule \let...
l.2132   \end{tabularx}
                       
./monthly.tex:2132: Misplaced \noalign.
\hline ->\noalign 
                  {\ifnum 0=`}\fi \let \hskip \vskip \let \vrule \hrule \let...
l.2132   \end{tabularx}
                       
./monthly.tex:2132: Misplaced \noalign.
\hline ->\noalign 
                  {\ifnum 0=`}\fi \let \hskip \vskip \let \vrule \hrule \let...
l.2132   \end{tabularx}
                       
./monthly.tex:2132: Misplaced \noalign.
\hline ->\noalign 
                  {\ifnum 0=`}\fi \let \hskip \vskip \let \vrule \hrule \let...
l.2132   \end{tabularx}
                       
./monthly.tex:2132: Misplaced \noalign.
\hline ->\noalign 
                  {\ifnum 0=`}\fi \let \hskip \vskip \let \vrule \hrule \let...
l.2132   \end{tabularx}
                       
./monthly.tex:2132: Misplaced \noalign.
\hline ->\noalign 
                  {\ifnum 0=`}\fi \let \hskip \vskip \let \vrule \hrule \let...
l.2132   \end{tabularx}
                       
./monthly.tex:2132: Misplaced \noalign.
\hline ->\noalign 
                  {\ifnum 0=`}\fi \let \hskip \vskip \let \vrule \hrule \let...
l.2132   \end{tabularx}
                       
./monthly.tex:2132: Misplaced \noalign.
\hline ->\noalign 
                  {\ifnum 0=`}\fi \let \hskip \vskip \let \vrule \hrule \let...
l.2132   \end{tabularx}
                       
./monthly.tex:2132: Misplaced \noalign.
\hline ->\noalign 
                  {\ifnum 0=`}\fi \let \hskip \vskip \let \vrule \hrule \let...
l.2132   \end{tabularx}
                       
./monthly.tex:2132: Misplaced \noalign.
\hline ->\noalign 
                  {\ifnum 0=`}\fi \let \hskip \vskip \let \vrule \hrule \let...
l.2132   \end{tabularx}
                       
./monthly.tex:2132: Misplaced \noalign.
\hline ->\noalign 
                  {\ifnum 0=`}\fi \let \hskip \vskip \let \vrule \hrule \let...
l.2132   \end{tabularx}
                       
./monthly.tex:2132: Misplaced \noalign.
\hline ->\noalign 
                  {\ifnum 0=`}\fi \let \hskip \vskip \let \vrule \hrule \let...
l.2132   \end{tabularx}
                       
./monthly.tex:2132: Misplaced \noalign.
\hline ->\noalign 
                  {\ifnum 0=`}\fi \let \hskip \vskip \let \vrule \hrule \let...
l.2132   \end{tabularx}
                       
./monthly.tex:2132: Misplaced \noalign.
\hline ->\noalign 
                  {\ifnum 0=`}\fi \let \hskip \vskip \let \vrule \hrule \let...
l.2132   \end{tabularx}
                       
./monthly.tex:2132: Misplaced \noalign.
\hline ->\noalign 
                  {\ifnum 0=`}\fi \let \hskip \vskip \let \vrule \hrule \let...
l.2132   \end{tabularx}
                       
./monthly.tex:2132: Misplaced \noalign.
\hline ->\noalign 
                  {\ifnum 0=`}\fi \let \hskip \vskip \let \vrule \hrule \let...
l.2132   \end{tabularx}
                       
./monthly.tex:2132: Misplaced \noalign.
\hline ->\noalign 
                  {\ifnum 0=`}\fi \let \hskip \vskip \let \vrule \hrule \let...
l.2132   \end{tabularx}
                       
./monthly.tex:2132: Misplaced \noalign.
\hline ->\noalign 
                  {\ifnum 0=`}\fi \let \hskip \vskip \let \vrule \hrule \let...
l.2132   \end{tabularx}
                       
./monthly.tex:2132: Misplaced \noalign.
\hline ->\noalign 
                  {\ifnum 0=`}\fi \let \hskip \vskip \let \vrule \hrule \let...
l.2132   \end{tabularx}
                       
./monthly.tex:2132: Misplaced \noalign.
\hline ->\noalign 
                  {\ifnum 0=`}\fi \let \hskip \vskip \let \vrule \hrule \let...
l.2132   \end{tabularx}
                       
./monthly.tex:2132: Misplaced \noalign.
\hline ->\noalign 
                  {\ifnum 0=`}\fi \let \hskip \vskip \let \vrule \hrule \let...
l.2132   \end{tabularx}
                       
./monthly.tex:2132: Misplaced \noalign.
\hline ->\noalign 
                  {\ifnum 0=`}\fi \let \hskip \vskip \let \vrule \hrule \let...
l.2132   \end{tabularx}
                       
./monthly.tex:2132: Misplaced \noalign.
\hline ->\noalign 
                  {\ifnum 0=`}\fi \let \hskip \vskip \let \vrule \hrule \let...
l.2132   \end{tabularx}
                       
./monthly.tex:2132: Misplaced \noalign.
\hline ->\noalign 
                  {\ifnum 0=`}\fi \let \hskip \vskip \let \vrule \hrule \let...
l.2132   \end{tabularx}
                       
./monthly.tex:2132: Misplaced \noalign.
\hline ->\noalign 
                  {\ifnum 0=`}\fi \let \hskip \vskip \let \vrule \hrule \let...
l.2132   \end{tabularx}
                       
./monthly.tex:2132: Misplaced \noalign.
\hline ->\noalign 
                  {\ifnum 0=`}\fi \let \hskip \vskip \let \vrule \hrule \let...
l.2132   \end{tabularx}
                       
./monthly.tex:2132: Misplaced \noalign.
\hline ->\noalign 
                  {\ifnum 0=`}\fi \let \hskip \vskip \let \vrule \hrule \let...
l.2132   \end{tabularx}
                       
./monthly.tex:2132: Misplaced \noalign.
\hline ->\noalign 
                  {\ifnum 0=`}\fi \let \hskip \vskip \let \vrule \hrule \let...
l.2132   \end{tabularx}
                       
./monthly.tex:2132: Misplaced \noalign.
\hline ->\noalign 
                  {\ifnum 0=`}\fi \let \hskip \vskip \let \vrule \hrule \let...
l.2132   \end{tabularx}
                       
./monthly.tex:2132: Misplaced \noalign.
\hline ->\noalign 
                  {\ifnum 0=`}\fi \let \hskip \vskip \let \vrule \hrule \let...
l.2132   \end{tabularx}
                       
./monthly.tex:2132: Misplaced \noalign.
\hline ->\noalign 
                  {\ifnum 0=`}\fi \let \hskip \vskip \let \vrule \hrule \let...
l.2132   \end{tabularx}
                       
./monthly.tex:2132: Misplaced \noalign.
\hline ->\noalign 
                  {\ifnum 0=`}\fi \let \hskip \vskip \let \vrule \hrule \let...
l.2132   \end{tabularx}
                       
./monthly.tex:2132: Misplaced \noalign.
\hline ->\noalign 
                  {\ifnum 0=`}\fi \let \hskip \vskip \let \vrule \hrule \let...
l.2132   \end{tabularx}
                       
./monthly.tex:2132: Misplaced \noalign.
\hline ->\noalign 
                  {\ifnum 0=`}\fi \let \hskip \vskip \let \vrule \hrule \let...
l.2132   \end{tabularx}
                       
./monthly.tex:2132: Misplaced \noalign.
\hline ->\noalign 
                  {\ifnum 0=`}\fi \let \hskip \vskip \let \vrule \hrule \let...
l.2132   \end{tabularx}
                       
./monthly.tex:2132: Misplaced \noalign.
\hline ->\noalign 
                  {\ifnum 0=`}\fi \let \hskip \vskip \let \vrule \hrule \let...
l.2132   \end{tabularx}
                       
./monthly.tex:2132: Misplaced \noalign.
\hline ->\noalign 
                  {\ifnum 0=`}\fi \let \hskip \vskip \let \vrule \hrule \let...
l.2132   \end{tabularx}
                       

Overfull \hbox (56.88008pt too wide) in paragraph at lines 2132--2132
[]|[][][] 
./monthly.tex:2132: Misplaced \noalign.
\hline ->\noalign 
                  {\ifnum 0=`}\fi \let \hskip \vskip \let \vrule \hrule \let...
l.2132   \end{tabularx}
                       
./monthly.tex:2132: Misplaced \noalign.
\hline ->\noalign 
                  {\ifnum 0=`}\fi \let \hskip \vskip \let \vrule \hrule \let...
l.2132   \end{tabularx}
                       
./monthly.tex:2132: Misplaced \noalign.
\hline ->\noalign 
                  {\ifnum 0=`}\fi \let \hskip \vskip \let \vrule \hrule \let...
l.2132   \end{tabularx}
                       

Underfull \hbox (badness 10000) in paragraph at lines 2132--2135

[8]
./monthly.tex:2394: Misplaced \noalign.
\hline ->\noalign 
                  {\ifnum 0=`}\fi \let \hskip \vskip \let \vrule \hrule \let...
l.2394   \end{tabularx}
                       
./monthly.tex:2394: Misplaced \noalign.
\hline ->\noalign 
                  {\ifnum 0=`}\fi \let \hskip \vskip \let \vrule \hrule \let...
l.2394   \end{tabularx}
                       
./monthly.tex:2394: Misplaced \noalign.
\hline ->\noalign 
                  {\ifnum 0=`}\fi \let \hskip \vskip \let \vrule \hrule \let...
l.2394   \end{tabularx}
                       
./monthly.tex:2394: Misplaced \noalign.
\hline ->\noalign 
                  {\ifnum 0=`}\fi \let \hskip \vskip \let \vrule \hrule \let...
l.2394   \end{tabularx}
                       
./monthly.tex:2394: Misplaced \noalign.
\hline ->\noalign 
                  {\ifnum 0=`}\fi \let \hskip \vskip \let \vrule \hrule \let...
l.2394   \end{tabularx}
                       
./monthly.tex:2394: Misplaced \noalign.
\hline ->\noalign 
                  {\ifnum 0=`}\fi \let \hskip \vskip \let \vrule \hrule \let...
l.2394   \end{tabularx}
                       
./monthly.tex:2394: Misplaced \noalign.
\hline ->\noalign 
                  {\ifnum 0=`}\fi \let \hskip \vskip \let \vrule \hrule \let...
l.2394   \end{tabularx}
                       
./monthly.tex:2394: Misplaced \noalign.
\hline ->\noalign 
                  {\ifnum 0=`}\fi \let \hskip \vskip \let \vrule \hrule \let...
l.2394   \end{tabularx}
                       
./monthly.tex:2394: Misplaced \noalign.
\hline ->\noalign 
                  {\ifnum 0=`}\fi \let \hskip \vskip \let \vrule \hrule \let...
l.2394   \end{tabularx}
                       
./monthly.tex:2394: Misplaced \noalign.
\hline ->\noalign 
                  {\ifnum 0=`}\fi \let \hskip \vskip \let \vrule \hrule \let...
l.2394   \end{tabularx}
                       
./monthly.tex:2394: Misplaced \noalign.
\hline ->\noalign 
                  {\ifnum 0=`}\fi \let \hskip \vskip \let \vrule \hrule \let...
l.2394   \end{tabularx}
                       
./monthly.tex:2394: Misplaced \noalign.
\hline ->\noalign 
                  {\ifnum 0=`}\fi \let \hskip \vskip \let \vrule \hrule \let...
l.2394   \end{tabularx}
                       
./monthly.tex:2394: Misplaced \noalign.
\hline ->\noalign 
                  {\ifnum 0=`}\fi \let \hskip \vskip \let \vrule \hrule \let...
l.2394   \end{tabularx}
                       
./monthly.tex:2394: Misplaced \noalign.
\hline ->\noalign 
                  {\ifnum 0=`}\fi \let \hskip \vskip \let \vrule \hrule \let...
l.2394   \end{tabularx}
                       
./monthly.tex:2394: Misplaced \noalign.
\hline ->\noalign 
                  {\ifnum 0=`}\fi \let \hskip \vskip \let \vrule \hrule \let...
l.2394   \end{tabularx}
                       
./monthly.tex:2394: Misplaced \noalign.
\hline ->\noalign 
                  {\ifnum 0=`}\fi \let \hskip \vskip \let \vrule \hrule \let...
l.2394   \end{tabularx}
                       
./monthly.tex:2394: Misplaced \noalign.
\hline ->\noalign 
                  {\ifnum 0=`}\fi \let \hskip \vskip \let \vrule \hrule \let...
l.2394   \end{tabularx}
                       
./monthly.tex:2394: Misplaced \noalign.
\hline ->\noalign 
                  {\ifnum 0=`}\fi \let \hskip \vskip \let \vrule \hrule \let...
l.2394   \end{tabularx}
                       
./monthly.tex:2394: Misplaced \noalign.
\hline ->\noalign 
                  {\ifnum 0=`}\fi \let \hskip \vskip \let \vrule \hrule \let...
l.2394   \end{tabularx}
                       
./monthly.tex:2394: Misplaced \noalign.
\hline ->\noalign 
                  {\ifnum 0=`}\fi \let \hskip \vskip \let \vrule \hrule \let...
l.2394   \end{tabularx}
                       
./monthly.tex:2394: Misplaced \noalign.
\hline ->\noalign 
                  {\ifnum 0=`}\fi \let \hskip \vskip \let \vrule \hrule \let...
l.2394   \end{tabularx}
                       
./monthly.tex:2394: Misplaced \noalign.
\hline ->\noalign 
                  {\ifnum 0=`}\fi \let \hskip \vskip \let \vrule \hrule \let...
l.2394   \end{tabularx}
                       
./monthly.tex:2394: Misplaced \noalign.
\hline ->\noalign 
                  {\ifnum 0=`}\fi \let \hskip \vskip \let \vrule \hrule \let...
l.2394   \end{tabularx}
                       
./monthly.tex:2394: Misplaced \noalign.
\hline ->\noalign 
                  {\ifnum 0=`}\fi \let \hskip \vskip \let \vrule \hrule \let...
l.2394   \end{tabularx}
                       
./monthly.tex:2394: Misplaced \noalign.
\hline ->\noalign 
                  {\ifnum 0=`}\fi \let \hskip \vskip \let \vrule \hrule \let...
l.2394   \end{tabularx}
                       
./monthly.tex:2394: Misplaced \noalign.
\hline ->\noalign 
                  {\ifnum 0=`}\fi \let \hskip \vskip \let \vrule \hrule \let...
l.2394   \end{tabularx}
                       
./monthly.tex:2394: Misplaced \noalign.
\hline ->\noalign 
                  {\ifnum 0=`}\fi \let \hskip \vskip \let \vrule \hrule \let...
l.2394   \end{tabularx}
                       
./monthly.tex:2394: Misplaced \noalign.
\hline ->\noalign 
                  {\ifnum 0=`}\fi \let \hskip \vskip \let \vrule \hrule \let...
l.2394   \end{tabularx}
                       
./monthly.tex:2394: Misplaced \noalign.
\hline ->\noalign 
                  {\ifnum 0=`}\fi \let \hskip \vskip \let \vrule \hrule \let...
l.2394   \end{tabularx}
                       
./monthly.tex:2394: Misplaced \noalign.
\hline ->\noalign 
                  {\ifnum 0=`}\fi \let \hskip \vskip \let \vrule \hrule \let...
l.2394   \end{tabularx}
                       
./monthly.tex:2394: Misplaced \noalign.
\hline ->\noalign 
                  {\ifnum 0=`}\fi \let \hskip \vskip \let \vrule \hrule \let...
l.2394   \end{tabularx}
                       
./monthly.tex:2394: Misplaced \noalign.
\hline ->\noalign 
                  {\ifnum 0=`}\fi \let \hskip \vskip \let \vrule \hrule \let...
l.2394   \end{tabularx}
                       
./monthly.tex:2394: Misplaced \noalign.
\hline ->\noalign 
                  {\ifnum 0=`}\fi \let \hskip \vskip \let \vrule \hrule \let...
l.2394   \end{tabularx}
                       
./monthly.tex:2394: Misplaced \noalign.
\hline ->\noalign 
                  {\ifnum 0=`}\fi \let \hskip \vskip \let \vrule \hrule \let...
l.2394   \end{tabularx}
                       
./monthly.tex:2394: Misplaced \noalign.
\hline ->\noalign 
                  {\ifnum 0=`}\fi \let \hskip \vskip \let \vrule \hrule \let...
l.2394   \end{tabularx}
                       
./monthly.tex:2394: Misplaced \noalign.
\hline ->\noalign 
                  {\ifnum 0=`}\fi \let \hskip \vskip \let \vrule \hrule \let...
l.2394   \end{tabularx}
                       
./monthly.tex:2394: Misplaced \noalign.
\hline ->\noalign 
                  {\ifnum 0=`}\fi \let \hskip \vskip \let \vrule \hrule \let...
l.2394   \end{tabularx}
                       
./monthly.tex:2394: Misplaced \noalign.
\hline ->\noalign 
                  {\ifnum 0=`}\fi \let \hskip \vskip \let \vrule \hrule \let...
l.2394   \end{tabularx}
                       
./monthly.tex:2394: Misplaced \noalign.
\hline ->\noalign 
                  {\ifnum 0=`}\fi \let \hskip \vskip \let \vrule \hrule \let...
l.2394   \end{tabularx}
                       
./monthly.tex:2394: Misplaced \noalign.
\hline ->\noalign 
                  {\ifnum 0=`}\fi \let \hskip \vskip \let \vrule \hrule \let...
l.2394   \end{tabularx}
                       
./monthly.tex:2394: Misplaced \noalign.
\hline ->\noalign 
                  {\ifnum 0=`}\fi \let \hskip \vskip \let \vrule \hrule \let...
l.2394   \end{tabularx}
                       
./monthly.tex:2394: Misplaced \noalign.
\hline ->\noalign 
                  {\ifnum 0=`}\fi \let \hskip \vskip \let \vrule \hrule \let...
l.2394   \end{tabularx}
                       
./monthly.tex:2394: Misplaced \noalign.
\hline ->\noalign 
                  {\ifnum 0=`}\fi \let \hskip \vskip \let \vrule \hrule \let...
l.2394   \end{tabularx}
                       
./monthly.tex:2394: Misplaced \noalign.
\hline ->\noalign 
                  {\ifnum 0=`}\fi \let \hskip \vskip \let \vrule \hrule \let...
l.2394   \end{tabularx}
                       
./monthly.tex:2394: Misplaced \noalign.
\hline ->\noalign 
                  {\ifnum 0=`}\fi \let \hskip \vskip \let \vrule \hrule \let...
l.2394   \end{tabularx}
                       
./monthly.tex:2394: Misplaced \noalign.
\hline ->\noalign 
                  {\ifnum 0=`}\fi \let \hskip \vskip \let \vrule \hrule \let...
l.2394   \end{tabularx}
                       
./monthly.tex:2394: Misplaced \noalign.
\hline ->\noalign 
                  {\ifnum 0=`}\fi \let \hskip \vskip \let \vrule \hrule \let...
l.2394   \end{tabularx}
                       
./monthly.tex:2394: Misplaced \noalign.
\hline ->\noalign 
                  {\ifnum 0=`}\fi \let \hskip \vskip \let \vrule \hrule \let...
l.2394   \end{tabularx}
                       
./monthly.tex:2394: Misplaced \noalign.
\hline ->\noalign 
                  {\ifnum 0=`}\fi \let \hskip \vskip \let \vrule \hrule \let...
l.2394   \end{tabularx}
                       
./monthly.tex:2394: Misplaced \noalign.
\hline ->\noalign 
                  {\ifnum 0=`}\fi \let \hskip \vskip \let \vrule \hrule \let...
l.2394   \end{tabularx}
                       
./monthly.tex:2394: Misplaced \noalign.
\hline ->\noalign 
                  {\ifnum 0=`}\fi \let \hskip \vskip \let \vrule \hrule \let...
l.2394   \end{tabularx}
                       
./monthly.tex:2394: Misplaced \noalign.
\hline ->\noalign 
                  {\ifnum 0=`}\fi \let \hskip \vskip \let \vrule \hrule \let...
l.2394   \end{tabularx}
                       
./monthly.tex:2394: Misplaced \noalign.
\hline ->\noalign 
                  {\ifnum 0=`}\fi \let \hskip \vskip \let \vrule \hrule \let...
l.2394   \end{tabularx}
                       
./monthly.tex:2394: Misplaced \noalign.
\hline ->\noalign 
                  {\ifnum 0=`}\fi \let \hskip \vskip \let \vrule \hrule \let...
l.2394   \end{tabularx}
                       
./monthly.tex:2394: Misplaced \noalign.
\hline ->\noalign 
                  {\ifnum 0=`}\fi \let \hskip \vskip \let \vrule \hrule \let...
l.2394   \end{tabularx}
                       
./monthly.tex:2394: Misplaced \noalign.
\hline ->\noalign 
                  {\ifnum 0=`}\fi \let \hskip \vskip \let \vrule \hrule \let...
l.2394   \end{tabularx}
                       
./monthly.tex:2394: Misplaced \noalign.
\hline ->\noalign 
                  {\ifnum 0=`}\fi \let \hskip \vskip \let \vrule \hrule \let...
l.2394   \end{tabularx}
                       
./monthly.tex:2394: Misplaced \noalign.
\hline ->\noalign 
                  {\ifnum 0=`}\fi \let \hskip \vskip \let \vrule \hrule \let...
l.2394   \end{tabularx}
                       
./monthly.tex:2394: Misplaced \noalign.
\hline ->\noalign 
                  {\ifnum 0=`}\fi \let \hskip \vskip \let \vrule \hrule \let...
l.2394   \end{tabularx}
                       
./monthly.tex:2394: Misplaced \noalign.
\hline ->\noalign 
                  {\ifnum 0=`}\fi \let \hskip \vskip \let \vrule \hrule \let...
l.2394   \end{tabularx}
                       
./monthly.tex:2394: Misplaced \noalign.
\hline ->\noalign 
                  {\ifnum 0=`}\fi \let \hskip \vskip \let \vrule \hrule \let...
l.2394   \end{tabularx}
                       

Overfull \hbox (227.52032pt too wide) in paragraph at lines 2394--2394
[]|[][][] 
./monthly.tex:2394: Misplaced \noalign.
\hline ->\noalign 
                  {\ifnum 0=`}\fi \let \hskip \vskip \let \vrule \hrule \let...
l.2394   \end{tabularx}
                       
./monthly.tex:2394: Misplaced \noalign.
\hline ->\noalign 
                  {\ifnum 0=`}\fi \let \hskip \vskip \let \vrule \hrule \let...
l.2394   \end{tabularx}
                       
./monthly.tex:2394: Misplaced \noalign.
\hline ->\noalign 
                  {\ifnum 0=`}\fi \let \hskip \vskip \let \vrule \hrule \let...
l.2394   \end{tabularx}
                       
./monthly.tex:2394: Misplaced \noalign.
\hline ->\noalign 
                  {\ifnum 0=`}\fi \let \hskip \vskip \let \vrule \hrule \let...
l.2394   \end{tabularx}
                       
./monthly.tex:2394: Misplaced \noalign.
\hline ->\noalign 
                  {\ifnum 0=`}\fi \let \hskip \vskip \let \vrule \hrule \let...
l.2394   \end{tabularx}
                       
./monthly.tex:2394: Misplaced \noalign.
\hline ->\noalign 
                  {\ifnum 0=`}\fi \let \hskip \vskip \let \vrule \hrule \let...
l.2394   \end{tabularx}
                       
./monthly.tex:2394: Misplaced \noalign.
\hline ->\noalign 
                  {\ifnum 0=`}\fi \let \hskip \vskip \let \vrule \hrule \let...
l.2394   \end{tabularx}
                       
./monthly.tex:2394: Misplaced \noalign.
\hline ->\noalign 
                  {\ifnum 0=`}\fi \let \hskip \vskip \let \vrule \hrule \let...
l.2394   \end{tabularx}
                       
./monthly.tex:2394: Misplaced \noalign.
\hline ->\noalign 
                  {\ifnum 0=`}\fi \let \hskip \vskip \let \vrule \hrule \let...
l.2394   \end{tabularx}
                       
./monthly.tex:2394: Misplaced \noalign.
\hline ->\noalign 
                  {\ifnum 0=`}\fi \let \hskip \vskip \let \vrule \hrule \let...
l.2394   \end{tabularx}
                       
./monthly.tex:2394: Misplaced \noalign.
\hline ->\noalign 
                  {\ifnum 0=`}\fi \let \hskip \vskip \let \vrule \hrule \let...
l.2394   \end{tabularx}
                       
./monthly.tex:2394: Misplaced \noalign.
\hline ->\noalign 
                  {\ifnum 0=`}\fi \let \hskip \vskip \let \vrule \hrule \let...
l.2394   \end{tabularx}
                       
./monthly.tex:2394: Misplaced \noalign.
\hline ->\noalign 
                  {\ifnum 0=`}\fi \let \hskip \vskip \let \vrule \hrule \let...
l.2394   \end{tabularx}
                       
./monthly.tex:2394: Misplaced \noalign.
\hline ->\noalign 
                  {\ifnum 0=`}\fi \let \hskip \vskip \let \vrule \hrule \let...
l.2394   \end{tabularx}
                       
./monthly.tex:2394: Misplaced \noalign.
\hline ->\noalign 
                  {\ifnum 0=`}\fi \let \hskip \vskip \let \vrule \hrule \let...
l.2394   \end{tabularx}
                       

Overfull \hbox (170.64024pt too wide) in paragraph at lines 2394--2394
[]|[][][] 
./monthly.tex:2394: Misplaced \noalign.
\hline ->\noalign 
                  {\ifnum 0=`}\fi \let \hskip \vskip \let \vrule \hrule \let...
l.2394   \end{tabularx}
                       
./monthly.tex:2394: Misplaced \noalign.
\hline ->\noalign 
                  {\ifnum 0=`}\fi \let \hskip \vskip \let \vrule \hrule \let...
l.2394   \end{tabularx}
                       
./monthly.tex:2394: Misplaced \noalign.
\hline ->\noalign 
                  {\ifnum 0=`}\fi \let \hskip \vskip \let \vrule \hrule \let...
l.2394   \end{tabularx}
                       
./monthly.tex:2394: Misplaced \noalign.
\hline ->\noalign 
                  {\ifnum 0=`}\fi \let \hskip \vskip \let \vrule \hrule \let...
l.2394   \end{tabularx}
                       
./monthly.tex:2394: Misplaced \noalign.
\hline ->\noalign 
                  {\ifnum 0=`}\fi \let \hskip \vskip \let \vrule \hrule \let...
l.2394   \end{tabularx}
                       

Overfull \hbox (284.4004pt too wide) in paragraph at lines 2394--2394
[]|[][][] 
./monthly.tex:2394: Misplaced \noalign.
\hline ->\noalign 
                  {\ifnum 0=`}\fi \let \hskip \vskip \let \vrule \hrule \let...
l.2394   \end{tabularx}
                       
./monthly.tex:2394: Misplaced \noalign.
\hline ->\noalign 
                  {\ifnum 0=`}\fi \let \hskip \vskip \let \vrule \hrule \let...
l.2394   \end{tabularx}
                       
./monthly.tex:2394: Misplaced \noalign.
\hline ->\noalign 
                  {\ifnum 0=`}\fi \let \hskip \vskip \let \vrule \hrule \let...
l.2394   \end{tabularx}
                       
./monthly.tex:2394: Misplaced \noalign.
\hline ->\noalign 
                  {\ifnum 0=`}\fi \let \hskip \vskip \let \vrule \hrule \let...
l.2394   \end{tabularx}
                       
./monthly.tex:2394: Misplaced \noalign.
\hline ->\noalign 
                  {\ifnum 0=`}\fi \let \hskip \vskip \let \vrule \hrule \let...
l.2394   \end{tabularx}
                       
./monthly.tex:2394: Misplaced \noalign.
\hline ->\noalign 
                  {\ifnum 0=`}\fi \let \hskip \vskip \let \vrule \hrule \let...
l.2394   \end{tabularx}
                       
./monthly.tex:2394: Misplaced \noalign.
\hline ->\noalign 
                  {\ifnum 0=`}\fi \let \hskip \vskip \let \vrule \hrule \let...
l.2394   \end{tabularx}
                       
./monthly.tex:2394: Misplaced \noalign.
\hline ->\noalign 
                  {\ifnum 0=`}\fi \let \hskip \vskip \let \vrule \hrule \let...
l.2394   \end{tabularx}
                       
./monthly.tex:2394: Misplaced \noalign.
\hline ->\noalign 
                  {\ifnum 0=`}\fi \let \hskip \vskip \let \vrule \hrule \let...
l.2394   \end{tabularx}
                       

Underfull \hbox (badness 10000) in paragraph at lines 2394--2397

[9]
./monthly.tex:2658: Misplaced \noalign.
\hline ->\noalign 
                  {\ifnum 0=`}\fi \let \hskip \vskip \let \vrule \hrule \let...
l.2658   \end{tabularx}
                       
./monthly.tex:2658: Misplaced \noalign.
\hline ->\noalign 
                  {\ifnum 0=`}\fi \let \hskip \vskip \let \vrule \hrule \let...
l.2658   \end{tabularx}
                       
./monthly.tex:2658: Misplaced \noalign.
\hline ->\noalign 
                  {\ifnum 0=`}\fi \let \hskip \vskip \let \vrule \hrule \let...
l.2658   \end{tabularx}
                       
./monthly.tex:2658: Misplaced \noalign.
\hline ->\noalign 
                  {\ifnum 0=`}\fi \let \hskip \vskip \let \vrule \hrule \let...
l.2658   \end{tabularx}
                       
./monthly.tex:2658: Misplaced \noalign.
\hline ->\noalign 
                  {\ifnum 0=`}\fi \let \hskip \vskip \let \vrule \hrule \let...
l.2658   \end{tabularx}
                       
./monthly.tex:2658: Misplaced \noalign.
\hline ->\noalign 
                  {\ifnum 0=`}\fi \let \hskip \vskip \let \vrule \hrule \let...
l.2658   \end{tabularx}
                       
./monthly.tex:2658: Misplaced \noalign.
\hline ->\noalign 
                  {\ifnum 0=`}\fi \let \hskip \vskip \let \vrule \hrule \let...
l.2658   \end{tabularx}
                       
./monthly.tex:2658: Misplaced \noalign.
\hline ->\noalign 
                  {\ifnum 0=`}\fi \let \hskip \vskip \let \vrule \hrule \let...
l.2658   \end{tabularx}
                       
./monthly.tex:2658: Misplaced \noalign.
\hline ->\noalign 
                  {\ifnum 0=`}\fi \let \hskip \vskip \let \vrule \hrule \let...
l.2658   \end{tabularx}
                       
./monthly.tex:2658: Misplaced \noalign.
\hline ->\noalign 
                  {\ifnum 0=`}\fi \let \hskip \vskip \let \vrule \hrule \let...
l.2658   \end{tabularx}
                       
./monthly.tex:2658: Misplaced \noalign.
\hline ->\noalign 
                  {\ifnum 0=`}\fi \let \hskip \vskip \let \vrule \hrule \let...
l.2658   \end{tabularx}
                       
./monthly.tex:2658: Misplaced \noalign.
\hline ->\noalign 
                  {\ifnum 0=`}\fi \let \hskip \vskip \let \vrule \hrule \let...
l.2658   \end{tabularx}
                       
./monthly.tex:2658: Misplaced \noalign.
\hline ->\noalign 
                  {\ifnum 0=`}\fi \let \hskip \vskip \let \vrule \hrule \let...
l.2658   \end{tabularx}
                       
./monthly.tex:2658: Misplaced \noalign.
\hline ->\noalign 
                  {\ifnum 0=`}\fi \let \hskip \vskip \let \vrule \hrule \let...
l.2658   \end{tabularx}
                       
./monthly.tex:2658: Misplaced \noalign.
\hline ->\noalign 
                  {\ifnum 0=`}\fi \let \hskip \vskip \let \vrule \hrule \let...
l.2658   \end{tabularx}
                       
./monthly.tex:2658: Misplaced \noalign.
\hline ->\noalign 
                  {\ifnum 0=`}\fi \let \hskip \vskip \let \vrule \hrule \let...
l.2658   \end{tabularx}
                       
./monthly.tex:2658: Misplaced \noalign.
\hline ->\noalign 
                  {\ifnum 0=`}\fi \let \hskip \vskip \let \vrule \hrule \let...
l.2658   \end{tabularx}
                       
./monthly.tex:2658: Misplaced \noalign.
\hline ->\noalign 
                  {\ifnum 0=`}\fi \let \hskip \vskip \let \vrule \hrule \let...
l.2658   \end{tabularx}
                       
./monthly.tex:2658: Misplaced \noalign.
\hline ->\noalign 
                  {\ifnum 0=`}\fi \let \hskip \vskip \let \vrule \hrule \let...
l.2658   \end{tabularx}
                       
./monthly.tex:2658: Misplaced \noalign.
\hline ->\noalign 
                  {\ifnum 0=`}\fi \let \hskip \vskip \let \vrule \hrule \let...
l.2658   \end{tabularx}
                       
./monthly.tex:2658: Misplaced \noalign.
\hline ->\noalign 
                  {\ifnum 0=`}\fi \let \hskip \vskip \let \vrule \hrule \let...
l.2658   \end{tabularx}
                       
./monthly.tex:2658: Misplaced \noalign.
\hline ->\noalign 
                  {\ifnum 0=`}\fi \let \hskip \vskip \let \vrule \hrule \let...
l.2658   \end{tabularx}
                       
./monthly.tex:2658: Misplaced \noalign.
\hline ->\noalign 
                  {\ifnum 0=`}\fi \let \hskip \vskip \let \vrule \hrule \let...
l.2658   \end{tabularx}
                       
./monthly.tex:2658: Misplaced \noalign.
\hline ->\noalign 
                  {\ifnum 0=`}\fi \let \hskip \vskip \let \vrule \hrule \let...
l.2658   \end{tabularx}
                       
./monthly.tex:2658: Misplaced \noalign.
\hline ->\noalign 
                  {\ifnum 0=`}\fi \let \hskip \vskip \let \vrule \hrule \let...
l.2658   \end{tabularx}
                       
./monthly.tex:2658: Misplaced \noalign.
\hline ->\noalign 
                  {\ifnum 0=`}\fi \let \hskip \vskip \let \vrule \hrule \let...
l.2658   \end{tabularx}
                       
./monthly.tex:2658: Misplaced \noalign.
\hline ->\noalign 
                  {\ifnum 0=`}\fi \let \hskip \vskip \let \vrule \hrule \let...
l.2658   \end{tabularx}
                       
./monthly.tex:2658: Misplaced \noalign.
\hline ->\noalign 
                  {\ifnum 0=`}\fi \let \hskip \vskip \let \vrule \hrule \let...
l.2658   \end{tabularx}
                       
./monthly.tex:2658: Misplaced \noalign.
\hline ->\noalign 
                  {\ifnum 0=`}\fi \let \hskip \vskip \let \vrule \hrule \let...
l.2658   \end{tabularx}
                       
./monthly.tex:2658: Misplaced \noalign.
\hline ->\noalign 
                  {\ifnum 0=`}\fi \let \hskip \vskip \let \vrule \hrule \let...
l.2658   \end{tabularx}
                       
./monthly.tex:2658: Misplaced \noalign.
\hline ->\noalign 
                  {\ifnum 0=`}\fi \let \hskip \vskip \let \vrule \hrule \let...
l.2658   \end{tabularx}
                       
./monthly.tex:2658: Misplaced \noalign.
\hline ->\noalign 
                  {\ifnum 0=`}\fi \let \hskip \vskip \let \vrule \hrule \let...
l.2658   \end{tabularx}
                       
./monthly.tex:2658: Misplaced \noalign.
\hline ->\noalign 
                  {\ifnum 0=`}\fi \let \hskip \vskip \let \vrule \hrule \let...
l.2658   \end{tabularx}
                       
./monthly.tex:2658: Misplaced \noalign.
\hline ->\noalign 
                  {\ifnum 0=`}\fi \let \hskip \vskip \let \vrule \hrule \let...
l.2658   \end{tabularx}
                       
./monthly.tex:2658: Misplaced \noalign.
\hline ->\noalign 
                  {\ifnum 0=`}\fi \let \hskip \vskip \let \vrule \hrule \let...
l.2658   \end{tabularx}
                       
./monthly.tex:2658: Misplaced \noalign.
\hline ->\noalign 
                  {\ifnum 0=`}\fi \let \hskip \vskip \let \vrule \hrule \let...
l.2658   \end{tabularx}
                       
./monthly.tex:2658: Misplaced \noalign.
\hline ->\noalign 
                  {\ifnum 0=`}\fi \let \hskip \vskip \let \vrule \hrule \let...
l.2658   \end{tabularx}
                       
./monthly.tex:2658: Misplaced \noalign.
\hline ->\noalign 
                  {\ifnum 0=`}\fi \let \hskip \vskip \let \vrule \hrule \let...
l.2658   \end{tabularx}
                       
./monthly.tex:2658: Misplaced \noalign.
\hline ->\noalign 
                  {\ifnum 0=`}\fi \let \hskip \vskip \let \vrule \hrule \let...
l.2658   \end{tabularx}
                       
./monthly.tex:2658: Misplaced \noalign.
\hline ->\noalign 
                  {\ifnum 0=`}\fi \let \hskip \vskip \let \vrule \hrule \let...
l.2658   \end{tabularx}
                       
./monthly.tex:2658: Misplaced \noalign.
\hline ->\noalign 
                  {\ifnum 0=`}\fi \let \hskip \vskip \let \vrule \hrule \let...
l.2658   \end{tabularx}
                       
./monthly.tex:2658: Misplaced \noalign.
\hline ->\noalign 
                  {\ifnum 0=`}\fi \let \hskip \vskip \let \vrule \hrule \let...
l.2658   \end{tabularx}
                       
./monthly.tex:2658: Misplaced \noalign.
\hline ->\noalign 
                  {\ifnum 0=`}\fi \let \hskip \vskip \let \vrule \hrule \let...
l.2658   \end{tabularx}
                       
./monthly.tex:2658: Misplaced \noalign.
\hline ->\noalign 
                  {\ifnum 0=`}\fi \let \hskip \vskip \let \vrule \hrule \let...
l.2658   \end{tabularx}
                       
./monthly.tex:2658: Misplaced \noalign.
\hline ->\noalign 
                  {\ifnum 0=`}\fi \let \hskip \vskip \let \vrule \hrule \let...
l.2658   \end{tabularx}
                       
./monthly.tex:2658: Misplaced \noalign.
\hline ->\noalign 
                  {\ifnum 0=`}\fi \let \hskip \vskip \let \vrule \hrule \let...
l.2658   \end{tabularx}
                       
./monthly.tex:2658: Misplaced \noalign.
\hline ->\noalign 
                  {\ifnum 0=`}\fi \let \hskip \vskip \let \vrule \hrule \let...
l.2658   \end{tabularx}
                       
./monthly.tex:2658: Misplaced \noalign.
\hline ->\noalign 
                  {\ifnum 0=`}\fi \let \hskip \vskip \let \vrule \hrule \let...
l.2658   \end{tabularx}
                       
./monthly.tex:2658: Misplaced \noalign.
\hline ->\noalign 
                  {\ifnum 0=`}\fi \let \hskip \vskip \let \vrule \hrule \let...
l.2658   \end{tabularx}
                       
./monthly.tex:2658: Misplaced \noalign.
\hline ->\noalign 
                  {\ifnum 0=`}\fi \let \hskip \vskip \let \vrule \hrule \let...
l.2658   \end{tabularx}
                       
./monthly.tex:2658: Misplaced \noalign.
\hline ->\noalign 
                  {\ifnum 0=`}\fi \let \hskip \vskip \let \vrule \hrule \let...
l.2658   \end{tabularx}
                       
./monthly.tex:2658: Misplaced \noalign.
\hline ->\noalign 
                  {\ifnum 0=`}\fi \let \hskip \vskip \let \vrule \hrule \let...
l.2658   \end{tabularx}
                       
./monthly.tex:2658: Misplaced \noalign.
\hline ->\noalign 
                  {\ifnum 0=`}\fi \let \hskip \vskip \let \vrule \hrule \let...
l.2658   \end{tabularx}
                       
./monthly.tex:2658: Misplaced \noalign.
\hline ->\noalign 
                  {\ifnum 0=`}\fi \let \hskip \vskip \let \vrule \hrule \let...
l.2658   \end{tabularx}
                       
./monthly.tex:2658: Misplaced \noalign.
\hline ->\noalign 
                  {\ifnum 0=`}\fi \let \hskip \vskip \let \vrule \hrule \let...
l.2658   \end{tabularx}
                       
./monthly.tex:2658: Misplaced \noalign.
\hline ->\noalign 
                  {\ifnum 0=`}\fi \let \hskip \vskip \let \vrule \hrule \let...
l.2658   \end{tabularx}
                       
./monthly.tex:2658: Misplaced \noalign.
\hline ->\noalign 
                  {\ifnum 0=`}\fi \let \hskip \vskip \let \vrule \hrule \let...
l.2658   \end{tabularx}
                       
./monthly.tex:2658: Misplaced \noalign.
\hline ->\noalign 
                  {\ifnum 0=`}\fi \let \hskip \vskip \let \vrule \hrule \let...
l.2658   \end{tabularx}
                       
./monthly.tex:2658: Misplaced \noalign.
\hline ->\noalign 
                  {\ifnum 0=`}\fi \let \hskip \vskip \let \vrule \hrule \let...
l.2658   \end{tabularx}
                       
./monthly.tex:2658: Misplaced \noalign.
\hline ->\noalign 
                  {\ifnum 0=`}\fi \let \hskip \vskip \let \vrule \hrule \let...
l.2658   \end{tabularx}
                       
./monthly.tex:2658: Misplaced \noalign.
\hline ->\noalign 
                  {\ifnum 0=`}\fi \let \hskip \vskip \let \vrule \hrule \let...
l.2658   \end{tabularx}
                       
./monthly.tex:2658: Misplaced \noalign.
\hline ->\noalign 
                  {\ifnum 0=`}\fi \let \hskip \vskip \let \vrule \hrule \let...
l.2658   \end{tabularx}
                       
./monthly.tex:2658: Misplaced \noalign.
\hline ->\noalign 
                  {\ifnum 0=`}\fi \let \hskip \vskip \let \vrule \hrule \let...
l.2658   \end{tabularx}
                       

Overfull \hbox (113.76016pt too wide) in paragraph at lines 2658--2658
[]|[][][] 
./monthly.tex:2658: Misplaced \noalign.
\hline ->\noalign 
                  {\ifnum 0=`}\fi \let \hskip \vskip \let \vrule \hrule \let...
l.2658   \end{tabularx}
                       
./monthly.tex:2658: Misplaced \noalign.
\hline ->\noalign 
                  {\ifnum 0=`}\fi \let \hskip \vskip \let \vrule \hrule \let...
l.2658   \end{tabularx}
                       
./monthly.tex:2658: Misplaced \noalign.
\hline ->\noalign 
                  {\ifnum 0=`}\fi \let \hskip \vskip \let \vrule \hrule \let...
l.2658   \end{tabularx}
                       
./monthly.tex:2658: Misplaced \noalign.
\hline ->\noalign 
                  {\ifnum 0=`}\fi \let \hskip \vskip \let \vrule \hrule \let...
l.2658   \end{tabularx}
                       
./monthly.tex:2658: Misplaced \noalign.
\hline ->\noalign 
                  {\ifnum 0=`}\fi \let \hskip \vskip \let \vrule \hrule \let...
l.2658   \end{tabularx}
                       
./monthly.tex:2658: Misplaced \noalign.
\hline ->\noalign 
                  {\ifnum 0=`}\fi \let \hskip \vskip \let \vrule \hrule \let...
l.2658   \end{tabularx}
                       
./monthly.tex:2658: Misplaced \noalign.
\hline ->\noalign 
                  {\ifnum 0=`}\fi \let \hskip \vskip \let \vrule \hrule \let...
l.2658   \end{tabularx}
                       
./monthly.tex:2658: Misplaced \noalign.
\hline ->\noalign 
                  {\ifnum 0=`}\fi \let \hskip \vskip \let \vrule \hrule \let...
l.2658   \end{tabularx}
                       
./monthly.tex:2658: Misplaced \noalign.
\hline ->\noalign 
                  {\ifnum 0=`}\fi \let \hskip \vskip \let \vrule \hrule \let...
l.2658   \end{tabularx}
                       
./monthly.tex:2658: Misplaced \noalign.
\hline ->\noalign 
                  {\ifnum 0=`}\fi \let \hskip \vskip \let \vrule \hrule \let...
l.2658   \end{tabularx}
                       
./monthly.tex:2658: Misplaced \noalign.
\hline ->\noalign 
                  {\ifnum 0=`}\fi \let \hskip \vskip \let \vrule \hrule \let...
l.2658   \end{tabularx}
                       
./monthly.tex:2658: Misplaced \noalign.
\hline ->\noalign 
                  {\ifnum 0=`}\fi \let \hskip \vskip \let \vrule \hrule \let...
l.2658   \end{tabularx}
                       
./monthly.tex:2658: Misplaced \noalign.
\hline ->\noalign 
                  {\ifnum 0=`}\fi \let \hskip \vskip \let \vrule \hrule \let...
l.2658   \end{tabularx}
                       
./monthly.tex:2658: Misplaced \noalign.
\hline ->\noalign 
                  {\ifnum 0=`}\fi \let \hskip \vskip \let \vrule \hrule \let...
l.2658   \end{tabularx}
                       
./monthly.tex:2658: Misplaced \noalign.
\hline ->\noalign 
                  {\ifnum 0=`}\fi \let \hskip \vskip \let \vrule \hrule \let...
l.2658   \end{tabularx}
                       
./monthly.tex:2658: Misplaced \noalign.
\hline ->\noalign 
                  {\ifnum 0=`}\fi \let \hskip \vskip \let \vrule \hrule \let...
l.2658   \end{tabularx}
                       
./monthly.tex:2658: Misplaced \noalign.
\hline ->\noalign 
                  {\ifnum 0=`}\fi \let \hskip \vskip \let \vrule \hrule \let...
l.2658   \end{tabularx}
                       

Overfull \hbox (341.28049pt too wide) in paragraph at lines 2658--2658
[]|[][][] 
./monthly.tex:2658: Misplaced \noalign.
\hline ->\noalign 
                  {\ifnum 0=`}\fi \let \hskip \vskip \let \vrule \hrule \let...
l.2658   \end{tabularx}
                       
./monthly.tex:2658: Misplaced \noalign.
\hline ->\noalign 
                  {\ifnum 0=`}\fi \let \hskip \vskip \let \vrule \hrule \let...
l.2658   \end{tabularx}
                       
./monthly.tex:2658: Misplaced \noalign.
\hline ->\noalign 
                  {\ifnum 0=`}\fi \let \hskip \vskip \let \vrule \hrule \let...
l.2658   \end{tabularx}
                       
./monthly.tex:2658: Misplaced \noalign.
\hline ->\noalign 
                  {\ifnum 0=`}\fi \let \hskip \vskip \let \vrule \hrule \let...
l.2658   \end{tabularx}
                       
./monthly.tex:2658: Misplaced \noalign.
\hline ->\noalign 
                  {\ifnum 0=`}\fi \let \hskip \vskip \let \vrule \hrule \let...
l.2658   \end{tabularx}
                       

Overfull \hbox (56.88008pt too wide) in paragraph at lines 2658--2658
[]|[][][] 
./monthly.tex:2658: Misplaced \noalign.
\hline ->\noalign 
                  {\ifnum 0=`}\fi \let \hskip \vskip \let \vrule \hrule \let...
l.2658   \end{tabularx}
                       
./monthly.tex:2658: Misplaced \noalign.
\hline ->\noalign 
                  {\ifnum 0=`}\fi \let \hskip \vskip \let \vrule \hrule \let...
l.2658   \end{tabularx}
                       
./monthly.tex:2658: Misplaced \noalign.
\hline ->\noalign 
                  {\ifnum 0=`}\fi \let \hskip \vskip \let \vrule \hrule \let...
l.2658   \end{tabularx}
                       
./monthly.tex:2658: Misplaced \noalign.
\hline ->\noalign 
                  {\ifnum 0=`}\fi \let \hskip \vskip \let \vrule \hrule \let...
l.2658   \end{tabularx}
                       
./monthly.tex:2658: Misplaced \noalign.
\hline ->\noalign 
                  {\ifnum 0=`}\fi \let \hskip \vskip \let \vrule \hrule \let...
l.2658   \end{tabularx}
                       

Overfull \hbox (170.64024pt too wide) in paragraph at lines 2658--2658
[]|[][][] 
./monthly.tex:2658: Misplaced \noalign.
\hline ->\noalign 
                  {\ifnum 0=`}\fi \let \hskip \vskip \let \vrule \hrule \let...
l.2658   \end{tabularx}
                       
./monthly.tex:2658: Misplaced \noalign.
\hline ->\noalign 
                  {\ifnum 0=`}\fi \let \hskip \vskip \let \vrule \hrule \let...
l.2658   \end{tabularx}
                       
./monthly.tex:2658: Misplaced \noalign.
\hline ->\noalign 
                  {\ifnum 0=`}\fi \let \hskip \vskip \let \vrule \hrule \let...
l.2658   \end{tabularx}
                       

Underfull \hbox (badness 10000) in paragraph at lines 2658--2661

[10]
./monthly.tex:2920: Misplaced \noalign.
\hline ->\noalign 
                  {\ifnum 0=`}\fi \let \hskip \vskip \let \vrule \hrule \let...
l.2920   \end{tabularx}
                       
./monthly.tex:2920: Misplaced \noalign.
\hline ->\noalign 
                  {\ifnum 0=`}\fi \let \hskip \vskip \let \vrule \hrule \let...
l.2920   \end{tabularx}
                       
./monthly.tex:2920: Misplaced \noalign.
\hline ->\noalign 
                  {\ifnum 0=`}\fi \let \hskip \vskip \let \vrule \hrule \let...
l.2920   \end{tabularx}
                       
./monthly.tex:2920: Misplaced \noalign.
\hline ->\noalign 
                  {\ifnum 0=`}\fi \let \hskip \vskip \let \vrule \hrule \let...
l.2920   \end{tabularx}
                       
./monthly.tex:2920: Misplaced \noalign.
\hline ->\noalign 
                  {\ifnum 0=`}\fi \let \hskip \vskip \let \vrule \hrule \let...
l.2920   \end{tabularx}
                       
./monthly.tex:2920: Misplaced \noalign.
\hline ->\noalign 
                  {\ifnum 0=`}\fi \let \hskip \vskip \let \vrule \hrule \let...
l.2920   \end{tabularx}
                       
./monthly.tex:2920: Misplaced \noalign.
\hline ->\noalign 
                  {\ifnum 0=`}\fi \let \hskip \vskip \let \vrule \hrule \let...
l.2920   \end{tabularx}
                       
./monthly.tex:2920: Misplaced \noalign.
\hline ->\noalign 
                  {\ifnum 0=`}\fi \let \hskip \vskip \let \vrule \hrule \let...
l.2920   \end{tabularx}
                       
./monthly.tex:2920: Misplaced \noalign.
\hline ->\noalign 
                  {\ifnum 0=`}\fi \let \hskip \vskip \let \vrule \hrule \let...
l.2920   \end{tabularx}
                       
./monthly.tex:2920: Misplaced \noalign.
\hline ->\noalign 
                  {\ifnum 0=`}\fi \let \hskip \vskip \let \vrule \hrule \let...
l.2920   \end{tabularx}
                       
./monthly.tex:2920: Misplaced \noalign.
\hline ->\noalign 
                  {\ifnum 0=`}\fi \let \hskip \vskip \let \vrule \hrule \let...
l.2920   \end{tabularx}
                       
./monthly.tex:2920: Misplaced \noalign.
\hline ->\noalign 
                  {\ifnum 0=`}\fi \let \hskip \vskip \let \vrule \hrule \let...
l.2920   \end{tabularx}
                       
./monthly.tex:2920: Misplaced \noalign.
\hline ->\noalign 
                  {\ifnum 0=`}\fi \let \hskip \vskip \let \vrule \hrule \let...
l.2920   \end{tabularx}
                       
./monthly.tex:2920: Misplaced \noalign.
\hline ->\noalign 
                  {\ifnum 0=`}\fi \let \hskip \vskip \let \vrule \hrule \let...
l.2920   \end{tabularx}
                       
./monthly.tex:2920: Misplaced \noalign.
\hline ->\noalign 
                  {\ifnum 0=`}\fi \let \hskip \vskip \let \vrule \hrule \let...
l.2920   \end{tabularx}
                       
./monthly.tex:2920: Misplaced \noalign.
\hline ->\noalign 
                  {\ifnum 0=`}\fi \let \hskip \vskip \let \vrule \hrule \let...
l.2920   \end{tabularx}
                       
./monthly.tex:2920: Misplaced \noalign.
\hline ->\noalign 
                  {\ifnum 0=`}\fi \let \hskip \vskip \let \vrule \hrule \let...
l.2920   \end{tabularx}
                       
./monthly.tex:2920: Misplaced \noalign.
\hline ->\noalign 
                  {\ifnum 0=`}\fi \let \hskip \vskip \let \vrule \hrule \let...
l.2920   \end{tabularx}
                       
./monthly.tex:2920: Misplaced \noalign.
\hline ->\noalign 
                  {\ifnum 0=`}\fi \let \hskip \vskip \let \vrule \hrule \let...
l.2920   \end{tabularx}
                       
./monthly.tex:2920: Misplaced \noalign.
\hline ->\noalign 
                  {\ifnum 0=`}\fi \let \hskip \vskip \let \vrule \hrule \let...
l.2920   \end{tabularx}
                       
./monthly.tex:2920: Misplaced \noalign.
\hline ->\noalign 
                  {\ifnum 0=`}\fi \let \hskip \vskip \let \vrule \hrule \let...
l.2920   \end{tabularx}
                       
./monthly.tex:2920: Misplaced \noalign.
\hline ->\noalign 
                  {\ifnum 0=`}\fi \let \hskip \vskip \let \vrule \hrule \let...
l.2920   \end{tabularx}
                       
./monthly.tex:2920: Misplaced \noalign.
\hline ->\noalign 
                  {\ifnum 0=`}\fi \let \hskip \vskip \let \vrule \hrule \let...
l.2920   \end{tabularx}
                       
./monthly.tex:2920: Misplaced \noalign.
\hline ->\noalign 
                  {\ifnum 0=`}\fi \let \hskip \vskip \let \vrule \hrule \let...
l.2920   \end{tabularx}
                       
./monthly.tex:2920: Misplaced \noalign.
\hline ->\noalign 
                  {\ifnum 0=`}\fi \let \hskip \vskip \let \vrule \hrule \let...
l.2920   \end{tabularx}
                       
./monthly.tex:2920: Misplaced \noalign.
\hline ->\noalign 
                  {\ifnum 0=`}\fi \let \hskip \vskip \let \vrule \hrule \let...
l.2920   \end{tabularx}
                       
./monthly.tex:2920: Misplaced \noalign.
\hline ->\noalign 
                  {\ifnum 0=`}\fi \let \hskip \vskip \let \vrule \hrule \let...
l.2920   \end{tabularx}
                       
./monthly.tex:2920: Misplaced \noalign.
\hline ->\noalign 
                  {\ifnum 0=`}\fi \let \hskip \vskip \let \vrule \hrule \let...
l.2920   \end{tabularx}
                       
./monthly.tex:2920: Misplaced \noalign.
\hline ->\noalign 
                  {\ifnum 0=`}\fi \let \hskip \vskip \let \vrule \hrule \let...
l.2920   \end{tabularx}
                       
./monthly.tex:2920: Misplaced \noalign.
\hline ->\noalign 
                  {\ifnum 0=`}\fi \let \hskip \vskip \let \vrule \hrule \let...
l.2920   \end{tabularx}
                       
./monthly.tex:2920: Misplaced \noalign.
\hline ->\noalign 
                  {\ifnum 0=`}\fi \let \hskip \vskip \let \vrule \hrule \let...
l.2920   \end{tabularx}
                       
./monthly.tex:2920: Misplaced \noalign.
\hline ->\noalign 
                  {\ifnum 0=`}\fi \let \hskip \vskip \let \vrule \hrule \let...
l.2920   \end{tabularx}
                       
./monthly.tex:2920: Misplaced \noalign.
\hline ->\noalign 
                  {\ifnum 0=`}\fi \let \hskip \vskip \let \vrule \hrule \let...
l.2920   \end{tabularx}
                       
./monthly.tex:2920: Misplaced \noalign.
\hline ->\noalign 
                  {\ifnum 0=`}\fi \let \hskip \vskip \let \vrule \hrule \let...
l.2920   \end{tabularx}
                       
./monthly.tex:2920: Misplaced \noalign.
\hline ->\noalign 
                  {\ifnum 0=`}\fi \let \hskip \vskip \let \vrule \hrule \let...
l.2920   \end{tabularx}
                       
./monthly.tex:2920: Misplaced \noalign.
\hline ->\noalign 
                  {\ifnum 0=`}\fi \let \hskip \vskip \let \vrule \hrule \let...
l.2920   \end{tabularx}
                       
./monthly.tex:2920: Misplaced \noalign.
\hline ->\noalign 
                  {\ifnum 0=`}\fi \let \hskip \vskip \let \vrule \hrule \let...
l.2920   \end{tabularx}
                       
./monthly.tex:2920: Misplaced \noalign.
\hline ->\noalign 
                  {\ifnum 0=`}\fi \let \hskip \vskip \let \vrule \hrule \let...
l.2920   \end{tabularx}
                       
./monthly.tex:2920: Misplaced \noalign.
\hline ->\noalign 
                  {\ifnum 0=`}\fi \let \hskip \vskip \let \vrule \hrule \let...
l.2920   \end{tabularx}
                       
./monthly.tex:2920: Misplaced \noalign.
\hline ->\noalign 
                  {\ifnum 0=`}\fi \let \hskip \vskip \let \vrule \hrule \let...
l.2920   \end{tabularx}
                       
./monthly.tex:2920: Misplaced \noalign.
\hline ->\noalign 
                  {\ifnum 0=`}\fi \let \hskip \vskip \let \vrule \hrule \let...
l.2920   \end{tabularx}
                       
./monthly.tex:2920: Misplaced \noalign.
\hline ->\noalign 
                  {\ifnum 0=`}\fi \let \hskip \vskip \let \vrule \hrule \let...
l.2920   \end{tabularx}
                       
./monthly.tex:2920: Misplaced \noalign.
\hline ->\noalign 
                  {\ifnum 0=`}\fi \let \hskip \vskip \let \vrule \hrule \let...
l.2920   \end{tabularx}
                       
./monthly.tex:2920: Misplaced \noalign.
\hline ->\noalign 
                  {\ifnum 0=`}\fi \let \hskip \vskip \let \vrule \hrule \let...
l.2920   \end{tabularx}
                       
./monthly.tex:2920: Misplaced \noalign.
\hline ->\noalign 
                  {\ifnum 0=`}\fi \let \hskip \vskip \let \vrule \hrule \let...
l.2920   \end{tabularx}
                       
./monthly.tex:2920: Misplaced \noalign.
\hline ->\noalign 
                  {\ifnum 0=`}\fi \let \hskip \vskip \let \vrule \hrule \let...
l.2920   \end{tabularx}
                       
./monthly.tex:2920: Misplaced \noalign.
\hline ->\noalign 
                  {\ifnum 0=`}\fi \let \hskip \vskip \let \vrule \hrule \let...
l.2920   \end{tabularx}
                       
./monthly.tex:2920: Misplaced \noalign.
\hline ->\noalign 
                  {\ifnum 0=`}\fi \let \hskip \vskip \let \vrule \hrule \let...
l.2920   \end{tabularx}
                       
./monthly.tex:2920: Misplaced \noalign.
\hline ->\noalign 
                  {\ifnum 0=`}\fi \let \hskip \vskip \let \vrule \hrule \let...
l.2920   \end{tabularx}
                       
./monthly.tex:2920: Misplaced \noalign.
\hline ->\noalign 
                  {\ifnum 0=`}\fi \let \hskip \vskip \let \vrule \hrule \let...
l.2920   \end{tabularx}
                       
./monthly.tex:2920: Misplaced \noalign.
\hline ->\noalign 
                  {\ifnum 0=`}\fi \let \hskip \vskip \let \vrule \hrule \let...
l.2920   \end{tabularx}
                       
./monthly.tex:2920: Misplaced \noalign.
\hline ->\noalign 
                  {\ifnum 0=`}\fi \let \hskip \vskip \let \vrule \hrule \let...
l.2920   \end{tabularx}
                       
./monthly.tex:2920: Misplaced \noalign.
\hline ->\noalign 
                  {\ifnum 0=`}\fi \let \hskip \vskip \let \vrule \hrule \let...
l.2920   \end{tabularx}
                       
./monthly.tex:2920: Misplaced \noalign.
\hline ->\noalign 
                  {\ifnum 0=`}\fi \let \hskip \vskip \let \vrule \hrule \let...
l.2920   \end{tabularx}
                       
./monthly.tex:2920: Misplaced \noalign.
\hline ->\noalign 
                  {\ifnum 0=`}\fi \let \hskip \vskip \let \vrule \hrule \let...
l.2920   \end{tabularx}
                       
./monthly.tex:2920: Misplaced \noalign.
\hline ->\noalign 
                  {\ifnum 0=`}\fi \let \hskip \vskip \let \vrule \hrule \let...
l.2920   \end{tabularx}
                       
./monthly.tex:2920: Misplaced \noalign.
\hline ->\noalign 
                  {\ifnum 0=`}\fi \let \hskip \vskip \let \vrule \hrule \let...
l.2920   \end{tabularx}
                       
./monthly.tex:2920: Misplaced \noalign.
\hline ->\noalign 
                  {\ifnum 0=`}\fi \let \hskip \vskip \let \vrule \hrule \let...
l.2920   \end{tabularx}
                       
./monthly.tex:2920: Misplaced \noalign.
\hline ->\noalign 
                  {\ifnum 0=`}\fi \let \hskip \vskip \let \vrule \hrule \let...
l.2920   \end{tabularx}
                       
./monthly.tex:2920: Misplaced \noalign.
\hline ->\noalign 
                  {\ifnum 0=`}\fi \let \hskip \vskip \let \vrule \hrule \let...
l.2920   \end{tabularx}
                       
./monthly.tex:2920: Misplaced \noalign.
\hline ->\noalign 
                  {\ifnum 0=`}\fi \let \hskip \vskip \let \vrule \hrule \let...
l.2920   \end{tabularx}
                       
./monthly.tex:2920: Misplaced \noalign.
\hline ->\noalign 
                  {\ifnum 0=`}\fi \let \hskip \vskip \let \vrule \hrule \let...
l.2920   \end{tabularx}
                       
./monthly.tex:2920: Misplaced \noalign.
\hline ->\noalign 
                  {\ifnum 0=`}\fi \let \hskip \vskip \let \vrule \hrule \let...
l.2920   \end{tabularx}
                       
./monthly.tex:2920: Misplaced \noalign.
\hline ->\noalign 
                  {\ifnum 0=`}\fi \let \hskip \vskip \let \vrule \hrule \let...
l.2920   \end{tabularx}
                       
./monthly.tex:2920: Misplaced \noalign.
\hline ->\noalign 
                  {\ifnum 0=`}\fi \let \hskip \vskip \let \vrule \hrule \let...
l.2920   \end{tabularx}
                       
./monthly.tex:2920: Misplaced \noalign.
\hline ->\noalign 
                  {\ifnum 0=`}\fi \let \hskip \vskip \let \vrule \hrule \let...
l.2920   \end{tabularx}
                       
./monthly.tex:2920: Misplaced \noalign.
\hline ->\noalign 
                  {\ifnum 0=`}\fi \let \hskip \vskip \let \vrule \hrule \let...
l.2920   \end{tabularx}
                       
./monthly.tex:2920: Misplaced \noalign.
\hline ->\noalign 
                  {\ifnum 0=`}\fi \let \hskip \vskip \let \vrule \hrule \let...
l.2920   \end{tabularx}
                       
./monthly.tex:2920: Misplaced \noalign.
\hline ->\noalign 
                  {\ifnum 0=`}\fi \let \hskip \vskip \let \vrule \hrule \let...
l.2920   \end{tabularx}
                       
./monthly.tex:2920: Misplaced \noalign.
\hline ->\noalign 
                  {\ifnum 0=`}\fi \let \hskip \vskip \let \vrule \hrule \let...
l.2920   \end{tabularx}
                       
./monthly.tex:2920: Misplaced \noalign.
\hline ->\noalign 
                  {\ifnum 0=`}\fi \let \hskip \vskip \let \vrule \hrule \let...
l.2920   \end{tabularx}
                       
./monthly.tex:2920: Misplaced \noalign.
\hline ->\noalign 
                  {\ifnum 0=`}\fi \let \hskip \vskip \let \vrule \hrule \let...
l.2920   \end{tabularx}
                       
./monthly.tex:2920: Misplaced \noalign.
\hline ->\noalign 
                  {\ifnum 0=`}\fi \let \hskip \vskip \let \vrule \hrule \let...
l.2920   \end{tabularx}
                       
./monthly.tex:2920: Misplaced \noalign.
\hline ->\noalign 
                  {\ifnum 0=`}\fi \let \hskip \vskip \let \vrule \hrule \let...
l.2920   \end{tabularx}
                       
./monthly.tex:2920: Misplaced \noalign.
\hline ->\noalign 
                  {\ifnum 0=`}\fi \let \hskip \vskip \let \vrule \hrule \let...
l.2920   \end{tabularx}
                       
./monthly.tex:2920: Misplaced \noalign.
\hline ->\noalign 
                  {\ifnum 0=`}\fi \let \hskip \vskip \let \vrule \hrule \let...
l.2920   \end{tabularx}
                       
./monthly.tex:2920: Misplaced \noalign.
\hline ->\noalign 
                  {\ifnum 0=`}\fi \let \hskip \vskip \let \vrule \hrule \let...
l.2920   \end{tabularx}
                       
./monthly.tex:2920: Misplaced \noalign.
\hline ->\noalign 
                  {\ifnum 0=`}\fi \let \hskip \vskip \let \vrule \hrule \let...
l.2920   \end{tabularx}
                       

Overfull \hbox (170.64024pt too wide) in paragraph at lines 2920--2920
[]|[][][] 
./monthly.tex:2920: Misplaced \noalign.
\hline ->\noalign 
                  {\ifnum 0=`}\fi \let \hskip \vskip \let \vrule \hrule \let...
l.2920   \end{tabularx}
                       
./monthly.tex:2920: Misplaced \noalign.
\hline ->\noalign 
                  {\ifnum 0=`}\fi \let \hskip \vskip \let \vrule \hrule \let...
l.2920   \end{tabularx}
                       
./monthly.tex:2920: Misplaced \noalign.
\hline ->\noalign 
                  {\ifnum 0=`}\fi \let \hskip \vskip \let \vrule \hrule \let...
l.2920   \end{tabularx}
                       
./monthly.tex:2920: Misplaced \noalign.
\hline ->\noalign 
                  {\ifnum 0=`}\fi \let \hskip \vskip \let \vrule \hrule \let...
l.2920   \end{tabularx}
                       
./monthly.tex:2920: Misplaced \noalign.
\hline ->\noalign 
                  {\ifnum 0=`}\fi \let \hskip \vskip \let \vrule \hrule \let...
l.2920   \end{tabularx}
                       
./monthly.tex:2920: Misplaced \noalign.
\hline ->\noalign 
                  {\ifnum 0=`}\fi \let \hskip \vskip \let \vrule \hrule \let...
l.2920   \end{tabularx}
                       
./monthly.tex:2920: Misplaced \noalign.
\hline ->\noalign 
                  {\ifnum 0=`}\fi \let \hskip \vskip \let \vrule \hrule \let...
l.2920   \end{tabularx}
                       
./monthly.tex:2920: Misplaced \noalign.
\hline ->\noalign 
                  {\ifnum 0=`}\fi \let \hskip \vskip \let \vrule \hrule \let...
l.2920   \end{tabularx}
                       

Overfull \hbox (113.76016pt too wide) in paragraph at lines 2920--2920
[]|[][][] 
./monthly.tex:2920: Misplaced \noalign.
\hline ->\noalign 
                  {\ifnum 0=`}\fi \let \hskip \vskip \let \vrule \hrule \let...
l.2920   \end{tabularx}
                       
./monthly.tex:2920: Misplaced \noalign.
\hline ->\noalign 
                  {\ifnum 0=`}\fi \let \hskip \vskip \let \vrule \hrule \let...
l.2920   \end{tabularx}
                       
./monthly.tex:2920: Misplaced \noalign.
\hline ->\noalign 
                  {\ifnum 0=`}\fi \let \hskip \vskip \let \vrule \hrule \let...
l.2920   \end{tabularx}
                       
./monthly.tex:2920: Misplaced \noalign.
\hline ->\noalign 
                  {\ifnum 0=`}\fi \let \hskip \vskip \let \vrule \hrule \let...
l.2920   \end{tabularx}
                       

Underfull \hbox (badness 10000) in paragraph at lines 2920--2923

[11]
./monthly.tex:3184: Misplaced \noalign.
\hline ->\noalign 
                  {\ifnum 0=`}\fi \let \hskip \vskip \let \vrule \hrule \let...
l.3184   \end{tabularx}
                       
./monthly.tex:3184: Misplaced \noalign.
\hline ->\noalign 
                  {\ifnum 0=`}\fi \let \hskip \vskip \let \vrule \hrule \let...
l.3184   \end{tabularx}
                       
./monthly.tex:3184: Misplaced \noalign.
\hline ->\noalign 
                  {\ifnum 0=`}\fi \let \hskip \vskip \let \vrule \hrule \let...
l.3184   \end{tabularx}
                       
./monthly.tex:3184: Misplaced \noalign.
\hline ->\noalign 
                  {\ifnum 0=`}\fi \let \hskip \vskip \let \vrule \hrule \let...
l.3184   \end{tabularx}
                       
./monthly.tex:3184: Misplaced \noalign.
\hline ->\noalign 
                  {\ifnum 0=`}\fi \let \hskip \vskip \let \vrule \hrule \let...
l.3184   \end{tabularx}
                       
./monthly.tex:3184: Misplaced \noalign.
\hline ->\noalign 
                  {\ifnum 0=`}\fi \let \hskip \vskip \let \vrule \hrule \let...
l.3184   \end{tabularx}
                       
./monthly.tex:3184: Misplaced \noalign.
\hline ->\noalign 
                  {\ifnum 0=`}\fi \let \hskip \vskip \let \vrule \hrule \let...
l.3184   \end{tabularx}
                       
./monthly.tex:3184: Misplaced \noalign.
\hline ->\noalign 
                  {\ifnum 0=`}\fi \let \hskip \vskip \let \vrule \hrule \let...
l.3184   \end{tabularx}
                       
./monthly.tex:3184: Misplaced \noalign.
\hline ->\noalign 
                  {\ifnum 0=`}\fi \let \hskip \vskip \let \vrule \hrule \let...
l.3184   \end{tabularx}
                       
./monthly.tex:3184: Misplaced \noalign.
\hline ->\noalign 
                  {\ifnum 0=`}\fi \let \hskip \vskip \let \vrule \hrule \let...
l.3184   \end{tabularx}
                       
./monthly.tex:3184: Misplaced \noalign.
\hline ->\noalign 
                  {\ifnum 0=`}\fi \let \hskip \vskip \let \vrule \hrule \let...
l.3184   \end{tabularx}
                       
./monthly.tex:3184: Misplaced \noalign.
\hline ->\noalign 
                  {\ifnum 0=`}\fi \let \hskip \vskip \let \vrule \hrule \let...
l.3184   \end{tabularx}
                       
./monthly.tex:3184: Misplaced \noalign.
\hline ->\noalign 
                  {\ifnum 0=`}\fi \let \hskip \vskip \let \vrule \hrule \let...
l.3184   \end{tabularx}
                       
./monthly.tex:3184: Misplaced \noalign.
\hline ->\noalign 
                  {\ifnum 0=`}\fi \let \hskip \vskip \let \vrule \hrule \let...
l.3184   \end{tabularx}
                       
./monthly.tex:3184: Misplaced \noalign.
\hline ->\noalign 
                  {\ifnum 0=`}\fi \let \hskip \vskip \let \vrule \hrule \let...
l.3184   \end{tabularx}
                       
./monthly.tex:3184: Misplaced \noalign.
\hline ->\noalign 
                  {\ifnum 0=`}\fi \let \hskip \vskip \let \vrule \hrule \let...
l.3184   \end{tabularx}
                       
./monthly.tex:3184: Misplaced \noalign.
\hline ->\noalign 
                  {\ifnum 0=`}\fi \let \hskip \vskip \let \vrule \hrule \let...
l.3184   \end{tabularx}
                       
./monthly.tex:3184: Misplaced \noalign.
\hline ->\noalign 
                  {\ifnum 0=`}\fi \let \hskip \vskip \let \vrule \hrule \let...
l.3184   \end{tabularx}
                       
./monthly.tex:3184: Misplaced \noalign.
\hline ->\noalign 
                  {\ifnum 0=`}\fi \let \hskip \vskip \let \vrule \hrule \let...
l.3184   \end{tabularx}
                       
./monthly.tex:3184: Misplaced \noalign.
\hline ->\noalign 
                  {\ifnum 0=`}\fi \let \hskip \vskip \let \vrule \hrule \let...
l.3184   \end{tabularx}
                       
./monthly.tex:3184: Misplaced \noalign.
\hline ->\noalign 
                  {\ifnum 0=`}\fi \let \hskip \vskip \let \vrule \hrule \let...
l.3184   \end{tabularx}
                       
./monthly.tex:3184: Misplaced \noalign.
\hline ->\noalign 
                  {\ifnum 0=`}\fi \let \hskip \vskip \let \vrule \hrule \let...
l.3184   \end{tabularx}
                       
./monthly.tex:3184: Misplaced \noalign.
\hline ->\noalign 
                  {\ifnum 0=`}\fi \let \hskip \vskip \let \vrule \hrule \let...
l.3184   \end{tabularx}
                       
./monthly.tex:3184: Misplaced \noalign.
\hline ->\noalign 
                  {\ifnum 0=`}\fi \let \hskip \vskip \let \vrule \hrule \let...
l.3184   \end{tabularx}
                       
./monthly.tex:3184: Misplaced \noalign.
\hline ->\noalign 
                  {\ifnum 0=`}\fi \let \hskip \vskip \let \vrule \hrule \let...
l.3184   \end{tabularx}
                       
./monthly.tex:3184: Misplaced \noalign.
\hline ->\noalign 
                  {\ifnum 0=`}\fi \let \hskip \vskip \let \vrule \hrule \let...
l.3184   \end{tabularx}
                       
./monthly.tex:3184: Misplaced \noalign.
\hline ->\noalign 
                  {\ifnum 0=`}\fi \let \hskip \vskip \let \vrule \hrule \let...
l.3184   \end{tabularx}
                       
./monthly.tex:3184: Misplaced \noalign.
\hline ->\noalign 
                  {\ifnum 0=`}\fi \let \hskip \vskip \let \vrule \hrule \let...
l.3184   \end{tabularx}
                       
./monthly.tex:3184: Misplaced \noalign.
\hline ->\noalign 
                  {\ifnum 0=`}\fi \let \hskip \vskip \let \vrule \hrule \let...
l.3184   \end{tabularx}
                       
./monthly.tex:3184: Misplaced \noalign.
\hline ->\noalign 
                  {\ifnum 0=`}\fi \let \hskip \vskip \let \vrule \hrule \let...
l.3184   \end{tabularx}
                       
./monthly.tex:3184: Misplaced \noalign.
\hline ->\noalign 
                  {\ifnum 0=`}\fi \let \hskip \vskip \let \vrule \hrule \let...
l.3184   \end{tabularx}
                       
./monthly.tex:3184: Misplaced \noalign.
\hline ->\noalign 
                  {\ifnum 0=`}\fi \let \hskip \vskip \let \vrule \hrule \let...
l.3184   \end{tabularx}
                       
./monthly.tex:3184: Misplaced \noalign.
\hline ->\noalign 
                  {\ifnum 0=`}\fi \let \hskip \vskip \let \vrule \hrule \let...
l.3184   \end{tabularx}
                       
./monthly.tex:3184: Misplaced \noalign.
\hline ->\noalign 
                  {\ifnum 0=`}\fi \let \hskip \vskip \let \vrule \hrule \let...
l.3184   \end{tabularx}
                       
./monthly.tex:3184: Misplaced \noalign.
\hline ->\noalign 
                  {\ifnum 0=`}\fi \let \hskip \vskip \let \vrule \hrule \let...
l.3184   \end{tabularx}
                       
./monthly.tex:3184: Misplaced \noalign.
\hline ->\noalign 
                  {\ifnum 0=`}\fi \let \hskip \vskip \let \vrule \hrule \let...
l.3184   \end{tabularx}
                       
./monthly.tex:3184: Misplaced \noalign.
\hline ->\noalign 
                  {\ifnum 0=`}\fi \let \hskip \vskip \let \vrule \hrule \let...
l.3184   \end{tabularx}
                       
./monthly.tex:3184: Misplaced \noalign.
\hline ->\noalign 
                  {\ifnum 0=`}\fi \let \hskip \vskip \let \vrule \hrule \let...
l.3184   \end{tabularx}
                       
./monthly.tex:3184: Misplaced \noalign.
\hline ->\noalign 
                  {\ifnum 0=`}\fi \let \hskip \vskip \let \vrule \hrule \let...
l.3184   \end{tabularx}
                       
./monthly.tex:3184: Misplaced \noalign.
\hline ->\noalign 
                  {\ifnum 0=`}\fi \let \hskip \vskip \let \vrule \hrule \let...
l.3184   \end{tabularx}
                       
./monthly.tex:3184: Misplaced \noalign.
\hline ->\noalign 
                  {\ifnum 0=`}\fi \let \hskip \vskip \let \vrule \hrule \let...
l.3184   \end{tabularx}
                       
./monthly.tex:3184: Misplaced \noalign.
\hline ->\noalign 
                  {\ifnum 0=`}\fi \let \hskip \vskip \let \vrule \hrule \let...
l.3184   \end{tabularx}
                       
./monthly.tex:3184: Misplaced \noalign.
\hline ->\noalign 
                  {\ifnum 0=`}\fi \let \hskip \vskip \let \vrule \hrule \let...
l.3184   \end{tabularx}
                       
./monthly.tex:3184: Misplaced \noalign.
\hline ->\noalign 
                  {\ifnum 0=`}\fi \let \hskip \vskip \let \vrule \hrule \let...
l.3184   \end{tabularx}
                       
./monthly.tex:3184: Misplaced \noalign.
\hline ->\noalign 
                  {\ifnum 0=`}\fi \let \hskip \vskip \let \vrule \hrule \let...
l.3184   \end{tabularx}
                       
./monthly.tex:3184: Misplaced \noalign.
\hline ->\noalign 
                  {\ifnum 0=`}\fi \let \hskip \vskip \let \vrule \hrule \let...
l.3184   \end{tabularx}
                       
./monthly.tex:3184: Misplaced \noalign.
\hline ->\noalign 
                  {\ifnum 0=`}\fi \let \hskip \vskip \let \vrule \hrule \let...
l.3184   \end{tabularx}
                       
./monthly.tex:3184: Misplaced \noalign.
\hline ->\noalign 
                  {\ifnum 0=`}\fi \let \hskip \vskip \let \vrule \hrule \let...
l.3184   \end{tabularx}
                       
./monthly.tex:3184: Misplaced \noalign.
\hline ->\noalign 
                  {\ifnum 0=`}\fi \let \hskip \vskip \let \vrule \hrule \let...
l.3184   \end{tabularx}
                       
./monthly.tex:3184: Misplaced \noalign.
\hline ->\noalign 
                  {\ifnum 0=`}\fi \let \hskip \vskip \let \vrule \hrule \let...
l.3184   \end{tabularx}
                       
./monthly.tex:3184: Misplaced \noalign.
\hline ->\noalign 
                  {\ifnum 0=`}\fi \let \hskip \vskip \let \vrule \hrule \let...
l.3184   \end{tabularx}
                       
./monthly.tex:3184: Misplaced \noalign.
\hline ->\noalign 
                  {\ifnum 0=`}\fi \let \hskip \vskip \let \vrule \hrule \let...
l.3184   \end{tabularx}
                       
./monthly.tex:3184: Misplaced \noalign.
\hline ->\noalign 
                  {\ifnum 0=`}\fi \let \hskip \vskip \let \vrule \hrule \let...
l.3184   \end{tabularx}
                       
./monthly.tex:3184: Misplaced \noalign.
\hline ->\noalign 
                  {\ifnum 0=`}\fi \let \hskip \vskip \let \vrule \hrule \let...
l.3184   \end{tabularx}
                       
./monthly.tex:3184: Misplaced \noalign.
\hline ->\noalign 
                  {\ifnum 0=`}\fi \let \hskip \vskip \let \vrule \hrule \let...
l.3184   \end{tabularx}
                       
./monthly.tex:3184: Misplaced \noalign.
\hline ->\noalign 
                  {\ifnum 0=`}\fi \let \hskip \vskip \let \vrule \hrule \let...
l.3184   \end{tabularx}
                       
./monthly.tex:3184: Misplaced \noalign.
\hline ->\noalign 
                  {\ifnum 0=`}\fi \let \hskip \vskip \let \vrule \hrule \let...
l.3184   \end{tabularx}
                       
./monthly.tex:3184: Misplaced \noalign.
\hline ->\noalign 
                  {\ifnum 0=`}\fi \let \hskip \vskip \let \vrule \hrule \let...
l.3184   \end{tabularx}
                       
./monthly.tex:3184: Misplaced \noalign.
\hline ->\noalign 
                  {\ifnum 0=`}\fi \let \hskip \vskip \let \vrule \hrule \let...
l.3184   \end{tabularx}
                       
./monthly.tex:3184: Misplaced \noalign.
\hline ->\noalign 
                  {\ifnum 0=`}\fi \let \hskip \vskip \let \vrule \hrule \let...
l.3184   \end{tabularx}
                       
./monthly.tex:3184: Misplaced \noalign.
\hline ->\noalign 
                  {\ifnum 0=`}\fi \let \hskip \vskip \let \vrule \hrule \let...
l.3184   \end{tabularx}
                       
./monthly.tex:3184: Misplaced \noalign.
\hline ->\noalign 
                  {\ifnum 0=`}\fi \let \hskip \vskip \let \vrule \hrule \let...
l.3184   \end{tabularx}
                       
./monthly.tex:3184: Misplaced \noalign.
\hline ->\noalign 
                  {\ifnum 0=`}\fi \let \hskip \vskip \let \vrule \hrule \let...
l.3184   \end{tabularx}
                       

Overfull \hbox (227.52032pt too wide) in paragraph at lines 3184--3184
[]|[][][] 
./monthly.tex:3184: Misplaced \noalign.
\hline ->\noalign 
                  {\ifnum 0=`}\fi \let \hskip \vskip \let \vrule \hrule \let...
l.3184   \end{tabularx}
                       
./monthly.tex:3184: Misplaced \noalign.
\hline ->\noalign 
                  {\ifnum 0=`}\fi \let \hskip \vskip \let \vrule \hrule \let...
l.3184   \end{tabularx}
                       
./monthly.tex:3184: Misplaced \noalign.
\hline ->\noalign 
                  {\ifnum 0=`}\fi \let \hskip \vskip \let \vrule \hrule \let...
l.3184   \end{tabularx}
                       
./monthly.tex:3184: Misplaced \noalign.
\hline ->\noalign 
                  {\ifnum 0=`}\fi \let \hskip \vskip \let \vrule \hrule \let...
l.3184   \end{tabularx}
                       
./monthly.tex:3184: Misplaced \noalign.
\hline ->\noalign 
                  {\ifnum 0=`}\fi \let \hskip \vskip \let \vrule \hrule \let...
l.3184   \end{tabularx}
                       
./monthly.tex:3184: Misplaced \noalign.
\hline ->\noalign 
                  {\ifnum 0=`}\fi \let \hskip \vskip \let \vrule \hrule \let...
l.3184   \end{tabularx}
                       
./monthly.tex:3184: Misplaced \noalign.
\hline ->\noalign 
                  {\ifnum 0=`}\fi \let \hskip \vskip \let \vrule \hrule \let...
l.3184   \end{tabularx}
                       

Overfull \hbox (227.52032pt too wide) in paragraph at lines 3184--3184
[]|[][][] 
./monthly.tex:3184: Misplaced \noalign.
\hline ->\noalign 
                  {\ifnum 0=`}\fi \let \hskip \vskip \let \vrule \hrule \let...
l.3184   \end{tabularx}
                       
./monthly.tex:3184: Misplaced \noalign.
\hline ->\noalign 
                  {\ifnum 0=`}\fi \let \hskip \vskip \let \vrule \hrule \let...
l.3184   \end{tabularx}
                       
./monthly.tex:3184: Misplaced \noalign.
\hline ->\noalign 
                  {\ifnum 0=`}\fi \let \hskip \vskip \let \vrule \hrule \let...
l.3184   \end{tabularx}
                       
./monthly.tex:3184: Misplaced \noalign.
\hline ->\noalign 
                  {\ifnum 0=`}\fi \let \hskip \vskip \let \vrule \hrule \let...
l.3184   \end{tabularx}
                       
./monthly.tex:3184: Misplaced \noalign.
\hline ->\noalign 
                  {\ifnum 0=`}\fi \let \hskip \vskip \let \vrule \hrule \let...
l.3184   \end{tabularx}
                       
./monthly.tex:3184: Misplaced \noalign.
\hline ->\noalign 
                  {\ifnum 0=`}\fi \let \hskip \vskip \let \vrule \hrule \let...
l.3184   \end{tabularx}
                       

Overfull \hbox (284.4004pt too wide) in paragraph at lines 3184--3184
[]|[][][] 
./monthly.tex:3184: Misplaced \noalign.
\hline ->\noalign 
                  {\ifnum 0=`}\fi \let \hskip \vskip \let \vrule \hrule \let...
l.3184   \end{tabularx}
                       
./monthly.tex:3184: Misplaced \noalign.
\hline ->\noalign 
                  {\ifnum 0=`}\fi \let \hskip \vskip \let \vrule \hrule \let...
l.3184   \end{tabularx}
                       
./monthly.tex:3184: Misplaced \noalign.
\hline ->\noalign 
                  {\ifnum 0=`}\fi \let \hskip \vskip \let \vrule \hrule \let...
l.3184   \end{tabularx}
                       
./monthly.tex:3184: Misplaced \noalign.
\hline ->\noalign 
                  {\ifnum 0=`}\fi \let \hskip \vskip \let \vrule \hrule \let...
l.3184   \end{tabularx}
                       

Overfull \hbox (56.88008pt too wide) in paragraph at lines 3184--3184
[]|[][][] 
./monthly.tex:3184: Misplaced \noalign.
\hline ->\noalign 
                  {\ifnum 0=`}\fi \let \hskip \vskip \let \vrule \hrule \let...
l.3184   \end{tabularx}
                       
./monthly.tex:3184: Misplaced \noalign.
\hline ->\noalign 
                  {\ifnum 0=`}\fi \let \hskip \vskip \let \vrule \hrule \let...
l.3184   \end{tabularx}
                       

Overfull \hbox (284.4004pt too wide) in paragraph at lines 3184--3184
[]|[][][] 
./monthly.tex:3184: Misplaced \noalign.
\hline ->\noalign 
                  {\ifnum 0=`}\fi \let \hskip \vskip \let \vrule \hrule \let...
l.3184   \end{tabularx}
                       
./monthly.tex:3184: Misplaced \noalign.
\hline ->\noalign 
                  {\ifnum 0=`}\fi \let \hskip \vskip \let \vrule \hrule \let...
l.3184   \end{tabularx}
                       
./monthly.tex:3184: Misplaced \noalign.
\hline ->\noalign 
                  {\ifnum 0=`}\fi \let \hskip \vskip \let \vrule \hrule \let...
l.3184   \end{tabularx}
                       
./monthly.tex:3184: Misplaced \noalign.
\hline ->\noalign 
                  {\ifnum 0=`}\fi \let \hskip \vskip \let \vrule \hrule \let...
l.3184   \end{tabularx}
                       
./monthly.tex:3184: Misplaced \noalign.
\hline ->\noalign 
                  {\ifnum 0=`}\fi \let \hskip \vskip \let \vrule \hrule \let...
l.3184   \end{tabularx}
                       
./monthly.tex:3184: Misplaced \noalign.
\hline ->\noalign 
                  {\ifnum 0=`}\fi \let \hskip \vskip \let \vrule \hrule \let...
l.3184   \end{tabularx}
                       
./monthly.tex:3184: Misplaced \noalign.
\hline ->\noalign 
                  {\ifnum 0=`}\fi \let \hskip \vskip \let \vrule \hrule \let...
l.3184   \end{tabularx}
                       
./monthly.tex:3184: Misplaced \noalign.
\hline ->\noalign 
                  {\ifnum 0=`}\fi \let \hskip \vskip \let \vrule \hrule \let...
l.3184   \end{tabularx}
                       
./monthly.tex:3184: Misplaced \noalign.
\hline ->\noalign 
                  {\ifnum 0=`}\fi \let \hskip \vskip \let \vrule \hrule \let...
l.3184   \end{tabularx}
                       
./monthly.tex:3184: Misplaced \noalign.
\hline ->\noalign 
                  {\ifnum 0=`}\fi \let \hskip \vskip \let \vrule \hrule \let...
l.3184   \end{tabularx}
                       
./monthly.tex:3184: Misplaced \noalign.
\hline ->\noalign 
                  {\ifnum 0=`}\fi \let \hskip \vskip \let \vrule \hrule \let...
l.3184   \end{tabularx}
                       

Underfull \hbox (badness 10000) in paragraph at lines 3184--3187

[12]
./monthly.tex:3483: Misplaced \noalign.
\hline ->\noalign 
                  {\ifnum 0=`}\fi \let \hskip \vskip \let \vrule \hrule \let...
l.3483   \end{tabularx}
                       
./monthly.tex:3483: Misplaced \noalign.
\hline ->\noalign 
                  {\ifnum 0=`}\fi \let \hskip \vskip \let \vrule \hrule \let...
l.3483   \end{tabularx}
                       
./monthly.tex:3483: Misplaced \noalign.
\hline ->\noalign 
                  {\ifnum 0=`}\fi \let \hskip \vskip \let \vrule \hrule \let...
l.3483   \end{tabularx}
                       
./monthly.tex:3483: Misplaced \noalign.
\hline ->\noalign 
                  {\ifnum 0=`}\fi \let \hskip \vskip \let \vrule \hrule \let...
l.3483   \end{tabularx}
                       
./monthly.tex:3483: Misplaced \noalign.
\hline ->\noalign 
                  {\ifnum 0=`}\fi \let \hskip \vskip \let \vrule \hrule \let...
l.3483   \end{tabularx}
                       
./monthly.tex:3483: Misplaced \noalign.
\hline ->\noalign 
                  {\ifnum 0=`}\fi \let \hskip \vskip \let \vrule \hrule \let...
l.3483   \end{tabularx}
                       
./monthly.tex:3483: Misplaced \noalign.
\hline ->\noalign 
                  {\ifnum 0=`}\fi \let \hskip \vskip \let \vrule \hrule \let...
l.3483   \end{tabularx}
                       
./monthly.tex:3483: Misplaced \noalign.
\hline ->\noalign 
                  {\ifnum 0=`}\fi \let \hskip \vskip \let \vrule \hrule \let...
l.3483   \end{tabularx}
                       
./monthly.tex:3483: Misplaced \noalign.
\hline ->\noalign 
                  {\ifnum 0=`}\fi \let \hskip \vskip \let \vrule \hrule \let...
l.3483   \end{tabularx}
                       
./monthly.tex:3483: Misplaced \noalign.
\hline ->\noalign 
                  {\ifnum 0=`}\fi \let \hskip \vskip \let \vrule \hrule \let...
l.3483   \end{tabularx}
                       
./monthly.tex:3483: Misplaced \noalign.
\hline ->\noalign 
                  {\ifnum 0=`}\fi \let \hskip \vskip \let \vrule \hrule \let...
l.3483   \end{tabularx}
                       
./monthly.tex:3483: Misplaced \noalign.
\hline ->\noalign 
                  {\ifnum 0=`}\fi \let \hskip \vskip \let \vrule \hrule \let...
l.3483   \end{tabularx}
                       
./monthly.tex:3483: Misplaced \noalign.
\hline ->\noalign 
                  {\ifnum 0=`}\fi \let \hskip \vskip \let \vrule \hrule \let...
l.3483   \end{tabularx}
                       
./monthly.tex:3483: Misplaced \noalign.
\hline ->\noalign 
                  {\ifnum 0=`}\fi \let \hskip \vskip \let \vrule \hrule \let...
l.3483   \end{tabularx}
                       
./monthly.tex:3483: Misplaced \noalign.
\hline ->\noalign 
                  {\ifnum 0=`}\fi \let \hskip \vskip \let \vrule \hrule \let...
l.3483   \end{tabularx}
                       
./monthly.tex:3483: Misplaced \noalign.
\hline ->\noalign 
                  {\ifnum 0=`}\fi \let \hskip \vskip \let \vrule \hrule \let...
l.3483   \end{tabularx}
                       
./monthly.tex:3483: Misplaced \noalign.
\hline ->\noalign 
                  {\ifnum 0=`}\fi \let \hskip \vskip \let \vrule \hrule \let...
l.3483   \end{tabularx}
                       
./monthly.tex:3483: Misplaced \noalign.
\hline ->\noalign 
                  {\ifnum 0=`}\fi \let \hskip \vskip \let \vrule \hrule \let...
l.3483   \end{tabularx}
                       
./monthly.tex:3483: Misplaced \noalign.
\hline ->\noalign 
                  {\ifnum 0=`}\fi \let \hskip \vskip \let \vrule \hrule \let...
l.3483   \end{tabularx}
                       
./monthly.tex:3483: Misplaced \noalign.
\hline ->\noalign 
                  {\ifnum 0=`}\fi \let \hskip \vskip \let \vrule \hrule \let...
l.3483   \end{tabularx}
                       
./monthly.tex:3483: Misplaced \noalign.
\hline ->\noalign 
                  {\ifnum 0=`}\fi \let \hskip \vskip \let \vrule \hrule \let...
l.3483   \end{tabularx}
                       
./monthly.tex:3483: Misplaced \noalign.
\hline ->\noalign 
                  {\ifnum 0=`}\fi \let \hskip \vskip \let \vrule \hrule \let...
l.3483   \end{tabularx}
                       
./monthly.tex:3483: Misplaced \noalign.
\hline ->\noalign 
                  {\ifnum 0=`}\fi \let \hskip \vskip \let \vrule \hrule \let...
l.3483   \end{tabularx}
                       
./monthly.tex:3483: Misplaced \noalign.
\hline ->\noalign 
                  {\ifnum 0=`}\fi \let \hskip \vskip \let \vrule \hrule \let...
l.3483   \end{tabularx}
                       
./monthly.tex:3483: Misplaced \noalign.
\hline ->\noalign 
                  {\ifnum 0=`}\fi \let \hskip \vskip \let \vrule \hrule \let...
l.3483   \end{tabularx}
                       
./monthly.tex:3483: Misplaced \noalign.
\hline ->\noalign 
                  {\ifnum 0=`}\fi \let \hskip \vskip \let \vrule \hrule \let...
l.3483   \end{tabularx}
                       
./monthly.tex:3483: Misplaced \noalign.
\hline ->\noalign 
                  {\ifnum 0=`}\fi \let \hskip \vskip \let \vrule \hrule \let...
l.3483   \end{tabularx}
                       
./monthly.tex:3483: Misplaced \noalign.
\hline ->\noalign 
                  {\ifnum 0=`}\fi \let \hskip \vskip \let \vrule \hrule \let...
l.3483   \end{tabularx}
                       
./monthly.tex:3483: Misplaced \noalign.
\hline ->\noalign 
                  {\ifnum 0=`}\fi \let \hskip \vskip \let \vrule \hrule \let...
l.3483   \end{tabularx}
                       
./monthly.tex:3483: Misplaced \noalign.
\hline ->\noalign 
                  {\ifnum 0=`}\fi \let \hskip \vskip \let \vrule \hrule \let...
l.3483   \end{tabularx}
                       
./monthly.tex:3483: Misplaced \noalign.
\hline ->\noalign 
                  {\ifnum 0=`}\fi \let \hskip \vskip \let \vrule \hrule \let...
l.3483   \end{tabularx}
                       
./monthly.tex:3483: Misplaced \noalign.
\hline ->\noalign 
                  {\ifnum 0=`}\fi \let \hskip \vskip \let \vrule \hrule \let...
l.3483   \end{tabularx}
                       
./monthly.tex:3483: Misplaced \noalign.
\hline ->\noalign 
                  {\ifnum 0=`}\fi \let \hskip \vskip \let \vrule \hrule \let...
l.3483   \end{tabularx}
                       
./monthly.tex:3483: Misplaced \noalign.
\hline ->\noalign 
                  {\ifnum 0=`}\fi \let \hskip \vskip \let \vrule \hrule \let...
l.3483   \end{tabularx}
                       
./monthly.tex:3483: Misplaced \noalign.
\hline ->\noalign 
                  {\ifnum 0=`}\fi \let \hskip \vskip \let \vrule \hrule \let...
l.3483   \end{tabularx}
                       
./monthly.tex:3483: Misplaced \noalign.
\hline ->\noalign 
                  {\ifnum 0=`}\fi \let \hskip \vskip \let \vrule \hrule \let...
l.3483   \end{tabularx}
                       
./monthly.tex:3483: Misplaced \noalign.
\hline ->\noalign 
                  {\ifnum 0=`}\fi \let \hskip \vskip \let \vrule \hrule \let...
l.3483   \end{tabularx}
                       
./monthly.tex:3483: Misplaced \noalign.
\hline ->\noalign 
                  {\ifnum 0=`}\fi \let \hskip \vskip \let \vrule \hrule \let...
l.3483   \end{tabularx}
                       
./monthly.tex:3483: Misplaced \noalign.
\hline ->\noalign 
                  {\ifnum 0=`}\fi \let \hskip \vskip \let \vrule \hrule \let...
l.3483   \end{tabularx}
                       
./monthly.tex:3483: Misplaced \noalign.
\hline ->\noalign 
                  {\ifnum 0=`}\fi \let \hskip \vskip \let \vrule \hrule \let...
l.3483   \end{tabularx}
                       
./monthly.tex:3483: Misplaced \noalign.
\hline ->\noalign 
                  {\ifnum 0=`}\fi \let \hskip \vskip \let \vrule \hrule \let...
l.3483   \end{tabularx}
                       
./monthly.tex:3483: Misplaced \noalign.
\hline ->\noalign 
                  {\ifnum 0=`}\fi \let \hskip \vskip \let \vrule \hrule \let...
l.3483   \end{tabularx}
                       
./monthly.tex:3483: Misplaced \noalign.
\hline ->\noalign 
                  {\ifnum 0=`}\fi \let \hskip \vskip \let \vrule \hrule \let...
l.3483   \end{tabularx}
                       
./monthly.tex:3483: Misplaced \noalign.
\hline ->\noalign 
                  {\ifnum 0=`}\fi \let \hskip \vskip \let \vrule \hrule \let...
l.3483   \end{tabularx}
                       
./monthly.tex:3483: Misplaced \noalign.
\hline ->\noalign 
                  {\ifnum 0=`}\fi \let \hskip \vskip \let \vrule \hrule \let...
l.3483   \end{tabularx}
                       
./monthly.tex:3483: Misplaced \noalign.
\hline ->\noalign 
                  {\ifnum 0=`}\fi \let \hskip \vskip \let \vrule \hrule \let...
l.3483   \end{tabularx}
                       
./monthly.tex:3483: Misplaced \noalign.
\hline ->\noalign 
                  {\ifnum 0=`}\fi \let \hskip \vskip \let \vrule \hrule \let...
l.3483   \end{tabularx}
                       
./monthly.tex:3483: Misplaced \noalign.
\hline ->\noalign 
                  {\ifnum 0=`}\fi \let \hskip \vskip \let \vrule \hrule \let...
l.3483   \end{tabularx}
                       
./monthly.tex:3483: Misplaced \noalign.
\hline ->\noalign 
                  {\ifnum 0=`}\fi \let \hskip \vskip \let \vrule \hrule \let...
l.3483   \end{tabularx}
                       
./monthly.tex:3483: Misplaced \noalign.
\hline ->\noalign 
                  {\ifnum 0=`}\fi \let \hskip \vskip \let \vrule \hrule \let...
l.3483   \end{tabularx}
                       
./monthly.tex:3483: Misplaced \noalign.
\hline ->\noalign 
                  {\ifnum 0=`}\fi \let \hskip \vskip \let \vrule \hrule \let...
l.3483   \end{tabularx}
                       
./monthly.tex:3483: Misplaced \noalign.
\hline ->\noalign 
                  {\ifnum 0=`}\fi \let \hskip \vskip \let \vrule \hrule \let...
l.3483   \end{tabularx}
                       
./monthly.tex:3483: Misplaced \noalign.
\hline ->\noalign 
                  {\ifnum 0=`}\fi \let \hskip \vskip \let \vrule \hrule \let...
l.3483   \end{tabularx}
                       
./monthly.tex:3483: Misplaced \noalign.
\hline ->\noalign 
                  {\ifnum 0=`}\fi \let \hskip \vskip \let \vrule \hrule \let...
l.3483   \end{tabularx}
                       
./monthly.tex:3483: Misplaced \noalign.
\hline ->\noalign 
                  {\ifnum 0=`}\fi \let \hskip \vskip \let \vrule \hrule \let...
l.3483   \end{tabularx}
                       
./monthly.tex:3483: Misplaced \noalign.
\hline ->\noalign 
                  {\ifnum 0=`}\fi \let \hskip \vskip \let \vrule \hrule \let...
l.3483   \end{tabularx}
                       
./monthly.tex:3483: Misplaced \noalign.
\hline ->\noalign 
                  {\ifnum 0=`}\fi \let \hskip \vskip \let \vrule \hrule \let...
l.3483   \end{tabularx}
                       
./monthly.tex:3483: Misplaced \noalign.
\hline ->\noalign 
                  {\ifnum 0=`}\fi \let \hskip \vskip \let \vrule \hrule \let...
l.3483   \end{tabularx}
                       
./monthly.tex:3483: Misplaced \noalign.
\hline ->\noalign 
                  {\ifnum 0=`}\fi \let \hskip \vskip \let \vrule \hrule \let...
l.3483   \end{tabularx}
                       
./monthly.tex:3483: Misplaced \noalign.
\hline ->\noalign 
                  {\ifnum 0=`}\fi \let \hskip \vskip \let \vrule \hrule \let...
l.3483   \end{tabularx}
                       
./monthly.tex:3483: Misplaced \noalign.
\hline ->\noalign 
                  {\ifnum 0=`}\fi \let \hskip \vskip \let \vrule \hrule \let...
l.3483   \end{tabularx}
                       
./monthly.tex:3483: Misplaced \noalign.
\hline ->\noalign 
                  {\ifnum 0=`}\fi \let \hskip \vskip \let \vrule \hrule \let...
l.3483   \end{tabularx}
                       
./monthly.tex:3483: Misplaced \noalign.
\hline ->\noalign 
                  {\ifnum 0=`}\fi \let \hskip \vskip \let \vrule \hrule \let...
l.3483   \end{tabularx}
                       

Overfull \hbox (56.88008pt too wide) in paragraph at lines 3483--3483
[]|[][][] 
./monthly.tex:3483: Misplaced \noalign.
\hline ->\noalign 
                  {\ifnum 0=`}\fi \let \hskip \vskip \let \vrule \hrule \let...
l.3483   \end{tabularx}
                       
./monthly.tex:3483: Misplaced \noalign.
\hline ->\noalign 
                  {\ifnum 0=`}\fi \let \hskip \vskip \let \vrule \hrule \let...
l.3483   \end{tabularx}
                       
./monthly.tex:3483: Misplaced \noalign.
\hline ->\noalign 
                  {\ifnum 0=`}\fi \let \hskip \vskip \let \vrule \hrule \let...
l.3483   \end{tabularx}
                       
./monthly.tex:3483: Misplaced \noalign.
\hline ->\noalign 
                  {\ifnum 0=`}\fi \let \hskip \vskip \let \vrule \hrule \let...
l.3483   \end{tabularx}
                       
./monthly.tex:3483: Misplaced \noalign.
\hline ->\noalign 
                  {\ifnum 0=`}\fi \let \hskip \vskip \let \vrule \hrule \let...
l.3483   \end{tabularx}
                       
./monthly.tex:3483: Misplaced \noalign.
\hline ->\noalign 
                  {\ifnum 0=`}\fi \let \hskip \vskip \let \vrule \hrule \let...
l.3483   \end{tabularx}
                       
./monthly.tex:3483: Misplaced \noalign.
\hline ->\noalign 
                  {\ifnum 0=`}\fi \let \hskip \vskip \let \vrule \hrule \let...
l.3483   \end{tabularx}
                       
./monthly.tex:3483: Misplaced \noalign.
\hline ->\noalign 
                  {\ifnum 0=`}\fi \let \hskip \vskip \let \vrule \hrule \let...
l.3483   \end{tabularx}
                       
./monthly.tex:3483: Misplaced \noalign.
\hline ->\noalign 
                  {\ifnum 0=`}\fi \let \hskip \vskip \let \vrule \hrule \let...
l.3483   \end{tabularx}
                       
./monthly.tex:3483: Misplaced \noalign.
\hline ->\noalign 
                  {\ifnum 0=`}\fi \let \hskip \vskip \let \vrule \hrule \let...
l.3483   \end{tabularx}
                       

Overfull \hbox (284.4004pt too wide) in paragraph at lines 3483--3483
[]|[][][] 
./monthly.tex:3483: Misplaced \noalign.
\hline ->\noalign 
                  {\ifnum 0=`}\fi \let \hskip \vskip \let \vrule \hrule \let...
l.3483   \end{tabularx}
                       
./monthly.tex:3483: Misplaced \noalign.
\hline ->\noalign 
                  {\ifnum 0=`}\fi \let \hskip \vskip \let \vrule \hrule \let...
l.3483   \end{tabularx}
                       
./monthly.tex:3483: Misplaced \noalign.
\hline ->\noalign 
                  {\ifnum 0=`}\fi \let \hskip \vskip \let \vrule \hrule \let...
l.3483   \end{tabularx}
                       
./monthly.tex:3483: Misplaced \noalign.
\hline ->\noalign 
                  {\ifnum 0=`}\fi \let \hskip \vskip \let \vrule \hrule \let...
l.3483   \end{tabularx}
                       
./monthly.tex:3483: Misplaced \noalign.
\hline ->\noalign 
                  {\ifnum 0=`}\fi \let \hskip \vskip \let \vrule \hrule \let...
l.3483   \end{tabularx}
                       
./monthly.tex:3483: Misplaced \noalign.
\hline ->\noalign 
                  {\ifnum 0=`}\fi \let \hskip \vskip \let \vrule \hrule \let...
l.3483   \end{tabularx}
                       
./monthly.tex:3483: Misplaced \noalign.
\hline ->\noalign 
                  {\ifnum 0=`}\fi \let \hskip \vskip \let \vrule \hrule \let...
l.3483   \end{tabularx}
                       

Overfull \hbox (284.4004pt too wide) in paragraph at lines 3483--3483
[]|[][][] 
./monthly.tex:3483: Misplaced \noalign.
\hline ->\noalign 
                  {\ifnum 0=`}\fi \let \hskip \vskip \let \vrule \hrule \let...
l.3483   \end{tabularx}
                       

Overfull \hbox (227.52032pt too wide) in paragraph at lines 3483--3483
[]|[][][] 
./monthly.tex:3483: Misplaced \noalign.
\hline ->\noalign 
                  {\ifnum 0=`}\fi \let \hskip \vskip \let \vrule \hrule \let...
l.3483   \end{tabularx}
                       
./monthly.tex:3483: Misplaced \noalign.
\hline ->\noalign 
                  {\ifnum 0=`}\fi \let \hskip \vskip \let \vrule \hrule \let...
l.3483   \end{tabularx}
                       
./monthly.tex:3483: Misplaced \noalign.
\hline ->\noalign 
                  {\ifnum 0=`}\fi \let \hskip \vskip \let \vrule \hrule \let...
l.3483   \end{tabularx}
                       
./monthly.tex:3483: Misplaced \noalign.
\hline ->\noalign 
                  {\ifnum 0=`}\fi \let \hskip \vskip \let \vrule \hrule \let...
l.3483   \end{tabularx}
                       
./monthly.tex:3483: Misplaced \noalign.
\hline ->\noalign 
                  {\ifnum 0=`}\fi \let \hskip \vskip \let \vrule \hrule \let...
l.3483   \end{tabularx}
                       
./monthly.tex:3483: Misplaced \noalign.
\hline ->\noalign 
                  {\ifnum 0=`}\fi \let \hskip \vskip \let \vrule \hrule \let...
l.3483   \end{tabularx}
                       
./monthly.tex:3483: Misplaced \noalign.
\hline ->\noalign 
                  {\ifnum 0=`}\fi \let \hskip \vskip \let \vrule \hrule \let...
l.3483   \end{tabularx}
                       
./monthly.tex:3483: Misplaced \noalign.
\hline ->\noalign 
                  {\ifnum 0=`}\fi \let \hskip \vskip \let \vrule \hrule \let...
l.3483   \end{tabularx}
                       
./monthly.tex:3483: Misplaced \noalign.
\hline ->\noalign 
                  {\ifnum 0=`}\fi \let \hskip \vskip \let \vrule \hrule \let...
l.3483   \end{tabularx}
                       
./monthly.tex:3483: Misplaced \noalign.
\hline ->\noalign 
                  {\ifnum 0=`}\fi \let \hskip \vskip \let \vrule \hrule \let...
l.3483   \end{tabularx}
                       
./monthly.tex:3483: Misplaced \noalign.
\hline ->\noalign 
                  {\ifnum 0=`}\fi \let \hskip \vskip \let \vrule \hrule \let...
l.3483   \end{tabularx}
                       
./monthly.tex:3483: Misplaced \noalign.
\hline ->\noalign 
                  {\ifnum 0=`}\fi \let \hskip \vskip \let \vrule \hrule \let...
l.3483   \end{tabularx}
                       

Underfull \hbox (badness 10000) in paragraph at lines 3483--3486

[13]
./monthly.tex:3745: Misplaced \noalign.
\hline ->\noalign 
                  {\ifnum 0=`}\fi \let \hskip \vskip \let \vrule \hrule \let...
l.3745   \end{tabularx}
                       
./monthly.tex:3745: Misplaced \noalign.
\hline ->\noalign 
                  {\ifnum 0=`}\fi \let \hskip \vskip \let \vrule \hrule \let...
l.3745   \end{tabularx}
                       
./monthly.tex:3745: Misplaced \noalign.
\hline ->\noalign 
                  {\ifnum 0=`}\fi \let \hskip \vskip \let \vrule \hrule \let...
l.3745   \end{tabularx}
                       
./monthly.tex:3745: Misplaced \noalign.
\hline ->\noalign 
                  {\ifnum 0=`}\fi \let \hskip \vskip \let \vrule \hrule \let...
l.3745   \end{tabularx}
                       
./monthly.tex:3745: Misplaced \noalign.
\hline ->\noalign 
                  {\ifnum 0=`}\fi \let \hskip \vskip \let \vrule \hrule \let...
l.3745   \end{tabularx}
                       
./monthly.tex:3745: Misplaced \noalign.
\hline ->\noalign 
                  {\ifnum 0=`}\fi \let \hskip \vskip \let \vrule \hrule \let...
l.3745   \end{tabularx}
                       
./monthly.tex:3745: Misplaced \noalign.
\hline ->\noalign 
                  {\ifnum 0=`}\fi \let \hskip \vskip \let \vrule \hrule \let...
l.3745   \end{tabularx}
                       
./monthly.tex:3745: Misplaced \noalign.
\hline ->\noalign 
                  {\ifnum 0=`}\fi \let \hskip \vskip \let \vrule \hrule \let...
l.3745   \end{tabularx}
                       
./monthly.tex:3745: Misplaced \noalign.
\hline ->\noalign 
                  {\ifnum 0=`}\fi \let \hskip \vskip \let \vrule \hrule \let...
l.3745   \end{tabularx}
                       
./monthly.tex:3745: Misplaced \noalign.
\hline ->\noalign 
                  {\ifnum 0=`}\fi \let \hskip \vskip \let \vrule \hrule \let...
l.3745   \end{tabularx}
                       
./monthly.tex:3745: Misplaced \noalign.
\hline ->\noalign 
                  {\ifnum 0=`}\fi \let \hskip \vskip \let \vrule \hrule \let...
l.3745   \end{tabularx}
                       
./monthly.tex:3745: Misplaced \noalign.
\hline ->\noalign 
                  {\ifnum 0=`}\fi \let \hskip \vskip \let \vrule \hrule \let...
l.3745   \end{tabularx}
                       
./monthly.tex:3745: Misplaced \noalign.
\hline ->\noalign 
                  {\ifnum 0=`}\fi \let \hskip \vskip \let \vrule \hrule \let...
l.3745   \end{tabularx}
                       
./monthly.tex:3745: Misplaced \noalign.
\hline ->\noalign 
                  {\ifnum 0=`}\fi \let \hskip \vskip \let \vrule \hrule \let...
l.3745   \end{tabularx}
                       
./monthly.tex:3745: Misplaced \noalign.
\hline ->\noalign 
                  {\ifnum 0=`}\fi \let \hskip \vskip \let \vrule \hrule \let...
l.3745   \end{tabularx}
                       
./monthly.tex:3745: Misplaced \noalign.
\hline ->\noalign 
                  {\ifnum 0=`}\fi \let \hskip \vskip \let \vrule \hrule \let...
l.3745   \end{tabularx}
                       
./monthly.tex:3745: Misplaced \noalign.
\hline ->\noalign 
                  {\ifnum 0=`}\fi \let \hskip \vskip \let \vrule \hrule \let...
l.3745   \end{tabularx}
                       
./monthly.tex:3745: Misplaced \noalign.
\hline ->\noalign 
                  {\ifnum 0=`}\fi \let \hskip \vskip \let \vrule \hrule \let...
l.3745   \end{tabularx}
                       
./monthly.tex:3745: Misplaced \noalign.
\hline ->\noalign 
                  {\ifnum 0=`}\fi \let \hskip \vskip \let \vrule \hrule \let...
l.3745   \end{tabularx}
                       
./monthly.tex:3745: Misplaced \noalign.
\hline ->\noalign 
                  {\ifnum 0=`}\fi \let \hskip \vskip \let \vrule \hrule \let...
l.3745   \end{tabularx}
                       
./monthly.tex:3745: Misplaced \noalign.
\hline ->\noalign 
                  {\ifnum 0=`}\fi \let \hskip \vskip \let \vrule \hrule \let...
l.3745   \end{tabularx}
                       
./monthly.tex:3745: Misplaced \noalign.
\hline ->\noalign 
                  {\ifnum 0=`}\fi \let \hskip \vskip \let \vrule \hrule \let...
l.3745   \end{tabularx}
                       
./monthly.tex:3745: Misplaced \noalign.
\hline ->\noalign 
                  {\ifnum 0=`}\fi \let \hskip \vskip \let \vrule \hrule \let...
l.3745   \end{tabularx}
                       
./monthly.tex:3745: Misplaced \noalign.
\hline ->\noalign 
                  {\ifnum 0=`}\fi \let \hskip \vskip \let \vrule \hrule \let...
l.3745   \end{tabularx}
                       
./monthly.tex:3745: Misplaced \noalign.
\hline ->\noalign 
                  {\ifnum 0=`}\fi \let \hskip \vskip \let \vrule \hrule \let...
l.3745   \end{tabularx}
                       
./monthly.tex:3745: Misplaced \noalign.
\hline ->\noalign 
                  {\ifnum 0=`}\fi \let \hskip \vskip \let \vrule \hrule \let...
l.3745   \end{tabularx}
                       
./monthly.tex:3745: Misplaced \noalign.
\hline ->\noalign 
                  {\ifnum 0=`}\fi \let \hskip \vskip \let \vrule \hrule \let...
l.3745   \end{tabularx}
                       
./monthly.tex:3745: Misplaced \noalign.
\hline ->\noalign 
                  {\ifnum 0=`}\fi \let \hskip \vskip \let \vrule \hrule \let...
l.3745   \end{tabularx}
                       
./monthly.tex:3745: Misplaced \noalign.
\hline ->\noalign 
                  {\ifnum 0=`}\fi \let \hskip \vskip \let \vrule \hrule \let...
l.3745   \end{tabularx}
                       
./monthly.tex:3745: Misplaced \noalign.
\hline ->\noalign 
                  {\ifnum 0=`}\fi \let \hskip \vskip \let \vrule \hrule \let...
l.3745   \end{tabularx}
                       
./monthly.tex:3745: Misplaced \noalign.
\hline ->\noalign 
                  {\ifnum 0=`}\fi \let \hskip \vskip \let \vrule \hrule \let...
l.3745   \end{tabularx}
                       
./monthly.tex:3745: Misplaced \noalign.
\hline ->\noalign 
                  {\ifnum 0=`}\fi \let \hskip \vskip \let \vrule \hrule \let...
l.3745   \end{tabularx}
                       
./monthly.tex:3745: Misplaced \noalign.
\hline ->\noalign 
                  {\ifnum 0=`}\fi \let \hskip \vskip \let \vrule \hrule \let...
l.3745   \end{tabularx}
                       
./monthly.tex:3745: Misplaced \noalign.
\hline ->\noalign 
                  {\ifnum 0=`}\fi \let \hskip \vskip \let \vrule \hrule \let...
l.3745   \end{tabularx}
                       
./monthly.tex:3745: Misplaced \noalign.
\hline ->\noalign 
                  {\ifnum 0=`}\fi \let \hskip \vskip \let \vrule \hrule \let...
l.3745   \end{tabularx}
                       
./monthly.tex:3745: Misplaced \noalign.
\hline ->\noalign 
                  {\ifnum 0=`}\fi \let \hskip \vskip \let \vrule \hrule \let...
l.3745   \end{tabularx}
                       
./monthly.tex:3745: Misplaced \noalign.
\hline ->\noalign 
                  {\ifnum 0=`}\fi \let \hskip \vskip \let \vrule \hrule \let...
l.3745   \end{tabularx}
                       
./monthly.tex:3745: Misplaced \noalign.
\hline ->\noalign 
                  {\ifnum 0=`}\fi \let \hskip \vskip \let \vrule \hrule \let...
l.3745   \end{tabularx}
                       
./monthly.tex:3745: Misplaced \noalign.
\hline ->\noalign 
                  {\ifnum 0=`}\fi \let \hskip \vskip \let \vrule \hrule \let...
l.3745   \end{tabularx}
                       
./monthly.tex:3745: Misplaced \noalign.
\hline ->\noalign 
                  {\ifnum 0=`}\fi \let \hskip \vskip \let \vrule \hrule \let...
l.3745   \end{tabularx}
                       
./monthly.tex:3745: Misplaced \noalign.
\hline ->\noalign 
                  {\ifnum 0=`}\fi \let \hskip \vskip \let \vrule \hrule \let...
l.3745   \end{tabularx}
                       
./monthly.tex:3745: Misplaced \noalign.
\hline ->\noalign 
                  {\ifnum 0=`}\fi \let \hskip \vskip \let \vrule \hrule \let...
l.3745   \end{tabularx}
                       
./monthly.tex:3745: Misplaced \noalign.
\hline ->\noalign 
                  {\ifnum 0=`}\fi \let \hskip \vskip \let \vrule \hrule \let...
l.3745   \end{tabularx}
                       
./monthly.tex:3745: Misplaced \noalign.
\hline ->\noalign 
                  {\ifnum 0=`}\fi \let \hskip \vskip \let \vrule \hrule \let...
l.3745   \end{tabularx}
                       
./monthly.tex:3745: Misplaced \noalign.
\hline ->\noalign 
                  {\ifnum 0=`}\fi \let \hskip \vskip \let \vrule \hrule \let...
l.3745   \end{tabularx}
                       
./monthly.tex:3745: Misplaced \noalign.
\hline ->\noalign 
                  {\ifnum 0=`}\fi \let \hskip \vskip \let \vrule \hrule \let...
l.3745   \end{tabularx}
                       
./monthly.tex:3745: Misplaced \noalign.
\hline ->\noalign 
                  {\ifnum 0=`}\fi \let \hskip \vskip \let \vrule \hrule \let...
l.3745   \end{tabularx}
                       
./monthly.tex:3745: Misplaced \noalign.
\hline ->\noalign 
                  {\ifnum 0=`}\fi \let \hskip \vskip \let \vrule \hrule \let...
l.3745   \end{tabularx}
                       
./monthly.tex:3745: Misplaced \noalign.
\hline ->\noalign 
                  {\ifnum 0=`}\fi \let \hskip \vskip \let \vrule \hrule \let...
l.3745   \end{tabularx}
                       
./monthly.tex:3745: Misplaced \noalign.
\hline ->\noalign 
                  {\ifnum 0=`}\fi \let \hskip \vskip \let \vrule \hrule \let...
l.3745   \end{tabularx}
                       
./monthly.tex:3745: Misplaced \noalign.
\hline ->\noalign 
                  {\ifnum 0=`}\fi \let \hskip \vskip \let \vrule \hrule \let...
l.3745   \end{tabularx}
                       
./monthly.tex:3745: Misplaced \noalign.
\hline ->\noalign 
                  {\ifnum 0=`}\fi \let \hskip \vskip \let \vrule \hrule \let...
l.3745   \end{tabularx}
                       
./monthly.tex:3745: Misplaced \noalign.
\hline ->\noalign 
                  {\ifnum 0=`}\fi \let \hskip \vskip \let \vrule \hrule \let...
l.3745   \end{tabularx}
                       
./monthly.tex:3745: Misplaced \noalign.
\hline ->\noalign 
                  {\ifnum 0=`}\fi \let \hskip \vskip \let \vrule \hrule \let...
l.3745   \end{tabularx}
                       
./monthly.tex:3745: Misplaced \noalign.
\hline ->\noalign 
                  {\ifnum 0=`}\fi \let \hskip \vskip \let \vrule \hrule \let...
l.3745   \end{tabularx}
                       
./monthly.tex:3745: Misplaced \noalign.
\hline ->\noalign 
                  {\ifnum 0=`}\fi \let \hskip \vskip \let \vrule \hrule \let...
l.3745   \end{tabularx}
                       
./monthly.tex:3745: Misplaced \noalign.
\hline ->\noalign 
                  {\ifnum 0=`}\fi \let \hskip \vskip \let \vrule \hrule \let...
l.3745   \end{tabularx}
                       
./monthly.tex:3745: Misplaced \noalign.
\hline ->\noalign 
                  {\ifnum 0=`}\fi \let \hskip \vskip \let \vrule \hrule \let...
l.3745   \end{tabularx}
                       
./monthly.tex:3745: Misplaced \noalign.
\hline ->\noalign 
                  {\ifnum 0=`}\fi \let \hskip \vskip \let \vrule \hrule \let...
l.3745   \end{tabularx}
                       
./monthly.tex:3745: Misplaced \noalign.
\hline ->\noalign 
                  {\ifnum 0=`}\fi \let \hskip \vskip \let \vrule \hrule \let...
l.3745   \end{tabularx}
                       
./monthly.tex:3745: Misplaced \noalign.
\hline ->\noalign 
                  {\ifnum 0=`}\fi \let \hskip \vskip \let \vrule \hrule \let...
l.3745   \end{tabularx}
                       

Overfull \hbox (284.4004pt too wide) in paragraph at lines 3745--3745
[]|[][][] 
./monthly.tex:3745: Misplaced \noalign.
\hline ->\noalign 
                  {\ifnum 0=`}\fi \let \hskip \vskip \let \vrule \hrule \let...
l.3745   \end{tabularx}
                       
./monthly.tex:3745: Misplaced \noalign.
\hline ->\noalign 
                  {\ifnum 0=`}\fi \let \hskip \vskip \let \vrule \hrule \let...
l.3745   \end{tabularx}
                       
./monthly.tex:3745: Misplaced \noalign.
\hline ->\noalign 
                  {\ifnum 0=`}\fi \let \hskip \vskip \let \vrule \hrule \let...
l.3745   \end{tabularx}
                       
./monthly.tex:3745: Misplaced \noalign.
\hline ->\noalign 
                  {\ifnum 0=`}\fi \let \hskip \vskip \let \vrule \hrule \let...
l.3745   \end{tabularx}
                       
./monthly.tex:3745: Misplaced \noalign.
\hline ->\noalign 
                  {\ifnum 0=`}\fi \let \hskip \vskip \let \vrule \hrule \let...
l.3745   \end{tabularx}
                       
./monthly.tex:3745: Misplaced \noalign.
\hline ->\noalign 
                  {\ifnum 0=`}\fi \let \hskip \vskip \let \vrule \hrule \let...
l.3745   \end{tabularx}
                       
./monthly.tex:3745: Misplaced \noalign.
\hline ->\noalign 
                  {\ifnum 0=`}\fi \let \hskip \vskip \let \vrule \hrule \let...
l.3745   \end{tabularx}
                       
./monthly.tex:3745: Misplaced \noalign.
\hline ->\noalign 
                  {\ifnum 0=`}\fi \let \hskip \vskip \let \vrule \hrule \let...
l.3745   \end{tabularx}
                       
./monthly.tex:3745: Misplaced \noalign.
\hline ->\noalign 
                  {\ifnum 0=`}\fi \let \hskip \vskip \let \vrule \hrule \let...
l.3745   \end{tabularx}
                       
./monthly.tex:3745: Misplaced \noalign.
\hline ->\noalign 
                  {\ifnum 0=`}\fi \let \hskip \vskip \let \vrule \hrule \let...
l.3745   \end{tabularx}
                       
./monthly.tex:3745: Misplaced \noalign.
\hline ->\noalign 
                  {\ifnum 0=`}\fi \let \hskip \vskip \let \vrule \hrule \let...
l.3745   \end{tabularx}
                       
./monthly.tex:3745: Misplaced \noalign.
\hline ->\noalign 
                  {\ifnum 0=`}\fi \let \hskip \vskip \let \vrule \hrule \let...
l.3745   \end{tabularx}
                       
./monthly.tex:3745: Misplaced \noalign.
\hline ->\noalign 
                  {\ifnum 0=`}\fi \let \hskip \vskip \let \vrule \hrule \let...
l.3745   \end{tabularx}
                       
./monthly.tex:3745: Misplaced \noalign.
\hline ->\noalign 
                  {\ifnum 0=`}\fi \let \hskip \vskip \let \vrule \hrule \let...
l.3745   \end{tabularx}
                       
./monthly.tex:3745: Misplaced \noalign.
\hline ->\noalign 
                  {\ifnum 0=`}\fi \let \hskip \vskip \let \vrule \hrule \let...
l.3745   \end{tabularx}
                       

Overfull \hbox (227.52032pt too wide) in paragraph at lines 3745--3745
[]|[][][] 
./monthly.tex:3745: Misplaced \noalign.
\hline ->\noalign 
                  {\ifnum 0=`}\fi \let \hskip \vskip \let \vrule \hrule \let...
l.3745   \end{tabularx}
                       
./monthly.tex:3745: Misplaced \noalign.
\hline ->\noalign 
                  {\ifnum 0=`}\fi \let \hskip \vskip \let \vrule \hrule \let...
l.3745   \end{tabularx}
                       
./monthly.tex:3745: Misplaced \noalign.
\hline ->\noalign 
                  {\ifnum 0=`}\fi \let \hskip \vskip \let \vrule \hrule \let...
l.3745   \end{tabularx}
                       
./monthly.tex:3745: Misplaced \noalign.
\hline ->\noalign 
                  {\ifnum 0=`}\fi \let \hskip \vskip \let \vrule \hrule \let...
l.3745   \end{tabularx}
                       
./monthly.tex:3745: Misplaced \noalign.
\hline ->\noalign 
                  {\ifnum 0=`}\fi \let \hskip \vskip \let \vrule \hrule \let...
l.3745   \end{tabularx}
                       

Overfull \hbox (341.28049pt too wide) in paragraph at lines 3745--3745
[]|[][][] 
./monthly.tex:3745: Misplaced \noalign.
\hline ->\noalign 
                  {\ifnum 0=`}\fi \let \hskip \vskip \let \vrule \hrule \let...
l.3745   \end{tabularx}
                       
./monthly.tex:3745: Misplaced \noalign.
\hline ->\noalign 
                  {\ifnum 0=`}\fi \let \hskip \vskip \let \vrule \hrule \let...
l.3745   \end{tabularx}
                       
./monthly.tex:3745: Misplaced \noalign.
\hline ->\noalign 
                  {\ifnum 0=`}\fi \let \hskip \vskip \let \vrule \hrule \let...
l.3745   \end{tabularx}
                       
./monthly.tex:3745: Misplaced \noalign.
\hline ->\noalign 
                  {\ifnum 0=`}\fi \let \hskip \vskip \let \vrule \hrule \let...
l.3745   \end{tabularx}
                       
./monthly.tex:3745: Misplaced \noalign.
\hline ->\noalign 
                  {\ifnum 0=`}\fi \let \hskip \vskip \let \vrule \hrule \let...
l.3745   \end{tabularx}
                       

Overfull \hbox (56.88008pt too wide) in paragraph at lines 3745--3745
[]|[][][] 
./monthly.tex:3745: Misplaced \noalign.
\hline ->\noalign 
                  {\ifnum 0=`}\fi \let \hskip \vskip \let \vrule \hrule \let...
l.3745   \end{tabularx}
                       
./monthly.tex:3745: Misplaced \noalign.
\hline ->\noalign 
                  {\ifnum 0=`}\fi \let \hskip \vskip \let \vrule \hrule \let...
l.3745   \end{tabularx}
                       
./monthly.tex:3745: Misplaced \noalign.
\hline ->\noalign 
                  {\ifnum 0=`}\fi \let \hskip \vskip \let \vrule \hrule \let...
l.3745   \end{tabularx}
                       
./monthly.tex:3745: Misplaced \noalign.
\hline ->\noalign 
                  {\ifnum 0=`}\fi \let \hskip \vskip \let \vrule \hrule \let...
l.3745   \end{tabularx}
                       

Underfull \hbox (badness 10000) in paragraph at lines 3745--3748

[14]
./monthly.tex:4009: Misplaced \noalign.
\hline ->\noalign 
                  {\ifnum 0=`}\fi \let \hskip \vskip \let \vrule \hrule \let...
l.4009   \end{tabularx}
                       
./monthly.tex:4009: Misplaced \noalign.
\hline ->\noalign 
                  {\ifnum 0=`}\fi \let \hskip \vskip \let \vrule \hrule \let...
l.4009   \end{tabularx}
                       
./monthly.tex:4009: Misplaced \noalign.
\hline ->\noalign 
                  {\ifnum 0=`}\fi \let \hskip \vskip \let \vrule \hrule \let...
l.4009   \end{tabularx}
                       
./monthly.tex:4009: Misplaced \noalign.
\hline ->\noalign 
                  {\ifnum 0=`}\fi \let \hskip \vskip \let \vrule \hrule \let...
l.4009   \end{tabularx}
                       
./monthly.tex:4009: Misplaced \noalign.
\hline ->\noalign 
                  {\ifnum 0=`}\fi \let \hskip \vskip \let \vrule \hrule \let...
l.4009   \end{tabularx}
                       
./monthly.tex:4009: Misplaced \noalign.
\hline ->\noalign 
                  {\ifnum 0=`}\fi \let \hskip \vskip \let \vrule \hrule \let...
l.4009   \end{tabularx}
                       
./monthly.tex:4009: Misplaced \noalign.
\hline ->\noalign 
                  {\ifnum 0=`}\fi \let \hskip \vskip \let \vrule \hrule \let...
l.4009   \end{tabularx}
                       
./monthly.tex:4009: Misplaced \noalign.
\hline ->\noalign 
                  {\ifnum 0=`}\fi \let \hskip \vskip \let \vrule \hrule \let...
l.4009   \end{tabularx}
                       
./monthly.tex:4009: Misplaced \noalign.
\hline ->\noalign 
                  {\ifnum 0=`}\fi \let \hskip \vskip \let \vrule \hrule \let...
l.4009   \end{tabularx}
                       
./monthly.tex:4009: Misplaced \noalign.
\hline ->\noalign 
                  {\ifnum 0=`}\fi \let \hskip \vskip \let \vrule \hrule \let...
l.4009   \end{tabularx}
                       
./monthly.tex:4009: Misplaced \noalign.
\hline ->\noalign 
                  {\ifnum 0=`}\fi \let \hskip \vskip \let \vrule \hrule \let...
l.4009   \end{tabularx}
                       
./monthly.tex:4009: Misplaced \noalign.
\hline ->\noalign 
                  {\ifnum 0=`}\fi \let \hskip \vskip \let \vrule \hrule \let...
l.4009   \end{tabularx}
                       
./monthly.tex:4009: Misplaced \noalign.
\hline ->\noalign 
                  {\ifnum 0=`}\fi \let \hskip \vskip \let \vrule \hrule \let...
l.4009   \end{tabularx}
                       
./monthly.tex:4009: Misplaced \noalign.
\hline ->\noalign 
                  {\ifnum 0=`}\fi \let \hskip \vskip \let \vrule \hrule \let...
l.4009   \end{tabularx}
                       
./monthly.tex:4009: Misplaced \noalign.
\hline ->\noalign 
                  {\ifnum 0=`}\fi \let \hskip \vskip \let \vrule \hrule \let...
l.4009   \end{tabularx}
                       
./monthly.tex:4009: Misplaced \noalign.
\hline ->\noalign 
                  {\ifnum 0=`}\fi \let \hskip \vskip \let \vrule \hrule \let...
l.4009   \end{tabularx}
                       
./monthly.tex:4009: Misplaced \noalign.
\hline ->\noalign 
                  {\ifnum 0=`}\fi \let \hskip \vskip \let \vrule \hrule \let...
l.4009   \end{tabularx}
                       
./monthly.tex:4009: Misplaced \noalign.
\hline ->\noalign 
                  {\ifnum 0=`}\fi \let \hskip \vskip \let \vrule \hrule \let...
l.4009   \end{tabularx}
                       
./monthly.tex:4009: Misplaced \noalign.
\hline ->\noalign 
                  {\ifnum 0=`}\fi \let \hskip \vskip \let \vrule \hrule \let...
l.4009   \end{tabularx}
                       
./monthly.tex:4009: Misplaced \noalign.
\hline ->\noalign 
                  {\ifnum 0=`}\fi \let \hskip \vskip \let \vrule \hrule \let...
l.4009   \end{tabularx}
                       
./monthly.tex:4009: Misplaced \noalign.
\hline ->\noalign 
                  {\ifnum 0=`}\fi \let \hskip \vskip \let \vrule \hrule \let...
l.4009   \end{tabularx}
                       
./monthly.tex:4009: Misplaced \noalign.
\hline ->\noalign 
                  {\ifnum 0=`}\fi \let \hskip \vskip \let \vrule \hrule \let...
l.4009   \end{tabularx}
                       
./monthly.tex:4009: Misplaced \noalign.
\hline ->\noalign 
                  {\ifnum 0=`}\fi \let \hskip \vskip \let \vrule \hrule \let...
l.4009   \end{tabularx}
                       
./monthly.tex:4009: Misplaced \noalign.
\hline ->\noalign 
                  {\ifnum 0=`}\fi \let \hskip \vskip \let \vrule \hrule \let...
l.4009   \end{tabularx}
                       
./monthly.tex:4009: Misplaced \noalign.
\hline ->\noalign 
                  {\ifnum 0=`}\fi \let \hskip \vskip \let \vrule \hrule \let...
l.4009   \end{tabularx}
                       
./monthly.tex:4009: Misplaced \noalign.
\hline ->\noalign 
                  {\ifnum 0=`}\fi \let \hskip \vskip \let \vrule \hrule \let...
l.4009   \end{tabularx}
                       
./monthly.tex:4009: Misplaced \noalign.
\hline ->\noalign 
                  {\ifnum 0=`}\fi \let \hskip \vskip \let \vrule \hrule \let...
l.4009   \end{tabularx}
                       
./monthly.tex:4009: Misplaced \noalign.
\hline ->\noalign 
                  {\ifnum 0=`}\fi \let \hskip \vskip \let \vrule \hrule \let...
l.4009   \end{tabularx}
                       
./monthly.tex:4009: Misplaced \noalign.
\hline ->\noalign 
                  {\ifnum 0=`}\fi \let \hskip \vskip \let \vrule \hrule \let...
l.4009   \end{tabularx}
                       
./monthly.tex:4009: Misplaced \noalign.
\hline ->\noalign 
                  {\ifnum 0=`}\fi \let \hskip \vskip \let \vrule \hrule \let...
l.4009   \end{tabularx}
                       
./monthly.tex:4009: Misplaced \noalign.
\hline ->\noalign 
                  {\ifnum 0=`}\fi \let \hskip \vskip \let \vrule \hrule \let...
l.4009   \end{tabularx}
                       
./monthly.tex:4009: Misplaced \noalign.
\hline ->\noalign 
                  {\ifnum 0=`}\fi \let \hskip \vskip \let \vrule \hrule \let...
l.4009   \end{tabularx}
                       
./monthly.tex:4009: Misplaced \noalign.
\hline ->\noalign 
                  {\ifnum 0=`}\fi \let \hskip \vskip \let \vrule \hrule \let...
l.4009   \end{tabularx}
                       
./monthly.tex:4009: Misplaced \noalign.
\hline ->\noalign 
                  {\ifnum 0=`}\fi \let \hskip \vskip \let \vrule \hrule \let...
l.4009   \end{tabularx}
                       
./monthly.tex:4009: Misplaced \noalign.
\hline ->\noalign 
                  {\ifnum 0=`}\fi \let \hskip \vskip \let \vrule \hrule \let...
l.4009   \end{tabularx}
                       
./monthly.tex:4009: Misplaced \noalign.
\hline ->\noalign 
                  {\ifnum 0=`}\fi \let \hskip \vskip \let \vrule \hrule \let...
l.4009   \end{tabularx}
                       
./monthly.tex:4009: Misplaced \noalign.
\hline ->\noalign 
                  {\ifnum 0=`}\fi \let \hskip \vskip \let \vrule \hrule \let...
l.4009   \end{tabularx}
                       
./monthly.tex:4009: Misplaced \noalign.
\hline ->\noalign 
                  {\ifnum 0=`}\fi \let \hskip \vskip \let \vrule \hrule \let...
l.4009   \end{tabularx}
                       
./monthly.tex:4009: Misplaced \noalign.
\hline ->\noalign 
                  {\ifnum 0=`}\fi \let \hskip \vskip \let \vrule \hrule \let...
l.4009   \end{tabularx}
                       
./monthly.tex:4009: Misplaced \noalign.
\hline ->\noalign 
                  {\ifnum 0=`}\fi \let \hskip \vskip \let \vrule \hrule \let...
l.4009   \end{tabularx}
                       
./monthly.tex:4009: Misplaced \noalign.
\hline ->\noalign 
                  {\ifnum 0=`}\fi \let \hskip \vskip \let \vrule \hrule \let...
l.4009   \end{tabularx}
                       
./monthly.tex:4009: Misplaced \noalign.
\hline ->\noalign 
                  {\ifnum 0=`}\fi \let \hskip \vskip \let \vrule \hrule \let...
l.4009   \end{tabularx}
                       
./monthly.tex:4009: Misplaced \noalign.
\hline ->\noalign 
                  {\ifnum 0=`}\fi \let \hskip \vskip \let \vrule \hrule \let...
l.4009   \end{tabularx}
                       
./monthly.tex:4009: Misplaced \noalign.
\hline ->\noalign 
                  {\ifnum 0=`}\fi \let \hskip \vskip \let \vrule \hrule \let...
l.4009   \end{tabularx}
                       
./monthly.tex:4009: Misplaced \noalign.
\hline ->\noalign 
                  {\ifnum 0=`}\fi \let \hskip \vskip \let \vrule \hrule \let...
l.4009   \end{tabularx}
                       
./monthly.tex:4009: Misplaced \noalign.
\hline ->\noalign 
                  {\ifnum 0=`}\fi \let \hskip \vskip \let \vrule \hrule \let...
l.4009   \end{tabularx}
                       
./monthly.tex:4009: Misplaced \noalign.
\hline ->\noalign 
                  {\ifnum 0=`}\fi \let \hskip \vskip \let \vrule \hrule \let...
l.4009   \end{tabularx}
                       
./monthly.tex:4009: Misplaced \noalign.
\hline ->\noalign 
                  {\ifnum 0=`}\fi \let \hskip \vskip \let \vrule \hrule \let...
l.4009   \end{tabularx}
                       
./monthly.tex:4009: Misplaced \noalign.
\hline ->\noalign 
                  {\ifnum 0=`}\fi \let \hskip \vskip \let \vrule \hrule \let...
l.4009   \end{tabularx}
                       
./monthly.tex:4009: Misplaced \noalign.
\hline ->\noalign 
                  {\ifnum 0=`}\fi \let \hskip \vskip \let \vrule \hrule \let...
l.4009   \end{tabularx}
                       
./monthly.tex:4009: Misplaced \noalign.
\hline ->\noalign 
                  {\ifnum 0=`}\fi \let \hskip \vskip \let \vrule \hrule \let...
l.4009   \end{tabularx}
                       
./monthly.tex:4009: Misplaced \noalign.
\hline ->\noalign 
                  {\ifnum 0=`}\fi \let \hskip \vskip \let \vrule \hrule \let...
l.4009   \end{tabularx}
                       
./monthly.tex:4009: Misplaced \noalign.
\hline ->\noalign 
                  {\ifnum 0=`}\fi \let \hskip \vskip \let \vrule \hrule \let...
l.4009   \end{tabularx}
                       
./monthly.tex:4009: Misplaced \noalign.
\hline ->\noalign 
                  {\ifnum 0=`}\fi \let \hskip \vskip \let \vrule \hrule \let...
l.4009   \end{tabularx}
                       
./monthly.tex:4009: Misplaced \noalign.
\hline ->\noalign 
                  {\ifnum 0=`}\fi \let \hskip \vskip \let \vrule \hrule \let...
l.4009   \end{tabularx}
                       
./monthly.tex:4009: Misplaced \noalign.
\hline ->\noalign 
                  {\ifnum 0=`}\fi \let \hskip \vskip \let \vrule \hrule \let...
l.4009   \end{tabularx}
                       
./monthly.tex:4009: Misplaced \noalign.
\hline ->\noalign 
                  {\ifnum 0=`}\fi \let \hskip \vskip \let \vrule \hrule \let...
l.4009   \end{tabularx}
                       
./monthly.tex:4009: Misplaced \noalign.
\hline ->\noalign 
                  {\ifnum 0=`}\fi \let \hskip \vskip \let \vrule \hrule \let...
l.4009   \end{tabularx}
                       
./monthly.tex:4009: Misplaced \noalign.
\hline ->\noalign 
                  {\ifnum 0=`}\fi \let \hskip \vskip \let \vrule \hrule \let...
l.4009   \end{tabularx}
                       
./monthly.tex:4009: Misplaced \noalign.
\hline ->\noalign 
                  {\ifnum 0=`}\fi \let \hskip \vskip \let \vrule \hrule \let...
l.4009   \end{tabularx}
                       
./monthly.tex:4009: Misplaced \noalign.
\hline ->\noalign 
                  {\ifnum 0=`}\fi \let \hskip \vskip \let \vrule \hrule \let...
l.4009   \end{tabularx}
                       
./monthly.tex:4009: Misplaced \noalign.
\hline ->\noalign 
                  {\ifnum 0=`}\fi \let \hskip \vskip \let \vrule \hrule \let...
l.4009   \end{tabularx}
                       
./monthly.tex:4009: Misplaced \noalign.
\hline ->\noalign 
                  {\ifnum 0=`}\fi \let \hskip \vskip \let \vrule \hrule \let...
l.4009   \end{tabularx}
                       

Overfull \hbox (170.64024pt too wide) in paragraph at lines 4009--4009
[]|[][][] 
./monthly.tex:4009: Misplaced \noalign.
\hline ->\noalign 
                  {\ifnum 0=`}\fi \let \hskip \vskip \let \vrule \hrule \let...
l.4009   \end{tabularx}
                       
./monthly.tex:4009: Misplaced \noalign.
\hline ->\noalign 
                  {\ifnum 0=`}\fi \let \hskip \vskip \let \vrule \hrule \let...
l.4009   \end{tabularx}
                       
./monthly.tex:4009: Misplaced \noalign.
\hline ->\noalign 
                  {\ifnum 0=`}\fi \let \hskip \vskip \let \vrule \hrule \let...
l.4009   \end{tabularx}
                       
./monthly.tex:4009: Misplaced \noalign.
\hline ->\noalign 
                  {\ifnum 0=`}\fi \let \hskip \vskip \let \vrule \hrule \let...
l.4009   \end{tabularx}
                       
./monthly.tex:4009: Misplaced \noalign.
\hline ->\noalign 
                  {\ifnum 0=`}\fi \let \hskip \vskip \let \vrule \hrule \let...
l.4009   \end{tabularx}
                       
./monthly.tex:4009: Misplaced \noalign.
\hline ->\noalign 
                  {\ifnum 0=`}\fi \let \hskip \vskip \let \vrule \hrule \let...
l.4009   \end{tabularx}
                       
./monthly.tex:4009: Misplaced \noalign.
\hline ->\noalign 
                  {\ifnum 0=`}\fi \let \hskip \vskip \let \vrule \hrule \let...
l.4009   \end{tabularx}
                       
./monthly.tex:4009: Misplaced \noalign.
\hline ->\noalign 
                  {\ifnum 0=`}\fi \let \hskip \vskip \let \vrule \hrule \let...
l.4009   \end{tabularx}
                       
./monthly.tex:4009: Misplaced \noalign.
\hline ->\noalign 
                  {\ifnum 0=`}\fi \let \hskip \vskip \let \vrule \hrule \let...
l.4009   \end{tabularx}
                       
./monthly.tex:4009: Misplaced \noalign.
\hline ->\noalign 
                  {\ifnum 0=`}\fi \let \hskip \vskip \let \vrule \hrule \let...
l.4009   \end{tabularx}
                       
./monthly.tex:4009: Misplaced \noalign.
\hline ->\noalign 
                  {\ifnum 0=`}\fi \let \hskip \vskip \let \vrule \hrule \let...
l.4009   \end{tabularx}
                       
./monthly.tex:4009: Misplaced \noalign.
\hline ->\noalign 
                  {\ifnum 0=`}\fi \let \hskip \vskip \let \vrule \hrule \let...
l.4009   \end{tabularx}
                       
./monthly.tex:4009: Misplaced \noalign.
\hline ->\noalign 
                  {\ifnum 0=`}\fi \let \hskip \vskip \let \vrule \hrule \let...
l.4009   \end{tabularx}
                       
./monthly.tex:4009: Misplaced \noalign.
\hline ->\noalign 
                  {\ifnum 0=`}\fi \let \hskip \vskip \let \vrule \hrule \let...
l.4009   \end{tabularx}
                       
./monthly.tex:4009: Misplaced \noalign.
\hline ->\noalign 
                  {\ifnum 0=`}\fi \let \hskip \vskip \let \vrule \hrule \let...
l.4009   \end{tabularx}
                       
./monthly.tex:4009: Misplaced \noalign.
\hline ->\noalign 
                  {\ifnum 0=`}\fi \let \hskip \vskip \let \vrule \hrule \let...
l.4009   \end{tabularx}
                       
./monthly.tex:4009: Misplaced \noalign.
\hline ->\noalign 
                  {\ifnum 0=`}\fi \let \hskip \vskip \let \vrule \hrule \let...
l.4009   \end{tabularx}
                       
./monthly.tex:4009: Misplaced \noalign.
\hline ->\noalign 
                  {\ifnum 0=`}\fi \let \hskip \vskip \let \vrule \hrule \let...
l.4009   \end{tabularx}
                       
./monthly.tex:4009: Misplaced \noalign.
\hline ->\noalign 
                  {\ifnum 0=`}\fi \let \hskip \vskip \let \vrule \hrule \let...
l.4009   \end{tabularx}
                       
./monthly.tex:4009: Misplaced \noalign.
\hline ->\noalign 
                  {\ifnum 0=`}\fi \let \hskip \vskip \let \vrule \hrule \let...
l.4009   \end{tabularx}
                       
./monthly.tex:4009: Misplaced \noalign.
\hline ->\noalign 
                  {\ifnum 0=`}\fi \let \hskip \vskip \let \vrule \hrule \let...
l.4009   \end{tabularx}
                       
./monthly.tex:4009: Misplaced \noalign.
\hline ->\noalign 
                  {\ifnum 0=`}\fi \let \hskip \vskip \let \vrule \hrule \let...
l.4009   \end{tabularx}
                       
./monthly.tex:4009: Misplaced \noalign.
\hline ->\noalign 
                  {\ifnum 0=`}\fi \let \hskip \vskip \let \vrule \hrule \let...
l.4009   \end{tabularx}
                       
./monthly.tex:4009: Misplaced \noalign.
\hline ->\noalign 
                  {\ifnum 0=`}\fi \let \hskip \vskip \let \vrule \hrule \let...
l.4009   \end{tabularx}
                       
./monthly.tex:4009: Misplaced \noalign.
\hline ->\noalign 
                  {\ifnum 0=`}\fi \let \hskip \vskip \let \vrule \hrule \let...
l.4009   \end{tabularx}
                       

Overfull \hbox (341.28049pt too wide) in paragraph at lines 4009--4009
[]|[][][] 
./monthly.tex:4009: Misplaced \noalign.
\hline ->\noalign 
                  {\ifnum 0=`}\fi \let \hskip \vskip \let \vrule \hrule \let...
l.4009   \end{tabularx}
                       
./monthly.tex:4009: Misplaced \noalign.
\hline ->\noalign 
                  {\ifnum 0=`}\fi \let \hskip \vskip \let \vrule \hrule \let...
l.4009   \end{tabularx}
                       
./monthly.tex:4009: Misplaced \noalign.
\hline ->\noalign 
                  {\ifnum 0=`}\fi \let \hskip \vskip \let \vrule \hrule \let...
l.4009   \end{tabularx}
                       
./monthly.tex:4009: Misplaced \noalign.
\hline ->\noalign 
                  {\ifnum 0=`}\fi \let \hskip \vskip \let \vrule \hrule \let...
l.4009   \end{tabularx}
                       
./monthly.tex:4009: Misplaced \noalign.
\hline ->\noalign 
                  {\ifnum 0=`}\fi \let \hskip \vskip \let \vrule \hrule \let...
l.4009   \end{tabularx}
                       

Underfull \hbox (badness 10000) in paragraph at lines 4009--4012

[15]
./monthly.tex:4306: Misplaced \noalign.
\hline ->\noalign 
                  {\ifnum 0=`}\fi \let \hskip \vskip \let \vrule \hrule \let...
l.4306   \end{tabularx}
                       
./monthly.tex:4306: Misplaced \noalign.
\hline ->\noalign 
                  {\ifnum 0=`}\fi \let \hskip \vskip \let \vrule \hrule \let...
l.4306   \end{tabularx}
                       
./monthly.tex:4306: Misplaced \noalign.
\hline ->\noalign 
                  {\ifnum 0=`}\fi \let \hskip \vskip \let \vrule \hrule \let...
l.4306   \end{tabularx}
                       
./monthly.tex:4306: Misplaced \noalign.
\hline ->\noalign 
                  {\ifnum 0=`}\fi \let \hskip \vskip \let \vrule \hrule \let...
l.4306   \end{tabularx}
                       
./monthly.tex:4306: Misplaced \noalign.
\hline ->\noalign 
                  {\ifnum 0=`}\fi \let \hskip \vskip \let \vrule \hrule \let...
l.4306   \end{tabularx}
                       
./monthly.tex:4306: Misplaced \noalign.
\hline ->\noalign 
                  {\ifnum 0=`}\fi \let \hskip \vskip \let \vrule \hrule \let...
l.4306   \end{tabularx}
                       
./monthly.tex:4306: Misplaced \noalign.
\hline ->\noalign 
                  {\ifnum 0=`}\fi \let \hskip \vskip \let \vrule \hrule \let...
l.4306   \end{tabularx}
                       
./monthly.tex:4306: Misplaced \noalign.
\hline ->\noalign 
                  {\ifnum 0=`}\fi \let \hskip \vskip \let \vrule \hrule \let...
l.4306   \end{tabularx}
                       
./monthly.tex:4306: Misplaced \noalign.
\hline ->\noalign 
                  {\ifnum 0=`}\fi \let \hskip \vskip \let \vrule \hrule \let...
l.4306   \end{tabularx}
                       
./monthly.tex:4306: Misplaced \noalign.
\hline ->\noalign 
                  {\ifnum 0=`}\fi \let \hskip \vskip \let \vrule \hrule \let...
l.4306   \end{tabularx}
                       
./monthly.tex:4306: Misplaced \noalign.
\hline ->\noalign 
                  {\ifnum 0=`}\fi \let \hskip \vskip \let \vrule \hrule \let...
l.4306   \end{tabularx}
                       
./monthly.tex:4306: Misplaced \noalign.
\hline ->\noalign 
                  {\ifnum 0=`}\fi \let \hskip \vskip \let \vrule \hrule \let...
l.4306   \end{tabularx}
                       
./monthly.tex:4306: Misplaced \noalign.
\hline ->\noalign 
                  {\ifnum 0=`}\fi \let \hskip \vskip \let \vrule \hrule \let...
l.4306   \end{tabularx}
                       
./monthly.tex:4306: Misplaced \noalign.
\hline ->\noalign 
                  {\ifnum 0=`}\fi \let \hskip \vskip \let \vrule \hrule \let...
l.4306   \end{tabularx}
                       
./monthly.tex:4306: Misplaced \noalign.
\hline ->\noalign 
                  {\ifnum 0=`}\fi \let \hskip \vskip \let \vrule \hrule \let...
l.4306   \end{tabularx}
                       
./monthly.tex:4306: Misplaced \noalign.
\hline ->\noalign 
                  {\ifnum 0=`}\fi \let \hskip \vskip \let \vrule \hrule \let...
l.4306   \end{tabularx}
                       
./monthly.tex:4306: Misplaced \noalign.
\hline ->\noalign 
                  {\ifnum 0=`}\fi \let \hskip \vskip \let \vrule \hrule \let...
l.4306   \end{tabularx}
                       
./monthly.tex:4306: Misplaced \noalign.
\hline ->\noalign 
                  {\ifnum 0=`}\fi \let \hskip \vskip \let \vrule \hrule \let...
l.4306   \end{tabularx}
                       
./monthly.tex:4306: Misplaced \noalign.
\hline ->\noalign 
                  {\ifnum 0=`}\fi \let \hskip \vskip \let \vrule \hrule \let...
l.4306   \end{tabularx}
                       
./monthly.tex:4306: Misplaced \noalign.
\hline ->\noalign 
                  {\ifnum 0=`}\fi \let \hskip \vskip \let \vrule \hrule \let...
l.4306   \end{tabularx}
                       
./monthly.tex:4306: Misplaced \noalign.
\hline ->\noalign 
                  {\ifnum 0=`}\fi \let \hskip \vskip \let \vrule \hrule \let...
l.4306   \end{tabularx}
                       
./monthly.tex:4306: Misplaced \noalign.
\hline ->\noalign 
                  {\ifnum 0=`}\fi \let \hskip \vskip \let \vrule \hrule \let...
l.4306   \end{tabularx}
                       
./monthly.tex:4306: Misplaced \noalign.
\hline ->\noalign 
                  {\ifnum 0=`}\fi \let \hskip \vskip \let \vrule \hrule \let...
l.4306   \end{tabularx}
                       
./monthly.tex:4306: Misplaced \noalign.
\hline ->\noalign 
                  {\ifnum 0=`}\fi \let \hskip \vskip \let \vrule \hrule \let...
l.4306   \end{tabularx}
                       
./monthly.tex:4306: Misplaced \noalign.
\hline ->\noalign 
                  {\ifnum 0=`}\fi \let \hskip \vskip \let \vrule \hrule \let...
l.4306   \end{tabularx}
                       
./monthly.tex:4306: Misplaced \noalign.
\hline ->\noalign 
                  {\ifnum 0=`}\fi \let \hskip \vskip \let \vrule \hrule \let...
l.4306   \end{tabularx}
                       
./monthly.tex:4306: Misplaced \noalign.
\hline ->\noalign 
                  {\ifnum 0=`}\fi \let \hskip \vskip \let \vrule \hrule \let...
l.4306   \end{tabularx}
                       
./monthly.tex:4306: Misplaced \noalign.
\hline ->\noalign 
                  {\ifnum 0=`}\fi \let \hskip \vskip \let \vrule \hrule \let...
l.4306   \end{tabularx}
                       
./monthly.tex:4306: Misplaced \noalign.
\hline ->\noalign 
                  {\ifnum 0=`}\fi \let \hskip \vskip \let \vrule \hrule \let...
l.4306   \end{tabularx}
                       
./monthly.tex:4306: Misplaced \noalign.
\hline ->\noalign 
                  {\ifnum 0=`}\fi \let \hskip \vskip \let \vrule \hrule \let...
l.4306   \end{tabularx}
                       
./monthly.tex:4306: Misplaced \noalign.
\hline ->\noalign 
                  {\ifnum 0=`}\fi \let \hskip \vskip \let \vrule \hrule \let...
l.4306   \end{tabularx}
                       
./monthly.tex:4306: Misplaced \noalign.
\hline ->\noalign 
                  {\ifnum 0=`}\fi \let \hskip \vskip \let \vrule \hrule \let...
l.4306   \end{tabularx}
                       
./monthly.tex:4306: Misplaced \noalign.
\hline ->\noalign 
                  {\ifnum 0=`}\fi \let \hskip \vskip \let \vrule \hrule \let...
l.4306   \end{tabularx}
                       
./monthly.tex:4306: Misplaced \noalign.
\hline ->\noalign 
                  {\ifnum 0=`}\fi \let \hskip \vskip \let \vrule \hrule \let...
l.4306   \end{tabularx}
                       
./monthly.tex:4306: Misplaced \noalign.
\hline ->\noalign 
                  {\ifnum 0=`}\fi \let \hskip \vskip \let \vrule \hrule \let...
l.4306   \end{tabularx}
                       
./monthly.tex:4306: Misplaced \noalign.
\hline ->\noalign 
                  {\ifnum 0=`}\fi \let \hskip \vskip \let \vrule \hrule \let...
l.4306   \end{tabularx}
                       
./monthly.tex:4306: Misplaced \noalign.
\hline ->\noalign 
                  {\ifnum 0=`}\fi \let \hskip \vskip \let \vrule \hrule \let...
l.4306   \end{tabularx}
                       
./monthly.tex:4306: Misplaced \noalign.
\hline ->\noalign 
                  {\ifnum 0=`}\fi \let \hskip \vskip \let \vrule \hrule \let...
l.4306   \end{tabularx}
                       
./monthly.tex:4306: Misplaced \noalign.
\hline ->\noalign 
                  {\ifnum 0=`}\fi \let \hskip \vskip \let \vrule \hrule \let...
l.4306   \end{tabularx}
                       
./monthly.tex:4306: Misplaced \noalign.
\hline ->\noalign 
                  {\ifnum 0=`}\fi \let \hskip \vskip \let \vrule \hrule \let...
l.4306   \end{tabularx}
                       
./monthly.tex:4306: Misplaced \noalign.
\hline ->\noalign 
                  {\ifnum 0=`}\fi \let \hskip \vskip \let \vrule \hrule \let...
l.4306   \end{tabularx}
                       
./monthly.tex:4306: Misplaced \noalign.
\hline ->\noalign 
                  {\ifnum 0=`}\fi \let \hskip \vskip \let \vrule \hrule \let...
l.4306   \end{tabularx}
                       
./monthly.tex:4306: Misplaced \noalign.
\hline ->\noalign 
                  {\ifnum 0=`}\fi \let \hskip \vskip \let \vrule \hrule \let...
l.4306   \end{tabularx}
                       
./monthly.tex:4306: Misplaced \noalign.
\hline ->\noalign 
                  {\ifnum 0=`}\fi \let \hskip \vskip \let \vrule \hrule \let...
l.4306   \end{tabularx}
                       
./monthly.tex:4306: Misplaced \noalign.
\hline ->\noalign 
                  {\ifnum 0=`}\fi \let \hskip \vskip \let \vrule \hrule \let...
l.4306   \end{tabularx}
                       
./monthly.tex:4306: Misplaced \noalign.
\hline ->\noalign 
                  {\ifnum 0=`}\fi \let \hskip \vskip \let \vrule \hrule \let...
l.4306   \end{tabularx}
                       
./monthly.tex:4306: Misplaced \noalign.
\hline ->\noalign 
                  {\ifnum 0=`}\fi \let \hskip \vskip \let \vrule \hrule \let...
l.4306   \end{tabularx}
                       
./monthly.tex:4306: Misplaced \noalign.
\hline ->\noalign 
                  {\ifnum 0=`}\fi \let \hskip \vskip \let \vrule \hrule \let...
l.4306   \end{tabularx}
                       
./monthly.tex:4306: Misplaced \noalign.
\hline ->\noalign 
                  {\ifnum 0=`}\fi \let \hskip \vskip \let \vrule \hrule \let...
l.4306   \end{tabularx}
                       
./monthly.tex:4306: Misplaced \noalign.
\hline ->\noalign 
                  {\ifnum 0=`}\fi \let \hskip \vskip \let \vrule \hrule \let...
l.4306   \end{tabularx}
                       
./monthly.tex:4306: Misplaced \noalign.
\hline ->\noalign 
                  {\ifnum 0=`}\fi \let \hskip \vskip \let \vrule \hrule \let...
l.4306   \end{tabularx}
                       
./monthly.tex:4306: Misplaced \noalign.
\hline ->\noalign 
                  {\ifnum 0=`}\fi \let \hskip \vskip \let \vrule \hrule \let...
l.4306   \end{tabularx}
                       
./monthly.tex:4306: Misplaced \noalign.
\hline ->\noalign 
                  {\ifnum 0=`}\fi \let \hskip \vskip \let \vrule \hrule \let...
l.4306   \end{tabularx}
                       
./monthly.tex:4306: Misplaced \noalign.
\hline ->\noalign 
                  {\ifnum 0=`}\fi \let \hskip \vskip \let \vrule \hrule \let...
l.4306   \end{tabularx}
                       
./monthly.tex:4306: Misplaced \noalign.
\hline ->\noalign 
                  {\ifnum 0=`}\fi \let \hskip \vskip \let \vrule \hrule \let...
l.4306   \end{tabularx}
                       
./monthly.tex:4306: Misplaced \noalign.
\hline ->\noalign 
                  {\ifnum 0=`}\fi \let \hskip \vskip \let \vrule \hrule \let...
l.4306   \end{tabularx}
                       
./monthly.tex:4306: Misplaced \noalign.
\hline ->\noalign 
                  {\ifnum 0=`}\fi \let \hskip \vskip \let \vrule \hrule \let...
l.4306   \end{tabularx}
                       
./monthly.tex:4306: Misplaced \noalign.
\hline ->\noalign 
                  {\ifnum 0=`}\fi \let \hskip \vskip \let \vrule \hrule \let...
l.4306   \end{tabularx}
                       
./monthly.tex:4306: Misplaced \noalign.
\hline ->\noalign 
                  {\ifnum 0=`}\fi \let \hskip \vskip \let \vrule \hrule \let...
l.4306   \end{tabularx}
                       
./monthly.tex:4306: Misplaced \noalign.
\hline ->\noalign 
                  {\ifnum 0=`}\fi \let \hskip \vskip \let \vrule \hrule \let...
l.4306   \end{tabularx}
                       
./monthly.tex:4306: Misplaced \noalign.
\hline ->\noalign 
                  {\ifnum 0=`}\fi \let \hskip \vskip \let \vrule \hrule \let...
l.4306   \end{tabularx}
                       
./monthly.tex:4306: Misplaced \noalign.
\hline ->\noalign 
                  {\ifnum 0=`}\fi \let \hskip \vskip \let \vrule \hrule \let...
l.4306   \end{tabularx}
                       
./monthly.tex:4306: Misplaced \noalign.
\hline ->\noalign 
                  {\ifnum 0=`}\fi \let \hskip \vskip \let \vrule \hrule \let...
l.4306   \end{tabularx}
                       
./monthly.tex:4306: Misplaced \noalign.
\hline ->\noalign 
                  {\ifnum 0=`}\fi \let \hskip \vskip \let \vrule \hrule \let...
l.4306   \end{tabularx}
                       
./monthly.tex:4306: Misplaced \noalign.
\hline ->\noalign 
                  {\ifnum 0=`}\fi \let \hskip \vskip \let \vrule \hrule \let...
l.4306   \end{tabularx}
                       
./monthly.tex:4306: Misplaced \noalign.
\hline ->\noalign 
                  {\ifnum 0=`}\fi \let \hskip \vskip \let \vrule \hrule \let...
l.4306   \end{tabularx}
                       
./monthly.tex:4306: Misplaced \noalign.
\hline ->\noalign 
                  {\ifnum 0=`}\fi \let \hskip \vskip \let \vrule \hrule \let...
l.4306   \end{tabularx}
                       
./monthly.tex:4306: Misplaced \noalign.
\hline ->\noalign 
                  {\ifnum 0=`}\fi \let \hskip \vskip \let \vrule \hrule \let...
l.4306   \end{tabularx}
                       
./monthly.tex:4306: Misplaced \noalign.
\hline ->\noalign 
                  {\ifnum 0=`}\fi \let \hskip \vskip \let \vrule \hrule \let...
l.4306   \end{tabularx}
                       
./monthly.tex:4306: Misplaced \noalign.
\hline ->\noalign 
                  {\ifnum 0=`}\fi \let \hskip \vskip \let \vrule \hrule \let...
l.4306   \end{tabularx}
                       
./monthly.tex:4306: Misplaced \noalign.
\hline ->\noalign 
                  {\ifnum 0=`}\fi \let \hskip \vskip \let \vrule \hrule \let...
l.4306   \end{tabularx}
                       

Overfull \hbox (227.52032pt too wide) in paragraph at lines 4306--4306
[]|[][][] 
./monthly.tex:4306: Misplaced \noalign.
\hline ->\noalign 
                  {\ifnum 0=`}\fi \let \hskip \vskip \let \vrule \hrule \let...
l.4306   \end{tabularx}
                       
./monthly.tex:4306: Misplaced \noalign.
\hline ->\noalign 
                  {\ifnum 0=`}\fi \let \hskip \vskip \let \vrule \hrule \let...
l.4306   \end{tabularx}
                       
./monthly.tex:4306: Misplaced \noalign.
\hline ->\noalign 
                  {\ifnum 0=`}\fi \let \hskip \vskip \let \vrule \hrule \let...
l.4306   \end{tabularx}
                       
./monthly.tex:4306: Misplaced \noalign.
\hline ->\noalign 
                  {\ifnum 0=`}\fi \let \hskip \vskip \let \vrule \hrule \let...
l.4306   \end{tabularx}
                       
./monthly.tex:4306: Misplaced \noalign.
\hline ->\noalign 
                  {\ifnum 0=`}\fi \let \hskip \vskip \let \vrule \hrule \let...
l.4306   \end{tabularx}
                       
./monthly.tex:4306: Misplaced \noalign.
\hline ->\noalign 
                  {\ifnum 0=`}\fi \let \hskip \vskip \let \vrule \hrule \let...
l.4306   \end{tabularx}
                       
./monthly.tex:4306: Misplaced \noalign.
\hline ->\noalign 
                  {\ifnum 0=`}\fi \let \hskip \vskip \let \vrule \hrule \let...
l.4306   \end{tabularx}
                       
./monthly.tex:4306: Misplaced \noalign.
\hline ->\noalign 
                  {\ifnum 0=`}\fi \let \hskip \vskip \let \vrule \hrule \let...
l.4306   \end{tabularx}
                       
./monthly.tex:4306: Misplaced \noalign.
\hline ->\noalign 
                  {\ifnum 0=`}\fi \let \hskip \vskip \let \vrule \hrule \let...
l.4306   \end{tabularx}
                       
./monthly.tex:4306: Misplaced \noalign.
\hline ->\noalign 
                  {\ifnum 0=`}\fi \let \hskip \vskip \let \vrule \hrule \let...
l.4306   \end{tabularx}
                       
./monthly.tex:4306: Misplaced \noalign.
\hline ->\noalign 
                  {\ifnum 0=`}\fi \let \hskip \vskip \let \vrule \hrule \let...
l.4306   \end{tabularx}
                       
./monthly.tex:4306: Misplaced \noalign.
\hline ->\noalign 
                  {\ifnum 0=`}\fi \let \hskip \vskip \let \vrule \hrule \let...
l.4306   \end{tabularx}
                       
./monthly.tex:4306: Misplaced \noalign.
\hline ->\noalign 
                  {\ifnum 0=`}\fi \let \hskip \vskip \let \vrule \hrule \let...
l.4306   \end{tabularx}
                       
./monthly.tex:4306: Misplaced \noalign.
\hline ->\noalign 
                  {\ifnum 0=`}\fi \let \hskip \vskip \let \vrule \hrule \let...
l.4306   \end{tabularx}
                       
./monthly.tex:4306: Misplaced \noalign.
\hline ->\noalign 
                  {\ifnum 0=`}\fi \let \hskip \vskip \let \vrule \hrule \let...
l.4306   \end{tabularx}
                       
./monthly.tex:4306: Misplaced \noalign.
\hline ->\noalign 
                  {\ifnum 0=`}\fi \let \hskip \vskip \let \vrule \hrule \let...
l.4306   \end{tabularx}
                       
./monthly.tex:4306: Misplaced \noalign.
\hline ->\noalign 
                  {\ifnum 0=`}\fi \let \hskip \vskip \let \vrule \hrule \let...
l.4306   \end{tabularx}
                       
./monthly.tex:4306: Misplaced \noalign.
\hline ->\noalign 
                  {\ifnum 0=`}\fi \let \hskip \vskip \let \vrule \hrule \let...
l.4306   \end{tabularx}
                       
./monthly.tex:4306: Misplaced \noalign.
\hline ->\noalign 
                  {\ifnum 0=`}\fi \let \hskip \vskip \let \vrule \hrule \let...
l.4306   \end{tabularx}
                       

Underfull \hbox (badness 10000) in paragraph at lines 4306--4309

[16]
./monthly.tex:4570: Misplaced \noalign.
\hline ->\noalign 
                  {\ifnum 0=`}\fi \let \hskip \vskip \let \vrule \hrule \let...
l.4570   \end{tabularx}
                       
./monthly.tex:4570: Misplaced \noalign.
\hline ->\noalign 
                  {\ifnum 0=`}\fi \let \hskip \vskip \let \vrule \hrule \let...
l.4570   \end{tabularx}
                       
./monthly.tex:4570: Misplaced \noalign.
\hline ->\noalign 
                  {\ifnum 0=`}\fi \let \hskip \vskip \let \vrule \hrule \let...
l.4570   \end{tabularx}
                       
./monthly.tex:4570: Misplaced \noalign.
\hline ->\noalign 
                  {\ifnum 0=`}\fi \let \hskip \vskip \let \vrule \hrule \let...
l.4570   \end{tabularx}
                       
./monthly.tex:4570: Misplaced \noalign.
\hline ->\noalign 
                  {\ifnum 0=`}\fi \let \hskip \vskip \let \vrule \hrule \let...
l.4570   \end{tabularx}
                       
./monthly.tex:4570: Misplaced \noalign.
\hline ->\noalign 
                  {\ifnum 0=`}\fi \let \hskip \vskip \let \vrule \hrule \let...
l.4570   \end{tabularx}
                       
./monthly.tex:4570: Misplaced \noalign.
\hline ->\noalign 
                  {\ifnum 0=`}\fi \let \hskip \vskip \let \vrule \hrule \let...
l.4570   \end{tabularx}
                       
./monthly.tex:4570: Misplaced \noalign.
\hline ->\noalign 
                  {\ifnum 0=`}\fi \let \hskip \vskip \let \vrule \hrule \let...
l.4570   \end{tabularx}
                       
./monthly.tex:4570: Misplaced \noalign.
\hline ->\noalign 
                  {\ifnum 0=`}\fi \let \hskip \vskip \let \vrule \hrule \let...
l.4570   \end{tabularx}
                       
./monthly.tex:4570: Misplaced \noalign.
\hline ->\noalign 
                  {\ifnum 0=`}\fi \let \hskip \vskip \let \vrule \hrule \let...
l.4570   \end{tabularx}
                       
./monthly.tex:4570: Misplaced \noalign.
\hline ->\noalign 
                  {\ifnum 0=`}\fi \let \hskip \vskip \let \vrule \hrule \let...
l.4570   \end{tabularx}
                       
./monthly.tex:4570: Misplaced \noalign.
\hline ->\noalign 
                  {\ifnum 0=`}\fi \let \hskip \vskip \let \vrule \hrule \let...
l.4570   \end{tabularx}
                       
./monthly.tex:4570: Misplaced \noalign.
\hline ->\noalign 
                  {\ifnum 0=`}\fi \let \hskip \vskip \let \vrule \hrule \let...
l.4570   \end{tabularx}
                       
./monthly.tex:4570: Misplaced \noalign.
\hline ->\noalign 
                  {\ifnum 0=`}\fi \let \hskip \vskip \let \vrule \hrule \let...
l.4570   \end{tabularx}
                       
./monthly.tex:4570: Misplaced \noalign.
\hline ->\noalign 
                  {\ifnum 0=`}\fi \let \hskip \vskip \let \vrule \hrule \let...
l.4570   \end{tabularx}
                       
./monthly.tex:4570: Misplaced \noalign.
\hline ->\noalign 
                  {\ifnum 0=`}\fi \let \hskip \vskip \let \vrule \hrule \let...
l.4570   \end{tabularx}
                       
./monthly.tex:4570: Misplaced \noalign.
\hline ->\noalign 
                  {\ifnum 0=`}\fi \let \hskip \vskip \let \vrule \hrule \let...
l.4570   \end{tabularx}
                       
./monthly.tex:4570: Misplaced \noalign.
\hline ->\noalign 
                  {\ifnum 0=`}\fi \let \hskip \vskip \let \vrule \hrule \let...
l.4570   \end{tabularx}
                       
./monthly.tex:4570: Misplaced \noalign.
\hline ->\noalign 
                  {\ifnum 0=`}\fi \let \hskip \vskip \let \vrule \hrule \let...
l.4570   \end{tabularx}
                       
./monthly.tex:4570: Misplaced \noalign.
\hline ->\noalign 
                  {\ifnum 0=`}\fi \let \hskip \vskip \let \vrule \hrule \let...
l.4570   \end{tabularx}
                       
./monthly.tex:4570: Misplaced \noalign.
\hline ->\noalign 
                  {\ifnum 0=`}\fi \let \hskip \vskip \let \vrule \hrule \let...
l.4570   \end{tabularx}
                       
./monthly.tex:4570: Misplaced \noalign.
\hline ->\noalign 
                  {\ifnum 0=`}\fi \let \hskip \vskip \let \vrule \hrule \let...
l.4570   \end{tabularx}
                       
./monthly.tex:4570: Misplaced \noalign.
\hline ->\noalign 
                  {\ifnum 0=`}\fi \let \hskip \vskip \let \vrule \hrule \let...
l.4570   \end{tabularx}
                       
./monthly.tex:4570: Misplaced \noalign.
\hline ->\noalign 
                  {\ifnum 0=`}\fi \let \hskip \vskip \let \vrule \hrule \let...
l.4570   \end{tabularx}
                       
./monthly.tex:4570: Misplaced \noalign.
\hline ->\noalign 
                  {\ifnum 0=`}\fi \let \hskip \vskip \let \vrule \hrule \let...
l.4570   \end{tabularx}
                       
./monthly.tex:4570: Misplaced \noalign.
\hline ->\noalign 
                  {\ifnum 0=`}\fi \let \hskip \vskip \let \vrule \hrule \let...
l.4570   \end{tabularx}
                       
./monthly.tex:4570: Misplaced \noalign.
\hline ->\noalign 
                  {\ifnum 0=`}\fi \let \hskip \vskip \let \vrule \hrule \let...
l.4570   \end{tabularx}
                       
./monthly.tex:4570: Misplaced \noalign.
\hline ->\noalign 
                  {\ifnum 0=`}\fi \let \hskip \vskip \let \vrule \hrule \let...
l.4570   \end{tabularx}
                       
./monthly.tex:4570: Misplaced \noalign.
\hline ->\noalign 
                  {\ifnum 0=`}\fi \let \hskip \vskip \let \vrule \hrule \let...
l.4570   \end{tabularx}
                       
./monthly.tex:4570: Misplaced \noalign.
\hline ->\noalign 
                  {\ifnum 0=`}\fi \let \hskip \vskip \let \vrule \hrule \let...
l.4570   \end{tabularx}
                       
./monthly.tex:4570: Misplaced \noalign.
\hline ->\noalign 
                  {\ifnum 0=`}\fi \let \hskip \vskip \let \vrule \hrule \let...
l.4570   \end{tabularx}
                       
./monthly.tex:4570: Misplaced \noalign.
\hline ->\noalign 
                  {\ifnum 0=`}\fi \let \hskip \vskip \let \vrule \hrule \let...
l.4570   \end{tabularx}
                       
./monthly.tex:4570: Misplaced \noalign.
\hline ->\noalign 
                  {\ifnum 0=`}\fi \let \hskip \vskip \let \vrule \hrule \let...
l.4570   \end{tabularx}
                       
./monthly.tex:4570: Misplaced \noalign.
\hline ->\noalign 
                  {\ifnum 0=`}\fi \let \hskip \vskip \let \vrule \hrule \let...
l.4570   \end{tabularx}
                       
./monthly.tex:4570: Misplaced \noalign.
\hline ->\noalign 
                  {\ifnum 0=`}\fi \let \hskip \vskip \let \vrule \hrule \let...
l.4570   \end{tabularx}
                       
./monthly.tex:4570: Misplaced \noalign.
\hline ->\noalign 
                  {\ifnum 0=`}\fi \let \hskip \vskip \let \vrule \hrule \let...
l.4570   \end{tabularx}
                       
./monthly.tex:4570: Misplaced \noalign.
\hline ->\noalign 
                  {\ifnum 0=`}\fi \let \hskip \vskip \let \vrule \hrule \let...
l.4570   \end{tabularx}
                       
./monthly.tex:4570: Misplaced \noalign.
\hline ->\noalign 
                  {\ifnum 0=`}\fi \let \hskip \vskip \let \vrule \hrule \let...
l.4570   \end{tabularx}
                       
./monthly.tex:4570: Misplaced \noalign.
\hline ->\noalign 
                  {\ifnum 0=`}\fi \let \hskip \vskip \let \vrule \hrule \let...
l.4570   \end{tabularx}
                       
./monthly.tex:4570: Misplaced \noalign.
\hline ->\noalign 
                  {\ifnum 0=`}\fi \let \hskip \vskip \let \vrule \hrule \let...
l.4570   \end{tabularx}
                       
./monthly.tex:4570: Misplaced \noalign.
\hline ->\noalign 
                  {\ifnum 0=`}\fi \let \hskip \vskip \let \vrule \hrule \let...
l.4570   \end{tabularx}
                       
./monthly.tex:4570: Misplaced \noalign.
\hline ->\noalign 
                  {\ifnum 0=`}\fi \let \hskip \vskip \let \vrule \hrule \let...
l.4570   \end{tabularx}
                       
./monthly.tex:4570: Misplaced \noalign.
\hline ->\noalign 
                  {\ifnum 0=`}\fi \let \hskip \vskip \let \vrule \hrule \let...
l.4570   \end{tabularx}
                       
./monthly.tex:4570: Misplaced \noalign.
\hline ->\noalign 
                  {\ifnum 0=`}\fi \let \hskip \vskip \let \vrule \hrule \let...
l.4570   \end{tabularx}
                       
./monthly.tex:4570: Misplaced \noalign.
\hline ->\noalign 
                  {\ifnum 0=`}\fi \let \hskip \vskip \let \vrule \hrule \let...
l.4570   \end{tabularx}
                       
./monthly.tex:4570: Misplaced \noalign.
\hline ->\noalign 
                  {\ifnum 0=`}\fi \let \hskip \vskip \let \vrule \hrule \let...
l.4570   \end{tabularx}
                       
./monthly.tex:4570: Misplaced \noalign.
\hline ->\noalign 
                  {\ifnum 0=`}\fi \let \hskip \vskip \let \vrule \hrule \let...
l.4570   \end{tabularx}
                       
./monthly.tex:4570: Misplaced \noalign.
\hline ->\noalign 
                  {\ifnum 0=`}\fi \let \hskip \vskip \let \vrule \hrule \let...
l.4570   \end{tabularx}
                       
./monthly.tex:4570: Misplaced \noalign.
\hline ->\noalign 
                  {\ifnum 0=`}\fi \let \hskip \vskip \let \vrule \hrule \let...
l.4570   \end{tabularx}
                       
./monthly.tex:4570: Misplaced \noalign.
\hline ->\noalign 
                  {\ifnum 0=`}\fi \let \hskip \vskip \let \vrule \hrule \let...
l.4570   \end{tabularx}
                       
./monthly.tex:4570: Misplaced \noalign.
\hline ->\noalign 
                  {\ifnum 0=`}\fi \let \hskip \vskip \let \vrule \hrule \let...
l.4570   \end{tabularx}
                       
./monthly.tex:4570: Misplaced \noalign.
\hline ->\noalign 
                  {\ifnum 0=`}\fi \let \hskip \vskip \let \vrule \hrule \let...
l.4570   \end{tabularx}
                       
./monthly.tex:4570: Misplaced \noalign.
\hline ->\noalign 
                  {\ifnum 0=`}\fi \let \hskip \vskip \let \vrule \hrule \let...
l.4570   \end{tabularx}
                       
./monthly.tex:4570: Misplaced \noalign.
\hline ->\noalign 
                  {\ifnum 0=`}\fi \let \hskip \vskip \let \vrule \hrule \let...
l.4570   \end{tabularx}
                       
./monthly.tex:4570: Misplaced \noalign.
\hline ->\noalign 
                  {\ifnum 0=`}\fi \let \hskip \vskip \let \vrule \hrule \let...
l.4570   \end{tabularx}
                       
./monthly.tex:4570: Misplaced \noalign.
\hline ->\noalign 
                  {\ifnum 0=`}\fi \let \hskip \vskip \let \vrule \hrule \let...
l.4570   \end{tabularx}
                       
./monthly.tex:4570: Misplaced \noalign.
\hline ->\noalign 
                  {\ifnum 0=`}\fi \let \hskip \vskip \let \vrule \hrule \let...
l.4570   \end{tabularx}
                       
./monthly.tex:4570: Misplaced \noalign.
\hline ->\noalign 
                  {\ifnum 0=`}\fi \let \hskip \vskip \let \vrule \hrule \let...
l.4570   \end{tabularx}
                       
./monthly.tex:4570: Misplaced \noalign.
\hline ->\noalign 
                  {\ifnum 0=`}\fi \let \hskip \vskip \let \vrule \hrule \let...
l.4570   \end{tabularx}
                       
./monthly.tex:4570: Misplaced \noalign.
\hline ->\noalign 
                  {\ifnum 0=`}\fi \let \hskip \vskip \let \vrule \hrule \let...
l.4570   \end{tabularx}
                       
./monthly.tex:4570: Misplaced \noalign.
\hline ->\noalign 
                  {\ifnum 0=`}\fi \let \hskip \vskip \let \vrule \hrule \let...
l.4570   \end{tabularx}
                       
./monthly.tex:4570: Misplaced \noalign.
\hline ->\noalign 
                  {\ifnum 0=`}\fi \let \hskip \vskip \let \vrule \hrule \let...
l.4570   \end{tabularx}
                       
./monthly.tex:4570: Misplaced \noalign.
\hline ->\noalign 
                  {\ifnum 0=`}\fi \let \hskip \vskip \let \vrule \hrule \let...
l.4570   \end{tabularx}
                       
./monthly.tex:4570: Misplaced \noalign.
\hline ->\noalign 
                  {\ifnum 0=`}\fi \let \hskip \vskip \let \vrule \hrule \let...
l.4570   \end{tabularx}
                       
./monthly.tex:4570: Misplaced \noalign.
\hline ->\noalign 
                  {\ifnum 0=`}\fi \let \hskip \vskip \let \vrule \hrule \let...
l.4570   \end{tabularx}
                       
./monthly.tex:4570: Misplaced \noalign.
\hline ->\noalign 
                  {\ifnum 0=`}\fi \let \hskip \vskip \let \vrule \hrule \let...
l.4570   \end{tabularx}
                       
./monthly.tex:4570: Misplaced \noalign.
\hline ->\noalign 
                  {\ifnum 0=`}\fi \let \hskip \vskip \let \vrule \hrule \let...
l.4570   \end{tabularx}
                       
./monthly.tex:4570: Misplaced \noalign.
\hline ->\noalign 
                  {\ifnum 0=`}\fi \let \hskip \vskip \let \vrule \hrule \let...
l.4570   \end{tabularx}
                       
./monthly.tex:4570: Misplaced \noalign.
\hline ->\noalign 
                  {\ifnum 0=`}\fi \let \hskip \vskip \let \vrule \hrule \let...
l.4570   \end{tabularx}
                       
./monthly.tex:4570: Misplaced \noalign.
\hline ->\noalign 
                  {\ifnum 0=`}\fi \let \hskip \vskip \let \vrule \hrule \let...
l.4570   \end{tabularx}
                       
./monthly.tex:4570: Misplaced \noalign.
\hline ->\noalign 
                  {\ifnum 0=`}\fi \let \hskip \vskip \let \vrule \hrule \let...
l.4570   \end{tabularx}
                       
./monthly.tex:4570: Misplaced \noalign.
\hline ->\noalign 
                  {\ifnum 0=`}\fi \let \hskip \vskip \let \vrule \hrule \let...
l.4570   \end{tabularx}
                       

Overfull \hbox (170.64024pt too wide) in paragraph at lines 4570--4570
[]|[][][] 
./monthly.tex:4570: Misplaced \noalign.
\hline ->\noalign 
                  {\ifnum 0=`}\fi \let \hskip \vskip \let \vrule \hrule \let...
l.4570   \end{tabularx}
                       
./monthly.tex:4570: Misplaced \noalign.
\hline ->\noalign 
                  {\ifnum 0=`}\fi \let \hskip \vskip \let \vrule \hrule \let...
l.4570   \end{tabularx}
                       
./monthly.tex:4570: Misplaced \noalign.
\hline ->\noalign 
                  {\ifnum 0=`}\fi \let \hskip \vskip \let \vrule \hrule \let...
l.4570   \end{tabularx}
                       
./monthly.tex:4570: Misplaced \noalign.
\hline ->\noalign 
                  {\ifnum 0=`}\fi \let \hskip \vskip \let \vrule \hrule \let...
l.4570   \end{tabularx}
                       
./monthly.tex:4570: Misplaced \noalign.
\hline ->\noalign 
                  {\ifnum 0=`}\fi \let \hskip \vskip \let \vrule \hrule \let...
l.4570   \end{tabularx}
                       
./monthly.tex:4570: Misplaced \noalign.
\hline ->\noalign 
                  {\ifnum 0=`}\fi \let \hskip \vskip \let \vrule \hrule \let...
l.4570   \end{tabularx}
                       
./monthly.tex:4570: Misplaced \noalign.
\hline ->\noalign 
                  {\ifnum 0=`}\fi \let \hskip \vskip \let \vrule \hrule \let...
l.4570   \end{tabularx}
                       
./monthly.tex:4570: Misplaced \noalign.
\hline ->\noalign 
                  {\ifnum 0=`}\fi \let \hskip \vskip \let \vrule \hrule \let...
l.4570   \end{tabularx}
                       
./monthly.tex:4570: Misplaced \noalign.
\hline ->\noalign 
                  {\ifnum 0=`}\fi \let \hskip \vskip \let \vrule \hrule \let...
l.4570   \end{tabularx}
                       

Overfull \hbox (56.88008pt too wide) in paragraph at lines 4570--4570
[]|[][][] 
./monthly.tex:4570: Misplaced \noalign.
\hline ->\noalign 
                  {\ifnum 0=`}\fi \let \hskip \vskip \let \vrule \hrule \let...
l.4570   \end{tabularx}
                       
./monthly.tex:4570: Misplaced \noalign.
\hline ->\noalign 
                  {\ifnum 0=`}\fi \let \hskip \vskip \let \vrule \hrule \let...
l.4570   \end{tabularx}
                       
./monthly.tex:4570: Misplaced \noalign.
\hline ->\noalign 
                  {\ifnum 0=`}\fi \let \hskip \vskip \let \vrule \hrule \let...
l.4570   \end{tabularx}
                       

Overfull \hbox (284.4004pt too wide) in paragraph at lines 4570--4570
[]|[][][] 
./monthly.tex:4570: Misplaced \noalign.
\hline ->\noalign 
                  {\ifnum 0=`}\fi \let \hskip \vskip \let \vrule \hrule \let...
l.4570   \end{tabularx}
                       

Overfull \hbox (2.65956pt too wide) in paragraph at lines 4570--4570
\T1/lmss/bx/n/8 manuscripts 

Overfull \hbox (2.65956pt too wide) in paragraph at lines 4570--4570
\T1/lmss/bx/n/8 manuscripts 
./monthly.tex:4570: Misplaced \noalign.
\hline ->\noalign 
                  {\ifnum 0=`}\fi \let \hskip \vskip \let \vrule \hrule \let...
l.4570   \end{tabularx}
                       
./monthly.tex:4570: Misplaced \noalign.
\hline ->\noalign 
                  {\ifnum 0=`}\fi \let \hskip \vskip \let \vrule \hrule \let...
l.4570   \end{tabularx}
                       
./monthly.tex:4570: Misplaced \noalign.
\hline ->\noalign 
                  {\ifnum 0=`}\fi \let \hskip \vskip \let \vrule \hrule \let...
l.4570   \end{tabularx}
                       
./monthly.tex:4570: Misplaced \noalign.
\hline ->\noalign 
                  {\ifnum 0=`}\fi \let \hskip \vskip \let \vrule \hrule \let...
l.4570   \end{tabularx}
                       
./monthly.tex:4570: Misplaced \noalign.
\hline ->\noalign 
                  {\ifnum 0=`}\fi \let \hskip \vskip \let \vrule \hrule \let...
l.4570   \end{tabularx}
                       
./monthly.tex:4570: Misplaced \noalign.
\hline ->\noalign 
                  {\ifnum 0=`}\fi \let \hskip \vskip \let \vrule \hrule \let...
l.4570   \end{tabularx}
                       
./monthly.tex:4570: Misplaced \noalign.
\hline ->\noalign 
                  {\ifnum 0=`}\fi \let \hskip \vskip \let \vrule \hrule \let...
l.4570   \end{tabularx}
                       
./monthly.tex:4570: Misplaced \noalign.
\hline ->\noalign 
                  {\ifnum 0=`}\fi \let \hskip \vskip \let \vrule \hrule \let...
l.4570   \end{tabularx}
                       

Underfull \hbox (badness 10000) in paragraph at lines 4570--4573

[17] [18]
./monthly.tex:4834: Misplaced \noalign.
\hline ->\noalign 
                  {\ifnum 0=`}\fi \let \hskip \vskip \let \vrule \hrule \let...
l.4834   \end{tabularx}
                       
./monthly.tex:4834: Misplaced \noalign.
\hline ->\noalign 
                  {\ifnum 0=`}\fi \let \hskip \vskip \let \vrule \hrule \let...
l.4834   \end{tabularx}
                       
./monthly.tex:4834: Misplaced \noalign.
\hline ->\noalign 
                  {\ifnum 0=`}\fi \let \hskip \vskip \let \vrule \hrule \let...
l.4834   \end{tabularx}
                       
./monthly.tex:4834: Misplaced \noalign.
\hline ->\noalign 
                  {\ifnum 0=`}\fi \let \hskip \vskip \let \vrule \hrule \let...
l.4834   \end{tabularx}
                       
./monthly.tex:4834: Misplaced \noalign.
\hline ->\noalign 
                  {\ifnum 0=`}\fi \let \hskip \vskip \let \vrule \hrule \let...
l.4834   \end{tabularx}
                       
./monthly.tex:4834: Misplaced \noalign.
\hline ->\noalign 
                  {\ifnum 0=`}\fi \let \hskip \vskip \let \vrule \hrule \let...
l.4834   \end{tabularx}
                       
./monthly.tex:4834: Misplaced \noalign.
\hline ->\noalign 
                  {\ifnum 0=`}\fi \let \hskip \vskip \let \vrule \hrule \let...
l.4834   \end{tabularx}
                       
./monthly.tex:4834: Misplaced \noalign.
\hline ->\noalign 
                  {\ifnum 0=`}\fi \let \hskip \vskip \let \vrule \hrule \let...
l.4834   \end{tabularx}
                       
./monthly.tex:4834: Misplaced \noalign.
\hline ->\noalign 
                  {\ifnum 0=`}\fi \let \hskip \vskip \let \vrule \hrule \let...
l.4834   \end{tabularx}
                       
./monthly.tex:4834: Misplaced \noalign.
\hline ->\noalign 
                  {\ifnum 0=`}\fi \let \hskip \vskip \let \vrule \hrule \let...
l.4834   \end{tabularx}
                       
./monthly.tex:4834: Misplaced \noalign.
\hline ->\noalign 
                  {\ifnum 0=`}\fi \let \hskip \vskip \let \vrule \hrule \let...
l.4834   \end{tabularx}
                       
./monthly.tex:4834: Misplaced \noalign.
\hline ->\noalign 
                  {\ifnum 0=`}\fi \let \hskip \vskip \let \vrule \hrule \let...
l.4834   \end{tabularx}
                       
./monthly.tex:4834: Misplaced \noalign.
\hline ->\noalign 
                  {\ifnum 0=`}\fi \let \hskip \vskip \let \vrule \hrule \let...
l.4834   \end{tabularx}
                       
./monthly.tex:4834: Misplaced \noalign.
\hline ->\noalign 
                  {\ifnum 0=`}\fi \let \hskip \vskip \let \vrule \hrule \let...
l.4834   \end{tabularx}
                       
./monthly.tex:4834: Misplaced \noalign.
\hline ->\noalign 
                  {\ifnum 0=`}\fi \let \hskip \vskip \let \vrule \hrule \let...
l.4834   \end{tabularx}
                       
./monthly.tex:4834: Misplaced \noalign.
\hline ->\noalign 
                  {\ifnum 0=`}\fi \let \hskip \vskip \let \vrule \hrule \let...
l.4834   \end{tabularx}
                       
./monthly.tex:4834: Misplaced \noalign.
\hline ->\noalign 
                  {\ifnum 0=`}\fi \let \hskip \vskip \let \vrule \hrule \let...
l.4834   \end{tabularx}
                       
./monthly.tex:4834: Misplaced \noalign.
\hline ->\noalign 
                  {\ifnum 0=`}\fi \let \hskip \vskip \let \vrule \hrule \let...
l.4834   \end{tabularx}
                       
./monthly.tex:4834: Misplaced \noalign.
\hline ->\noalign 
                  {\ifnum 0=`}\fi \let \hskip \vskip \let \vrule \hrule \let...
l.4834   \end{tabularx}
                       
./monthly.tex:4834: Misplaced \noalign.
\hline ->\noalign 
                  {\ifnum 0=`}\fi \let \hskip \vskip \let \vrule \hrule \let...
l.4834   \end{tabularx}
                       
./monthly.tex:4834: Misplaced \noalign.
\hline ->\noalign 
                  {\ifnum 0=`}\fi \let \hskip \vskip \let \vrule \hrule \let...
l.4834   \end{tabularx}
                       
./monthly.tex:4834: Misplaced \noalign.
\hline ->\noalign 
                  {\ifnum 0=`}\fi \let \hskip \vskip \let \vrule \hrule \let...
l.4834   \end{tabularx}
                       
./monthly.tex:4834: Misplaced \noalign.
\hline ->\noalign 
                  {\ifnum 0=`}\fi \let \hskip \vskip \let \vrule \hrule \let...
l.4834   \end{tabularx}
                       
./monthly.tex:4834: Misplaced \noalign.
\hline ->\noalign 
                  {\ifnum 0=`}\fi \let \hskip \vskip \let \vrule \hrule \let...
l.4834   \end{tabularx}
                       
./monthly.tex:4834: Misplaced \noalign.
\hline ->\noalign 
                  {\ifnum 0=`}\fi \let \hskip \vskip \let \vrule \hrule \let...
l.4834   \end{tabularx}
                       
./monthly.tex:4834: Misplaced \noalign.
\hline ->\noalign 
                  {\ifnum 0=`}\fi \let \hskip \vskip \let \vrule \hrule \let...
l.4834   \end{tabularx}
                       
./monthly.tex:4834: Misplaced \noalign.
\hline ->\noalign 
                  {\ifnum 0=`}\fi \let \hskip \vskip \let \vrule \hrule \let...
l.4834   \end{tabularx}
                       
./monthly.tex:4834: Misplaced \noalign.
\hline ->\noalign 
                  {\ifnum 0=`}\fi \let \hskip \vskip \let \vrule \hrule \let...
l.4834   \end{tabularx}
                       
./monthly.tex:4834: Misplaced \noalign.
\hline ->\noalign 
                  {\ifnum 0=`}\fi \let \hskip \vskip \let \vrule \hrule \let...
l.4834   \end{tabularx}
                       
./monthly.tex:4834: Misplaced \noalign.
\hline ->\noalign 
                  {\ifnum 0=`}\fi \let \hskip \vskip \let \vrule \hrule \let...
l.4834   \end{tabularx}
                       
./monthly.tex:4834: Misplaced \noalign.
\hline ->\noalign 
                  {\ifnum 0=`}\fi \let \hskip \vskip \let \vrule \hrule \let...
l.4834   \end{tabularx}
                       
./monthly.tex:4834: Misplaced \noalign.
\hline ->\noalign 
                  {\ifnum 0=`}\fi \let \hskip \vskip \let \vrule \hrule \let...
l.4834   \end{tabularx}
                       
./monthly.tex:4834: Misplaced \noalign.
\hline ->\noalign 
                  {\ifnum 0=`}\fi \let \hskip \vskip \let \vrule \hrule \let...
l.4834   \end{tabularx}
                       
./monthly.tex:4834: Misplaced \noalign.
\hline ->\noalign 
                  {\ifnum 0=`}\fi \let \hskip \vskip \let \vrule \hrule \let...
l.4834   \end{tabularx}
                       
./monthly.tex:4834: Misplaced \noalign.
\hline ->\noalign 
                  {\ifnum 0=`}\fi \let \hskip \vskip \let \vrule \hrule \let...
l.4834   \end{tabularx}
                       
./monthly.tex:4834: Misplaced \noalign.
\hline ->\noalign 
                  {\ifnum 0=`}\fi \let \hskip \vskip \let \vrule \hrule \let...
l.4834   \end{tabularx}
                       
./monthly.tex:4834: Misplaced \noalign.
\hline ->\noalign 
                  {\ifnum 0=`}\fi \let \hskip \vskip \let \vrule \hrule \let...
l.4834   \end{tabularx}
                       
./monthly.tex:4834: Misplaced \noalign.
\hline ->\noalign 
                  {\ifnum 0=`}\fi \let \hskip \vskip \let \vrule \hrule \let...
l.4834   \end{tabularx}
                       
./monthly.tex:4834: Misplaced \noalign.
\hline ->\noalign 
                  {\ifnum 0=`}\fi \let \hskip \vskip \let \vrule \hrule \let...
l.4834   \end{tabularx}
                       
./monthly.tex:4834: Misplaced \noalign.
\hline ->\noalign 
                  {\ifnum 0=`}\fi \let \hskip \vskip \let \vrule \hrule \let...
l.4834   \end{tabularx}
                       
./monthly.tex:4834: Misplaced \noalign.
\hline ->\noalign 
                  {\ifnum 0=`}\fi \let \hskip \vskip \let \vrule \hrule \let...
l.4834   \end{tabularx}
                       
./monthly.tex:4834: Misplaced \noalign.
\hline ->\noalign 
                  {\ifnum 0=`}\fi \let \hskip \vskip \let \vrule \hrule \let...
l.4834   \end{tabularx}
                       
./monthly.tex:4834: Misplaced \noalign.
\hline ->\noalign 
                  {\ifnum 0=`}\fi \let \hskip \vskip \let \vrule \hrule \let...
l.4834   \end{tabularx}
                       
./monthly.tex:4834: Misplaced \noalign.
\hline ->\noalign 
                  {\ifnum 0=`}\fi \let \hskip \vskip \let \vrule \hrule \let...
l.4834   \end{tabularx}
                       
./monthly.tex:4834: Misplaced \noalign.
\hline ->\noalign 
                  {\ifnum 0=`}\fi \let \hskip \vskip \let \vrule \hrule \let...
l.4834   \end{tabularx}
                       
./monthly.tex:4834: Misplaced \noalign.
\hline ->\noalign 
                  {\ifnum 0=`}\fi \let \hskip \vskip \let \vrule \hrule \let...
l.4834   \end{tabularx}
                       
./monthly.tex:4834: Misplaced \noalign.
\hline ->\noalign 
                  {\ifnum 0=`}\fi \let \hskip \vskip \let \vrule \hrule \let...
l.4834   \end{tabularx}
                       
./monthly.tex:4834: Misplaced \noalign.
\hline ->\noalign 
                  {\ifnum 0=`}\fi \let \hskip \vskip \let \vrule \hrule \let...
l.4834   \end{tabularx}
                       
./monthly.tex:4834: Misplaced \noalign.
\hline ->\noalign 
                  {\ifnum 0=`}\fi \let \hskip \vskip \let \vrule \hrule \let...
l.4834   \end{tabularx}
                       
./monthly.tex:4834: Misplaced \noalign.
\hline ->\noalign 
                  {\ifnum 0=`}\fi \let \hskip \vskip \let \vrule \hrule \let...
l.4834   \end{tabularx}
                       
./monthly.tex:4834: Misplaced \noalign.
\hline ->\noalign 
                  {\ifnum 0=`}\fi \let \hskip \vskip \let \vrule \hrule \let...
l.4834   \end{tabularx}
                       
./monthly.tex:4834: Misplaced \noalign.
\hline ->\noalign 
                  {\ifnum 0=`}\fi \let \hskip \vskip \let \vrule \hrule \let...
l.4834   \end{tabularx}
                       
./monthly.tex:4834: Misplaced \noalign.
\hline ->\noalign 
                  {\ifnum 0=`}\fi \let \hskip \vskip \let \vrule \hrule \let...
l.4834   \end{tabularx}
                       
./monthly.tex:4834: Misplaced \noalign.
\hline ->\noalign 
                  {\ifnum 0=`}\fi \let \hskip \vskip \let \vrule \hrule \let...
l.4834   \end{tabularx}
                       
./monthly.tex:4834: Misplaced \noalign.
\hline ->\noalign 
                  {\ifnum 0=`}\fi \let \hskip \vskip \let \vrule \hrule \let...
l.4834   \end{tabularx}
                       
./monthly.tex:4834: Misplaced \noalign.
\hline ->\noalign 
                  {\ifnum 0=`}\fi \let \hskip \vskip \let \vrule \hrule \let...
l.4834   \end{tabularx}
                       
./monthly.tex:4834: Misplaced \noalign.
\hline ->\noalign 
                  {\ifnum 0=`}\fi \let \hskip \vskip \let \vrule \hrule \let...
l.4834   \end{tabularx}
                       
./monthly.tex:4834: Misplaced \noalign.
\hline ->\noalign 
                  {\ifnum 0=`}\fi \let \hskip \vskip \let \vrule \hrule \let...
l.4834   \end{tabularx}
                       
./monthly.tex:4834: Misplaced \noalign.
\hline ->\noalign 
                  {\ifnum 0=`}\fi \let \hskip \vskip \let \vrule \hrule \let...
l.4834   \end{tabularx}
                       
./monthly.tex:4834: Misplaced \noalign.
\hline ->\noalign 
                  {\ifnum 0=`}\fi \let \hskip \vskip \let \vrule \hrule \let...
l.4834   \end{tabularx}
                       
./monthly.tex:4834: Misplaced \noalign.
\hline ->\noalign 
                  {\ifnum 0=`}\fi \let \hskip \vskip \let \vrule \hrule \let...
l.4834   \end{tabularx}
                       
./monthly.tex:4834: Misplaced \noalign.
\hline ->\noalign 
                  {\ifnum 0=`}\fi \let \hskip \vskip \let \vrule \hrule \let...
l.4834   \end{tabularx}
                       
./monthly.tex:4834: Misplaced \noalign.
\hline ->\noalign 
                  {\ifnum 0=`}\fi \let \hskip \vskip \let \vrule \hrule \let...
l.4834   \end{tabularx}
                       

Overfull \hbox (113.76016pt too wide) in paragraph at lines 4834--4834
[]|[][][] 
./monthly.tex:4834: Misplaced \noalign.
\hline ->\noalign 
                  {\ifnum 0=`}\fi \let \hskip \vskip \let \vrule \hrule \let...
l.4834   \end{tabularx}
                       
./monthly.tex:4834: Misplaced \noalign.
\hline ->\noalign 
                  {\ifnum 0=`}\fi \let \hskip \vskip \let \vrule \hrule \let...
l.4834   \end{tabularx}
                       
./monthly.tex:4834: Misplaced \noalign.
\hline ->\noalign 
                  {\ifnum 0=`}\fi \let \hskip \vskip \let \vrule \hrule \let...
l.4834   \end{tabularx}
                       
./monthly.tex:4834: Misplaced \noalign.
\hline ->\noalign 
                  {\ifnum 0=`}\fi \let \hskip \vskip \let \vrule \hrule \let...
l.4834   \end{tabularx}
                       
./monthly.tex:4834: Misplaced \noalign.
\hline ->\noalign 
                  {\ifnum 0=`}\fi \let \hskip \vskip \let \vrule \hrule \let...
l.4834   \end{tabularx}
                       
./monthly.tex:4834: Misplaced \noalign.
\hline ->\noalign 
                  {\ifnum 0=`}\fi \let \hskip \vskip \let \vrule \hrule \let...
l.4834   \end{tabularx}
                       
./monthly.tex:4834: Misplaced \noalign.
\hline ->\noalign 
                  {\ifnum 0=`}\fi \let \hskip \vskip \let \vrule \hrule \let...
l.4834   \end{tabularx}
                       
./monthly.tex:4834: Misplaced \noalign.
\hline ->\noalign 
                  {\ifnum 0=`}\fi \let \hskip \vskip \let \vrule \hrule \let...
l.4834   \end{tabularx}
                       
./monthly.tex:4834: Misplaced \noalign.
\hline ->\noalign 
                  {\ifnum 0=`}\fi \let \hskip \vskip \let \vrule \hrule \let...
l.4834   \end{tabularx}
                       
./monthly.tex:4834: Misplaced \noalign.
\hline ->\noalign 
                  {\ifnum 0=`}\fi \let \hskip \vskip \let \vrule \hrule \let...
l.4834   \end{tabularx}
                       
./monthly.tex:4834: Misplaced \noalign.
\hline ->\noalign 
                  {\ifnum 0=`}\fi \let \hskip \vskip \let \vrule \hrule \let...
l.4834   \end{tabularx}
                       
./monthly.tex:4834: Misplaced \noalign.
\hline ->\noalign 
                  {\ifnum 0=`}\fi \let \hskip \vskip \let \vrule \hrule \let...
l.4834   \end{tabularx}
                       
./monthly.tex:4834: Misplaced \noalign.
\hline ->\noalign 
                  {\ifnum 0=`}\fi \let \hskip \vskip \let \vrule \hrule \let...
l.4834   \end{tabularx}
                       
./monthly.tex:4834: Misplaced \noalign.
\hline ->\noalign 
                  {\ifnum 0=`}\fi \let \hskip \vskip \let \vrule \hrule \let...
l.4834   \end{tabularx}
                       
./monthly.tex:4834: Misplaced \noalign.
\hline ->\noalign 
                  {\ifnum 0=`}\fi \let \hskip \vskip \let \vrule \hrule \let...
l.4834   \end{tabularx}
                       
./monthly.tex:4834: Misplaced \noalign.
\hline ->\noalign 
                  {\ifnum 0=`}\fi \let \hskip \vskip \let \vrule \hrule \let...
l.4834   \end{tabularx}
                       
./monthly.tex:4834: Misplaced \noalign.
\hline ->\noalign 
                  {\ifnum 0=`}\fi \let \hskip \vskip \let \vrule \hrule \let...
l.4834   \end{tabularx}
                       
./monthly.tex:4834: Misplaced \noalign.
\hline ->\noalign 
                  {\ifnum 0=`}\fi \let \hskip \vskip \let \vrule \hrule \let...
l.4834   \end{tabularx}
                       
./monthly.tex:4834: Misplaced \noalign.
\hline ->\noalign 
                  {\ifnum 0=`}\fi \let \hskip \vskip \let \vrule \hrule \let...
l.4834   \end{tabularx}
                       
./monthly.tex:4834: Misplaced \noalign.
\hline ->\noalign 
                  {\ifnum 0=`}\fi \let \hskip \vskip \let \vrule \hrule \let...
l.4834   \end{tabularx}
                       
./monthly.tex:4834: Misplaced \noalign.
\hline ->\noalign 
                  {\ifnum 0=`}\fi \let \hskip \vskip \let \vrule \hrule \let...
l.4834   \end{tabularx}
                       
./monthly.tex:4834: Misplaced \noalign.
\hline ->\noalign 
                  {\ifnum 0=`}\fi \let \hskip \vskip \let \vrule \hrule \let...
l.4834   \end{tabularx}
                       
./monthly.tex:4834: Misplaced \noalign.
\hline ->\noalign 
                  {\ifnum 0=`}\fi \let \hskip \vskip \let \vrule \hrule \let...
l.4834   \end{tabularx}
                       
./monthly.tex:4834: Misplaced \noalign.
\hline ->\noalign 
                  {\ifnum 0=`}\fi \let \hskip \vskip \let \vrule \hrule \let...
l.4834   \end{tabularx}
                       
./monthly.tex:4834: Misplaced \noalign.
\hline ->\noalign 
                  {\ifnum 0=`}\fi \let \hskip \vskip \let \vrule \hrule \let...
l.4834   \end{tabularx}
                       
./monthly.tex:4834: Misplaced \noalign.
\hline ->\noalign 
                  {\ifnum 0=`}\fi \let \hskip \vskip \let \vrule \hrule \let...
l.4834   \end{tabularx}
                       
./monthly.tex:4834: Misplaced \noalign.
\hline ->\noalign 
                  {\ifnum 0=`}\fi \let \hskip \vskip \let \vrule \hrule \let...
l.4834   \end{tabularx}
                       
./monthly.tex:4834: Misplaced \noalign.
\hline ->\noalign 
                  {\ifnum 0=`}\fi \let \hskip \vskip \let \vrule \hrule \let...
l.4834   \end{tabularx}
                       
./monthly.tex:4834: Misplaced \noalign.
\hline ->\noalign 
                  {\ifnum 0=`}\fi \let \hskip \vskip \let \vrule \hrule \let...
l.4834   \end{tabularx}
                       
./monthly.tex:4834: Misplaced \noalign.
\hline ->\noalign 
                  {\ifnum 0=`}\fi \let \hskip \vskip \let \vrule \hrule \let...
l.4834   \end{tabularx}
                       

Underfull \hbox (badness 10000) in paragraph at lines 4834--4837

[19]
./monthly.tex:5057: Misplaced \noalign.
\hline ->\noalign 
                  {\ifnum 0=`}\fi \let \hskip \vskip \let \vrule \hrule \let...
l.5057   \end{tabularx}
                       
./monthly.tex:5057: Misplaced \noalign.
\hline ->\noalign 
                  {\ifnum 0=`}\fi \let \hskip \vskip \let \vrule \hrule \let...
l.5057   \end{tabularx}
                       
./monthly.tex:5057: Misplaced \noalign.
\hline ->\noalign 
                  {\ifnum 0=`}\fi \let \hskip \vskip \let \vrule \hrule \let...
l.5057   \end{tabularx}
                       
./monthly.tex:5057: Misplaced \noalign.
\hline ->\noalign 
                  {\ifnum 0=`}\fi \let \hskip \vskip \let \vrule \hrule \let...
l.5057   \end{tabularx}
                       
./monthly.tex:5057: Misplaced \noalign.
\hline ->\noalign 
                  {\ifnum 0=`}\fi \let \hskip \vskip \let \vrule \hrule \let...
l.5057   \end{tabularx}
                       
./monthly.tex:5057: Misplaced \noalign.
\hline ->\noalign 
                  {\ifnum 0=`}\fi \let \hskip \vskip \let \vrule \hrule \let...
l.5057   \end{tabularx}
                       
./monthly.tex:5057: Misplaced \noalign.
\hline ->\noalign 
                  {\ifnum 0=`}\fi \let \hskip \vskip \let \vrule \hrule \let...
l.5057   \end{tabularx}
                       
./monthly.tex:5057: Misplaced \noalign.
\hline ->\noalign 
                  {\ifnum 0=`}\fi \let \hskip \vskip \let \vrule \hrule \let...
l.5057   \end{tabularx}
                       
./monthly.tex:5057: Misplaced \noalign.
\hline ->\noalign 
                  {\ifnum 0=`}\fi \let \hskip \vskip \let \vrule \hrule \let...
l.5057   \end{tabularx}
                       
./monthly.tex:5057: Misplaced \noalign.
\hline ->\noalign 
                  {\ifnum 0=`}\fi \let \hskip \vskip \let \vrule \hrule \let...
l.5057   \end{tabularx}
                       
./monthly.tex:5057: Misplaced \noalign.
\hline ->\noalign 
                  {\ifnum 0=`}\fi \let \hskip \vskip \let \vrule \hrule \let...
l.5057   \end{tabularx}
                       
./monthly.tex:5057: Misplaced \noalign.
\hline ->\noalign 
                  {\ifnum 0=`}\fi \let \hskip \vskip \let \vrule \hrule \let...
l.5057   \end{tabularx}
                       
./monthly.tex:5057: Misplaced \noalign.
\hline ->\noalign 
                  {\ifnum 0=`}\fi \let \hskip \vskip \let \vrule \hrule \let...
l.5057   \end{tabularx}
                       
./monthly.tex:5057: Misplaced \noalign.
\hline ->\noalign 
                  {\ifnum 0=`}\fi \let \hskip \vskip \let \vrule \hrule \let...
l.5057   \end{tabularx}
                       
./monthly.tex:5057: Misplaced \noalign.
\hline ->\noalign 
                  {\ifnum 0=`}\fi \let \hskip \vskip \let \vrule \hrule \let...
l.5057   \end{tabularx}
                       
./monthly.tex:5057: Misplaced \noalign.
\hline ->\noalign 
                  {\ifnum 0=`}\fi \let \hskip \vskip \let \vrule \hrule \let...
l.5057   \end{tabularx}
                       
./monthly.tex:5057: Misplaced \noalign.
\hline ->\noalign 
                  {\ifnum 0=`}\fi \let \hskip \vskip \let \vrule \hrule \let...
l.5057   \end{tabularx}
                       
./monthly.tex:5057: Misplaced \noalign.
\hline ->\noalign 
                  {\ifnum 0=`}\fi \let \hskip \vskip \let \vrule \hrule \let...
l.5057   \end{tabularx}
                       
./monthly.tex:5057: Misplaced \noalign.
\hline ->\noalign 
                  {\ifnum 0=`}\fi \let \hskip \vskip \let \vrule \hrule \let...
l.5057   \end{tabularx}
                       
./monthly.tex:5057: Misplaced \noalign.
\hline ->\noalign 
                  {\ifnum 0=`}\fi \let \hskip \vskip \let \vrule \hrule \let...
l.5057   \end{tabularx}
                       
./monthly.tex:5057: Misplaced \noalign.
\hline ->\noalign 
                  {\ifnum 0=`}\fi \let \hskip \vskip \let \vrule \hrule \let...
l.5057   \end{tabularx}
                       
./monthly.tex:5057: Misplaced \noalign.
\hline ->\noalign 
                  {\ifnum 0=`}\fi \let \hskip \vskip \let \vrule \hrule \let...
l.5057   \end{tabularx}
                       
./monthly.tex:5057: Misplaced \noalign.
\hline ->\noalign 
                  {\ifnum 0=`}\fi \let \hskip \vskip \let \vrule \hrule \let...
l.5057   \end{tabularx}
                       
./monthly.tex:5057: Misplaced \noalign.
\hline ->\noalign 
                  {\ifnum 0=`}\fi \let \hskip \vskip \let \vrule \hrule \let...
l.5057   \end{tabularx}
                       
./monthly.tex:5057: Misplaced \noalign.
\hline ->\noalign 
                  {\ifnum 0=`}\fi \let \hskip \vskip \let \vrule \hrule \let...
l.5057   \end{tabularx}
                       
./monthly.tex:5057: Misplaced \noalign.
\hline ->\noalign 
                  {\ifnum 0=`}\fi \let \hskip \vskip \let \vrule \hrule \let...
l.5057   \end{tabularx}
                       
./monthly.tex:5057: Misplaced \noalign.
\hline ->\noalign 
                  {\ifnum 0=`}\fi \let \hskip \vskip \let \vrule \hrule \let...
l.5057   \end{tabularx}
                       
./monthly.tex:5057: Misplaced \noalign.
\hline ->\noalign 
                  {\ifnum 0=`}\fi \let \hskip \vskip \let \vrule \hrule \let...
l.5057   \end{tabularx}
                       
./monthly.tex:5057: Misplaced \noalign.
\hline ->\noalign 
                  {\ifnum 0=`}\fi \let \hskip \vskip \let \vrule \hrule \let...
l.5057   \end{tabularx}
                       
./monthly.tex:5057: Misplaced \noalign.
\hline ->\noalign 
                  {\ifnum 0=`}\fi \let \hskip \vskip \let \vrule \hrule \let...
l.5057   \end{tabularx}
                       
./monthly.tex:5057: Misplaced \noalign.
\hline ->\noalign 
                  {\ifnum 0=`}\fi \let \hskip \vskip \let \vrule \hrule \let...
l.5057   \end{tabularx}
                       
./monthly.tex:5057: Misplaced \noalign.
\hline ->\noalign 
                  {\ifnum 0=`}\fi \let \hskip \vskip \let \vrule \hrule \let...
l.5057   \end{tabularx}
                       
./monthly.tex:5057: Misplaced \noalign.
\hline ->\noalign 
                  {\ifnum 0=`}\fi \let \hskip \vskip \let \vrule \hrule \let...
l.5057   \end{tabularx}
                       
./monthly.tex:5057: Misplaced \noalign.
\hline ->\noalign 
                  {\ifnum 0=`}\fi \let \hskip \vskip \let \vrule \hrule \let...
l.5057   \end{tabularx}
                       
./monthly.tex:5057: Misplaced \noalign.
\hline ->\noalign 
                  {\ifnum 0=`}\fi \let \hskip \vskip \let \vrule \hrule \let...
l.5057   \end{tabularx}
                       
./monthly.tex:5057: Misplaced \noalign.
\hline ->\noalign 
                  {\ifnum 0=`}\fi \let \hskip \vskip \let \vrule \hrule \let...
l.5057   \end{tabularx}
                       
./monthly.tex:5057: Misplaced \noalign.
\hline ->\noalign 
                  {\ifnum 0=`}\fi \let \hskip \vskip \let \vrule \hrule \let...
l.5057   \end{tabularx}
                       
./monthly.tex:5057: Misplaced \noalign.
\hline ->\noalign 
                  {\ifnum 0=`}\fi \let \hskip \vskip \let \vrule \hrule \let...
l.5057   \end{tabularx}
                       
./monthly.tex:5057: Misplaced \noalign.
\hline ->\noalign 
                  {\ifnum 0=`}\fi \let \hskip \vskip \let \vrule \hrule \let...
l.5057   \end{tabularx}
                       
./monthly.tex:5057: Misplaced \noalign.
\hline ->\noalign 
                  {\ifnum 0=`}\fi \let \hskip \vskip \let \vrule \hrule \let...
l.5057   \end{tabularx}
                       
./monthly.tex:5057: Misplaced \noalign.
\hline ->\noalign 
                  {\ifnum 0=`}\fi \let \hskip \vskip \let \vrule \hrule \let...
l.5057   \end{tabularx}
                       
./monthly.tex:5057: Misplaced \noalign.
\hline ->\noalign 
                  {\ifnum 0=`}\fi \let \hskip \vskip \let \vrule \hrule \let...
l.5057   \end{tabularx}
                       
./monthly.tex:5057: Misplaced \noalign.
\hline ->\noalign 
                  {\ifnum 0=`}\fi \let \hskip \vskip \let \vrule \hrule \let...
l.5057   \end{tabularx}
                       
./monthly.tex:5057: Misplaced \noalign.
\hline ->\noalign 
                  {\ifnum 0=`}\fi \let \hskip \vskip \let \vrule \hrule \let...
l.5057   \end{tabularx}
                       
./monthly.tex:5057: Misplaced \noalign.
\hline ->\noalign 
                  {\ifnum 0=`}\fi \let \hskip \vskip \let \vrule \hrule \let...
l.5057   \end{tabularx}
                       
./monthly.tex:5057: Misplaced \noalign.
\hline ->\noalign 
                  {\ifnum 0=`}\fi \let \hskip \vskip \let \vrule \hrule \let...
l.5057   \end{tabularx}
                       
./monthly.tex:5057: Misplaced \noalign.
\hline ->\noalign 
                  {\ifnum 0=`}\fi \let \hskip \vskip \let \vrule \hrule \let...
l.5057   \end{tabularx}
                       
./monthly.tex:5057: Misplaced \noalign.
\hline ->\noalign 
                  {\ifnum 0=`}\fi \let \hskip \vskip \let \vrule \hrule \let...
l.5057   \end{tabularx}
                       
./monthly.tex:5057: Misplaced \noalign.
\hline ->\noalign 
                  {\ifnum 0=`}\fi \let \hskip \vskip \let \vrule \hrule \let...
l.5057   \end{tabularx}
                       
./monthly.tex:5057: Misplaced \noalign.
\hline ->\noalign 
                  {\ifnum 0=`}\fi \let \hskip \vskip \let \vrule \hrule \let...
l.5057   \end{tabularx}
                       
./monthly.tex:5057: Misplaced \noalign.
\hline ->\noalign 
                  {\ifnum 0=`}\fi \let \hskip \vskip \let \vrule \hrule \let...
l.5057   \end{tabularx}
                       
./monthly.tex:5057: Misplaced \noalign.
\hline ->\noalign 
                  {\ifnum 0=`}\fi \let \hskip \vskip \let \vrule \hrule \let...
l.5057   \end{tabularx}
                       
./monthly.tex:5057: Misplaced \noalign.
\hline ->\noalign 
                  {\ifnum 0=`}\fi \let \hskip \vskip \let \vrule \hrule \let...
l.5057   \end{tabularx}
                       
./monthly.tex:5057: Misplaced \noalign.
\hline ->\noalign 
                  {\ifnum 0=`}\fi \let \hskip \vskip \let \vrule \hrule \let...
l.5057   \end{tabularx}
                       
./monthly.tex:5057: Misplaced \noalign.
\hline ->\noalign 
                  {\ifnum 0=`}\fi \let \hskip \vskip \let \vrule \hrule \let...
l.5057   \end{tabularx}
                       
./monthly.tex:5057: Misplaced \noalign.
\hline ->\noalign 
                  {\ifnum 0=`}\fi \let \hskip \vskip \let \vrule \hrule \let...
l.5057   \end{tabularx}
                       
./monthly.tex:5057: Misplaced \noalign.
\hline ->\noalign 
                  {\ifnum 0=`}\fi \let \hskip \vskip \let \vrule \hrule \let...
l.5057   \end{tabularx}
                       
./monthly.tex:5057: Misplaced \noalign.
\hline ->\noalign 
                  {\ifnum 0=`}\fi \let \hskip \vskip \let \vrule \hrule \let...
l.5057   \end{tabularx}
                       
./monthly.tex:5057: Misplaced \noalign.
\hline ->\noalign 
                  {\ifnum 0=`}\fi \let \hskip \vskip \let \vrule \hrule \let...
l.5057   \end{tabularx}
                       

Overfull \hbox (227.52032pt too wide) in paragraph at lines 5057--5057
[]|[][][] 
./monthly.tex:5057: Misplaced \noalign.
\hline ->\noalign 
                  {\ifnum 0=`}\fi \let \hskip \vskip \let \vrule \hrule \let...
l.5057   \end{tabularx}
                       
./monthly.tex:5057: Misplaced \noalign.
\hline ->\noalign 
                  {\ifnum 0=`}\fi \let \hskip \vskip \let \vrule \hrule \let...
l.5057   \end{tabularx}
                       
./monthly.tex:5057: Misplaced \noalign.
\hline ->\noalign 
                  {\ifnum 0=`}\fi \let \hskip \vskip \let \vrule \hrule \let...
l.5057   \end{tabularx}
                       
./monthly.tex:5057: Misplaced \noalign.
\hline ->\noalign 
                  {\ifnum 0=`}\fi \let \hskip \vskip \let \vrule \hrule \let...
l.5057   \end{tabularx}
                       
./monthly.tex:5057: Misplaced \noalign.
\hline ->\noalign 
                  {\ifnum 0=`}\fi \let \hskip \vskip \let \vrule \hrule \let...
l.5057   \end{tabularx}
                       
./monthly.tex:5057: Misplaced \noalign.
\hline ->\noalign 
                  {\ifnum 0=`}\fi \let \hskip \vskip \let \vrule \hrule \let...
l.5057   \end{tabularx}
                       
./monthly.tex:5057: Misplaced \noalign.
\hline ->\noalign 
                  {\ifnum 0=`}\fi \let \hskip \vskip \let \vrule \hrule \let...
l.5057   \end{tabularx}
                       
./monthly.tex:5057: Misplaced \noalign.
\hline ->\noalign 
                  {\ifnum 0=`}\fi \let \hskip \vskip \let \vrule \hrule \let...
l.5057   \end{tabularx}
                       
./monthly.tex:5057: Misplaced \noalign.
\hline ->\noalign 
                  {\ifnum 0=`}\fi \let \hskip \vskip \let \vrule \hrule \let...
l.5057   \end{tabularx}
                       
./monthly.tex:5057: Misplaced \noalign.
\hline ->\noalign 
                  {\ifnum 0=`}\fi \let \hskip \vskip \let \vrule \hrule \let...
l.5057   \end{tabularx}
                       
./monthly.tex:5057: Misplaced \noalign.
\hline ->\noalign 
                  {\ifnum 0=`}\fi \let \hskip \vskip \let \vrule \hrule \let...
l.5057   \end{tabularx}
                       
./monthly.tex:5057: Misplaced \noalign.
\hline ->\noalign 
                  {\ifnum 0=`}\fi \let \hskip \vskip \let \vrule \hrule \let...
l.5057   \end{tabularx}
                       
./monthly.tex:5057: Misplaced \noalign.
\hline ->\noalign 
                  {\ifnum 0=`}\fi \let \hskip \vskip \let \vrule \hrule \let...
l.5057   \end{tabularx}
                       

Overfull \hbox (284.4004pt too wide) in paragraph at lines 5057--5057
[]|[][][] 
./monthly.tex:5057: Misplaced \noalign.
\hline ->\noalign 
                  {\ifnum 0=`}\fi \let \hskip \vskip \let \vrule \hrule \let...
l.5057   \end{tabularx}
                       
./monthly.tex:5057: Misplaced \noalign.
\hline ->\noalign 
                  {\ifnum 0=`}\fi \let \hskip \vskip \let \vrule \hrule \let...
l.5057   \end{tabularx}
                       
./monthly.tex:5057: Misplaced \noalign.
\hline ->\noalign 
                  {\ifnum 0=`}\fi \let \hskip \vskip \let \vrule \hrule \let...
l.5057   \end{tabularx}
                       
./monthly.tex:5057: Misplaced \noalign.
\hline ->\noalign 
                  {\ifnum 0=`}\fi \let \hskip \vskip \let \vrule \hrule \let...
l.5057   \end{tabularx}
                       
./monthly.tex:5057: Misplaced \noalign.
\hline ->\noalign 
                  {\ifnum 0=`}\fi \let \hskip \vskip \let \vrule \hrule \let...
l.5057   \end{tabularx}
                       
./monthly.tex:5057: Misplaced \noalign.
\hline ->\noalign 
                  {\ifnum 0=`}\fi \let \hskip \vskip \let \vrule \hrule \let...
l.5057   \end{tabularx}
                       
./monthly.tex:5057: Misplaced \noalign.
\hline ->\noalign 
                  {\ifnum 0=`}\fi \let \hskip \vskip \let \vrule \hrule \let...
l.5057   \end{tabularx}
                       
./monthly.tex:5057: Misplaced \noalign.
\hline ->\noalign 
                  {\ifnum 0=`}\fi \let \hskip \vskip \let \vrule \hrule \let...
l.5057   \end{tabularx}
                       
./monthly.tex:5057: Misplaced \noalign.
\hline ->\noalign 
                  {\ifnum 0=`}\fi \let \hskip \vskip \let \vrule \hrule \let...
l.5057   \end{tabularx}
                       
./monthly.tex:5057: Misplaced \noalign.
\hline ->\noalign 
                  {\ifnum 0=`}\fi \let \hskip \vskip \let \vrule \hrule \let...
l.5057   \end{tabularx}
                       
./monthly.tex:5057: Misplaced \noalign.
\hline ->\noalign 
                  {\ifnum 0=`}\fi \let \hskip \vskip \let \vrule \hrule \let...
l.5057   \end{tabularx}
                       
./monthly.tex:5057: Misplaced \noalign.
\hline ->\noalign 
                  {\ifnum 0=`}\fi \let \hskip \vskip \let \vrule \hrule \let...
l.5057   \end{tabularx}
                       

Underfull \hbox (badness 10000) in paragraph at lines 5057--5060

[20]
./monthly.tex:5321: Misplaced \noalign.
\hline ->\noalign 
                  {\ifnum 0=`}\fi \let \hskip \vskip \let \vrule \hrule \let...
l.5321   \end{tabularx}
                       
./monthly.tex:5321: Misplaced \noalign.
\hline ->\noalign 
                  {\ifnum 0=`}\fi \let \hskip \vskip \let \vrule \hrule \let...
l.5321   \end{tabularx}
                       
./monthly.tex:5321: Misplaced \noalign.
\hline ->\noalign 
                  {\ifnum 0=`}\fi \let \hskip \vskip \let \vrule \hrule \let...
l.5321   \end{tabularx}
                       
./monthly.tex:5321: Misplaced \noalign.
\hline ->\noalign 
                  {\ifnum 0=`}\fi \let \hskip \vskip \let \vrule \hrule \let...
l.5321   \end{tabularx}
                       
./monthly.tex:5321: Misplaced \noalign.
\hline ->\noalign 
                  {\ifnum 0=`}\fi \let \hskip \vskip \let \vrule \hrule \let...
l.5321   \end{tabularx}
                       
./monthly.tex:5321: Misplaced \noalign.
\hline ->\noalign 
                  {\ifnum 0=`}\fi \let \hskip \vskip \let \vrule \hrule \let...
l.5321   \end{tabularx}
                       
./monthly.tex:5321: Misplaced \noalign.
\hline ->\noalign 
                  {\ifnum 0=`}\fi \let \hskip \vskip \let \vrule \hrule \let...
l.5321   \end{tabularx}
                       
./monthly.tex:5321: Misplaced \noalign.
\hline ->\noalign 
                  {\ifnum 0=`}\fi \let \hskip \vskip \let \vrule \hrule \let...
l.5321   \end{tabularx}
                       
./monthly.tex:5321: Misplaced \noalign.
\hline ->\noalign 
                  {\ifnum 0=`}\fi \let \hskip \vskip \let \vrule \hrule \let...
l.5321   \end{tabularx}
                       
./monthly.tex:5321: Misplaced \noalign.
\hline ->\noalign 
                  {\ifnum 0=`}\fi \let \hskip \vskip \let \vrule \hrule \let...
l.5321   \end{tabularx}
                       
./monthly.tex:5321: Misplaced \noalign.
\hline ->\noalign 
                  {\ifnum 0=`}\fi \let \hskip \vskip \let \vrule \hrule \let...
l.5321   \end{tabularx}
                       
./monthly.tex:5321: Misplaced \noalign.
\hline ->\noalign 
                  {\ifnum 0=`}\fi \let \hskip \vskip \let \vrule \hrule \let...
l.5321   \end{tabularx}
                       
./monthly.tex:5321: Misplaced \noalign.
\hline ->\noalign 
                  {\ifnum 0=`}\fi \let \hskip \vskip \let \vrule \hrule \let...
l.5321   \end{tabularx}
                       
./monthly.tex:5321: Misplaced \noalign.
\hline ->\noalign 
                  {\ifnum 0=`}\fi \let \hskip \vskip \let \vrule \hrule \let...
l.5321   \end{tabularx}
                       
./monthly.tex:5321: Misplaced \noalign.
\hline ->\noalign 
                  {\ifnum 0=`}\fi \let \hskip \vskip \let \vrule \hrule \let...
l.5321   \end{tabularx}
                       
./monthly.tex:5321: Misplaced \noalign.
\hline ->\noalign 
                  {\ifnum 0=`}\fi \let \hskip \vskip \let \vrule \hrule \let...
l.5321   \end{tabularx}
                       
./monthly.tex:5321: Misplaced \noalign.
\hline ->\noalign 
                  {\ifnum 0=`}\fi \let \hskip \vskip \let \vrule \hrule \let...
l.5321   \end{tabularx}
                       
./monthly.tex:5321: Misplaced \noalign.
\hline ->\noalign 
                  {\ifnum 0=`}\fi \let \hskip \vskip \let \vrule \hrule \let...
l.5321   \end{tabularx}
                       
./monthly.tex:5321: Misplaced \noalign.
\hline ->\noalign 
                  {\ifnum 0=`}\fi \let \hskip \vskip \let \vrule \hrule \let...
l.5321   \end{tabularx}
                       
./monthly.tex:5321: Misplaced \noalign.
\hline ->\noalign 
                  {\ifnum 0=`}\fi \let \hskip \vskip \let \vrule \hrule \let...
l.5321   \end{tabularx}
                       
./monthly.tex:5321: Misplaced \noalign.
\hline ->\noalign 
                  {\ifnum 0=`}\fi \let \hskip \vskip \let \vrule \hrule \let...
l.5321   \end{tabularx}
                       
./monthly.tex:5321: Misplaced \noalign.
\hline ->\noalign 
                  {\ifnum 0=`}\fi \let \hskip \vskip \let \vrule \hrule \let...
l.5321   \end{tabularx}
                       
./monthly.tex:5321: Misplaced \noalign.
\hline ->\noalign 
                  {\ifnum 0=`}\fi \let \hskip \vskip \let \vrule \hrule \let...
l.5321   \end{tabularx}
                       
./monthly.tex:5321: Misplaced \noalign.
\hline ->\noalign 
                  {\ifnum 0=`}\fi \let \hskip \vskip \let \vrule \hrule \let...
l.5321   \end{tabularx}
                       
./monthly.tex:5321: Misplaced \noalign.
\hline ->\noalign 
                  {\ifnum 0=`}\fi \let \hskip \vskip \let \vrule \hrule \let...
l.5321   \end{tabularx}
                       
./monthly.tex:5321: Misplaced \noalign.
\hline ->\noalign 
                  {\ifnum 0=`}\fi \let \hskip \vskip \let \vrule \hrule \let...
l.5321   \end{tabularx}
                       
./monthly.tex:5321: Misplaced \noalign.
\hline ->\noalign 
                  {\ifnum 0=`}\fi \let \hskip \vskip \let \vrule \hrule \let...
l.5321   \end{tabularx}
                       
./monthly.tex:5321: Misplaced \noalign.
\hline ->\noalign 
                  {\ifnum 0=`}\fi \let \hskip \vskip \let \vrule \hrule \let...
l.5321   \end{tabularx}
                       
./monthly.tex:5321: Misplaced \noalign.
\hline ->\noalign 
                  {\ifnum 0=`}\fi \let \hskip \vskip \let \vrule \hrule \let...
l.5321   \end{tabularx}
                       
./monthly.tex:5321: Misplaced \noalign.
\hline ->\noalign 
                  {\ifnum 0=`}\fi \let \hskip \vskip \let \vrule \hrule \let...
l.5321   \end{tabularx}
                       
./monthly.tex:5321: Misplaced \noalign.
\hline ->\noalign 
                  {\ifnum 0=`}\fi \let \hskip \vskip \let \vrule \hrule \let...
l.5321   \end{tabularx}
                       
./monthly.tex:5321: Misplaced \noalign.
\hline ->\noalign 
                  {\ifnum 0=`}\fi \let \hskip \vskip \let \vrule \hrule \let...
l.5321   \end{tabularx}
                       
./monthly.tex:5321: Misplaced \noalign.
\hline ->\noalign 
                  {\ifnum 0=`}\fi \let \hskip \vskip \let \vrule \hrule \let...
l.5321   \end{tabularx}
                       
./monthly.tex:5321: Misplaced \noalign.
\hline ->\noalign 
                  {\ifnum 0=`}\fi \let \hskip \vskip \let \vrule \hrule \let...
l.5321   \end{tabularx}
                       
./monthly.tex:5321: Misplaced \noalign.
\hline ->\noalign 
                  {\ifnum 0=`}\fi \let \hskip \vskip \let \vrule \hrule \let...
l.5321   \end{tabularx}
                       
./monthly.tex:5321: Misplaced \noalign.
\hline ->\noalign 
                  {\ifnum 0=`}\fi \let \hskip \vskip \let \vrule \hrule \let...
l.5321   \end{tabularx}
                       
./monthly.tex:5321: Misplaced \noalign.
\hline ->\noalign 
                  {\ifnum 0=`}\fi \let \hskip \vskip \let \vrule \hrule \let...
l.5321   \end{tabularx}
                       
./monthly.tex:5321: Misplaced \noalign.
\hline ->\noalign 
                  {\ifnum 0=`}\fi \let \hskip \vskip \let \vrule \hrule \let...
l.5321   \end{tabularx}
                       
./monthly.tex:5321: Misplaced \noalign.
\hline ->\noalign 
                  {\ifnum 0=`}\fi \let \hskip \vskip \let \vrule \hrule \let...
l.5321   \end{tabularx}
                       
./monthly.tex:5321: Misplaced \noalign.
\hline ->\noalign 
                  {\ifnum 0=`}\fi \let \hskip \vskip \let \vrule \hrule \let...
l.5321   \end{tabularx}
                       
./monthly.tex:5321: Misplaced \noalign.
\hline ->\noalign 
                  {\ifnum 0=`}\fi \let \hskip \vskip \let \vrule \hrule \let...
l.5321   \end{tabularx}
                       
./monthly.tex:5321: Misplaced \noalign.
\hline ->\noalign 
                  {\ifnum 0=`}\fi \let \hskip \vskip \let \vrule \hrule \let...
l.5321   \end{tabularx}
                       
./monthly.tex:5321: Misplaced \noalign.
\hline ->\noalign 
                  {\ifnum 0=`}\fi \let \hskip \vskip \let \vrule \hrule \let...
l.5321   \end{tabularx}
                       
./monthly.tex:5321: Misplaced \noalign.
\hline ->\noalign 
                  {\ifnum 0=`}\fi \let \hskip \vskip \let \vrule \hrule \let...
l.5321   \end{tabularx}
                       
./monthly.tex:5321: Misplaced \noalign.
\hline ->\noalign 
                  {\ifnum 0=`}\fi \let \hskip \vskip \let \vrule \hrule \let...
l.5321   \end{tabularx}
                       
./monthly.tex:5321: Misplaced \noalign.
\hline ->\noalign 
                  {\ifnum 0=`}\fi \let \hskip \vskip \let \vrule \hrule \let...
l.5321   \end{tabularx}
                       
./monthly.tex:5321: Misplaced \noalign.
\hline ->\noalign 
                  {\ifnum 0=`}\fi \let \hskip \vskip \let \vrule \hrule \let...
l.5321   \end{tabularx}
                       
./monthly.tex:5321: Misplaced \noalign.
\hline ->\noalign 
                  {\ifnum 0=`}\fi \let \hskip \vskip \let \vrule \hrule \let...
l.5321   \end{tabularx}
                       
./monthly.tex:5321: Misplaced \noalign.
\hline ->\noalign 
                  {\ifnum 0=`}\fi \let \hskip \vskip \let \vrule \hrule \let...
l.5321   \end{tabularx}
                       
./monthly.tex:5321: Misplaced \noalign.
\hline ->\noalign 
                  {\ifnum 0=`}\fi \let \hskip \vskip \let \vrule \hrule \let...
l.5321   \end{tabularx}
                       
./monthly.tex:5321: Misplaced \noalign.
\hline ->\noalign 
                  {\ifnum 0=`}\fi \let \hskip \vskip \let \vrule \hrule \let...
l.5321   \end{tabularx}
                       
./monthly.tex:5321: Misplaced \noalign.
\hline ->\noalign 
                  {\ifnum 0=`}\fi \let \hskip \vskip \let \vrule \hrule \let...
l.5321   \end{tabularx}
                       
./monthly.tex:5321: Misplaced \noalign.
\hline ->\noalign 
                  {\ifnum 0=`}\fi \let \hskip \vskip \let \vrule \hrule \let...
l.5321   \end{tabularx}
                       
./monthly.tex:5321: Misplaced \noalign.
\hline ->\noalign 
                  {\ifnum 0=`}\fi \let \hskip \vskip \let \vrule \hrule \let...
l.5321   \end{tabularx}
                       
./monthly.tex:5321: Misplaced \noalign.
\hline ->\noalign 
                  {\ifnum 0=`}\fi \let \hskip \vskip \let \vrule \hrule \let...
l.5321   \end{tabularx}
                       
./monthly.tex:5321: Misplaced \noalign.
\hline ->\noalign 
                  {\ifnum 0=`}\fi \let \hskip \vskip \let \vrule \hrule \let...
l.5321   \end{tabularx}
                       
./monthly.tex:5321: Misplaced \noalign.
\hline ->\noalign 
                  {\ifnum 0=`}\fi \let \hskip \vskip \let \vrule \hrule \let...
l.5321   \end{tabularx}
                       
./monthly.tex:5321: Misplaced \noalign.
\hline ->\noalign 
                  {\ifnum 0=`}\fi \let \hskip \vskip \let \vrule \hrule \let...
l.5321   \end{tabularx}
                       
./monthly.tex:5321: Misplaced \noalign.
\hline ->\noalign 
                  {\ifnum 0=`}\fi \let \hskip \vskip \let \vrule \hrule \let...
l.5321   \end{tabularx}
                       
./monthly.tex:5321: Misplaced \noalign.
\hline ->\noalign 
                  {\ifnum 0=`}\fi \let \hskip \vskip \let \vrule \hrule \let...
l.5321   \end{tabularx}
                       
./monthly.tex:5321: Misplaced \noalign.
\hline ->\noalign 
                  {\ifnum 0=`}\fi \let \hskip \vskip \let \vrule \hrule \let...
l.5321   \end{tabularx}
                       
./monthly.tex:5321: Misplaced \noalign.
\hline ->\noalign 
                  {\ifnum 0=`}\fi \let \hskip \vskip \let \vrule \hrule \let...
l.5321   \end{tabularx}
                       
./monthly.tex:5321: Misplaced \noalign.
\hline ->\noalign 
                  {\ifnum 0=`}\fi \let \hskip \vskip \let \vrule \hrule \let...
l.5321   \end{tabularx}
                       
./monthly.tex:5321: Misplaced \noalign.
\hline ->\noalign 
                  {\ifnum 0=`}\fi \let \hskip \vskip \let \vrule \hrule \let...
l.5321   \end{tabularx}
                       
./monthly.tex:5321: Misplaced \noalign.
\hline ->\noalign 
                  {\ifnum 0=`}\fi \let \hskip \vskip \let \vrule \hrule \let...
l.5321   \end{tabularx}
                       
./monthly.tex:5321: Misplaced \noalign.
\hline ->\noalign 
                  {\ifnum 0=`}\fi \let \hskip \vskip \let \vrule \hrule \let...
l.5321   \end{tabularx}
                       
./monthly.tex:5321: Misplaced \noalign.
\hline ->\noalign 
                  {\ifnum 0=`}\fi \let \hskip \vskip \let \vrule \hrule \let...
l.5321   \end{tabularx}
                       
./monthly.tex:5321: Misplaced \noalign.
\hline ->\noalign 
                  {\ifnum 0=`}\fi \let \hskip \vskip \let \vrule \hrule \let...
l.5321   \end{tabularx}
                       
./monthly.tex:5321: Misplaced \noalign.
\hline ->\noalign 
                  {\ifnum 0=`}\fi \let \hskip \vskip \let \vrule \hrule \let...
l.5321   \end{tabularx}
                       
./monthly.tex:5321: Misplaced \noalign.
\hline ->\noalign 
                  {\ifnum 0=`}\fi \let \hskip \vskip \let \vrule \hrule \let...
l.5321   \end{tabularx}
                       
./monthly.tex:5321: Misplaced \noalign.
\hline ->\noalign 
                  {\ifnum 0=`}\fi \let \hskip \vskip \let \vrule \hrule \let...
l.5321   \end{tabularx}
                       
./monthly.tex:5321: Misplaced \noalign.
\hline ->\noalign 
                  {\ifnum 0=`}\fi \let \hskip \vskip \let \vrule \hrule \let...
l.5321   \end{tabularx}
                       
./monthly.tex:5321: Misplaced \noalign.
\hline ->\noalign 
                  {\ifnum 0=`}\fi \let \hskip \vskip \let \vrule \hrule \let...
l.5321   \end{tabularx}
                       
./monthly.tex:5321: Misplaced \noalign.
\hline ->\noalign 
                  {\ifnum 0=`}\fi \let \hskip \vskip \let \vrule \hrule \let...
l.5321   \end{tabularx}
                       
./monthly.tex:5321: Misplaced \noalign.
\hline ->\noalign 
                  {\ifnum 0=`}\fi \let \hskip \vskip \let \vrule \hrule \let...
l.5321   \end{tabularx}
                       
./monthly.tex:5321: Misplaced \noalign.
\hline ->\noalign 
                  {\ifnum 0=`}\fi \let \hskip \vskip \let \vrule \hrule \let...
l.5321   \end{tabularx}
                       
./monthly.tex:5321: Misplaced \noalign.
\hline ->\noalign 
                  {\ifnum 0=`}\fi \let \hskip \vskip \let \vrule \hrule \let...
l.5321   \end{tabularx}
                       
./monthly.tex:5321: Misplaced \noalign.
\hline ->\noalign 
                  {\ifnum 0=`}\fi \let \hskip \vskip \let \vrule \hrule \let...
l.5321   \end{tabularx}
                       

Overfull \hbox (284.4004pt too wide) in paragraph at lines 5321--5321
[]|[][][] 
./monthly.tex:5321: Misplaced \noalign.
\hline ->\noalign 
                  {\ifnum 0=`}\fi \let \hskip \vskip \let \vrule \hrule \let...
l.5321   \end{tabularx}
                       
./monthly.tex:5321: Misplaced \noalign.
\hline ->\noalign 
                  {\ifnum 0=`}\fi \let \hskip \vskip \let \vrule \hrule \let...
l.5321   \end{tabularx}
                       
./monthly.tex:5321: Misplaced \noalign.
\hline ->\noalign 
                  {\ifnum 0=`}\fi \let \hskip \vskip \let \vrule \hrule \let...
l.5321   \end{tabularx}
                       
./monthly.tex:5321: Misplaced \noalign.
\hline ->\noalign 
                  {\ifnum 0=`}\fi \let \hskip \vskip \let \vrule \hrule \let...
l.5321   \end{tabularx}
                       
./monthly.tex:5321: Misplaced \noalign.
\hline ->\noalign 
                  {\ifnum 0=`}\fi \let \hskip \vskip \let \vrule \hrule \let...
l.5321   \end{tabularx}
                       
./monthly.tex:5321: Misplaced \noalign.
\hline ->\noalign 
                  {\ifnum 0=`}\fi \let \hskip \vskip \let \vrule \hrule \let...
l.5321   \end{tabularx}
                       
./monthly.tex:5321: Misplaced \noalign.
\hline ->\noalign 
                  {\ifnum 0=`}\fi \let \hskip \vskip \let \vrule \hrule \let...
l.5321   \end{tabularx}
                       
./monthly.tex:5321: Misplaced \noalign.
\hline ->\noalign 
                  {\ifnum 0=`}\fi \let \hskip \vskip \let \vrule \hrule \let...
l.5321   \end{tabularx}
                       
./monthly.tex:5321: Misplaced \noalign.
\hline ->\noalign 
                  {\ifnum 0=`}\fi \let \hskip \vskip \let \vrule \hrule \let...
l.5321   \end{tabularx}
                       
./monthly.tex:5321: Misplaced \noalign.
\hline ->\noalign 
                  {\ifnum 0=`}\fi \let \hskip \vskip \let \vrule \hrule \let...
l.5321   \end{tabularx}
                       
./monthly.tex:5321: Misplaced \noalign.
\hline ->\noalign 
                  {\ifnum 0=`}\fi \let \hskip \vskip \let \vrule \hrule \let...
l.5321   \end{tabularx}
                       
./monthly.tex:5321: Misplaced \noalign.
\hline ->\noalign 
                  {\ifnum 0=`}\fi \let \hskip \vskip \let \vrule \hrule \let...
l.5321   \end{tabularx}
                       
./monthly.tex:5321: Misplaced \noalign.
\hline ->\noalign 
                  {\ifnum 0=`}\fi \let \hskip \vskip \let \vrule \hrule \let...
l.5321   \end{tabularx}
                       
./monthly.tex:5321: Misplaced \noalign.
\hline ->\noalign 
                  {\ifnum 0=`}\fi \let \hskip \vskip \let \vrule \hrule \let...
l.5321   \end{tabularx}
                       
./monthly.tex:5321: Misplaced \noalign.
\hline ->\noalign 
                  {\ifnum 0=`}\fi \let \hskip \vskip \let \vrule \hrule \let...
l.5321   \end{tabularx}
                       

Underfull \hbox (badness 10000) in paragraph at lines 5321--5324

[21]
./monthly.tex:5583: Misplaced \noalign.
\hline ->\noalign 
                  {\ifnum 0=`}\fi \let \hskip \vskip \let \vrule \hrule \let...
l.5583   \end{tabularx}
                       
./monthly.tex:5583: Misplaced \noalign.
\hline ->\noalign 
                  {\ifnum 0=`}\fi \let \hskip \vskip \let \vrule \hrule \let...
l.5583   \end{tabularx}
                       
./monthly.tex:5583: Misplaced \noalign.
\hline ->\noalign 
                  {\ifnum 0=`}\fi \let \hskip \vskip \let \vrule \hrule \let...
l.5583   \end{tabularx}
                       
./monthly.tex:5583: Misplaced \noalign.
\hline ->\noalign 
                  {\ifnum 0=`}\fi \let \hskip \vskip \let \vrule \hrule \let...
l.5583   \end{tabularx}
                       
./monthly.tex:5583: Misplaced \noalign.
\hline ->\noalign 
                  {\ifnum 0=`}\fi \let \hskip \vskip \let \vrule \hrule \let...
l.5583   \end{tabularx}
                       
./monthly.tex:5583: Misplaced \noalign.
\hline ->\noalign 
                  {\ifnum 0=`}\fi \let \hskip \vskip \let \vrule \hrule \let...
l.5583   \end{tabularx}
                       
./monthly.tex:5583: Misplaced \noalign.
\hline ->\noalign 
                  {\ifnum 0=`}\fi \let \hskip \vskip \let \vrule \hrule \let...
l.5583   \end{tabularx}
                       
./monthly.tex:5583: Misplaced \noalign.
\hline ->\noalign 
                  {\ifnum 0=`}\fi \let \hskip \vskip \let \vrule \hrule \let...
l.5583   \end{tabularx}
                       
./monthly.tex:5583: Misplaced \noalign.
\hline ->\noalign 
                  {\ifnum 0=`}\fi \let \hskip \vskip \let \vrule \hrule \let...
l.5583   \end{tabularx}
                       
./monthly.tex:5583: Misplaced \noalign.
\hline ->\noalign 
                  {\ifnum 0=`}\fi \let \hskip \vskip \let \vrule \hrule \let...
l.5583   \end{tabularx}
                       
./monthly.tex:5583: Misplaced \noalign.
\hline ->\noalign 
                  {\ifnum 0=`}\fi \let \hskip \vskip \let \vrule \hrule \let...
l.5583   \end{tabularx}
                       
./monthly.tex:5583: Misplaced \noalign.
\hline ->\noalign 
                  {\ifnum 0=`}\fi \let \hskip \vskip \let \vrule \hrule \let...
l.5583   \end{tabularx}
                       
./monthly.tex:5583: Misplaced \noalign.
\hline ->\noalign 
                  {\ifnum 0=`}\fi \let \hskip \vskip \let \vrule \hrule \let...
l.5583   \end{tabularx}
                       
./monthly.tex:5583: Misplaced \noalign.
\hline ->\noalign 
                  {\ifnum 0=`}\fi \let \hskip \vskip \let \vrule \hrule \let...
l.5583   \end{tabularx}
                       
./monthly.tex:5583: Misplaced \noalign.
\hline ->\noalign 
                  {\ifnum 0=`}\fi \let \hskip \vskip \let \vrule \hrule \let...
l.5583   \end{tabularx}
                       
./monthly.tex:5583: Misplaced \noalign.
\hline ->\noalign 
                  {\ifnum 0=`}\fi \let \hskip \vskip \let \vrule \hrule \let...
l.5583   \end{tabularx}
                       
./monthly.tex:5583: Misplaced \noalign.
\hline ->\noalign 
                  {\ifnum 0=`}\fi \let \hskip \vskip \let \vrule \hrule \let...
l.5583   \end{tabularx}
                       
./monthly.tex:5583: Misplaced \noalign.
\hline ->\noalign 
                  {\ifnum 0=`}\fi \let \hskip \vskip \let \vrule \hrule \let...
l.5583   \end{tabularx}
                       
./monthly.tex:5583: Misplaced \noalign.
\hline ->\noalign 
                  {\ifnum 0=`}\fi \let \hskip \vskip \let \vrule \hrule \let...
l.5583   \end{tabularx}
                       
./monthly.tex:5583: Misplaced \noalign.
\hline ->\noalign 
                  {\ifnum 0=`}\fi \let \hskip \vskip \let \vrule \hrule \let...
l.5583   \end{tabularx}
                       
./monthly.tex:5583: Misplaced \noalign.
\hline ->\noalign 
                  {\ifnum 0=`}\fi \let \hskip \vskip \let \vrule \hrule \let...
l.5583   \end{tabularx}
                       
./monthly.tex:5583: Misplaced \noalign.
\hline ->\noalign 
                  {\ifnum 0=`}\fi \let \hskip \vskip \let \vrule \hrule \let...
l.5583   \end{tabularx}
                       
./monthly.tex:5583: Misplaced \noalign.
\hline ->\noalign 
                  {\ifnum 0=`}\fi \let \hskip \vskip \let \vrule \hrule \let...
l.5583   \end{tabularx}
                       
./monthly.tex:5583: Misplaced \noalign.
\hline ->\noalign 
                  {\ifnum 0=`}\fi \let \hskip \vskip \let \vrule \hrule \let...
l.5583   \end{tabularx}
                       
./monthly.tex:5583: Misplaced \noalign.
\hline ->\noalign 
                  {\ifnum 0=`}\fi \let \hskip \vskip \let \vrule \hrule \let...
l.5583   \end{tabularx}
                       
./monthly.tex:5583: Misplaced \noalign.
\hline ->\noalign 
                  {\ifnum 0=`}\fi \let \hskip \vskip \let \vrule \hrule \let...
l.5583   \end{tabularx}
                       
./monthly.tex:5583: Misplaced \noalign.
\hline ->\noalign 
                  {\ifnum 0=`}\fi \let \hskip \vskip \let \vrule \hrule \let...
l.5583   \end{tabularx}
                       
./monthly.tex:5583: Misplaced \noalign.
\hline ->\noalign 
                  {\ifnum 0=`}\fi \let \hskip \vskip \let \vrule \hrule \let...
l.5583   \end{tabularx}
                       
./monthly.tex:5583: Misplaced \noalign.
\hline ->\noalign 
                  {\ifnum 0=`}\fi \let \hskip \vskip \let \vrule \hrule \let...
l.5583   \end{tabularx}
                       
./monthly.tex:5583: Misplaced \noalign.
\hline ->\noalign 
                  {\ifnum 0=`}\fi \let \hskip \vskip \let \vrule \hrule \let...
l.5583   \end{tabularx}
                       
./monthly.tex:5583: Misplaced \noalign.
\hline ->\noalign 
                  {\ifnum 0=`}\fi \let \hskip \vskip \let \vrule \hrule \let...
l.5583   \end{tabularx}
                       
./monthly.tex:5583: Misplaced \noalign.
\hline ->\noalign 
                  {\ifnum 0=`}\fi \let \hskip \vskip \let \vrule \hrule \let...
l.5583   \end{tabularx}
                       
./monthly.tex:5583: Misplaced \noalign.
\hline ->\noalign 
                  {\ifnum 0=`}\fi \let \hskip \vskip \let \vrule \hrule \let...
l.5583   \end{tabularx}
                       
./monthly.tex:5583: Misplaced \noalign.
\hline ->\noalign 
                  {\ifnum 0=`}\fi \let \hskip \vskip \let \vrule \hrule \let...
l.5583   \end{tabularx}
                       
./monthly.tex:5583: Misplaced \noalign.
\hline ->\noalign 
                  {\ifnum 0=`}\fi \let \hskip \vskip \let \vrule \hrule \let...
l.5583   \end{tabularx}
                       
./monthly.tex:5583: Misplaced \noalign.
\hline ->\noalign 
                  {\ifnum 0=`}\fi \let \hskip \vskip \let \vrule \hrule \let...
l.5583   \end{tabularx}
                       
./monthly.tex:5583: Misplaced \noalign.
\hline ->\noalign 
                  {\ifnum 0=`}\fi \let \hskip \vskip \let \vrule \hrule \let...
l.5583   \end{tabularx}
                       
./monthly.tex:5583: Misplaced \noalign.
\hline ->\noalign 
                  {\ifnum 0=`}\fi \let \hskip \vskip \let \vrule \hrule \let...
l.5583   \end{tabularx}
                       
./monthly.tex:5583: Misplaced \noalign.
\hline ->\noalign 
                  {\ifnum 0=`}\fi \let \hskip \vskip \let \vrule \hrule \let...
l.5583   \end{tabularx}
                       
./monthly.tex:5583: Misplaced \noalign.
\hline ->\noalign 
                  {\ifnum 0=`}\fi \let \hskip \vskip \let \vrule \hrule \let...
l.5583   \end{tabularx}
                       
./monthly.tex:5583: Misplaced \noalign.
\hline ->\noalign 
                  {\ifnum 0=`}\fi \let \hskip \vskip \let \vrule \hrule \let...
l.5583   \end{tabularx}
                       
./monthly.tex:5583: Misplaced \noalign.
\hline ->\noalign 
                  {\ifnum 0=`}\fi \let \hskip \vskip \let \vrule \hrule \let...
l.5583   \end{tabularx}
                       
./monthly.tex:5583: Misplaced \noalign.
\hline ->\noalign 
                  {\ifnum 0=`}\fi \let \hskip \vskip \let \vrule \hrule \let...
l.5583   \end{tabularx}
                       
./monthly.tex:5583: Misplaced \noalign.
\hline ->\noalign 
                  {\ifnum 0=`}\fi \let \hskip \vskip \let \vrule \hrule \let...
l.5583   \end{tabularx}
                       
./monthly.tex:5583: Misplaced \noalign.
\hline ->\noalign 
                  {\ifnum 0=`}\fi \let \hskip \vskip \let \vrule \hrule \let...
l.5583   \end{tabularx}
                       
./monthly.tex:5583: Misplaced \noalign.
\hline ->\noalign 
                  {\ifnum 0=`}\fi \let \hskip \vskip \let \vrule \hrule \let...
l.5583   \end{tabularx}
                       
./monthly.tex:5583: Misplaced \noalign.
\hline ->\noalign 
                  {\ifnum 0=`}\fi \let \hskip \vskip \let \vrule \hrule \let...
l.5583   \end{tabularx}
                       
./monthly.tex:5583: Misplaced \noalign.
\hline ->\noalign 
                  {\ifnum 0=`}\fi \let \hskip \vskip \let \vrule \hrule \let...
l.5583   \end{tabularx}
                       
./monthly.tex:5583: Misplaced \noalign.
\hline ->\noalign 
                  {\ifnum 0=`}\fi \let \hskip \vskip \let \vrule \hrule \let...
l.5583   \end{tabularx}
                       
./monthly.tex:5583: Misplaced \noalign.
\hline ->\noalign 
                  {\ifnum 0=`}\fi \let \hskip \vskip \let \vrule \hrule \let...
l.5583   \end{tabularx}
                       
./monthly.tex:5583: Misplaced \noalign.
\hline ->\noalign 
                  {\ifnum 0=`}\fi \let \hskip \vskip \let \vrule \hrule \let...
l.5583   \end{tabularx}
                       
./monthly.tex:5583: Misplaced \noalign.
\hline ->\noalign 
                  {\ifnum 0=`}\fi \let \hskip \vskip \let \vrule \hrule \let...
l.5583   \end{tabularx}
                       
./monthly.tex:5583: Misplaced \noalign.
\hline ->\noalign 
                  {\ifnum 0=`}\fi \let \hskip \vskip \let \vrule \hrule \let...
l.5583   \end{tabularx}
                       
./monthly.tex:5583: Misplaced \noalign.
\hline ->\noalign 
                  {\ifnum 0=`}\fi \let \hskip \vskip \let \vrule \hrule \let...
l.5583   \end{tabularx}
                       
./monthly.tex:5583: Misplaced \noalign.
\hline ->\noalign 
                  {\ifnum 0=`}\fi \let \hskip \vskip \let \vrule \hrule \let...
l.5583   \end{tabularx}
                       
./monthly.tex:5583: Misplaced \noalign.
\hline ->\noalign 
                  {\ifnum 0=`}\fi \let \hskip \vskip \let \vrule \hrule \let...
l.5583   \end{tabularx}
                       
./monthly.tex:5583: Misplaced \noalign.
\hline ->\noalign 
                  {\ifnum 0=`}\fi \let \hskip \vskip \let \vrule \hrule \let...
l.5583   \end{tabularx}
                       
./monthly.tex:5583: Misplaced \noalign.
\hline ->\noalign 
                  {\ifnum 0=`}\fi \let \hskip \vskip \let \vrule \hrule \let...
l.5583   \end{tabularx}
                       
./monthly.tex:5583: Misplaced \noalign.
\hline ->\noalign 
                  {\ifnum 0=`}\fi \let \hskip \vskip \let \vrule \hrule \let...
l.5583   \end{tabularx}
                       
./monthly.tex:5583: Misplaced \noalign.
\hline ->\noalign 
                  {\ifnum 0=`}\fi \let \hskip \vskip \let \vrule \hrule \let...
l.5583   \end{tabularx}
                       
./monthly.tex:5583: Misplaced \noalign.
\hline ->\noalign 
                  {\ifnum 0=`}\fi \let \hskip \vskip \let \vrule \hrule \let...
l.5583   \end{tabularx}
                       

Overfull \hbox (170.64024pt too wide) in paragraph at lines 5583--5583
[]|[][][] 
./monthly.tex:5583: Misplaced \noalign.
\hline ->\noalign 
                  {\ifnum 0=`}\fi \let \hskip \vskip \let \vrule \hrule \let...
l.5583   \end{tabularx}
                       
./monthly.tex:5583: Misplaced \noalign.
\hline ->\noalign 
                  {\ifnum 0=`}\fi \let \hskip \vskip \let \vrule \hrule \let...
l.5583   \end{tabularx}
                       
./monthly.tex:5583: Misplaced \noalign.
\hline ->\noalign 
                  {\ifnum 0=`}\fi \let \hskip \vskip \let \vrule \hrule \let...
l.5583   \end{tabularx}
                       
./monthly.tex:5583: Misplaced \noalign.
\hline ->\noalign 
                  {\ifnum 0=`}\fi \let \hskip \vskip \let \vrule \hrule \let...
l.5583   \end{tabularx}
                       
./monthly.tex:5583: Misplaced \noalign.
\hline ->\noalign 
                  {\ifnum 0=`}\fi \let \hskip \vskip \let \vrule \hrule \let...
l.5583   \end{tabularx}
                       
./monthly.tex:5583: Misplaced \noalign.
\hline ->\noalign 
                  {\ifnum 0=`}\fi \let \hskip \vskip \let \vrule \hrule \let...
l.5583   \end{tabularx}
                       
./monthly.tex:5583: Misplaced \noalign.
\hline ->\noalign 
                  {\ifnum 0=`}\fi \let \hskip \vskip \let \vrule \hrule \let...
l.5583   \end{tabularx}
                       
./monthly.tex:5583: Misplaced \noalign.
\hline ->\noalign 
                  {\ifnum 0=`}\fi \let \hskip \vskip \let \vrule \hrule \let...
l.5583   \end{tabularx}
                       
./monthly.tex:5583: Misplaced \noalign.
\hline ->\noalign 
                  {\ifnum 0=`}\fi \let \hskip \vskip \let \vrule \hrule \let...
l.5583   \end{tabularx}
                       
./monthly.tex:5583: Misplaced \noalign.
\hline ->\noalign 
                  {\ifnum 0=`}\fi \let \hskip \vskip \let \vrule \hrule \let...
l.5583   \end{tabularx}
                       
./monthly.tex:5583: Misplaced \noalign.
\hline ->\noalign 
                  {\ifnum 0=`}\fi \let \hskip \vskip \let \vrule \hrule \let...
l.5583   \end{tabularx}
                       
./monthly.tex:5583: Misplaced \noalign.
\hline ->\noalign 
                  {\ifnum 0=`}\fi \let \hskip \vskip \let \vrule \hrule \let...
l.5583   \end{tabularx}
                       
./monthly.tex:5583: Misplaced \noalign.
\hline ->\noalign 
                  {\ifnum 0=`}\fi \let \hskip \vskip \let \vrule \hrule \let...
l.5583   \end{tabularx}
                       
./monthly.tex:5583: Misplaced \noalign.
\hline ->\noalign 
                  {\ifnum 0=`}\fi \let \hskip \vskip \let \vrule \hrule \let...
l.5583   \end{tabularx}
                       
./monthly.tex:5583: Misplaced \noalign.
\hline ->\noalign 
                  {\ifnum 0=`}\fi \let \hskip \vskip \let \vrule \hrule \let...
l.5583   \end{tabularx}
                       

Overfull \hbox (113.76016pt too wide) in paragraph at lines 5583--5583
[]|[][][] 
./monthly.tex:5583: Misplaced \noalign.
\hline ->\noalign 
                  {\ifnum 0=`}\fi \let \hskip \vskip \let \vrule \hrule \let...
l.5583   \end{tabularx}
                       
./monthly.tex:5583: Misplaced \noalign.
\hline ->\noalign 
                  {\ifnum 0=`}\fi \let \hskip \vskip \let \vrule \hrule \let...
l.5583   \end{tabularx}
                       
./monthly.tex:5583: Misplaced \noalign.
\hline ->\noalign 
                  {\ifnum 0=`}\fi \let \hskip \vskip \let \vrule \hrule \let...
l.5583   \end{tabularx}
                       
./monthly.tex:5583: Misplaced \noalign.
\hline ->\noalign 
                  {\ifnum 0=`}\fi \let \hskip \vskip \let \vrule \hrule \let...
l.5583   \end{tabularx}
                       
./monthly.tex:5583: Misplaced \noalign.
\hline ->\noalign 
                  {\ifnum 0=`}\fi \let \hskip \vskip \let \vrule \hrule \let...
l.5583   \end{tabularx}
                       
./monthly.tex:5583: Misplaced \noalign.
\hline ->\noalign 
                  {\ifnum 0=`}\fi \let \hskip \vskip \let \vrule \hrule \let...
l.5583   \end{tabularx}
                       
./monthly.tex:5583: Misplaced \noalign.
\hline ->\noalign 
                  {\ifnum 0=`}\fi \let \hskip \vskip \let \vrule \hrule \let...
l.5583   \end{tabularx}
                       
./monthly.tex:5583: Misplaced \noalign.
\hline ->\noalign 
                  {\ifnum 0=`}\fi \let \hskip \vskip \let \vrule \hrule \let...
l.5583   \end{tabularx}
                       
./monthly.tex:5583: Misplaced \noalign.
\hline ->\noalign 
                  {\ifnum 0=`}\fi \let \hskip \vskip \let \vrule \hrule \let...
l.5583   \end{tabularx}
                       
./monthly.tex:5583: Misplaced \noalign.
\hline ->\noalign 
                  {\ifnum 0=`}\fi \let \hskip \vskip \let \vrule \hrule \let...
l.5583   \end{tabularx}
                       
./monthly.tex:5583: Misplaced \noalign.
\hline ->\noalign 
                  {\ifnum 0=`}\fi \let \hskip \vskip \let \vrule \hrule \let...
l.5583   \end{tabularx}
                       
./monthly.tex:5583: Misplaced \noalign.
\hline ->\noalign 
                  {\ifnum 0=`}\fi \let \hskip \vskip \let \vrule \hrule \let...
l.5583   \end{tabularx}
                       
./monthly.tex:5583: Misplaced \noalign.
\hline ->\noalign 
                  {\ifnum 0=`}\fi \let \hskip \vskip \let \vrule \hrule \let...
l.5583   \end{tabularx}
                       
./monthly.tex:5583: Misplaced \noalign.
\hline ->\noalign 
                  {\ifnum 0=`}\fi \let \hskip \vskip \let \vrule \hrule \let...
l.5583   \end{tabularx}
                       

Underfull \hbox (badness 10000) in paragraph at lines 5583--5586

[22]
./monthly.tex:5882: Misplaced \noalign.
\hline ->\noalign 
                  {\ifnum 0=`}\fi \let \hskip \vskip \let \vrule \hrule \let...
l.5882   \end{tabularx}
                       
./monthly.tex:5882: Misplaced \noalign.
\hline ->\noalign 
                  {\ifnum 0=`}\fi \let \hskip \vskip \let \vrule \hrule \let...
l.5882   \end{tabularx}
                       
./monthly.tex:5882: Misplaced \noalign.
\hline ->\noalign 
                  {\ifnum 0=`}\fi \let \hskip \vskip \let \vrule \hrule \let...
l.5882   \end{tabularx}
                       
./monthly.tex:5882: Misplaced \noalign.
\hline ->\noalign 
                  {\ifnum 0=`}\fi \let \hskip \vskip \let \vrule \hrule \let...
l.5882   \end{tabularx}
                       
./monthly.tex:5882: Misplaced \noalign.
\hline ->\noalign 
                  {\ifnum 0=`}\fi \let \hskip \vskip \let \vrule \hrule \let...
l.5882   \end{tabularx}
                       
./monthly.tex:5882: Misplaced \noalign.
\hline ->\noalign 
                  {\ifnum 0=`}\fi \let \hskip \vskip \let \vrule \hrule \let...
l.5882   \end{tabularx}
                       
./monthly.tex:5882: Misplaced \noalign.
\hline ->\noalign 
                  {\ifnum 0=`}\fi \let \hskip \vskip \let \vrule \hrule \let...
l.5882   \end{tabularx}
                       
./monthly.tex:5882: Misplaced \noalign.
\hline ->\noalign 
                  {\ifnum 0=`}\fi \let \hskip \vskip \let \vrule \hrule \let...
l.5882   \end{tabularx}
                       
./monthly.tex:5882: Misplaced \noalign.
\hline ->\noalign 
                  {\ifnum 0=`}\fi \let \hskip \vskip \let \vrule \hrule \let...
l.5882   \end{tabularx}
                       
./monthly.tex:5882: Misplaced \noalign.
\hline ->\noalign 
                  {\ifnum 0=`}\fi \let \hskip \vskip \let \vrule \hrule \let...
l.5882   \end{tabularx}
                       
./monthly.tex:5882: Misplaced \noalign.
\hline ->\noalign 
                  {\ifnum 0=`}\fi \let \hskip \vskip \let \vrule \hrule \let...
l.5882   \end{tabularx}
                       
./monthly.tex:5882: Misplaced \noalign.
\hline ->\noalign 
                  {\ifnum 0=`}\fi \let \hskip \vskip \let \vrule \hrule \let...
l.5882   \end{tabularx}
                       
./monthly.tex:5882: Misplaced \noalign.
\hline ->\noalign 
                  {\ifnum 0=`}\fi \let \hskip \vskip \let \vrule \hrule \let...
l.5882   \end{tabularx}
                       
./monthly.tex:5882: Misplaced \noalign.
\hline ->\noalign 
                  {\ifnum 0=`}\fi \let \hskip \vskip \let \vrule \hrule \let...
l.5882   \end{tabularx}
                       
./monthly.tex:5882: Misplaced \noalign.
\hline ->\noalign 
                  {\ifnum 0=`}\fi \let \hskip \vskip \let \vrule \hrule \let...
l.5882   \end{tabularx}
                       
./monthly.tex:5882: Misplaced \noalign.
\hline ->\noalign 
                  {\ifnum 0=`}\fi \let \hskip \vskip \let \vrule \hrule \let...
l.5882   \end{tabularx}
                       
./monthly.tex:5882: Misplaced \noalign.
\hline ->\noalign 
                  {\ifnum 0=`}\fi \let \hskip \vskip \let \vrule \hrule \let...
l.5882   \end{tabularx}
                       
./monthly.tex:5882: Misplaced \noalign.
\hline ->\noalign 
                  {\ifnum 0=`}\fi \let \hskip \vskip \let \vrule \hrule \let...
l.5882   \end{tabularx}
                       
./monthly.tex:5882: Misplaced \noalign.
\hline ->\noalign 
                  {\ifnum 0=`}\fi \let \hskip \vskip \let \vrule \hrule \let...
l.5882   \end{tabularx}
                       
./monthly.tex:5882: Misplaced \noalign.
\hline ->\noalign 
                  {\ifnum 0=`}\fi \let \hskip \vskip \let \vrule \hrule \let...
l.5882   \end{tabularx}
                       
./monthly.tex:5882: Misplaced \noalign.
\hline ->\noalign 
                  {\ifnum 0=`}\fi \let \hskip \vskip \let \vrule \hrule \let...
l.5882   \end{tabularx}
                       
./monthly.tex:5882: Misplaced \noalign.
\hline ->\noalign 
                  {\ifnum 0=`}\fi \let \hskip \vskip \let \vrule \hrule \let...
l.5882   \end{tabularx}
                       
./monthly.tex:5882: Misplaced \noalign.
\hline ->\noalign 
                  {\ifnum 0=`}\fi \let \hskip \vskip \let \vrule \hrule \let...
l.5882   \end{tabularx}
                       
./monthly.tex:5882: Misplaced \noalign.
\hline ->\noalign 
                  {\ifnum 0=`}\fi \let \hskip \vskip \let \vrule \hrule \let...
l.5882   \end{tabularx}
                       
./monthly.tex:5882: Misplaced \noalign.
\hline ->\noalign 
                  {\ifnum 0=`}\fi \let \hskip \vskip \let \vrule \hrule \let...
l.5882   \end{tabularx}
                       
./monthly.tex:5882: Misplaced \noalign.
\hline ->\noalign 
                  {\ifnum 0=`}\fi \let \hskip \vskip \let \vrule \hrule \let...
l.5882   \end{tabularx}
                       
./monthly.tex:5882: Misplaced \noalign.
\hline ->\noalign 
                  {\ifnum 0=`}\fi \let \hskip \vskip \let \vrule \hrule \let...
l.5882   \end{tabularx}
                       
./monthly.tex:5882: Misplaced \noalign.
\hline ->\noalign 
                  {\ifnum 0=`}\fi \let \hskip \vskip \let \vrule \hrule \let...
l.5882   \end{tabularx}
                       
./monthly.tex:5882: Misplaced \noalign.
\hline ->\noalign 
                  {\ifnum 0=`}\fi \let \hskip \vskip \let \vrule \hrule \let...
l.5882   \end{tabularx}
                       
./monthly.tex:5882: Misplaced \noalign.
\hline ->\noalign 
                  {\ifnum 0=`}\fi \let \hskip \vskip \let \vrule \hrule \let...
l.5882   \end{tabularx}
                       
./monthly.tex:5882: Misplaced \noalign.
\hline ->\noalign 
                  {\ifnum 0=`}\fi \let \hskip \vskip \let \vrule \hrule \let...
l.5882   \end{tabularx}
                       
./monthly.tex:5882: Misplaced \noalign.
\hline ->\noalign 
                  {\ifnum 0=`}\fi \let \hskip \vskip \let \vrule \hrule \let...
l.5882   \end{tabularx}
                       
./monthly.tex:5882: Misplaced \noalign.
\hline ->\noalign 
                  {\ifnum 0=`}\fi \let \hskip \vskip \let \vrule \hrule \let...
l.5882   \end{tabularx}
                       
./monthly.tex:5882: Misplaced \noalign.
\hline ->\noalign 
                  {\ifnum 0=`}\fi \let \hskip \vskip \let \vrule \hrule \let...
l.5882   \end{tabularx}
                       
./monthly.tex:5882: Misplaced \noalign.
\hline ->\noalign 
                  {\ifnum 0=`}\fi \let \hskip \vskip \let \vrule \hrule \let...
l.5882   \end{tabularx}
                       
./monthly.tex:5882: Misplaced \noalign.
\hline ->\noalign 
                  {\ifnum 0=`}\fi \let \hskip \vskip \let \vrule \hrule \let...
l.5882   \end{tabularx}
                       
./monthly.tex:5882: Misplaced \noalign.
\hline ->\noalign 
                  {\ifnum 0=`}\fi \let \hskip \vskip \let \vrule \hrule \let...
l.5882   \end{tabularx}
                       
./monthly.tex:5882: Misplaced \noalign.
\hline ->\noalign 
                  {\ifnum 0=`}\fi \let \hskip \vskip \let \vrule \hrule \let...
l.5882   \end{tabularx}
                       
./monthly.tex:5882: Misplaced \noalign.
\hline ->\noalign 
                  {\ifnum 0=`}\fi \let \hskip \vskip \let \vrule \hrule \let...
l.5882   \end{tabularx}
                       
./monthly.tex:5882: Misplaced \noalign.
\hline ->\noalign 
                  {\ifnum 0=`}\fi \let \hskip \vskip \let \vrule \hrule \let...
l.5882   \end{tabularx}
                       
./monthly.tex:5882: Misplaced \noalign.
\hline ->\noalign 
                  {\ifnum 0=`}\fi \let \hskip \vskip \let \vrule \hrule \let...
l.5882   \end{tabularx}
                       
./monthly.tex:5882: Misplaced \noalign.
\hline ->\noalign 
                  {\ifnum 0=`}\fi \let \hskip \vskip \let \vrule \hrule \let...
l.5882   \end{tabularx}
                       
./monthly.tex:5882: Misplaced \noalign.
\hline ->\noalign 
                  {\ifnum 0=`}\fi \let \hskip \vskip \let \vrule \hrule \let...
l.5882   \end{tabularx}
                       
./monthly.tex:5882: Misplaced \noalign.
\hline ->\noalign 
                  {\ifnum 0=`}\fi \let \hskip \vskip \let \vrule \hrule \let...
l.5882   \end{tabularx}
                       
./monthly.tex:5882: Misplaced \noalign.
\hline ->\noalign 
                  {\ifnum 0=`}\fi \let \hskip \vskip \let \vrule \hrule \let...
l.5882   \end{tabularx}
                       
./monthly.tex:5882: Misplaced \noalign.
\hline ->\noalign 
                  {\ifnum 0=`}\fi \let \hskip \vskip \let \vrule \hrule \let...
l.5882   \end{tabularx}
                       
./monthly.tex:5882: Misplaced \noalign.
\hline ->\noalign 
                  {\ifnum 0=`}\fi \let \hskip \vskip \let \vrule \hrule \let...
l.5882   \end{tabularx}
                       
./monthly.tex:5882: Misplaced \noalign.
\hline ->\noalign 
                  {\ifnum 0=`}\fi \let \hskip \vskip \let \vrule \hrule \let...
l.5882   \end{tabularx}
                       
./monthly.tex:5882: Misplaced \noalign.
\hline ->\noalign 
                  {\ifnum 0=`}\fi \let \hskip \vskip \let \vrule \hrule \let...
l.5882   \end{tabularx}
                       
./monthly.tex:5882: Misplaced \noalign.
\hline ->\noalign 
                  {\ifnum 0=`}\fi \let \hskip \vskip \let \vrule \hrule \let...
l.5882   \end{tabularx}
                       
./monthly.tex:5882: Misplaced \noalign.
\hline ->\noalign 
                  {\ifnum 0=`}\fi \let \hskip \vskip \let \vrule \hrule \let...
l.5882   \end{tabularx}
                       
./monthly.tex:5882: Misplaced \noalign.
\hline ->\noalign 
                  {\ifnum 0=`}\fi \let \hskip \vskip \let \vrule \hrule \let...
l.5882   \end{tabularx}
                       
./monthly.tex:5882: Misplaced \noalign.
\hline ->\noalign 
                  {\ifnum 0=`}\fi \let \hskip \vskip \let \vrule \hrule \let...
l.5882   \end{tabularx}
                       
./monthly.tex:5882: Misplaced \noalign.
\hline ->\noalign 
                  {\ifnum 0=`}\fi \let \hskip \vskip \let \vrule \hrule \let...
l.5882   \end{tabularx}
                       
./monthly.tex:5882: Misplaced \noalign.
\hline ->\noalign 
                  {\ifnum 0=`}\fi \let \hskip \vskip \let \vrule \hrule \let...
l.5882   \end{tabularx}
                       
./monthly.tex:5882: Misplaced \noalign.
\hline ->\noalign 
                  {\ifnum 0=`}\fi \let \hskip \vskip \let \vrule \hrule \let...
l.5882   \end{tabularx}
                       
./monthly.tex:5882: Misplaced \noalign.
\hline ->\noalign 
                  {\ifnum 0=`}\fi \let \hskip \vskip \let \vrule \hrule \let...
l.5882   \end{tabularx}
                       
./monthly.tex:5882: Misplaced \noalign.
\hline ->\noalign 
                  {\ifnum 0=`}\fi \let \hskip \vskip \let \vrule \hrule \let...
l.5882   \end{tabularx}
                       
./monthly.tex:5882: Misplaced \noalign.
\hline ->\noalign 
                  {\ifnum 0=`}\fi \let \hskip \vskip \let \vrule \hrule \let...
l.5882   \end{tabularx}
                       
./monthly.tex:5882: Misplaced \noalign.
\hline ->\noalign 
                  {\ifnum 0=`}\fi \let \hskip \vskip \let \vrule \hrule \let...
l.5882   \end{tabularx}
                       
./monthly.tex:5882: Misplaced \noalign.
\hline ->\noalign 
                  {\ifnum 0=`}\fi \let \hskip \vskip \let \vrule \hrule \let...
l.5882   \end{tabularx}
                       
./monthly.tex:5882: Misplaced \noalign.
\hline ->\noalign 
                  {\ifnum 0=`}\fi \let \hskip \vskip \let \vrule \hrule \let...
l.5882   \end{tabularx}
                       
./monthly.tex:5882: Misplaced \noalign.
\hline ->\noalign 
                  {\ifnum 0=`}\fi \let \hskip \vskip \let \vrule \hrule \let...
l.5882   \end{tabularx}
                       
./monthly.tex:5882: Misplaced \noalign.
\hline ->\noalign 
                  {\ifnum 0=`}\fi \let \hskip \vskip \let \vrule \hrule \let...
l.5882   \end{tabularx}
                       
./monthly.tex:5882: Misplaced \noalign.
\hline ->\noalign 
                  {\ifnum 0=`}\fi \let \hskip \vskip \let \vrule \hrule \let...
l.5882   \end{tabularx}
                       
./monthly.tex:5882: Misplaced \noalign.
\hline ->\noalign 
                  {\ifnum 0=`}\fi \let \hskip \vskip \let \vrule \hrule \let...
l.5882   \end{tabularx}
                       
./monthly.tex:5882: Misplaced \noalign.
\hline ->\noalign 
                  {\ifnum 0=`}\fi \let \hskip \vskip \let \vrule \hrule \let...
l.5882   \end{tabularx}
                       
./monthly.tex:5882: Misplaced \noalign.
\hline ->\noalign 
                  {\ifnum 0=`}\fi \let \hskip \vskip \let \vrule \hrule \let...
l.5882   \end{tabularx}
                       
./monthly.tex:5882: Misplaced \noalign.
\hline ->\noalign 
                  {\ifnum 0=`}\fi \let \hskip \vskip \let \vrule \hrule \let...
l.5882   \end{tabularx}
                       
./monthly.tex:5882: Misplaced \noalign.
\hline ->\noalign 
                  {\ifnum 0=`}\fi \let \hskip \vskip \let \vrule \hrule \let...
l.5882   \end{tabularx}
                       
./monthly.tex:5882: Misplaced \noalign.
\hline ->\noalign 
                  {\ifnum 0=`}\fi \let \hskip \vskip \let \vrule \hrule \let...
l.5882   \end{tabularx}
                       
./monthly.tex:5882: Misplaced \noalign.
\hline ->\noalign 
                  {\ifnum 0=`}\fi \let \hskip \vskip \let \vrule \hrule \let...
l.5882   \end{tabularx}
                       
./monthly.tex:5882: Misplaced \noalign.
\hline ->\noalign 
                  {\ifnum 0=`}\fi \let \hskip \vskip \let \vrule \hrule \let...
l.5882   \end{tabularx}
                       
./monthly.tex:5882: Misplaced \noalign.
\hline ->\noalign 
                  {\ifnum 0=`}\fi \let \hskip \vskip \let \vrule \hrule \let...
l.5882   \end{tabularx}
                       
./monthly.tex:5882: Misplaced \noalign.
\hline ->\noalign 
                  {\ifnum 0=`}\fi \let \hskip \vskip \let \vrule \hrule \let...
l.5882   \end{tabularx}
                       
./monthly.tex:5882: Misplaced \noalign.
\hline ->\noalign 
                  {\ifnum 0=`}\fi \let \hskip \vskip \let \vrule \hrule \let...
l.5882   \end{tabularx}
                       
./monthly.tex:5882: Misplaced \noalign.
\hline ->\noalign 
                  {\ifnum 0=`}\fi \let \hskip \vskip \let \vrule \hrule \let...
l.5882   \end{tabularx}
                       
./monthly.tex:5882: Misplaced \noalign.
\hline ->\noalign 
                  {\ifnum 0=`}\fi \let \hskip \vskip \let \vrule \hrule \let...
l.5882   \end{tabularx}
                       
./monthly.tex:5882: Misplaced \noalign.
\hline ->\noalign 
                  {\ifnum 0=`}\fi \let \hskip \vskip \let \vrule \hrule \let...
l.5882   \end{tabularx}
                       

Overfull \hbox (341.28049pt too wide) in paragraph at lines 5882--5882
[]|[][][] 
./monthly.tex:5882: Misplaced \noalign.
\hline ->\noalign 
                  {\ifnum 0=`}\fi \let \hskip \vskip \let \vrule \hrule \let...
l.5882   \end{tabularx}
                       
./monthly.tex:5882: Misplaced \noalign.
\hline ->\noalign 
                  {\ifnum 0=`}\fi \let \hskip \vskip \let \vrule \hrule \let...
l.5882   \end{tabularx}
                       
./monthly.tex:5882: Misplaced \noalign.
\hline ->\noalign 
                  {\ifnum 0=`}\fi \let \hskip \vskip \let \vrule \hrule \let...
l.5882   \end{tabularx}
                       
./monthly.tex:5882: Misplaced \noalign.
\hline ->\noalign 
                  {\ifnum 0=`}\fi \let \hskip \vskip \let \vrule \hrule \let...
l.5882   \end{tabularx}
                       
./monthly.tex:5882: Misplaced \noalign.
\hline ->\noalign 
                  {\ifnum 0=`}\fi \let \hskip \vskip \let \vrule \hrule \let...
l.5882   \end{tabularx}
                       
./monthly.tex:5882: Misplaced \noalign.
\hline ->\noalign 
                  {\ifnum 0=`}\fi \let \hskip \vskip \let \vrule \hrule \let...
l.5882   \end{tabularx}
                       
./monthly.tex:5882: Misplaced \noalign.
\hline ->\noalign 
                  {\ifnum 0=`}\fi \let \hskip \vskip \let \vrule \hrule \let...
l.5882   \end{tabularx}
                       
./monthly.tex:5882: Misplaced \noalign.
\hline ->\noalign 
                  {\ifnum 0=`}\fi \let \hskip \vskip \let \vrule \hrule \let...
l.5882   \end{tabularx}
                       
./monthly.tex:5882: Misplaced \noalign.
\hline ->\noalign 
                  {\ifnum 0=`}\fi \let \hskip \vskip \let \vrule \hrule \let...
l.5882   \end{tabularx}
                       
./monthly.tex:5882: Misplaced \noalign.
\hline ->\noalign 
                  {\ifnum 0=`}\fi \let \hskip \vskip \let \vrule \hrule \let...
l.5882   \end{tabularx}
                       
./monthly.tex:5882: Misplaced \noalign.
\hline ->\noalign 
                  {\ifnum 0=`}\fi \let \hskip \vskip \let \vrule \hrule \let...
l.5882   \end{tabularx}
                       
./monthly.tex:5882: Misplaced \noalign.
\hline ->\noalign 
                  {\ifnum 0=`}\fi \let \hskip \vskip \let \vrule \hrule \let...
l.5882   \end{tabularx}
                       
./monthly.tex:5882: Misplaced \noalign.
\hline ->\noalign 
                  {\ifnum 0=`}\fi \let \hskip \vskip \let \vrule \hrule \let...
l.5882   \end{tabularx}
                       
./monthly.tex:5882: Misplaced \noalign.
\hline ->\noalign 
                  {\ifnum 0=`}\fi \let \hskip \vskip \let \vrule \hrule \let...
l.5882   \end{tabularx}
                       

Underfull \hbox (badness 10000) in paragraph at lines 5882--5885

[23]
./monthly.tex:6144: Misplaced \noalign.
\hline ->\noalign 
                  {\ifnum 0=`}\fi \let \hskip \vskip \let \vrule \hrule \let...
l.6144   \end{tabularx}
                       
./monthly.tex:6144: Misplaced \noalign.
\hline ->\noalign 
                  {\ifnum 0=`}\fi \let \hskip \vskip \let \vrule \hrule \let...
l.6144   \end{tabularx}
                       
./monthly.tex:6144: Misplaced \noalign.
\hline ->\noalign 
                  {\ifnum 0=`}\fi \let \hskip \vskip \let \vrule \hrule \let...
l.6144   \end{tabularx}
                       
./monthly.tex:6144: Misplaced \noalign.
\hline ->\noalign 
                  {\ifnum 0=`}\fi \let \hskip \vskip \let \vrule \hrule \let...
l.6144   \end{tabularx}
                       
./monthly.tex:6144: Misplaced \noalign.
\hline ->\noalign 
                  {\ifnum 0=`}\fi \let \hskip \vskip \let \vrule \hrule \let...
l.6144   \end{tabularx}
                       
./monthly.tex:6144: Misplaced \noalign.
\hline ->\noalign 
                  {\ifnum 0=`}\fi \let \hskip \vskip \let \vrule \hrule \let...
l.6144   \end{tabularx}
                       
./monthly.tex:6144: Misplaced \noalign.
\hline ->\noalign 
                  {\ifnum 0=`}\fi \let \hskip \vskip \let \vrule \hrule \let...
l.6144   \end{tabularx}
                       
./monthly.tex:6144: Misplaced \noalign.
\hline ->\noalign 
                  {\ifnum 0=`}\fi \let \hskip \vskip \let \vrule \hrule \let...
l.6144   \end{tabularx}
                       
./monthly.tex:6144: Misplaced \noalign.
\hline ->\noalign 
                  {\ifnum 0=`}\fi \let \hskip \vskip \let \vrule \hrule \let...
l.6144   \end{tabularx}
                       
./monthly.tex:6144: Misplaced \noalign.
\hline ->\noalign 
                  {\ifnum 0=`}\fi \let \hskip \vskip \let \vrule \hrule \let...
l.6144   \end{tabularx}
                       
./monthly.tex:6144: Misplaced \noalign.
\hline ->\noalign 
                  {\ifnum 0=`}\fi \let \hskip \vskip \let \vrule \hrule \let...
l.6144   \end{tabularx}
                       
./monthly.tex:6144: Misplaced \noalign.
\hline ->\noalign 
                  {\ifnum 0=`}\fi \let \hskip \vskip \let \vrule \hrule \let...
l.6144   \end{tabularx}
                       
./monthly.tex:6144: Misplaced \noalign.
\hline ->\noalign 
                  {\ifnum 0=`}\fi \let \hskip \vskip \let \vrule \hrule \let...
l.6144   \end{tabularx}
                       
./monthly.tex:6144: Misplaced \noalign.
\hline ->\noalign 
                  {\ifnum 0=`}\fi \let \hskip \vskip \let \vrule \hrule \let...
l.6144   \end{tabularx}
                       
./monthly.tex:6144: Misplaced \noalign.
\hline ->\noalign 
                  {\ifnum 0=`}\fi \let \hskip \vskip \let \vrule \hrule \let...
l.6144   \end{tabularx}
                       
./monthly.tex:6144: Misplaced \noalign.
\hline ->\noalign 
                  {\ifnum 0=`}\fi \let \hskip \vskip \let \vrule \hrule \let...
l.6144   \end{tabularx}
                       
./monthly.tex:6144: Misplaced \noalign.
\hline ->\noalign 
                  {\ifnum 0=`}\fi \let \hskip \vskip \let \vrule \hrule \let...
l.6144   \end{tabularx}
                       
./monthly.tex:6144: Misplaced \noalign.
\hline ->\noalign 
                  {\ifnum 0=`}\fi \let \hskip \vskip \let \vrule \hrule \let...
l.6144   \end{tabularx}
                       
./monthly.tex:6144: Misplaced \noalign.
\hline ->\noalign 
                  {\ifnum 0=`}\fi \let \hskip \vskip \let \vrule \hrule \let...
l.6144   \end{tabularx}
                       
./monthly.tex:6144: Misplaced \noalign.
\hline ->\noalign 
                  {\ifnum 0=`}\fi \let \hskip \vskip \let \vrule \hrule \let...
l.6144   \end{tabularx}
                       
./monthly.tex:6144: Misplaced \noalign.
\hline ->\noalign 
                  {\ifnum 0=`}\fi \let \hskip \vskip \let \vrule \hrule \let...
l.6144   \end{tabularx}
                       
./monthly.tex:6144: Misplaced \noalign.
\hline ->\noalign 
                  {\ifnum 0=`}\fi \let \hskip \vskip \let \vrule \hrule \let...
l.6144   \end{tabularx}
                       
./monthly.tex:6144: Misplaced \noalign.
\hline ->\noalign 
                  {\ifnum 0=`}\fi \let \hskip \vskip \let \vrule \hrule \let...
l.6144   \end{tabularx}
                       
./monthly.tex:6144: Misplaced \noalign.
\hline ->\noalign 
                  {\ifnum 0=`}\fi \let \hskip \vskip \let \vrule \hrule \let...
l.6144   \end{tabularx}
                       
./monthly.tex:6144: Misplaced \noalign.
\hline ->\noalign 
                  {\ifnum 0=`}\fi \let \hskip \vskip \let \vrule \hrule \let...
l.6144   \end{tabularx}
                       
./monthly.tex:6144: Misplaced \noalign.
\hline ->\noalign 
                  {\ifnum 0=`}\fi \let \hskip \vskip \let \vrule \hrule \let...
l.6144   \end{tabularx}
                       
./monthly.tex:6144: Misplaced \noalign.
\hline ->\noalign 
                  {\ifnum 0=`}\fi \let \hskip \vskip \let \vrule \hrule \let...
l.6144   \end{tabularx}
                       
./monthly.tex:6144: Misplaced \noalign.
\hline ->\noalign 
                  {\ifnum 0=`}\fi \let \hskip \vskip \let \vrule \hrule \let...
l.6144   \end{tabularx}
                       
./monthly.tex:6144: Misplaced \noalign.
\hline ->\noalign 
                  {\ifnum 0=`}\fi \let \hskip \vskip \let \vrule \hrule \let...
l.6144   \end{tabularx}
                       
./monthly.tex:6144: Misplaced \noalign.
\hline ->\noalign 
                  {\ifnum 0=`}\fi \let \hskip \vskip \let \vrule \hrule \let...
l.6144   \end{tabularx}
                       
./monthly.tex:6144: Misplaced \noalign.
\hline ->\noalign 
                  {\ifnum 0=`}\fi \let \hskip \vskip \let \vrule \hrule \let...
l.6144   \end{tabularx}
                       
./monthly.tex:6144: Misplaced \noalign.
\hline ->\noalign 
                  {\ifnum 0=`}\fi \let \hskip \vskip \let \vrule \hrule \let...
l.6144   \end{tabularx}
                       
./monthly.tex:6144: Misplaced \noalign.
\hline ->\noalign 
                  {\ifnum 0=`}\fi \let \hskip \vskip \let \vrule \hrule \let...
l.6144   \end{tabularx}
                       
./monthly.tex:6144: Misplaced \noalign.
\hline ->\noalign 
                  {\ifnum 0=`}\fi \let \hskip \vskip \let \vrule \hrule \let...
l.6144   \end{tabularx}
                       
./monthly.tex:6144: Misplaced \noalign.
\hline ->\noalign 
                  {\ifnum 0=`}\fi \let \hskip \vskip \let \vrule \hrule \let...
l.6144   \end{tabularx}
                       
./monthly.tex:6144: Misplaced \noalign.
\hline ->\noalign 
                  {\ifnum 0=`}\fi \let \hskip \vskip \let \vrule \hrule \let...
l.6144   \end{tabularx}
                       
./monthly.tex:6144: Misplaced \noalign.
\hline ->\noalign 
                  {\ifnum 0=`}\fi \let \hskip \vskip \let \vrule \hrule \let...
l.6144   \end{tabularx}
                       
./monthly.tex:6144: Misplaced \noalign.
\hline ->\noalign 
                  {\ifnum 0=`}\fi \let \hskip \vskip \let \vrule \hrule \let...
l.6144   \end{tabularx}
                       
./monthly.tex:6144: Misplaced \noalign.
\hline ->\noalign 
                  {\ifnum 0=`}\fi \let \hskip \vskip \let \vrule \hrule \let...
l.6144   \end{tabularx}
                       
./monthly.tex:6144: Misplaced \noalign.
\hline ->\noalign 
                  {\ifnum 0=`}\fi \let \hskip \vskip \let \vrule \hrule \let...
l.6144   \end{tabularx}
                       
./monthly.tex:6144: Misplaced \noalign.
\hline ->\noalign 
                  {\ifnum 0=`}\fi \let \hskip \vskip \let \vrule \hrule \let...
l.6144   \end{tabularx}
                       
./monthly.tex:6144: Misplaced \noalign.
\hline ->\noalign 
                  {\ifnum 0=`}\fi \let \hskip \vskip \let \vrule \hrule \let...
l.6144   \end{tabularx}
                       
./monthly.tex:6144: Misplaced \noalign.
\hline ->\noalign 
                  {\ifnum 0=`}\fi \let \hskip \vskip \let \vrule \hrule \let...
l.6144   \end{tabularx}
                       
./monthly.tex:6144: Misplaced \noalign.
\hline ->\noalign 
                  {\ifnum 0=`}\fi \let \hskip \vskip \let \vrule \hrule \let...
l.6144   \end{tabularx}
                       
./monthly.tex:6144: Misplaced \noalign.
\hline ->\noalign 
                  {\ifnum 0=`}\fi \let \hskip \vskip \let \vrule \hrule \let...
l.6144   \end{tabularx}
                       
./monthly.tex:6144: Misplaced \noalign.
\hline ->\noalign 
                  {\ifnum 0=`}\fi \let \hskip \vskip \let \vrule \hrule \let...
l.6144   \end{tabularx}
                       
./monthly.tex:6144: Misplaced \noalign.
\hline ->\noalign 
                  {\ifnum 0=`}\fi \let \hskip \vskip \let \vrule \hrule \let...
l.6144   \end{tabularx}
                       
./monthly.tex:6144: Misplaced \noalign.
\hline ->\noalign 
                  {\ifnum 0=`}\fi \let \hskip \vskip \let \vrule \hrule \let...
l.6144   \end{tabularx}
                       
./monthly.tex:6144: Misplaced \noalign.
\hline ->\noalign 
                  {\ifnum 0=`}\fi \let \hskip \vskip \let \vrule \hrule \let...
l.6144   \end{tabularx}
                       
./monthly.tex:6144: Misplaced \noalign.
\hline ->\noalign 
                  {\ifnum 0=`}\fi \let \hskip \vskip \let \vrule \hrule \let...
l.6144   \end{tabularx}
                       
./monthly.tex:6144: Misplaced \noalign.
\hline ->\noalign 
                  {\ifnum 0=`}\fi \let \hskip \vskip \let \vrule \hrule \let...
l.6144   \end{tabularx}
                       
./monthly.tex:6144: Misplaced \noalign.
\hline ->\noalign 
                  {\ifnum 0=`}\fi \let \hskip \vskip \let \vrule \hrule \let...
l.6144   \end{tabularx}
                       
./monthly.tex:6144: Misplaced \noalign.
\hline ->\noalign 
                  {\ifnum 0=`}\fi \let \hskip \vskip \let \vrule \hrule \let...
l.6144   \end{tabularx}
                       
./monthly.tex:6144: Misplaced \noalign.
\hline ->\noalign 
                  {\ifnum 0=`}\fi \let \hskip \vskip \let \vrule \hrule \let...
l.6144   \end{tabularx}
                       
./monthly.tex:6144: Misplaced \noalign.
\hline ->\noalign 
                  {\ifnum 0=`}\fi \let \hskip \vskip \let \vrule \hrule \let...
l.6144   \end{tabularx}
                       
./monthly.tex:6144: Misplaced \noalign.
\hline ->\noalign 
                  {\ifnum 0=`}\fi \let \hskip \vskip \let \vrule \hrule \let...
l.6144   \end{tabularx}
                       
./monthly.tex:6144: Misplaced \noalign.
\hline ->\noalign 
                  {\ifnum 0=`}\fi \let \hskip \vskip \let \vrule \hrule \let...
l.6144   \end{tabularx}
                       
./monthly.tex:6144: Misplaced \noalign.
\hline ->\noalign 
                  {\ifnum 0=`}\fi \let \hskip \vskip \let \vrule \hrule \let...
l.6144   \end{tabularx}
                       
./monthly.tex:6144: Misplaced \noalign.
\hline ->\noalign 
                  {\ifnum 0=`}\fi \let \hskip \vskip \let \vrule \hrule \let...
l.6144   \end{tabularx}
                       
./monthly.tex:6144: Misplaced \noalign.
\hline ->\noalign 
                  {\ifnum 0=`}\fi \let \hskip \vskip \let \vrule \hrule \let...
l.6144   \end{tabularx}
                       
./monthly.tex:6144: Misplaced \noalign.
\hline ->\noalign 
                  {\ifnum 0=`}\fi \let \hskip \vskip \let \vrule \hrule \let...
l.6144   \end{tabularx}
                       

Overfull \hbox (284.4004pt too wide) in paragraph at lines 6144--6144
[]|[][][] 
./monthly.tex:6144: Misplaced \noalign.
\hline ->\noalign 
                  {\ifnum 0=`}\fi \let \hskip \vskip \let \vrule \hrule \let...
l.6144   \end{tabularx}
                       
./monthly.tex:6144: Misplaced \noalign.
\hline ->\noalign 
                  {\ifnum 0=`}\fi \let \hskip \vskip \let \vrule \hrule \let...
l.6144   \end{tabularx}
                       
./monthly.tex:6144: Misplaced \noalign.
\hline ->\noalign 
                  {\ifnum 0=`}\fi \let \hskip \vskip \let \vrule \hrule \let...
l.6144   \end{tabularx}
                       
./monthly.tex:6144: Misplaced \noalign.
\hline ->\noalign 
                  {\ifnum 0=`}\fi \let \hskip \vskip \let \vrule \hrule \let...
l.6144   \end{tabularx}
                       
./monthly.tex:6144: Misplaced \noalign.
\hline ->\noalign 
                  {\ifnum 0=`}\fi \let \hskip \vskip \let \vrule \hrule \let...
l.6144   \end{tabularx}
                       
./monthly.tex:6144: Misplaced \noalign.
\hline ->\noalign 
                  {\ifnum 0=`}\fi \let \hskip \vskip \let \vrule \hrule \let...
l.6144   \end{tabularx}
                       
./monthly.tex:6144: Misplaced \noalign.
\hline ->\noalign 
                  {\ifnum 0=`}\fi \let \hskip \vskip \let \vrule \hrule \let...
l.6144   \end{tabularx}
                       
./monthly.tex:6144: Misplaced \noalign.
\hline ->\noalign 
                  {\ifnum 0=`}\fi \let \hskip \vskip \let \vrule \hrule \let...
l.6144   \end{tabularx}
                       
./monthly.tex:6144: Misplaced \noalign.
\hline ->\noalign 
                  {\ifnum 0=`}\fi \let \hskip \vskip \let \vrule \hrule \let...
l.6144   \end{tabularx}
                       
./monthly.tex:6144: Misplaced \noalign.
\hline ->\noalign 
                  {\ifnum 0=`}\fi \let \hskip \vskip \let \vrule \hrule \let...
l.6144   \end{tabularx}
                       
./monthly.tex:6144: Misplaced \noalign.
\hline ->\noalign 
                  {\ifnum 0=`}\fi \let \hskip \vskip \let \vrule \hrule \let...
l.6144   \end{tabularx}
                       
./monthly.tex:6144: Misplaced \noalign.
\hline ->\noalign 
                  {\ifnum 0=`}\fi \let \hskip \vskip \let \vrule \hrule \let...
l.6144   \end{tabularx}
                       
./monthly.tex:6144: Misplaced \noalign.
\hline ->\noalign 
                  {\ifnum 0=`}\fi \let \hskip \vskip \let \vrule \hrule \let...
l.6144   \end{tabularx}
                       
./monthly.tex:6144: Misplaced \noalign.
\hline ->\noalign 
                  {\ifnum 0=`}\fi \let \hskip \vskip \let \vrule \hrule \let...
l.6144   \end{tabularx}
                       
./monthly.tex:6144: Misplaced \noalign.
\hline ->\noalign 
                  {\ifnum 0=`}\fi \let \hskip \vskip \let \vrule \hrule \let...
l.6144   \end{tabularx}
                       
./monthly.tex:6144: Misplaced \noalign.
\hline ->\noalign 
                  {\ifnum 0=`}\fi \let \hskip \vskip \let \vrule \hrule \let...
l.6144   \end{tabularx}
                       
./monthly.tex:6144: Misplaced \noalign.
\hline ->\noalign 
                  {\ifnum 0=`}\fi \let \hskip \vskip \let \vrule \hrule \let...
l.6144   \end{tabularx}
                       
./monthly.tex:6144: Misplaced \noalign.
\hline ->\noalign 
                  {\ifnum 0=`}\fi \let \hskip \vskip \let \vrule \hrule \let...
l.6144   \end{tabularx}
                       

Overfull \hbox (56.88008pt too wide) in paragraph at lines 6144--6144
[]|[][][] 
./monthly.tex:6144: Misplaced \noalign.
\hline ->\noalign 
                  {\ifnum 0=`}\fi \let \hskip \vskip \let \vrule \hrule \let...
l.6144   \end{tabularx}
                       
./monthly.tex:6144: Misplaced \noalign.
\hline ->\noalign 
                  {\ifnum 0=`}\fi \let \hskip \vskip \let \vrule \hrule \let...
l.6144   \end{tabularx}
                       
./monthly.tex:6144: Misplaced \noalign.
\hline ->\noalign 
                  {\ifnum 0=`}\fi \let \hskip \vskip \let \vrule \hrule \let...
l.6144   \end{tabularx}
                       
./monthly.tex:6144: Misplaced \noalign.
\hline ->\noalign 
                  {\ifnum 0=`}\fi \let \hskip \vskip \let \vrule \hrule \let...
l.6144   \end{tabularx}
                       
./monthly.tex:6144: Misplaced \noalign.
\hline ->\noalign 
                  {\ifnum 0=`}\fi \let \hskip \vskip \let \vrule \hrule \let...
l.6144   \end{tabularx}
                       
./monthly.tex:6144: Misplaced \noalign.
\hline ->\noalign 
                  {\ifnum 0=`}\fi \let \hskip \vskip \let \vrule \hrule \let...
l.6144   \end{tabularx}
                       
./monthly.tex:6144: Misplaced \noalign.
\hline ->\noalign 
                  {\ifnum 0=`}\fi \let \hskip \vskip \let \vrule \hrule \let...
l.6144   \end{tabularx}
                       
./monthly.tex:6144: Misplaced \noalign.
\hline ->\noalign 
                  {\ifnum 0=`}\fi \let \hskip \vskip \let \vrule \hrule \let...
l.6144   \end{tabularx}
                       
./monthly.tex:6144: Misplaced \noalign.
\hline ->\noalign 
                  {\ifnum 0=`}\fi \let \hskip \vskip \let \vrule \hrule \let...
l.6144   \end{tabularx}
                       
./monthly.tex:6144: Misplaced \noalign.
\hline ->\noalign 
                  {\ifnum 0=`}\fi \let \hskip \vskip \let \vrule \hrule \let...
l.6144   \end{tabularx}
                       
./monthly.tex:6144: Misplaced \noalign.
\hline ->\noalign 
                  {\ifnum 0=`}\fi \let \hskip \vskip \let \vrule \hrule \let...
l.6144   \end{tabularx}
                       

Overfull \hbox (2.95929pt too wide) in paragraph at lines 6144--6144
[]\T1/lmss/bx/n/8 Dissertation 

Overfull \hbox (2.95929pt too wide) in paragraph at lines 6144--6144
[]\T1/lmss/bx/n/8 Dissertation 

Underfull \hbox (badness 10000) in paragraph at lines 6144--6147

[24]
./monthly.tex:6408: Misplaced \noalign.
\hline ->\noalign 
                  {\ifnum 0=`}\fi \let \hskip \vskip \let \vrule \hrule \let...
l.6408   \end{tabularx}
                       
./monthly.tex:6408: Misplaced \noalign.
\hline ->\noalign 
                  {\ifnum 0=`}\fi \let \hskip \vskip \let \vrule \hrule \let...
l.6408   \end{tabularx}
                       
./monthly.tex:6408: Misplaced \noalign.
\hline ->\noalign 
                  {\ifnum 0=`}\fi \let \hskip \vskip \let \vrule \hrule \let...
l.6408   \end{tabularx}
                       
./monthly.tex:6408: Misplaced \noalign.
\hline ->\noalign 
                  {\ifnum 0=`}\fi \let \hskip \vskip \let \vrule \hrule \let...
l.6408   \end{tabularx}
                       
./monthly.tex:6408: Misplaced \noalign.
\hline ->\noalign 
                  {\ifnum 0=`}\fi \let \hskip \vskip \let \vrule \hrule \let...
l.6408   \end{tabularx}
                       
./monthly.tex:6408: Misplaced \noalign.
\hline ->\noalign 
                  {\ifnum 0=`}\fi \let \hskip \vskip \let \vrule \hrule \let...
l.6408   \end{tabularx}
                       
./monthly.tex:6408: Misplaced \noalign.
\hline ->\noalign 
                  {\ifnum 0=`}\fi \let \hskip \vskip \let \vrule \hrule \let...
l.6408   \end{tabularx}
                       
./monthly.tex:6408: Misplaced \noalign.
\hline ->\noalign 
                  {\ifnum 0=`}\fi \let \hskip \vskip \let \vrule \hrule \let...
l.6408   \end{tabularx}
                       
./monthly.tex:6408: Misplaced \noalign.
\hline ->\noalign 
                  {\ifnum 0=`}\fi \let \hskip \vskip \let \vrule \hrule \let...
l.6408   \end{tabularx}
                       
./monthly.tex:6408: Misplaced \noalign.
\hline ->\noalign 
                  {\ifnum 0=`}\fi \let \hskip \vskip \let \vrule \hrule \let...
l.6408   \end{tabularx}
                       
./monthly.tex:6408: Misplaced \noalign.
\hline ->\noalign 
                  {\ifnum 0=`}\fi \let \hskip \vskip \let \vrule \hrule \let...
l.6408   \end{tabularx}
                       
./monthly.tex:6408: Misplaced \noalign.
\hline ->\noalign 
                  {\ifnum 0=`}\fi \let \hskip \vskip \let \vrule \hrule \let...
l.6408   \end{tabularx}
                       
./monthly.tex:6408: Misplaced \noalign.
\hline ->\noalign 
                  {\ifnum 0=`}\fi \let \hskip \vskip \let \vrule \hrule \let...
l.6408   \end{tabularx}
                       
./monthly.tex:6408: Misplaced \noalign.
\hline ->\noalign 
                  {\ifnum 0=`}\fi \let \hskip \vskip \let \vrule \hrule \let...
l.6408   \end{tabularx}
                       
./monthly.tex:6408: Misplaced \noalign.
\hline ->\noalign 
                  {\ifnum 0=`}\fi \let \hskip \vskip \let \vrule \hrule \let...
l.6408   \end{tabularx}
                       
./monthly.tex:6408: Misplaced \noalign.
\hline ->\noalign 
                  {\ifnum 0=`}\fi \let \hskip \vskip \let \vrule \hrule \let...
l.6408   \end{tabularx}
                       
./monthly.tex:6408: Misplaced \noalign.
\hline ->\noalign 
                  {\ifnum 0=`}\fi \let \hskip \vskip \let \vrule \hrule \let...
l.6408   \end{tabularx}
                       
./monthly.tex:6408: Misplaced \noalign.
\hline ->\noalign 
                  {\ifnum 0=`}\fi \let \hskip \vskip \let \vrule \hrule \let...
l.6408   \end{tabularx}
                       
./monthly.tex:6408: Misplaced \noalign.
\hline ->\noalign 
                  {\ifnum 0=`}\fi \let \hskip \vskip \let \vrule \hrule \let...
l.6408   \end{tabularx}
                       
./monthly.tex:6408: Misplaced \noalign.
\hline ->\noalign 
                  {\ifnum 0=`}\fi \let \hskip \vskip \let \vrule \hrule \let...
l.6408   \end{tabularx}
                       
./monthly.tex:6408: Misplaced \noalign.
\hline ->\noalign 
                  {\ifnum 0=`}\fi \let \hskip \vskip \let \vrule \hrule \let...
l.6408   \end{tabularx}
                       
./monthly.tex:6408: Misplaced \noalign.
\hline ->\noalign 
                  {\ifnum 0=`}\fi \let \hskip \vskip \let \vrule \hrule \let...
l.6408   \end{tabularx}
                       
./monthly.tex:6408: Misplaced \noalign.
\hline ->\noalign 
                  {\ifnum 0=`}\fi \let \hskip \vskip \let \vrule \hrule \let...
l.6408   \end{tabularx}
                       
./monthly.tex:6408: Misplaced \noalign.
\hline ->\noalign 
                  {\ifnum 0=`}\fi \let \hskip \vskip \let \vrule \hrule \let...
l.6408   \end{tabularx}
                       
./monthly.tex:6408: Misplaced \noalign.
\hline ->\noalign 
                  {\ifnum 0=`}\fi \let \hskip \vskip \let \vrule \hrule \let...
l.6408   \end{tabularx}
                       
./monthly.tex:6408: Misplaced \noalign.
\hline ->\noalign 
                  {\ifnum 0=`}\fi \let \hskip \vskip \let \vrule \hrule \let...
l.6408   \end{tabularx}
                       
./monthly.tex:6408: Misplaced \noalign.
\hline ->\noalign 
                  {\ifnum 0=`}\fi \let \hskip \vskip \let \vrule \hrule \let...
l.6408   \end{tabularx}
                       
./monthly.tex:6408: Misplaced \noalign.
\hline ->\noalign 
                  {\ifnum 0=`}\fi \let \hskip \vskip \let \vrule \hrule \let...
l.6408   \end{tabularx}
                       
./monthly.tex:6408: Misplaced \noalign.
\hline ->\noalign 
                  {\ifnum 0=`}\fi \let \hskip \vskip \let \vrule \hrule \let...
l.6408   \end{tabularx}
                       
./monthly.tex:6408: Misplaced \noalign.
\hline ->\noalign 
                  {\ifnum 0=`}\fi \let \hskip \vskip \let \vrule \hrule \let...
l.6408   \end{tabularx}
                       
./monthly.tex:6408: Misplaced \noalign.
\hline ->\noalign 
                  {\ifnum 0=`}\fi \let \hskip \vskip \let \vrule \hrule \let...
l.6408   \end{tabularx}
                       
./monthly.tex:6408: Misplaced \noalign.
\hline ->\noalign 
                  {\ifnum 0=`}\fi \let \hskip \vskip \let \vrule \hrule \let...
l.6408   \end{tabularx}
                       
./monthly.tex:6408: Misplaced \noalign.
\hline ->\noalign 
                  {\ifnum 0=`}\fi \let \hskip \vskip \let \vrule \hrule \let...
l.6408   \end{tabularx}
                       
./monthly.tex:6408: Misplaced \noalign.
\hline ->\noalign 
                  {\ifnum 0=`}\fi \let \hskip \vskip \let \vrule \hrule \let...
l.6408   \end{tabularx}
                       
./monthly.tex:6408: Misplaced \noalign.
\hline ->\noalign 
                  {\ifnum 0=`}\fi \let \hskip \vskip \let \vrule \hrule \let...
l.6408   \end{tabularx}
                       
./monthly.tex:6408: Misplaced \noalign.
\hline ->\noalign 
                  {\ifnum 0=`}\fi \let \hskip \vskip \let \vrule \hrule \let...
l.6408   \end{tabularx}
                       
./monthly.tex:6408: Misplaced \noalign.
\hline ->\noalign 
                  {\ifnum 0=`}\fi \let \hskip \vskip \let \vrule \hrule \let...
l.6408   \end{tabularx}
                       
./monthly.tex:6408: Misplaced \noalign.
\hline ->\noalign 
                  {\ifnum 0=`}\fi \let \hskip \vskip \let \vrule \hrule \let...
l.6408   \end{tabularx}
                       
./monthly.tex:6408: Misplaced \noalign.
\hline ->\noalign 
                  {\ifnum 0=`}\fi \let \hskip \vskip \let \vrule \hrule \let...
l.6408   \end{tabularx}
                       
./monthly.tex:6408: Misplaced \noalign.
\hline ->\noalign 
                  {\ifnum 0=`}\fi \let \hskip \vskip \let \vrule \hrule \let...
l.6408   \end{tabularx}
                       
./monthly.tex:6408: Misplaced \noalign.
\hline ->\noalign 
                  {\ifnum 0=`}\fi \let \hskip \vskip \let \vrule \hrule \let...
l.6408   \end{tabularx}
                       
./monthly.tex:6408: Misplaced \noalign.
\hline ->\noalign 
                  {\ifnum 0=`}\fi \let \hskip \vskip \let \vrule \hrule \let...
l.6408   \end{tabularx}
                       
./monthly.tex:6408: Misplaced \noalign.
\hline ->\noalign 
                  {\ifnum 0=`}\fi \let \hskip \vskip \let \vrule \hrule \let...
l.6408   \end{tabularx}
                       
./monthly.tex:6408: Misplaced \noalign.
\hline ->\noalign 
                  {\ifnum 0=`}\fi \let \hskip \vskip \let \vrule \hrule \let...
l.6408   \end{tabularx}
                       
./monthly.tex:6408: Misplaced \noalign.
\hline ->\noalign 
                  {\ifnum 0=`}\fi \let \hskip \vskip \let \vrule \hrule \let...
l.6408   \end{tabularx}
                       
./monthly.tex:6408: Misplaced \noalign.
\hline ->\noalign 
                  {\ifnum 0=`}\fi \let \hskip \vskip \let \vrule \hrule \let...
l.6408   \end{tabularx}
                       
./monthly.tex:6408: Misplaced \noalign.
\hline ->\noalign 
                  {\ifnum 0=`}\fi \let \hskip \vskip \let \vrule \hrule \let...
l.6408   \end{tabularx}
                       
./monthly.tex:6408: Misplaced \noalign.
\hline ->\noalign 
                  {\ifnum 0=`}\fi \let \hskip \vskip \let \vrule \hrule \let...
l.6408   \end{tabularx}
                       
./monthly.tex:6408: Misplaced \noalign.
\hline ->\noalign 
                  {\ifnum 0=`}\fi \let \hskip \vskip \let \vrule \hrule \let...
l.6408   \end{tabularx}
                       
./monthly.tex:6408: Misplaced \noalign.
\hline ->\noalign 
                  {\ifnum 0=`}\fi \let \hskip \vskip \let \vrule \hrule \let...
l.6408   \end{tabularx}
                       
./monthly.tex:6408: Misplaced \noalign.
\hline ->\noalign 
                  {\ifnum 0=`}\fi \let \hskip \vskip \let \vrule \hrule \let...
l.6408   \end{tabularx}
                       
./monthly.tex:6408: Misplaced \noalign.
\hline ->\noalign 
                  {\ifnum 0=`}\fi \let \hskip \vskip \let \vrule \hrule \let...
l.6408   \end{tabularx}
                       
./monthly.tex:6408: Misplaced \noalign.
\hline ->\noalign 
                  {\ifnum 0=`}\fi \let \hskip \vskip \let \vrule \hrule \let...
l.6408   \end{tabularx}
                       
./monthly.tex:6408: Misplaced \noalign.
\hline ->\noalign 
                  {\ifnum 0=`}\fi \let \hskip \vskip \let \vrule \hrule \let...
l.6408   \end{tabularx}
                       
./monthly.tex:6408: Misplaced \noalign.
\hline ->\noalign 
                  {\ifnum 0=`}\fi \let \hskip \vskip \let \vrule \hrule \let...
l.6408   \end{tabularx}
                       
./monthly.tex:6408: Misplaced \noalign.
\hline ->\noalign 
                  {\ifnum 0=`}\fi \let \hskip \vskip \let \vrule \hrule \let...
l.6408   \end{tabularx}
                       
./monthly.tex:6408: Misplaced \noalign.
\hline ->\noalign 
                  {\ifnum 0=`}\fi \let \hskip \vskip \let \vrule \hrule \let...
l.6408   \end{tabularx}
                       
./monthly.tex:6408: Misplaced \noalign.
\hline ->\noalign 
                  {\ifnum 0=`}\fi \let \hskip \vskip \let \vrule \hrule \let...
l.6408   \end{tabularx}
                       
./monthly.tex:6408: Misplaced \noalign.
\hline ->\noalign 
                  {\ifnum 0=`}\fi \let \hskip \vskip \let \vrule \hrule \let...
l.6408   \end{tabularx}
                       
./monthly.tex:6408: Misplaced \noalign.
\hline ->\noalign 
                  {\ifnum 0=`}\fi \let \hskip \vskip \let \vrule \hrule \let...
l.6408   \end{tabularx}
                       
./monthly.tex:6408: Misplaced \noalign.
\hline ->\noalign 
                  {\ifnum 0=`}\fi \let \hskip \vskip \let \vrule \hrule \let...
l.6408   \end{tabularx}
                       
./monthly.tex:6408: Misplaced \noalign.
\hline ->\noalign 
                  {\ifnum 0=`}\fi \let \hskip \vskip \let \vrule \hrule \let...
l.6408   \end{tabularx}
                       
./monthly.tex:6408: Misplaced \noalign.
\hline ->\noalign 
                  {\ifnum 0=`}\fi \let \hskip \vskip \let \vrule \hrule \let...
l.6408   \end{tabularx}
                       

Overfull \hbox (170.64024pt too wide) in paragraph at lines 6408--6408
[]|[][][] 
./monthly.tex:6408: Misplaced \noalign.
\hline ->\noalign 
                  {\ifnum 0=`}\fi \let \hskip \vskip \let \vrule \hrule \let...
l.6408   \end{tabularx}
                       
./monthly.tex:6408: Misplaced \noalign.
\hline ->\noalign 
                  {\ifnum 0=`}\fi \let \hskip \vskip \let \vrule \hrule \let...
l.6408   \end{tabularx}
                       
./monthly.tex:6408: Misplaced \noalign.
\hline ->\noalign 
                  {\ifnum 0=`}\fi \let \hskip \vskip \let \vrule \hrule \let...
l.6408   \end{tabularx}
                       
./monthly.tex:6408: Misplaced \noalign.
\hline ->\noalign 
                  {\ifnum 0=`}\fi \let \hskip \vskip \let \vrule \hrule \let...
l.6408   \end{tabularx}
                       
./monthly.tex:6408: Misplaced \noalign.
\hline ->\noalign 
                  {\ifnum 0=`}\fi \let \hskip \vskip \let \vrule \hrule \let...
l.6408   \end{tabularx}
                       
./monthly.tex:6408: Misplaced \noalign.
\hline ->\noalign 
                  {\ifnum 0=`}\fi \let \hskip \vskip \let \vrule \hrule \let...
l.6408   \end{tabularx}
                       
./monthly.tex:6408: Misplaced \noalign.
\hline ->\noalign 
                  {\ifnum 0=`}\fi \let \hskip \vskip \let \vrule \hrule \let...
l.6408   \end{tabularx}
                       
./monthly.tex:6408: Misplaced \noalign.
\hline ->\noalign 
                  {\ifnum 0=`}\fi \let \hskip \vskip \let \vrule \hrule \let...
l.6408   \end{tabularx}
                       
./monthly.tex:6408: Misplaced \noalign.
\hline ->\noalign 
                  {\ifnum 0=`}\fi \let \hskip \vskip \let \vrule \hrule \let...
l.6408   \end{tabularx}
                       
./monthly.tex:6408: Misplaced \noalign.
\hline ->\noalign 
                  {\ifnum 0=`}\fi \let \hskip \vskip \let \vrule \hrule \let...
l.6408   \end{tabularx}
                       
./monthly.tex:6408: Misplaced \noalign.
\hline ->\noalign 
                  {\ifnum 0=`}\fi \let \hskip \vskip \let \vrule \hrule \let...
l.6408   \end{tabularx}
                       
./monthly.tex:6408: Misplaced \noalign.
\hline ->\noalign 
                  {\ifnum 0=`}\fi \let \hskip \vskip \let \vrule \hrule \let...
l.6408   \end{tabularx}
                       
./monthly.tex:6408: Misplaced \noalign.
\hline ->\noalign 
                  {\ifnum 0=`}\fi \let \hskip \vskip \let \vrule \hrule \let...
l.6408   \end{tabularx}
                       
./monthly.tex:6408: Misplaced \noalign.
\hline ->\noalign 
                  {\ifnum 0=`}\fi \let \hskip \vskip \let \vrule \hrule \let...
l.6408   \end{tabularx}
                       
./monthly.tex:6408: Misplaced \noalign.
\hline ->\noalign 
                  {\ifnum 0=`}\fi \let \hskip \vskip \let \vrule \hrule \let...
l.6408   \end{tabularx}
                       

Overfull \hbox (113.76016pt too wide) in paragraph at lines 6408--6408
[]|[][][] 
./monthly.tex:6408: Misplaced \noalign.
\hline ->\noalign 
                  {\ifnum 0=`}\fi \let \hskip \vskip \let \vrule \hrule \let...
l.6408   \end{tabularx}
                       

Overfull \hbox (56.88008pt too wide) in paragraph at lines 6408--6408
[]|[][][] 
./monthly.tex:6408: Misplaced \noalign.
\hline ->\noalign 
                  {\ifnum 0=`}\fi \let \hskip \vskip \let \vrule \hrule \let...
l.6408   \end{tabularx}
                       
./monthly.tex:6408: Misplaced \noalign.
\hline ->\noalign 
                  {\ifnum 0=`}\fi \let \hskip \vskip \let \vrule \hrule \let...
l.6408   \end{tabularx}
                       
./monthly.tex:6408: Misplaced \noalign.
\hline ->\noalign 
                  {\ifnum 0=`}\fi \let \hskip \vskip \let \vrule \hrule \let...
l.6408   \end{tabularx}
                       
./monthly.tex:6408: Misplaced \noalign.
\hline ->\noalign 
                  {\ifnum 0=`}\fi \let \hskip \vskip \let \vrule \hrule \let...
l.6408   \end{tabularx}
                       

Overfull \hbox (227.52032pt too wide) in paragraph at lines 6408--6408
[]|[][][] 
./monthly.tex:6408: Misplaced \noalign.
\hline ->\noalign 
                  {\ifnum 0=`}\fi \let \hskip \vskip \let \vrule \hrule \let...
l.6408   \end{tabularx}
                       
./monthly.tex:6408: Misplaced \noalign.
\hline ->\noalign 
                  {\ifnum 0=`}\fi \let \hskip \vskip \let \vrule \hrule \let...
l.6408   \end{tabularx}
                       
./monthly.tex:6408: Misplaced \noalign.
\hline ->\noalign 
                  {\ifnum 0=`}\fi \let \hskip \vskip \let \vrule \hrule \let...
l.6408   \end{tabularx}
                       
./monthly.tex:6408: Misplaced \noalign.
\hline ->\noalign 
                  {\ifnum 0=`}\fi \let \hskip \vskip \let \vrule \hrule \let...
l.6408   \end{tabularx}
                       
./monthly.tex:6408: Misplaced \noalign.
\hline ->\noalign 
                  {\ifnum 0=`}\fi \let \hskip \vskip \let \vrule \hrule \let...
l.6408   \end{tabularx}
                       
./monthly.tex:6408: Misplaced \noalign.
\hline ->\noalign 
                  {\ifnum 0=`}\fi \let \hskip \vskip \let \vrule \hrule \let...
l.6408   \end{tabularx}
                       
./monthly.tex:6408: Misplaced \noalign.
\hline ->\noalign 
                  {\ifnum 0=`}\fi \let \hskip \vskip \let \vrule \hrule \let...
l.6408   \end{tabularx}
                       
./monthly.tex:6408: Misplaced \noalign.
\hline ->\noalign 
                  {\ifnum 0=`}\fi \let \hskip \vskip \let \vrule \hrule \let...
l.6408   \end{tabularx}
                       
./monthly.tex:6408: Misplaced \noalign.
\hline ->\noalign 
                  {\ifnum 0=`}\fi \let \hskip \vskip \let \vrule \hrule \let...
l.6408   \end{tabularx}
                       
./monthly.tex:6408: Misplaced \noalign.
\hline ->\noalign 
                  {\ifnum 0=`}\fi \let \hskip \vskip \let \vrule \hrule \let...
l.6408   \end{tabularx}
                       

Underfull \hbox (badness 10000) in paragraph at lines 6408--6411

[25]
./monthly.tex:6707: Misplaced \noalign.
\hline ->\noalign 
                  {\ifnum 0=`}\fi \let \hskip \vskip \let \vrule \hrule \let...
l.6707   \end{tabularx}
                       
./monthly.tex:6707: Misplaced \noalign.
\hline ->\noalign 
                  {\ifnum 0=`}\fi \let \hskip \vskip \let \vrule \hrule \let...
l.6707   \end{tabularx}
                       
./monthly.tex:6707: Misplaced \noalign.
\hline ->\noalign 
                  {\ifnum 0=`}\fi \let \hskip \vskip \let \vrule \hrule \let...
l.6707   \end{tabularx}
                       
./monthly.tex:6707: Misplaced \noalign.
\hline ->\noalign 
                  {\ifnum 0=`}\fi \let \hskip \vskip \let \vrule \hrule \let...
l.6707   \end{tabularx}
                       
./monthly.tex:6707: Misplaced \noalign.
\hline ->\noalign 
                  {\ifnum 0=`}\fi \let \hskip \vskip \let \vrule \hrule \let...
l.6707   \end{tabularx}
                       
./monthly.tex:6707: Misplaced \noalign.
\hline ->\noalign 
                  {\ifnum 0=`}\fi \let \hskip \vskip \let \vrule \hrule \let...
l.6707   \end{tabularx}
                       
./monthly.tex:6707: Misplaced \noalign.
\hline ->\noalign 
                  {\ifnum 0=`}\fi \let \hskip \vskip \let \vrule \hrule \let...
l.6707   \end{tabularx}
                       
./monthly.tex:6707: Misplaced \noalign.
\hline ->\noalign 
                  {\ifnum 0=`}\fi \let \hskip \vskip \let \vrule \hrule \let...
l.6707   \end{tabularx}
                       
./monthly.tex:6707: Misplaced \noalign.
\hline ->\noalign 
                  {\ifnum 0=`}\fi \let \hskip \vskip \let \vrule \hrule \let...
l.6707   \end{tabularx}
                       
./monthly.tex:6707: Misplaced \noalign.
\hline ->\noalign 
                  {\ifnum 0=`}\fi \let \hskip \vskip \let \vrule \hrule \let...
l.6707   \end{tabularx}
                       
./monthly.tex:6707: Misplaced \noalign.
\hline ->\noalign 
                  {\ifnum 0=`}\fi \let \hskip \vskip \let \vrule \hrule \let...
l.6707   \end{tabularx}
                       
./monthly.tex:6707: Misplaced \noalign.
\hline ->\noalign 
                  {\ifnum 0=`}\fi \let \hskip \vskip \let \vrule \hrule \let...
l.6707   \end{tabularx}
                       
./monthly.tex:6707: Misplaced \noalign.
\hline ->\noalign 
                  {\ifnum 0=`}\fi \let \hskip \vskip \let \vrule \hrule \let...
l.6707   \end{tabularx}
                       
./monthly.tex:6707: Misplaced \noalign.
\hline ->\noalign 
                  {\ifnum 0=`}\fi \let \hskip \vskip \let \vrule \hrule \let...
l.6707   \end{tabularx}
                       
./monthly.tex:6707: Misplaced \noalign.
\hline ->\noalign 
                  {\ifnum 0=`}\fi \let \hskip \vskip \let \vrule \hrule \let...
l.6707   \end{tabularx}
                       
./monthly.tex:6707: Misplaced \noalign.
\hline ->\noalign 
                  {\ifnum 0=`}\fi \let \hskip \vskip \let \vrule \hrule \let...
l.6707   \end{tabularx}
                       
./monthly.tex:6707: Misplaced \noalign.
\hline ->\noalign 
                  {\ifnum 0=`}\fi \let \hskip \vskip \let \vrule \hrule \let...
l.6707   \end{tabularx}
                       
./monthly.tex:6707: Misplaced \noalign.
\hline ->\noalign 
                  {\ifnum 0=`}\fi \let \hskip \vskip \let \vrule \hrule \let...
l.6707   \end{tabularx}
                       
./monthly.tex:6707: Misplaced \noalign.
\hline ->\noalign 
                  {\ifnum 0=`}\fi \let \hskip \vskip \let \vrule \hrule \let...
l.6707   \end{tabularx}
                       
./monthly.tex:6707: Misplaced \noalign.
\hline ->\noalign 
                  {\ifnum 0=`}\fi \let \hskip \vskip \let \vrule \hrule \let...
l.6707   \end{tabularx}
                       
./monthly.tex:6707: Misplaced \noalign.
\hline ->\noalign 
                  {\ifnum 0=`}\fi \let \hskip \vskip \let \vrule \hrule \let...
l.6707   \end{tabularx}
                       
./monthly.tex:6707: Misplaced \noalign.
\hline ->\noalign 
                  {\ifnum 0=`}\fi \let \hskip \vskip \let \vrule \hrule \let...
l.6707   \end{tabularx}
                       
./monthly.tex:6707: Misplaced \noalign.
\hline ->\noalign 
                  {\ifnum 0=`}\fi \let \hskip \vskip \let \vrule \hrule \let...
l.6707   \end{tabularx}
                       
./monthly.tex:6707: Misplaced \noalign.
\hline ->\noalign 
                  {\ifnum 0=`}\fi \let \hskip \vskip \let \vrule \hrule \let...
l.6707   \end{tabularx}
                       
./monthly.tex:6707: Misplaced \noalign.
\hline ->\noalign 
                  {\ifnum 0=`}\fi \let \hskip \vskip \let \vrule \hrule \let...
l.6707   \end{tabularx}
                       
./monthly.tex:6707: Misplaced \noalign.
\hline ->\noalign 
                  {\ifnum 0=`}\fi \let \hskip \vskip \let \vrule \hrule \let...
l.6707   \end{tabularx}
                       
./monthly.tex:6707: Misplaced \noalign.
\hline ->\noalign 
                  {\ifnum 0=`}\fi \let \hskip \vskip \let \vrule \hrule \let...
l.6707   \end{tabularx}
                       
./monthly.tex:6707: Misplaced \noalign.
\hline ->\noalign 
                  {\ifnum 0=`}\fi \let \hskip \vskip \let \vrule \hrule \let...
l.6707   \end{tabularx}
                       
./monthly.tex:6707: Misplaced \noalign.
\hline ->\noalign 
                  {\ifnum 0=`}\fi \let \hskip \vskip \let \vrule \hrule \let...
l.6707   \end{tabularx}
                       
./monthly.tex:6707: Misplaced \noalign.
\hline ->\noalign 
                  {\ifnum 0=`}\fi \let \hskip \vskip \let \vrule \hrule \let...
l.6707   \end{tabularx}
                       
./monthly.tex:6707: Misplaced \noalign.
\hline ->\noalign 
                  {\ifnum 0=`}\fi \let \hskip \vskip \let \vrule \hrule \let...
l.6707   \end{tabularx}
                       
./monthly.tex:6707: Misplaced \noalign.
\hline ->\noalign 
                  {\ifnum 0=`}\fi \let \hskip \vskip \let \vrule \hrule \let...
l.6707   \end{tabularx}
                       
./monthly.tex:6707: Misplaced \noalign.
\hline ->\noalign 
                  {\ifnum 0=`}\fi \let \hskip \vskip \let \vrule \hrule \let...
l.6707   \end{tabularx}
                       
./monthly.tex:6707: Misplaced \noalign.
\hline ->\noalign 
                  {\ifnum 0=`}\fi \let \hskip \vskip \let \vrule \hrule \let...
l.6707   \end{tabularx}
                       
./monthly.tex:6707: Misplaced \noalign.
\hline ->\noalign 
                  {\ifnum 0=`}\fi \let \hskip \vskip \let \vrule \hrule \let...
l.6707   \end{tabularx}
                       
./monthly.tex:6707: Misplaced \noalign.
\hline ->\noalign 
                  {\ifnum 0=`}\fi \let \hskip \vskip \let \vrule \hrule \let...
l.6707   \end{tabularx}
                       
./monthly.tex:6707: Misplaced \noalign.
\hline ->\noalign 
                  {\ifnum 0=`}\fi \let \hskip \vskip \let \vrule \hrule \let...
l.6707   \end{tabularx}
                       
./monthly.tex:6707: Misplaced \noalign.
\hline ->\noalign 
                  {\ifnum 0=`}\fi \let \hskip \vskip \let \vrule \hrule \let...
l.6707   \end{tabularx}
                       
./monthly.tex:6707: Misplaced \noalign.
\hline ->\noalign 
                  {\ifnum 0=`}\fi \let \hskip \vskip \let \vrule \hrule \let...
l.6707   \end{tabularx}
                       
./monthly.tex:6707: Misplaced \noalign.
\hline ->\noalign 
                  {\ifnum 0=`}\fi \let \hskip \vskip \let \vrule \hrule \let...
l.6707   \end{tabularx}
                       
./monthly.tex:6707: Misplaced \noalign.
\hline ->\noalign 
                  {\ifnum 0=`}\fi \let \hskip \vskip \let \vrule \hrule \let...
l.6707   \end{tabularx}
                       
./monthly.tex:6707: Misplaced \noalign.
\hline ->\noalign 
                  {\ifnum 0=`}\fi \let \hskip \vskip \let \vrule \hrule \let...
l.6707   \end{tabularx}
                       
./monthly.tex:6707: Misplaced \noalign.
\hline ->\noalign 
                  {\ifnum 0=`}\fi \let \hskip \vskip \let \vrule \hrule \let...
l.6707   \end{tabularx}
                       
./monthly.tex:6707: Misplaced \noalign.
\hline ->\noalign 
                  {\ifnum 0=`}\fi \let \hskip \vskip \let \vrule \hrule \let...
l.6707   \end{tabularx}
                       
./monthly.tex:6707: Misplaced \noalign.
\hline ->\noalign 
                  {\ifnum 0=`}\fi \let \hskip \vskip \let \vrule \hrule \let...
l.6707   \end{tabularx}
                       
./monthly.tex:6707: Misplaced \noalign.
\hline ->\noalign 
                  {\ifnum 0=`}\fi \let \hskip \vskip \let \vrule \hrule \let...
l.6707   \end{tabularx}
                       
./monthly.tex:6707: Misplaced \noalign.
\hline ->\noalign 
                  {\ifnum 0=`}\fi \let \hskip \vskip \let \vrule \hrule \let...
l.6707   \end{tabularx}
                       
./monthly.tex:6707: Misplaced \noalign.
\hline ->\noalign 
                  {\ifnum 0=`}\fi \let \hskip \vskip \let \vrule \hrule \let...
l.6707   \end{tabularx}
                       
./monthly.tex:6707: Misplaced \noalign.
\hline ->\noalign 
                  {\ifnum 0=`}\fi \let \hskip \vskip \let \vrule \hrule \let...
l.6707   \end{tabularx}
                       
./monthly.tex:6707: Misplaced \noalign.
\hline ->\noalign 
                  {\ifnum 0=`}\fi \let \hskip \vskip \let \vrule \hrule \let...
l.6707   \end{tabularx}
                       
./monthly.tex:6707: Misplaced \noalign.
\hline ->\noalign 
                  {\ifnum 0=`}\fi \let \hskip \vskip \let \vrule \hrule \let...
l.6707   \end{tabularx}
                       
./monthly.tex:6707: Misplaced \noalign.
\hline ->\noalign 
                  {\ifnum 0=`}\fi \let \hskip \vskip \let \vrule \hrule \let...
l.6707   \end{tabularx}
                       
./monthly.tex:6707: Misplaced \noalign.
\hline ->\noalign 
                  {\ifnum 0=`}\fi \let \hskip \vskip \let \vrule \hrule \let...
l.6707   \end{tabularx}
                       
./monthly.tex:6707: Misplaced \noalign.
\hline ->\noalign 
                  {\ifnum 0=`}\fi \let \hskip \vskip \let \vrule \hrule \let...
l.6707   \end{tabularx}
                       
./monthly.tex:6707: Misplaced \noalign.
\hline ->\noalign 
                  {\ifnum 0=`}\fi \let \hskip \vskip \let \vrule \hrule \let...
l.6707   \end{tabularx}
                       
./monthly.tex:6707: Misplaced \noalign.
\hline ->\noalign 
                  {\ifnum 0=`}\fi \let \hskip \vskip \let \vrule \hrule \let...
l.6707   \end{tabularx}
                       
./monthly.tex:6707: Misplaced \noalign.
\hline ->\noalign 
                  {\ifnum 0=`}\fi \let \hskip \vskip \let \vrule \hrule \let...
l.6707   \end{tabularx}
                       
./monthly.tex:6707: Misplaced \noalign.
\hline ->\noalign 
                  {\ifnum 0=`}\fi \let \hskip \vskip \let \vrule \hrule \let...
l.6707   \end{tabularx}
                       
./monthly.tex:6707: Misplaced \noalign.
\hline ->\noalign 
                  {\ifnum 0=`}\fi \let \hskip \vskip \let \vrule \hrule \let...
l.6707   \end{tabularx}
                       
./monthly.tex:6707: Misplaced \noalign.
\hline ->\noalign 
                  {\ifnum 0=`}\fi \let \hskip \vskip \let \vrule \hrule \let...
l.6707   \end{tabularx}
                       
./monthly.tex:6707: Misplaced \noalign.
\hline ->\noalign 
                  {\ifnum 0=`}\fi \let \hskip \vskip \let \vrule \hrule \let...
l.6707   \end{tabularx}
                       
./monthly.tex:6707: Misplaced \noalign.
\hline ->\noalign 
                  {\ifnum 0=`}\fi \let \hskip \vskip \let \vrule \hrule \let...
l.6707   \end{tabularx}
                       
./monthly.tex:6707: Misplaced \noalign.
\hline ->\noalign 
                  {\ifnum 0=`}\fi \let \hskip \vskip \let \vrule \hrule \let...
l.6707   \end{tabularx}
                       
./monthly.tex:6707: Misplaced \noalign.
\hline ->\noalign 
                  {\ifnum 0=`}\fi \let \hskip \vskip \let \vrule \hrule \let...
l.6707   \end{tabularx}
                       
./monthly.tex:6707: Misplaced \noalign.
\hline ->\noalign 
                  {\ifnum 0=`}\fi \let \hskip \vskip \let \vrule \hrule \let...
l.6707   \end{tabularx}
                       
./monthly.tex:6707: Misplaced \noalign.
\hline ->\noalign 
                  {\ifnum 0=`}\fi \let \hskip \vskip \let \vrule \hrule \let...
l.6707   \end{tabularx}
                       
./monthly.tex:6707: Misplaced \noalign.
\hline ->\noalign 
                  {\ifnum 0=`}\fi \let \hskip \vskip \let \vrule \hrule \let...
l.6707   \end{tabularx}
                       

Overfull \hbox (170.64024pt too wide) in paragraph at lines 6707--6707
[]|[][][] 
./monthly.tex:6707: Misplaced \noalign.
\hline ->\noalign 
                  {\ifnum 0=`}\fi \let \hskip \vskip \let \vrule \hrule \let...
l.6707   \end{tabularx}
                       
./monthly.tex:6707: Misplaced \noalign.
\hline ->\noalign 
                  {\ifnum 0=`}\fi \let \hskip \vskip \let \vrule \hrule \let...
l.6707   \end{tabularx}
                       
./monthly.tex:6707: Misplaced \noalign.
\hline ->\noalign 
                  {\ifnum 0=`}\fi \let \hskip \vskip \let \vrule \hrule \let...
l.6707   \end{tabularx}
                       
./monthly.tex:6707: Misplaced \noalign.
\hline ->\noalign 
                  {\ifnum 0=`}\fi \let \hskip \vskip \let \vrule \hrule \let...
l.6707   \end{tabularx}
                       
./monthly.tex:6707: Misplaced \noalign.
\hline ->\noalign 
                  {\ifnum 0=`}\fi \let \hskip \vskip \let \vrule \hrule \let...
l.6707   \end{tabularx}
                       
./monthly.tex:6707: Misplaced \noalign.
\hline ->\noalign 
                  {\ifnum 0=`}\fi \let \hskip \vskip \let \vrule \hrule \let...
l.6707   \end{tabularx}
                       
./monthly.tex:6707: Misplaced \noalign.
\hline ->\noalign 
                  {\ifnum 0=`}\fi \let \hskip \vskip \let \vrule \hrule \let...
l.6707   \end{tabularx}
                       
./monthly.tex:6707: Misplaced \noalign.
\hline ->\noalign 
                  {\ifnum 0=`}\fi \let \hskip \vskip \let \vrule \hrule \let...
l.6707   \end{tabularx}
                       
./monthly.tex:6707: Misplaced \noalign.
\hline ->\noalign 
                  {\ifnum 0=`}\fi \let \hskip \vskip \let \vrule \hrule \let...
l.6707   \end{tabularx}
                       
./monthly.tex:6707: Misplaced \noalign.
\hline ->\noalign 
                  {\ifnum 0=`}\fi \let \hskip \vskip \let \vrule \hrule \let...
l.6707   \end{tabularx}
                       
./monthly.tex:6707: Misplaced \noalign.
\hline ->\noalign 
                  {\ifnum 0=`}\fi \let \hskip \vskip \let \vrule \hrule \let...
l.6707   \end{tabularx}
                       
./monthly.tex:6707: Misplaced \noalign.
\hline ->\noalign 
                  {\ifnum 0=`}\fi \let \hskip \vskip \let \vrule \hrule \let...
l.6707   \end{tabularx}
                       
./monthly.tex:6707: Misplaced \noalign.
\hline ->\noalign 
                  {\ifnum 0=`}\fi \let \hskip \vskip \let \vrule \hrule \let...
l.6707   \end{tabularx}
                       
./monthly.tex:6707: Misplaced \noalign.
\hline ->\noalign 
                  {\ifnum 0=`}\fi \let \hskip \vskip \let \vrule \hrule \let...
l.6707   \end{tabularx}
                       
./monthly.tex:6707: Misplaced \noalign.
\hline ->\noalign 
                  {\ifnum 0=`}\fi \let \hskip \vskip \let \vrule \hrule \let...
l.6707   \end{tabularx}
                       
./monthly.tex:6707: Misplaced \noalign.
\hline ->\noalign 
                  {\ifnum 0=`}\fi \let \hskip \vskip \let \vrule \hrule \let...
l.6707   \end{tabularx}
                       
./monthly.tex:6707: Misplaced \noalign.
\hline ->\noalign 
                  {\ifnum 0=`}\fi \let \hskip \vskip \let \vrule \hrule \let...
l.6707   \end{tabularx}
                       
./monthly.tex:6707: Misplaced \noalign.
\hline ->\noalign 
                  {\ifnum 0=`}\fi \let \hskip \vskip \let \vrule \hrule \let...
l.6707   \end{tabularx}
                       
./monthly.tex:6707: Misplaced \noalign.
\hline ->\noalign 
                  {\ifnum 0=`}\fi \let \hskip \vskip \let \vrule \hrule \let...
l.6707   \end{tabularx}
                       
./monthly.tex:6707: Misplaced \noalign.
\hline ->\noalign 
                  {\ifnum 0=`}\fi \let \hskip \vskip \let \vrule \hrule \let...
l.6707   \end{tabularx}
                       
./monthly.tex:6707: Misplaced \noalign.
\hline ->\noalign 
                  {\ifnum 0=`}\fi \let \hskip \vskip \let \vrule \hrule \let...
l.6707   \end{tabularx}
                       
./monthly.tex:6707: Misplaced \noalign.
\hline ->\noalign 
                  {\ifnum 0=`}\fi \let \hskip \vskip \let \vrule \hrule \let...
l.6707   \end{tabularx}
                       
./monthly.tex:6707: Misplaced \noalign.
\hline ->\noalign 
                  {\ifnum 0=`}\fi \let \hskip \vskip \let \vrule \hrule \let...
l.6707   \end{tabularx}
                       
./monthly.tex:6707: Misplaced \noalign.
\hline ->\noalign 
                  {\ifnum 0=`}\fi \let \hskip \vskip \let \vrule \hrule \let...
l.6707   \end{tabularx}
                       
./monthly.tex:6707: Misplaced \noalign.
\hline ->\noalign 
                  {\ifnum 0=`}\fi \let \hskip \vskip \let \vrule \hrule \let...
l.6707   \end{tabularx}
                       
./monthly.tex:6707: Misplaced \noalign.
\hline ->\noalign 
                  {\ifnum 0=`}\fi \let \hskip \vskip \let \vrule \hrule \let...
l.6707   \end{tabularx}
                       

Underfull \hbox (badness 10000) in paragraph at lines 6707--6710

[26]
./monthly.tex:6969: Misplaced \noalign.
\hline ->\noalign 
                  {\ifnum 0=`}\fi \let \hskip \vskip \let \vrule \hrule \let...
l.6969   \end{tabularx}
                       
./monthly.tex:6969: Misplaced \noalign.
\hline ->\noalign 
                  {\ifnum 0=`}\fi \let \hskip \vskip \let \vrule \hrule \let...
l.6969   \end{tabularx}
                       
./monthly.tex:6969: Misplaced \noalign.
\hline ->\noalign 
                  {\ifnum 0=`}\fi \let \hskip \vskip \let \vrule \hrule \let...
l.6969   \end{tabularx}
                       
./monthly.tex:6969: Misplaced \noalign.
\hline ->\noalign 
                  {\ifnum 0=`}\fi \let \hskip \vskip \let \vrule \hrule \let...
l.6969   \end{tabularx}
                       
./monthly.tex:6969: Misplaced \noalign.
\hline ->\noalign 
                  {\ifnum 0=`}\fi \let \hskip \vskip \let \vrule \hrule \let...
l.6969   \end{tabularx}
                       
./monthly.tex:6969: Misplaced \noalign.
\hline ->\noalign 
                  {\ifnum 0=`}\fi \let \hskip \vskip \let \vrule \hrule \let...
l.6969   \end{tabularx}
                       
./monthly.tex:6969: Misplaced \noalign.
\hline ->\noalign 
                  {\ifnum 0=`}\fi \let \hskip \vskip \let \vrule \hrule \let...
l.6969   \end{tabularx}
                       
./monthly.tex:6969: Misplaced \noalign.
\hline ->\noalign 
                  {\ifnum 0=`}\fi \let \hskip \vskip \let \vrule \hrule \let...
l.6969   \end{tabularx}
                       
./monthly.tex:6969: Misplaced \noalign.
\hline ->\noalign 
                  {\ifnum 0=`}\fi \let \hskip \vskip \let \vrule \hrule \let...
l.6969   \end{tabularx}
                       
./monthly.tex:6969: Misplaced \noalign.
\hline ->\noalign 
                  {\ifnum 0=`}\fi \let \hskip \vskip \let \vrule \hrule \let...
l.6969   \end{tabularx}
                       
./monthly.tex:6969: Misplaced \noalign.
\hline ->\noalign 
                  {\ifnum 0=`}\fi \let \hskip \vskip \let \vrule \hrule \let...
l.6969   \end{tabularx}
                       
./monthly.tex:6969: Misplaced \noalign.
\hline ->\noalign 
                  {\ifnum 0=`}\fi \let \hskip \vskip \let \vrule \hrule \let...
l.6969   \end{tabularx}
                       
./monthly.tex:6969: Misplaced \noalign.
\hline ->\noalign 
                  {\ifnum 0=`}\fi \let \hskip \vskip \let \vrule \hrule \let...
l.6969   \end{tabularx}
                       
./monthly.tex:6969: Misplaced \noalign.
\hline ->\noalign 
                  {\ifnum 0=`}\fi \let \hskip \vskip \let \vrule \hrule \let...
l.6969   \end{tabularx}
                       
./monthly.tex:6969: Misplaced \noalign.
\hline ->\noalign 
                  {\ifnum 0=`}\fi \let \hskip \vskip \let \vrule \hrule \let...
l.6969   \end{tabularx}
                       
./monthly.tex:6969: Misplaced \noalign.
\hline ->\noalign 
                  {\ifnum 0=`}\fi \let \hskip \vskip \let \vrule \hrule \let...
l.6969   \end{tabularx}
                       
./monthly.tex:6969: Misplaced \noalign.
\hline ->\noalign 
                  {\ifnum 0=`}\fi \let \hskip \vskip \let \vrule \hrule \let...
l.6969   \end{tabularx}
                       
./monthly.tex:6969: Misplaced \noalign.
\hline ->\noalign 
                  {\ifnum 0=`}\fi \let \hskip \vskip \let \vrule \hrule \let...
l.6969   \end{tabularx}
                       
./monthly.tex:6969: Misplaced \noalign.
\hline ->\noalign 
                  {\ifnum 0=`}\fi \let \hskip \vskip \let \vrule \hrule \let...
l.6969   \end{tabularx}
                       
./monthly.tex:6969: Misplaced \noalign.
\hline ->\noalign 
                  {\ifnum 0=`}\fi \let \hskip \vskip \let \vrule \hrule \let...
l.6969   \end{tabularx}
                       
./monthly.tex:6969: Misplaced \noalign.
\hline ->\noalign 
                  {\ifnum 0=`}\fi \let \hskip \vskip \let \vrule \hrule \let...
l.6969   \end{tabularx}
                       
./monthly.tex:6969: Misplaced \noalign.
\hline ->\noalign 
                  {\ifnum 0=`}\fi \let \hskip \vskip \let \vrule \hrule \let...
l.6969   \end{tabularx}
                       
./monthly.tex:6969: Misplaced \noalign.
\hline ->\noalign 
                  {\ifnum 0=`}\fi \let \hskip \vskip \let \vrule \hrule \let...
l.6969   \end{tabularx}
                       
./monthly.tex:6969: Misplaced \noalign.
\hline ->\noalign 
                  {\ifnum 0=`}\fi \let \hskip \vskip \let \vrule \hrule \let...
l.6969   \end{tabularx}
                       
./monthly.tex:6969: Misplaced \noalign.
\hline ->\noalign 
                  {\ifnum 0=`}\fi \let \hskip \vskip \let \vrule \hrule \let...
l.6969   \end{tabularx}
                       
./monthly.tex:6969: Misplaced \noalign.
\hline ->\noalign 
                  {\ifnum 0=`}\fi \let \hskip \vskip \let \vrule \hrule \let...
l.6969   \end{tabularx}
                       
./monthly.tex:6969: Misplaced \noalign.
\hline ->\noalign 
                  {\ifnum 0=`}\fi \let \hskip \vskip \let \vrule \hrule \let...
l.6969   \end{tabularx}
                       
./monthly.tex:6969: Misplaced \noalign.
\hline ->\noalign 
                  {\ifnum 0=`}\fi \let \hskip \vskip \let \vrule \hrule \let...
l.6969   \end{tabularx}
                       
./monthly.tex:6969: Misplaced \noalign.
\hline ->\noalign 
                  {\ifnum 0=`}\fi \let \hskip \vskip \let \vrule \hrule \let...
l.6969   \end{tabularx}
                       
./monthly.tex:6969: Misplaced \noalign.
\hline ->\noalign 
                  {\ifnum 0=`}\fi \let \hskip \vskip \let \vrule \hrule \let...
l.6969   \end{tabularx}
                       
./monthly.tex:6969: Misplaced \noalign.
\hline ->\noalign 
                  {\ifnum 0=`}\fi \let \hskip \vskip \let \vrule \hrule \let...
l.6969   \end{tabularx}
                       
./monthly.tex:6969: Misplaced \noalign.
\hline ->\noalign 
                  {\ifnum 0=`}\fi \let \hskip \vskip \let \vrule \hrule \let...
l.6969   \end{tabularx}
                       
./monthly.tex:6969: Misplaced \noalign.
\hline ->\noalign 
                  {\ifnum 0=`}\fi \let \hskip \vskip \let \vrule \hrule \let...
l.6969   \end{tabularx}
                       
./monthly.tex:6969: Misplaced \noalign.
\hline ->\noalign 
                  {\ifnum 0=`}\fi \let \hskip \vskip \let \vrule \hrule \let...
l.6969   \end{tabularx}
                       
./monthly.tex:6969: Misplaced \noalign.
\hline ->\noalign 
                  {\ifnum 0=`}\fi \let \hskip \vskip \let \vrule \hrule \let...
l.6969   \end{tabularx}
                       
./monthly.tex:6969: Misplaced \noalign.
\hline ->\noalign 
                  {\ifnum 0=`}\fi \let \hskip \vskip \let \vrule \hrule \let...
l.6969   \end{tabularx}
                       
./monthly.tex:6969: Misplaced \noalign.
\hline ->\noalign 
                  {\ifnum 0=`}\fi \let \hskip \vskip \let \vrule \hrule \let...
l.6969   \end{tabularx}
                       
./monthly.tex:6969: Misplaced \noalign.
\hline ->\noalign 
                  {\ifnum 0=`}\fi \let \hskip \vskip \let \vrule \hrule \let...
l.6969   \end{tabularx}
                       
./monthly.tex:6969: Misplaced \noalign.
\hline ->\noalign 
                  {\ifnum 0=`}\fi \let \hskip \vskip \let \vrule \hrule \let...
l.6969   \end{tabularx}
                       
./monthly.tex:6969: Misplaced \noalign.
\hline ->\noalign 
                  {\ifnum 0=`}\fi \let \hskip \vskip \let \vrule \hrule \let...
l.6969   \end{tabularx}
                       
./monthly.tex:6969: Misplaced \noalign.
\hline ->\noalign 
                  {\ifnum 0=`}\fi \let \hskip \vskip \let \vrule \hrule \let...
l.6969   \end{tabularx}
                       
./monthly.tex:6969: Misplaced \noalign.
\hline ->\noalign 
                  {\ifnum 0=`}\fi \let \hskip \vskip \let \vrule \hrule \let...
l.6969   \end{tabularx}
                       
./monthly.tex:6969: Misplaced \noalign.
\hline ->\noalign 
                  {\ifnum 0=`}\fi \let \hskip \vskip \let \vrule \hrule \let...
l.6969   \end{tabularx}
                       
./monthly.tex:6969: Misplaced \noalign.
\hline ->\noalign 
                  {\ifnum 0=`}\fi \let \hskip \vskip \let \vrule \hrule \let...
l.6969   \end{tabularx}
                       
./monthly.tex:6969: Misplaced \noalign.
\hline ->\noalign 
                  {\ifnum 0=`}\fi \let \hskip \vskip \let \vrule \hrule \let...
l.6969   \end{tabularx}
                       
./monthly.tex:6969: Misplaced \noalign.
\hline ->\noalign 
                  {\ifnum 0=`}\fi \let \hskip \vskip \let \vrule \hrule \let...
l.6969   \end{tabularx}
                       
./monthly.tex:6969: Misplaced \noalign.
\hline ->\noalign 
                  {\ifnum 0=`}\fi \let \hskip \vskip \let \vrule \hrule \let...
l.6969   \end{tabularx}
                       
./monthly.tex:6969: Misplaced \noalign.
\hline ->\noalign 
                  {\ifnum 0=`}\fi \let \hskip \vskip \let \vrule \hrule \let...
l.6969   \end{tabularx}
                       
./monthly.tex:6969: Misplaced \noalign.
\hline ->\noalign 
                  {\ifnum 0=`}\fi \let \hskip \vskip \let \vrule \hrule \let...
l.6969   \end{tabularx}
                       
./monthly.tex:6969: Misplaced \noalign.
\hline ->\noalign 
                  {\ifnum 0=`}\fi \let \hskip \vskip \let \vrule \hrule \let...
l.6969   \end{tabularx}
                       
./monthly.tex:6969: Misplaced \noalign.
\hline ->\noalign 
                  {\ifnum 0=`}\fi \let \hskip \vskip \let \vrule \hrule \let...
l.6969   \end{tabularx}
                       
./monthly.tex:6969: Misplaced \noalign.
\hline ->\noalign 
                  {\ifnum 0=`}\fi \let \hskip \vskip \let \vrule \hrule \let...
l.6969   \end{tabularx}
                       
./monthly.tex:6969: Misplaced \noalign.
\hline ->\noalign 
                  {\ifnum 0=`}\fi \let \hskip \vskip \let \vrule \hrule \let...
l.6969   \end{tabularx}
                       
./monthly.tex:6969: Misplaced \noalign.
\hline ->\noalign 
                  {\ifnum 0=`}\fi \let \hskip \vskip \let \vrule \hrule \let...
l.6969   \end{tabularx}
                       
./monthly.tex:6969: Misplaced \noalign.
\hline ->\noalign 
                  {\ifnum 0=`}\fi \let \hskip \vskip \let \vrule \hrule \let...
l.6969   \end{tabularx}
                       
./monthly.tex:6969: Misplaced \noalign.
\hline ->\noalign 
                  {\ifnum 0=`}\fi \let \hskip \vskip \let \vrule \hrule \let...
l.6969   \end{tabularx}
                       
./monthly.tex:6969: Misplaced \noalign.
\hline ->\noalign 
                  {\ifnum 0=`}\fi \let \hskip \vskip \let \vrule \hrule \let...
l.6969   \end{tabularx}
                       
./monthly.tex:6969: Misplaced \noalign.
\hline ->\noalign 
                  {\ifnum 0=`}\fi \let \hskip \vskip \let \vrule \hrule \let...
l.6969   \end{tabularx}
                       
./monthly.tex:6969: Misplaced \noalign.
\hline ->\noalign 
                  {\ifnum 0=`}\fi \let \hskip \vskip \let \vrule \hrule \let...
l.6969   \end{tabularx}
                       
./monthly.tex:6969: Misplaced \noalign.
\hline ->\noalign 
                  {\ifnum 0=`}\fi \let \hskip \vskip \let \vrule \hrule \let...
l.6969   \end{tabularx}
                       
./monthly.tex:6969: Misplaced \noalign.
\hline ->\noalign 
                  {\ifnum 0=`}\fi \let \hskip \vskip \let \vrule \hrule \let...
l.6969   \end{tabularx}
                       
./monthly.tex:6969: Misplaced \noalign.
\hline ->\noalign 
                  {\ifnum 0=`}\fi \let \hskip \vskip \let \vrule \hrule \let...
l.6969   \end{tabularx}
                       
./monthly.tex:6969: Misplaced \noalign.
\hline ->\noalign 
                  {\ifnum 0=`}\fi \let \hskip \vskip \let \vrule \hrule \let...
l.6969   \end{tabularx}
                       
./monthly.tex:6969: Misplaced \noalign.
\hline ->\noalign 
                  {\ifnum 0=`}\fi \let \hskip \vskip \let \vrule \hrule \let...
l.6969   \end{tabularx}
                       
./monthly.tex:6969: Misplaced \noalign.
\hline ->\noalign 
                  {\ifnum 0=`}\fi \let \hskip \vskip \let \vrule \hrule \let...
l.6969   \end{tabularx}
                       
./monthly.tex:6969: Misplaced \noalign.
\hline ->\noalign 
                  {\ifnum 0=`}\fi \let \hskip \vskip \let \vrule \hrule \let...
l.6969   \end{tabularx}
                       
./monthly.tex:6969: Misplaced \noalign.
\hline ->\noalign 
                  {\ifnum 0=`}\fi \let \hskip \vskip \let \vrule \hrule \let...
l.6969   \end{tabularx}
                       
./monthly.tex:6969: Misplaced \noalign.
\hline ->\noalign 
                  {\ifnum 0=`}\fi \let \hskip \vskip \let \vrule \hrule \let...
l.6969   \end{tabularx}
                       
./monthly.tex:6969: Misplaced \noalign.
\hline ->\noalign 
                  {\ifnum 0=`}\fi \let \hskip \vskip \let \vrule \hrule \let...
l.6969   \end{tabularx}
                       
./monthly.tex:6969: Misplaced \noalign.
\hline ->\noalign 
                  {\ifnum 0=`}\fi \let \hskip \vskip \let \vrule \hrule \let...
l.6969   \end{tabularx}
                       
./monthly.tex:6969: Misplaced \noalign.
\hline ->\noalign 
                  {\ifnum 0=`}\fi \let \hskip \vskip \let \vrule \hrule \let...
l.6969   \end{tabularx}
                       
./monthly.tex:6969: Misplaced \noalign.
\hline ->\noalign 
                  {\ifnum 0=`}\fi \let \hskip \vskip \let \vrule \hrule \let...
l.6969   \end{tabularx}
                       
./monthly.tex:6969: Misplaced \noalign.
\hline ->\noalign 
                  {\ifnum 0=`}\fi \let \hskip \vskip \let \vrule \hrule \let...
l.6969   \end{tabularx}
                       
./monthly.tex:6969: Misplaced \noalign.
\hline ->\noalign 
                  {\ifnum 0=`}\fi \let \hskip \vskip \let \vrule \hrule \let...
l.6969   \end{tabularx}
                       
./monthly.tex:6969: Misplaced \noalign.
\hline ->\noalign 
                  {\ifnum 0=`}\fi \let \hskip \vskip \let \vrule \hrule \let...
l.6969   \end{tabularx}
                       
./monthly.tex:6969: Misplaced \noalign.
\hline ->\noalign 
                  {\ifnum 0=`}\fi \let \hskip \vskip \let \vrule \hrule \let...
l.6969   \end{tabularx}
                       
./monthly.tex:6969: Misplaced \noalign.
\hline ->\noalign 
                  {\ifnum 0=`}\fi \let \hskip \vskip \let \vrule \hrule \let...
l.6969   \end{tabularx}
                       
./monthly.tex:6969: Misplaced \noalign.
\hline ->\noalign 
                  {\ifnum 0=`}\fi \let \hskip \vskip \let \vrule \hrule \let...
l.6969   \end{tabularx}
                       
./monthly.tex:6969: Misplaced \noalign.
\hline ->\noalign 
                  {\ifnum 0=`}\fi \let \hskip \vskip \let \vrule \hrule \let...
l.6969   \end{tabularx}
                       
./monthly.tex:6969: Misplaced \noalign.
\hline ->\noalign 
                  {\ifnum 0=`}\fi \let \hskip \vskip \let \vrule \hrule \let...
l.6969   \end{tabularx}
                       
./monthly.tex:6969: Misplaced \noalign.
\hline ->\noalign 
                  {\ifnum 0=`}\fi \let \hskip \vskip \let \vrule \hrule \let...
l.6969   \end{tabularx}
                       
./monthly.tex:6969: Misplaced \noalign.
\hline ->\noalign 
                  {\ifnum 0=`}\fi \let \hskip \vskip \let \vrule \hrule \let...
l.6969   \end{tabularx}
                       
./monthly.tex:6969: Misplaced \noalign.
\hline ->\noalign 
                  {\ifnum 0=`}\fi \let \hskip \vskip \let \vrule \hrule \let...
l.6969   \end{tabularx}
                       
./monthly.tex:6969: Misplaced \noalign.
\hline ->\noalign 
                  {\ifnum 0=`}\fi \let \hskip \vskip \let \vrule \hrule \let...
l.6969   \end{tabularx}
                       
./monthly.tex:6969: Misplaced \noalign.
\hline ->\noalign 
                  {\ifnum 0=`}\fi \let \hskip \vskip \let \vrule \hrule \let...
l.6969   \end{tabularx}
                       
./monthly.tex:6969: Misplaced \noalign.
\hline ->\noalign 
                  {\ifnum 0=`}\fi \let \hskip \vskip \let \vrule \hrule \let...
l.6969   \end{tabularx}
                       
./monthly.tex:6969: Misplaced \noalign.
\hline ->\noalign 
                  {\ifnum 0=`}\fi \let \hskip \vskip \let \vrule \hrule \let...
l.6969   \end{tabularx}
                       
./monthly.tex:6969: Misplaced \noalign.
\hline ->\noalign 
                  {\ifnum 0=`}\fi \let \hskip \vskip \let \vrule \hrule \let...
l.6969   \end{tabularx}
                       
./monthly.tex:6969: Misplaced \noalign.
\hline ->\noalign 
                  {\ifnum 0=`}\fi \let \hskip \vskip \let \vrule \hrule \let...
l.6969   \end{tabularx}
                       
./monthly.tex:6969: Misplaced \noalign.
\hline ->\noalign 
                  {\ifnum 0=`}\fi \let \hskip \vskip \let \vrule \hrule \let...
l.6969   \end{tabularx}
                       

Underfull \hbox (badness 10000) in paragraph at lines 6969--6972

[27]
./monthly.tex:7233: Misplaced \noalign.
\hline ->\noalign 
                  {\ifnum 0=`}\fi \let \hskip \vskip \let \vrule \hrule \let...
l.7233   \end{tabularx}
                       
./monthly.tex:7233: Misplaced \noalign.
\hline ->\noalign 
                  {\ifnum 0=`}\fi \let \hskip \vskip \let \vrule \hrule \let...
l.7233   \end{tabularx}
                       
./monthly.tex:7233: Misplaced \noalign.
\hline ->\noalign 
                  {\ifnum 0=`}\fi \let \hskip \vskip \let \vrule \hrule \let...
l.7233   \end{tabularx}
                       
./monthly.tex:7233: Misplaced \noalign.
\hline ->\noalign 
                  {\ifnum 0=`}\fi \let \hskip \vskip \let \vrule \hrule \let...
l.7233   \end{tabularx}
                       
./monthly.tex:7233: Misplaced \noalign.
\hline ->\noalign 
                  {\ifnum 0=`}\fi \let \hskip \vskip \let \vrule \hrule \let...
l.7233   \end{tabularx}
                       
./monthly.tex:7233: Misplaced \noalign.
\hline ->\noalign 
                  {\ifnum 0=`}\fi \let \hskip \vskip \let \vrule \hrule \let...
l.7233   \end{tabularx}
                       
./monthly.tex:7233: Misplaced \noalign.
\hline ->\noalign 
                  {\ifnum 0=`}\fi \let \hskip \vskip \let \vrule \hrule \let...
l.7233   \end{tabularx}
                       
./monthly.tex:7233: Misplaced \noalign.
\hline ->\noalign 
                  {\ifnum 0=`}\fi \let \hskip \vskip \let \vrule \hrule \let...
l.7233   \end{tabularx}
                       
./monthly.tex:7233: Misplaced \noalign.
\hline ->\noalign 
                  {\ifnum 0=`}\fi \let \hskip \vskip \let \vrule \hrule \let...
l.7233   \end{tabularx}
                       
./monthly.tex:7233: Misplaced \noalign.
\hline ->\noalign 
                  {\ifnum 0=`}\fi \let \hskip \vskip \let \vrule \hrule \let...
l.7233   \end{tabularx}
                       
./monthly.tex:7233: Misplaced \noalign.
\hline ->\noalign 
                  {\ifnum 0=`}\fi \let \hskip \vskip \let \vrule \hrule \let...
l.7233   \end{tabularx}
                       
./monthly.tex:7233: Misplaced \noalign.
\hline ->\noalign 
                  {\ifnum 0=`}\fi \let \hskip \vskip \let \vrule \hrule \let...
l.7233   \end{tabularx}
                       
./monthly.tex:7233: Misplaced \noalign.
\hline ->\noalign 
                  {\ifnum 0=`}\fi \let \hskip \vskip \let \vrule \hrule \let...
l.7233   \end{tabularx}
                       
./monthly.tex:7233: Misplaced \noalign.
\hline ->\noalign 
                  {\ifnum 0=`}\fi \let \hskip \vskip \let \vrule \hrule \let...
l.7233   \end{tabularx}
                       
./monthly.tex:7233: Misplaced \noalign.
\hline ->\noalign 
                  {\ifnum 0=`}\fi \let \hskip \vskip \let \vrule \hrule \let...
l.7233   \end{tabularx}
                       
./monthly.tex:7233: Misplaced \noalign.
\hline ->\noalign 
                  {\ifnum 0=`}\fi \let \hskip \vskip \let \vrule \hrule \let...
l.7233   \end{tabularx}
                       
./monthly.tex:7233: Misplaced \noalign.
\hline ->\noalign 
                  {\ifnum 0=`}\fi \let \hskip \vskip \let \vrule \hrule \let...
l.7233   \end{tabularx}
                       
./monthly.tex:7233: Misplaced \noalign.
\hline ->\noalign 
                  {\ifnum 0=`}\fi \let \hskip \vskip \let \vrule \hrule \let...
l.7233   \end{tabularx}
                       
./monthly.tex:7233: Misplaced \noalign.
\hline ->\noalign 
                  {\ifnum 0=`}\fi \let \hskip \vskip \let \vrule \hrule \let...
l.7233   \end{tabularx}
                       
./monthly.tex:7233: Misplaced \noalign.
\hline ->\noalign 
                  {\ifnum 0=`}\fi \let \hskip \vskip \let \vrule \hrule \let...
l.7233   \end{tabularx}
                       
./monthly.tex:7233: Misplaced \noalign.
\hline ->\noalign 
                  {\ifnum 0=`}\fi \let \hskip \vskip \let \vrule \hrule \let...
l.7233   \end{tabularx}
                       
./monthly.tex:7233: Misplaced \noalign.
\hline ->\noalign 
                  {\ifnum 0=`}\fi \let \hskip \vskip \let \vrule \hrule \let...
l.7233   \end{tabularx}
                       
./monthly.tex:7233: Misplaced \noalign.
\hline ->\noalign 
                  {\ifnum 0=`}\fi \let \hskip \vskip \let \vrule \hrule \let...
l.7233   \end{tabularx}
                       
./monthly.tex:7233: Misplaced \noalign.
\hline ->\noalign 
                  {\ifnum 0=`}\fi \let \hskip \vskip \let \vrule \hrule \let...
l.7233   \end{tabularx}
                       
./monthly.tex:7233: Misplaced \noalign.
\hline ->\noalign 
                  {\ifnum 0=`}\fi \let \hskip \vskip \let \vrule \hrule \let...
l.7233   \end{tabularx}
                       
./monthly.tex:7233: Misplaced \noalign.
\hline ->\noalign 
                  {\ifnum 0=`}\fi \let \hskip \vskip \let \vrule \hrule \let...
l.7233   \end{tabularx}
                       
./monthly.tex:7233: Misplaced \noalign.
\hline ->\noalign 
                  {\ifnum 0=`}\fi \let \hskip \vskip \let \vrule \hrule \let...
l.7233   \end{tabularx}
                       
./monthly.tex:7233: Misplaced \noalign.
\hline ->\noalign 
                  {\ifnum 0=`}\fi \let \hskip \vskip \let \vrule \hrule \let...
l.7233   \end{tabularx}
                       
./monthly.tex:7233: Misplaced \noalign.
\hline ->\noalign 
                  {\ifnum 0=`}\fi \let \hskip \vskip \let \vrule \hrule \let...
l.7233   \end{tabularx}
                       
./monthly.tex:7233: Misplaced \noalign.
\hline ->\noalign 
                  {\ifnum 0=`}\fi \let \hskip \vskip \let \vrule \hrule \let...
l.7233   \end{tabularx}
                       
./monthly.tex:7233: Misplaced \noalign.
\hline ->\noalign 
                  {\ifnum 0=`}\fi \let \hskip \vskip \let \vrule \hrule \let...
l.7233   \end{tabularx}
                       
./monthly.tex:7233: Misplaced \noalign.
\hline ->\noalign 
                  {\ifnum 0=`}\fi \let \hskip \vskip \let \vrule \hrule \let...
l.7233   \end{tabularx}
                       
./monthly.tex:7233: Misplaced \noalign.
\hline ->\noalign 
                  {\ifnum 0=`}\fi \let \hskip \vskip \let \vrule \hrule \let...
l.7233   \end{tabularx}
                       
./monthly.tex:7233: Misplaced \noalign.
\hline ->\noalign 
                  {\ifnum 0=`}\fi \let \hskip \vskip \let \vrule \hrule \let...
l.7233   \end{tabularx}
                       
./monthly.tex:7233: Misplaced \noalign.
\hline ->\noalign 
                  {\ifnum 0=`}\fi \let \hskip \vskip \let \vrule \hrule \let...
l.7233   \end{tabularx}
                       
./monthly.tex:7233: Misplaced \noalign.
\hline ->\noalign 
                  {\ifnum 0=`}\fi \let \hskip \vskip \let \vrule \hrule \let...
l.7233   \end{tabularx}
                       
./monthly.tex:7233: Misplaced \noalign.
\hline ->\noalign 
                  {\ifnum 0=`}\fi \let \hskip \vskip \let \vrule \hrule \let...
l.7233   \end{tabularx}
                       
./monthly.tex:7233: Misplaced \noalign.
\hline ->\noalign 
                  {\ifnum 0=`}\fi \let \hskip \vskip \let \vrule \hrule \let...
l.7233   \end{tabularx}
                       
./monthly.tex:7233: Misplaced \noalign.
\hline ->\noalign 
                  {\ifnum 0=`}\fi \let \hskip \vskip \let \vrule \hrule \let...
l.7233   \end{tabularx}
                       
./monthly.tex:7233: Misplaced \noalign.
\hline ->\noalign 
                  {\ifnum 0=`}\fi \let \hskip \vskip \let \vrule \hrule \let...
l.7233   \end{tabularx}
                       
./monthly.tex:7233: Misplaced \noalign.
\hline ->\noalign 
                  {\ifnum 0=`}\fi \let \hskip \vskip \let \vrule \hrule \let...
l.7233   \end{tabularx}
                       
./monthly.tex:7233: Misplaced \noalign.
\hline ->\noalign 
                  {\ifnum 0=`}\fi \let \hskip \vskip \let \vrule \hrule \let...
l.7233   \end{tabularx}
                       
./monthly.tex:7233: Misplaced \noalign.
\hline ->\noalign 
                  {\ifnum 0=`}\fi \let \hskip \vskip \let \vrule \hrule \let...
l.7233   \end{tabularx}
                       
./monthly.tex:7233: Misplaced \noalign.
\hline ->\noalign 
                  {\ifnum 0=`}\fi \let \hskip \vskip \let \vrule \hrule \let...
l.7233   \end{tabularx}
                       
./monthly.tex:7233: Misplaced \noalign.
\hline ->\noalign 
                  {\ifnum 0=`}\fi \let \hskip \vskip \let \vrule \hrule \let...
l.7233   \end{tabularx}
                       
./monthly.tex:7233: Misplaced \noalign.
\hline ->\noalign 
                  {\ifnum 0=`}\fi \let \hskip \vskip \let \vrule \hrule \let...
l.7233   \end{tabularx}
                       
./monthly.tex:7233: Misplaced \noalign.
\hline ->\noalign 
                  {\ifnum 0=`}\fi \let \hskip \vskip \let \vrule \hrule \let...
l.7233   \end{tabularx}
                       
./monthly.tex:7233: Misplaced \noalign.
\hline ->\noalign 
                  {\ifnum 0=`}\fi \let \hskip \vskip \let \vrule \hrule \let...
l.7233   \end{tabularx}
                       
./monthly.tex:7233: Misplaced \noalign.
\hline ->\noalign 
                  {\ifnum 0=`}\fi \let \hskip \vskip \let \vrule \hrule \let...
l.7233   \end{tabularx}
                       
./monthly.tex:7233: Misplaced \noalign.
\hline ->\noalign 
                  {\ifnum 0=`}\fi \let \hskip \vskip \let \vrule \hrule \let...
l.7233   \end{tabularx}
                       
./monthly.tex:7233: Misplaced \noalign.
\hline ->\noalign 
                  {\ifnum 0=`}\fi \let \hskip \vskip \let \vrule \hrule \let...
l.7233   \end{tabularx}
                       
./monthly.tex:7233: Misplaced \noalign.
\hline ->\noalign 
                  {\ifnum 0=`}\fi \let \hskip \vskip \let \vrule \hrule \let...
l.7233   \end{tabularx}
                       
./monthly.tex:7233: Misplaced \noalign.
\hline ->\noalign 
                  {\ifnum 0=`}\fi \let \hskip \vskip \let \vrule \hrule \let...
l.7233   \end{tabularx}
                       
./monthly.tex:7233: Misplaced \noalign.
\hline ->\noalign 
                  {\ifnum 0=`}\fi \let \hskip \vskip \let \vrule \hrule \let...
l.7233   \end{tabularx}
                       
./monthly.tex:7233: Misplaced \noalign.
\hline ->\noalign 
                  {\ifnum 0=`}\fi \let \hskip \vskip \let \vrule \hrule \let...
l.7233   \end{tabularx}
                       
./monthly.tex:7233: Misplaced \noalign.
\hline ->\noalign 
                  {\ifnum 0=`}\fi \let \hskip \vskip \let \vrule \hrule \let...
l.7233   \end{tabularx}
                       
./monthly.tex:7233: Misplaced \noalign.
\hline ->\noalign 
                  {\ifnum 0=`}\fi \let \hskip \vskip \let \vrule \hrule \let...
l.7233   \end{tabularx}
                       
./monthly.tex:7233: Misplaced \noalign.
\hline ->\noalign 
                  {\ifnum 0=`}\fi \let \hskip \vskip \let \vrule \hrule \let...
l.7233   \end{tabularx}
                       
./monthly.tex:7233: Misplaced \noalign.
\hline ->\noalign 
                  {\ifnum 0=`}\fi \let \hskip \vskip \let \vrule \hrule \let...
l.7233   \end{tabularx}
                       
./monthly.tex:7233: Misplaced \noalign.
\hline ->\noalign 
                  {\ifnum 0=`}\fi \let \hskip \vskip \let \vrule \hrule \let...
l.7233   \end{tabularx}
                       
./monthly.tex:7233: Misplaced \noalign.
\hline ->\noalign 
                  {\ifnum 0=`}\fi \let \hskip \vskip \let \vrule \hrule \let...
l.7233   \end{tabularx}
                       
./monthly.tex:7233: Misplaced \noalign.
\hline ->\noalign 
                  {\ifnum 0=`}\fi \let \hskip \vskip \let \vrule \hrule \let...
l.7233   \end{tabularx}
                       
./monthly.tex:7233: Misplaced \noalign.
\hline ->\noalign 
                  {\ifnum 0=`}\fi \let \hskip \vskip \let \vrule \hrule \let...
l.7233   \end{tabularx}
                       
./monthly.tex:7233: Misplaced \noalign.
\hline ->\noalign 
                  {\ifnum 0=`}\fi \let \hskip \vskip \let \vrule \hrule \let...
l.7233   \end{tabularx}
                       
./monthly.tex:7233: Misplaced \noalign.
\hline ->\noalign 
                  {\ifnum 0=`}\fi \let \hskip \vskip \let \vrule \hrule \let...
l.7233   \end{tabularx}
                       
./monthly.tex:7233: Misplaced \noalign.
\hline ->\noalign 
                  {\ifnum 0=`}\fi \let \hskip \vskip \let \vrule \hrule \let...
l.7233   \end{tabularx}
                       
./monthly.tex:7233: Misplaced \noalign.
\hline ->\noalign 
                  {\ifnum 0=`}\fi \let \hskip \vskip \let \vrule \hrule \let...
l.7233   \end{tabularx}
                       
./monthly.tex:7233: Misplaced \noalign.
\hline ->\noalign 
                  {\ifnum 0=`}\fi \let \hskip \vskip \let \vrule \hrule \let...
l.7233   \end{tabularx}
                       
./monthly.tex:7233: Misplaced \noalign.
\hline ->\noalign 
                  {\ifnum 0=`}\fi \let \hskip \vskip \let \vrule \hrule \let...
l.7233   \end{tabularx}
                       
./monthly.tex:7233: Misplaced \noalign.
\hline ->\noalign 
                  {\ifnum 0=`}\fi \let \hskip \vskip \let \vrule \hrule \let...
l.7233   \end{tabularx}
                       
./monthly.tex:7233: Misplaced \noalign.
\hline ->\noalign 
                  {\ifnum 0=`}\fi \let \hskip \vskip \let \vrule \hrule \let...
l.7233   \end{tabularx}
                       
./monthly.tex:7233: Misplaced \noalign.
\hline ->\noalign 
                  {\ifnum 0=`}\fi \let \hskip \vskip \let \vrule \hrule \let...
l.7233   \end{tabularx}
                       
./monthly.tex:7233: Misplaced \noalign.
\hline ->\noalign 
                  {\ifnum 0=`}\fi \let \hskip \vskip \let \vrule \hrule \let...
l.7233   \end{tabularx}
                       
./monthly.tex:7233: Misplaced \noalign.
\hline ->\noalign 
                  {\ifnum 0=`}\fi \let \hskip \vskip \let \vrule \hrule \let...
l.7233   \end{tabularx}
                       
./monthly.tex:7233: Misplaced \noalign.
\hline ->\noalign 
                  {\ifnum 0=`}\fi \let \hskip \vskip \let \vrule \hrule \let...
l.7233   \end{tabularx}
                       
./monthly.tex:7233: Misplaced \noalign.
\hline ->\noalign 
                  {\ifnum 0=`}\fi \let \hskip \vskip \let \vrule \hrule \let...
l.7233   \end{tabularx}
                       
./monthly.tex:7233: Misplaced \noalign.
\hline ->\noalign 
                  {\ifnum 0=`}\fi \let \hskip \vskip \let \vrule \hrule \let...
l.7233   \end{tabularx}
                       
./monthly.tex:7233: Misplaced \noalign.
\hline ->\noalign 
                  {\ifnum 0=`}\fi \let \hskip \vskip \let \vrule \hrule \let...
l.7233   \end{tabularx}
                       
./monthly.tex:7233: Misplaced \noalign.
\hline ->\noalign 
                  {\ifnum 0=`}\fi \let \hskip \vskip \let \vrule \hrule \let...
l.7233   \end{tabularx}
                       
./monthly.tex:7233: Misplaced \noalign.
\hline ->\noalign 
                  {\ifnum 0=`}\fi \let \hskip \vskip \let \vrule \hrule \let...
l.7233   \end{tabularx}
                       
./monthly.tex:7233: Misplaced \noalign.
\hline ->\noalign 
                  {\ifnum 0=`}\fi \let \hskip \vskip \let \vrule \hrule \let...
l.7233   \end{tabularx}
                       
./monthly.tex:7233: Misplaced \noalign.
\hline ->\noalign 
                  {\ifnum 0=`}\fi \let \hskip \vskip \let \vrule \hrule \let...
l.7233   \end{tabularx}
                       
./monthly.tex:7233: Misplaced \noalign.
\hline ->\noalign 
                  {\ifnum 0=`}\fi \let \hskip \vskip \let \vrule \hrule \let...
l.7233   \end{tabularx}
                       
./monthly.tex:7233: Misplaced \noalign.
\hline ->\noalign 
                  {\ifnum 0=`}\fi \let \hskip \vskip \let \vrule \hrule \let...
l.7233   \end{tabularx}
                       
./monthly.tex:7233: Misplaced \noalign.
\hline ->\noalign 
                  {\ifnum 0=`}\fi \let \hskip \vskip \let \vrule \hrule \let...
l.7233   \end{tabularx}
                       
./monthly.tex:7233: Misplaced \noalign.
\hline ->\noalign 
                  {\ifnum 0=`}\fi \let \hskip \vskip \let \vrule \hrule \let...
l.7233   \end{tabularx}
                       
./monthly.tex:7233: Misplaced \noalign.
\hline ->\noalign 
                  {\ifnum 0=`}\fi \let \hskip \vskip \let \vrule \hrule \let...
l.7233   \end{tabularx}
                       
./monthly.tex:7233: Misplaced \noalign.
\hline ->\noalign 
                  {\ifnum 0=`}\fi \let \hskip \vskip \let \vrule \hrule \let...
l.7233   \end{tabularx}
                       
./monthly.tex:7233: Misplaced \noalign.
\hline ->\noalign 
                  {\ifnum 0=`}\fi \let \hskip \vskip \let \vrule \hrule \let...
l.7233   \end{tabularx}
                       
./monthly.tex:7233: Misplaced \noalign.
\hline ->\noalign 
                  {\ifnum 0=`}\fi \let \hskip \vskip \let \vrule \hrule \let...
l.7233   \end{tabularx}
                       
./monthly.tex:7233: Misplaced \noalign.
\hline ->\noalign 
                  {\ifnum 0=`}\fi \let \hskip \vskip \let \vrule \hrule \let...
l.7233   \end{tabularx}
                       
./monthly.tex:7233: Misplaced \noalign.
\hline ->\noalign 
                  {\ifnum 0=`}\fi \let \hskip \vskip \let \vrule \hrule \let...
l.7233   \end{tabularx}
                       
./monthly.tex:7233: Misplaced \noalign.
\hline ->\noalign 
                  {\ifnum 0=`}\fi \let \hskip \vskip \let \vrule \hrule \let...
l.7233   \end{tabularx}
                       

Underfull \hbox (badness 10000) in paragraph at lines 7233--7236

[28]
./monthly.tex:7495: Misplaced \noalign.
\hline ->\noalign 
                  {\ifnum 0=`}\fi \let \hskip \vskip \let \vrule \hrule \let...
l.7495   \end{tabularx}
                       
./monthly.tex:7495: Misplaced \noalign.
\hline ->\noalign 
                  {\ifnum 0=`}\fi \let \hskip \vskip \let \vrule \hrule \let...
l.7495   \end{tabularx}
                       
./monthly.tex:7495: Misplaced \noalign.
\hline ->\noalign 
                  {\ifnum 0=`}\fi \let \hskip \vskip \let \vrule \hrule \let...
l.7495   \end{tabularx}
                       
./monthly.tex:7495: Misplaced \noalign.
\hline ->\noalign 
                  {\ifnum 0=`}\fi \let \hskip \vskip \let \vrule \hrule \let...
l.7495   \end{tabularx}
                       
./monthly.tex:7495: Misplaced \noalign.
\hline ->\noalign 
                  {\ifnum 0=`}\fi \let \hskip \vskip \let \vrule \hrule \let...
l.7495   \end{tabularx}
                       
./monthly.tex:7495: Misplaced \noalign.
\hline ->\noalign 
                  {\ifnum 0=`}\fi \let \hskip \vskip \let \vrule \hrule \let...
l.7495   \end{tabularx}
                       
./monthly.tex:7495: Misplaced \noalign.
\hline ->\noalign 
                  {\ifnum 0=`}\fi \let \hskip \vskip \let \vrule \hrule \let...
l.7495   \end{tabularx}
                       
./monthly.tex:7495: Misplaced \noalign.
\hline ->\noalign 
                  {\ifnum 0=`}\fi \let \hskip \vskip \let \vrule \hrule \let...
l.7495   \end{tabularx}
                       
./monthly.tex:7495: Misplaced \noalign.
\hline ->\noalign 
                  {\ifnum 0=`}\fi \let \hskip \vskip \let \vrule \hrule \let...
l.7495   \end{tabularx}
                       
./monthly.tex:7495: Misplaced \noalign.
\hline ->\noalign 
                  {\ifnum 0=`}\fi \let \hskip \vskip \let \vrule \hrule \let...
l.7495   \end{tabularx}
                       
./monthly.tex:7495: Misplaced \noalign.
\hline ->\noalign 
                  {\ifnum 0=`}\fi \let \hskip \vskip \let \vrule \hrule \let...
l.7495   \end{tabularx}
                       
./monthly.tex:7495: Misplaced \noalign.
\hline ->\noalign 
                  {\ifnum 0=`}\fi \let \hskip \vskip \let \vrule \hrule \let...
l.7495   \end{tabularx}
                       
./monthly.tex:7495: Misplaced \noalign.
\hline ->\noalign 
                  {\ifnum 0=`}\fi \let \hskip \vskip \let \vrule \hrule \let...
l.7495   \end{tabularx}
                       
./monthly.tex:7495: Misplaced \noalign.
\hline ->\noalign 
                  {\ifnum 0=`}\fi \let \hskip \vskip \let \vrule \hrule \let...
l.7495   \end{tabularx}
                       
./monthly.tex:7495: Misplaced \noalign.
\hline ->\noalign 
                  {\ifnum 0=`}\fi \let \hskip \vskip \let \vrule \hrule \let...
l.7495   \end{tabularx}
                       
./monthly.tex:7495: Misplaced \noalign.
\hline ->\noalign 
                  {\ifnum 0=`}\fi \let \hskip \vskip \let \vrule \hrule \let...
l.7495   \end{tabularx}
                       
./monthly.tex:7495: Misplaced \noalign.
\hline ->\noalign 
                  {\ifnum 0=`}\fi \let \hskip \vskip \let \vrule \hrule \let...
l.7495   \end{tabularx}
                       
./monthly.tex:7495: Misplaced \noalign.
\hline ->\noalign 
                  {\ifnum 0=`}\fi \let \hskip \vskip \let \vrule \hrule \let...
l.7495   \end{tabularx}
                       
./monthly.tex:7495: Misplaced \noalign.
\hline ->\noalign 
                  {\ifnum 0=`}\fi \let \hskip \vskip \let \vrule \hrule \let...
l.7495   \end{tabularx}
                       
./monthly.tex:7495: Misplaced \noalign.
\hline ->\noalign 
                  {\ifnum 0=`}\fi \let \hskip \vskip \let \vrule \hrule \let...
l.7495   \end{tabularx}
                       
./monthly.tex:7495: Misplaced \noalign.
\hline ->\noalign 
                  {\ifnum 0=`}\fi \let \hskip \vskip \let \vrule \hrule \let...
l.7495   \end{tabularx}
                       
./monthly.tex:7495: Misplaced \noalign.
\hline ->\noalign 
                  {\ifnum 0=`}\fi \let \hskip \vskip \let \vrule \hrule \let...
l.7495   \end{tabularx}
                       
./monthly.tex:7495: Misplaced \noalign.
\hline ->\noalign 
                  {\ifnum 0=`}\fi \let \hskip \vskip \let \vrule \hrule \let...
l.7495   \end{tabularx}
                       
./monthly.tex:7495: Misplaced \noalign.
\hline ->\noalign 
                  {\ifnum 0=`}\fi \let \hskip \vskip \let \vrule \hrule \let...
l.7495   \end{tabularx}
                       
./monthly.tex:7495: Misplaced \noalign.
\hline ->\noalign 
                  {\ifnum 0=`}\fi \let \hskip \vskip \let \vrule \hrule \let...
l.7495   \end{tabularx}
                       
./monthly.tex:7495: Misplaced \noalign.
\hline ->\noalign 
                  {\ifnum 0=`}\fi \let \hskip \vskip \let \vrule \hrule \let...
l.7495   \end{tabularx}
                       
./monthly.tex:7495: Misplaced \noalign.
\hline ->\noalign 
                  {\ifnum 0=`}\fi \let \hskip \vskip \let \vrule \hrule \let...
l.7495   \end{tabularx}
                       
./monthly.tex:7495: Misplaced \noalign.
\hline ->\noalign 
                  {\ifnum 0=`}\fi \let \hskip \vskip \let \vrule \hrule \let...
l.7495   \end{tabularx}
                       
./monthly.tex:7495: Misplaced \noalign.
\hline ->\noalign 
                  {\ifnum 0=`}\fi \let \hskip \vskip \let \vrule \hrule \let...
l.7495   \end{tabularx}
                       
./monthly.tex:7495: Misplaced \noalign.
\hline ->\noalign 
                  {\ifnum 0=`}\fi \let \hskip \vskip \let \vrule \hrule \let...
l.7495   \end{tabularx}
                       
./monthly.tex:7495: Misplaced \noalign.
\hline ->\noalign 
                  {\ifnum 0=`}\fi \let \hskip \vskip \let \vrule \hrule \let...
l.7495   \end{tabularx}
                       
./monthly.tex:7495: Misplaced \noalign.
\hline ->\noalign 
                  {\ifnum 0=`}\fi \let \hskip \vskip \let \vrule \hrule \let...
l.7495   \end{tabularx}
                       
./monthly.tex:7495: Misplaced \noalign.
\hline ->\noalign 
                  {\ifnum 0=`}\fi \let \hskip \vskip \let \vrule \hrule \let...
l.7495   \end{tabularx}
                       
./monthly.tex:7495: Misplaced \noalign.
\hline ->\noalign 
                  {\ifnum 0=`}\fi \let \hskip \vskip \let \vrule \hrule \let...
l.7495   \end{tabularx}
                       
./monthly.tex:7495: Misplaced \noalign.
\hline ->\noalign 
                  {\ifnum 0=`}\fi \let \hskip \vskip \let \vrule \hrule \let...
l.7495   \end{tabularx}
                       
./monthly.tex:7495: Misplaced \noalign.
\hline ->\noalign 
                  {\ifnum 0=`}\fi \let \hskip \vskip \let \vrule \hrule \let...
l.7495   \end{tabularx}
                       
./monthly.tex:7495: Misplaced \noalign.
\hline ->\noalign 
                  {\ifnum 0=`}\fi \let \hskip \vskip \let \vrule \hrule \let...
l.7495   \end{tabularx}
                       
./monthly.tex:7495: Misplaced \noalign.
\hline ->\noalign 
                  {\ifnum 0=`}\fi \let \hskip \vskip \let \vrule \hrule \let...
l.7495   \end{tabularx}
                       
./monthly.tex:7495: Misplaced \noalign.
\hline ->\noalign 
                  {\ifnum 0=`}\fi \let \hskip \vskip \let \vrule \hrule \let...
l.7495   \end{tabularx}
                       
./monthly.tex:7495: Misplaced \noalign.
\hline ->\noalign 
                  {\ifnum 0=`}\fi \let \hskip \vskip \let \vrule \hrule \let...
l.7495   \end{tabularx}
                       
./monthly.tex:7495: Misplaced \noalign.
\hline ->\noalign 
                  {\ifnum 0=`}\fi \let \hskip \vskip \let \vrule \hrule \let...
l.7495   \end{tabularx}
                       
./monthly.tex:7495: Misplaced \noalign.
\hline ->\noalign 
                  {\ifnum 0=`}\fi \let \hskip \vskip \let \vrule \hrule \let...
l.7495   \end{tabularx}
                       
./monthly.tex:7495: Misplaced \noalign.
\hline ->\noalign 
                  {\ifnum 0=`}\fi \let \hskip \vskip \let \vrule \hrule \let...
l.7495   \end{tabularx}
                       
./monthly.tex:7495: Misplaced \noalign.
\hline ->\noalign 
                  {\ifnum 0=`}\fi \let \hskip \vskip \let \vrule \hrule \let...
l.7495   \end{tabularx}
                       
./monthly.tex:7495: Misplaced \noalign.
\hline ->\noalign 
                  {\ifnum 0=`}\fi \let \hskip \vskip \let \vrule \hrule \let...
l.7495   \end{tabularx}
                       
./monthly.tex:7495: Misplaced \noalign.
\hline ->\noalign 
                  {\ifnum 0=`}\fi \let \hskip \vskip \let \vrule \hrule \let...
l.7495   \end{tabularx}
                       
./monthly.tex:7495: Misplaced \noalign.
\hline ->\noalign 
                  {\ifnum 0=`}\fi \let \hskip \vskip \let \vrule \hrule \let...
l.7495   \end{tabularx}
                       
./monthly.tex:7495: Misplaced \noalign.
\hline ->\noalign 
                  {\ifnum 0=`}\fi \let \hskip \vskip \let \vrule \hrule \let...
l.7495   \end{tabularx}
                       
./monthly.tex:7495: Misplaced \noalign.
\hline ->\noalign 
                  {\ifnum 0=`}\fi \let \hskip \vskip \let \vrule \hrule \let...
l.7495   \end{tabularx}
                       
./monthly.tex:7495: Misplaced \noalign.
\hline ->\noalign 
                  {\ifnum 0=`}\fi \let \hskip \vskip \let \vrule \hrule \let...
l.7495   \end{tabularx}
                       
./monthly.tex:7495: Misplaced \noalign.
\hline ->\noalign 
                  {\ifnum 0=`}\fi \let \hskip \vskip \let \vrule \hrule \let...
l.7495   \end{tabularx}
                       
./monthly.tex:7495: Misplaced \noalign.
\hline ->\noalign 
                  {\ifnum 0=`}\fi \let \hskip \vskip \let \vrule \hrule \let...
l.7495   \end{tabularx}
                       
./monthly.tex:7495: Misplaced \noalign.
\hline ->\noalign 
                  {\ifnum 0=`}\fi \let \hskip \vskip \let \vrule \hrule \let...
l.7495   \end{tabularx}
                       
./monthly.tex:7495: Misplaced \noalign.
\hline ->\noalign 
                  {\ifnum 0=`}\fi \let \hskip \vskip \let \vrule \hrule \let...
l.7495   \end{tabularx}
                       
./monthly.tex:7495: Misplaced \noalign.
\hline ->\noalign 
                  {\ifnum 0=`}\fi \let \hskip \vskip \let \vrule \hrule \let...
l.7495   \end{tabularx}
                       
./monthly.tex:7495: Misplaced \noalign.
\hline ->\noalign 
                  {\ifnum 0=`}\fi \let \hskip \vskip \let \vrule \hrule \let...
l.7495   \end{tabularx}
                       
./monthly.tex:7495: Misplaced \noalign.
\hline ->\noalign 
                  {\ifnum 0=`}\fi \let \hskip \vskip \let \vrule \hrule \let...
l.7495   \end{tabularx}
                       
./monthly.tex:7495: Misplaced \noalign.
\hline ->\noalign 
                  {\ifnum 0=`}\fi \let \hskip \vskip \let \vrule \hrule \let...
l.7495   \end{tabularx}
                       
./monthly.tex:7495: Misplaced \noalign.
\hline ->\noalign 
                  {\ifnum 0=`}\fi \let \hskip \vskip \let \vrule \hrule \let...
l.7495   \end{tabularx}
                       
./monthly.tex:7495: Misplaced \noalign.
\hline ->\noalign 
                  {\ifnum 0=`}\fi \let \hskip \vskip \let \vrule \hrule \let...
l.7495   \end{tabularx}
                       
./monthly.tex:7495: Misplaced \noalign.
\hline ->\noalign 
                  {\ifnum 0=`}\fi \let \hskip \vskip \let \vrule \hrule \let...
l.7495   \end{tabularx}
                       
./monthly.tex:7495: Misplaced \noalign.
\hline ->\noalign 
                  {\ifnum 0=`}\fi \let \hskip \vskip \let \vrule \hrule \let...
l.7495   \end{tabularx}
                       
./monthly.tex:7495: Misplaced \noalign.
\hline ->\noalign 
                  {\ifnum 0=`}\fi \let \hskip \vskip \let \vrule \hrule \let...
l.7495   \end{tabularx}
                       
./monthly.tex:7495: Misplaced \noalign.
\hline ->\noalign 
                  {\ifnum 0=`}\fi \let \hskip \vskip \let \vrule \hrule \let...
l.7495   \end{tabularx}
                       
./monthly.tex:7495: Misplaced \noalign.
\hline ->\noalign 
                  {\ifnum 0=`}\fi \let \hskip \vskip \let \vrule \hrule \let...
l.7495   \end{tabularx}
                       
./monthly.tex:7495: Misplaced \noalign.
\hline ->\noalign 
                  {\ifnum 0=`}\fi \let \hskip \vskip \let \vrule \hrule \let...
l.7495   \end{tabularx}
                       
./monthly.tex:7495: Misplaced \noalign.
\hline ->\noalign 
                  {\ifnum 0=`}\fi \let \hskip \vskip \let \vrule \hrule \let...
l.7495   \end{tabularx}
                       
./monthly.tex:7495: Misplaced \noalign.
\hline ->\noalign 
                  {\ifnum 0=`}\fi \let \hskip \vskip \let \vrule \hrule \let...
l.7495   \end{tabularx}
                       
./monthly.tex:7495: Misplaced \noalign.
\hline ->\noalign 
                  {\ifnum 0=`}\fi \let \hskip \vskip \let \vrule \hrule \let...
l.7495   \end{tabularx}
                       
./monthly.tex:7495: Misplaced \noalign.
\hline ->\noalign 
                  {\ifnum 0=`}\fi \let \hskip \vskip \let \vrule \hrule \let...
l.7495   \end{tabularx}
                       
./monthly.tex:7495: Misplaced \noalign.
\hline ->\noalign 
                  {\ifnum 0=`}\fi \let \hskip \vskip \let \vrule \hrule \let...
l.7495   \end{tabularx}
                       
./monthly.tex:7495: Misplaced \noalign.
\hline ->\noalign 
                  {\ifnum 0=`}\fi \let \hskip \vskip \let \vrule \hrule \let...
l.7495   \end{tabularx}
                       
./monthly.tex:7495: Misplaced \noalign.
\hline ->\noalign 
                  {\ifnum 0=`}\fi \let \hskip \vskip \let \vrule \hrule \let...
l.7495   \end{tabularx}
                       
./monthly.tex:7495: Misplaced \noalign.
\hline ->\noalign 
                  {\ifnum 0=`}\fi \let \hskip \vskip \let \vrule \hrule \let...
l.7495   \end{tabularx}
                       
./monthly.tex:7495: Misplaced \noalign.
\hline ->\noalign 
                  {\ifnum 0=`}\fi \let \hskip \vskip \let \vrule \hrule \let...
l.7495   \end{tabularx}
                       
./monthly.tex:7495: Misplaced \noalign.
\hline ->\noalign 
                  {\ifnum 0=`}\fi \let \hskip \vskip \let \vrule \hrule \let...
l.7495   \end{tabularx}
                       
./monthly.tex:7495: Misplaced \noalign.
\hline ->\noalign 
                  {\ifnum 0=`}\fi \let \hskip \vskip \let \vrule \hrule \let...
l.7495   \end{tabularx}
                       
./monthly.tex:7495: Misplaced \noalign.
\hline ->\noalign 
                  {\ifnum 0=`}\fi \let \hskip \vskip \let \vrule \hrule \let...
l.7495   \end{tabularx}
                       
./monthly.tex:7495: Misplaced \noalign.
\hline ->\noalign 
                  {\ifnum 0=`}\fi \let \hskip \vskip \let \vrule \hrule \let...
l.7495   \end{tabularx}
                       
./monthly.tex:7495: Misplaced \noalign.
\hline ->\noalign 
                  {\ifnum 0=`}\fi \let \hskip \vskip \let \vrule \hrule \let...
l.7495   \end{tabularx}
                       
./monthly.tex:7495: Misplaced \noalign.
\hline ->\noalign 
                  {\ifnum 0=`}\fi \let \hskip \vskip \let \vrule \hrule \let...
l.7495   \end{tabularx}
                       
./monthly.tex:7495: Misplaced \noalign.
\hline ->\noalign 
                  {\ifnum 0=`}\fi \let \hskip \vskip \let \vrule \hrule \let...
l.7495   \end{tabularx}
                       
./monthly.tex:7495: Misplaced \noalign.
\hline ->\noalign 
                  {\ifnum 0=`}\fi \let \hskip \vskip \let \vrule \hrule \let...
l.7495   \end{tabularx}
                       
./monthly.tex:7495: Misplaced \noalign.
\hline ->\noalign 
                  {\ifnum 0=`}\fi \let \hskip \vskip \let \vrule \hrule \let...
l.7495   \end{tabularx}
                       
./monthly.tex:7495: Misplaced \noalign.
\hline ->\noalign 
                  {\ifnum 0=`}\fi \let \hskip \vskip \let \vrule \hrule \let...
l.7495   \end{tabularx}
                       
./monthly.tex:7495: Misplaced \noalign.
\hline ->\noalign 
                  {\ifnum 0=`}\fi \let \hskip \vskip \let \vrule \hrule \let...
l.7495   \end{tabularx}
                       
./monthly.tex:7495: Misplaced \noalign.
\hline ->\noalign 
                  {\ifnum 0=`}\fi \let \hskip \vskip \let \vrule \hrule \let...
l.7495   \end{tabularx}
                       
./monthly.tex:7495: Misplaced \noalign.
\hline ->\noalign 
                  {\ifnum 0=`}\fi \let \hskip \vskip \let \vrule \hrule \let...
l.7495   \end{tabularx}
                       
./monthly.tex:7495: Misplaced \noalign.
\hline ->\noalign 
                  {\ifnum 0=`}\fi \let \hskip \vskip \let \vrule \hrule \let...
l.7495   \end{tabularx}
                       
./monthly.tex:7495: Misplaced \noalign.
\hline ->\noalign 
                  {\ifnum 0=`}\fi \let \hskip \vskip \let \vrule \hrule \let...
l.7495   \end{tabularx}
                       

Underfull \hbox (badness 10000) in paragraph at lines 7495--7498

[29]
./monthly.tex:7759: Misplaced \noalign.
\hline ->\noalign 
                  {\ifnum 0=`}\fi \let \hskip \vskip \let \vrule \hrule \let...
l.7759   \end{tabularx}
                       
./monthly.tex:7759: Misplaced \noalign.
\hline ->\noalign 
                  {\ifnum 0=`}\fi \let \hskip \vskip \let \vrule \hrule \let...
l.7759   \end{tabularx}
                       
./monthly.tex:7759: Misplaced \noalign.
\hline ->\noalign 
                  {\ifnum 0=`}\fi \let \hskip \vskip \let \vrule \hrule \let...
l.7759   \end{tabularx}
                       
./monthly.tex:7759: Misplaced \noalign.
\hline ->\noalign 
                  {\ifnum 0=`}\fi \let \hskip \vskip \let \vrule \hrule \let...
l.7759   \end{tabularx}
                       
./monthly.tex:7759: Misplaced \noalign.
\hline ->\noalign 
                  {\ifnum 0=`}\fi \let \hskip \vskip \let \vrule \hrule \let...
l.7759   \end{tabularx}
                       
./monthly.tex:7759: Misplaced \noalign.
\hline ->\noalign 
                  {\ifnum 0=`}\fi \let \hskip \vskip \let \vrule \hrule \let...
l.7759   \end{tabularx}
                       
./monthly.tex:7759: Misplaced \noalign.
\hline ->\noalign 
                  {\ifnum 0=`}\fi \let \hskip \vskip \let \vrule \hrule \let...
l.7759   \end{tabularx}
                       
./monthly.tex:7759: Misplaced \noalign.
\hline ->\noalign 
                  {\ifnum 0=`}\fi \let \hskip \vskip \let \vrule \hrule \let...
l.7759   \end{tabularx}
                       
./monthly.tex:7759: Misplaced \noalign.
\hline ->\noalign 
                  {\ifnum 0=`}\fi \let \hskip \vskip \let \vrule \hrule \let...
l.7759   \end{tabularx}
                       
./monthly.tex:7759: Misplaced \noalign.
\hline ->\noalign 
                  {\ifnum 0=`}\fi \let \hskip \vskip \let \vrule \hrule \let...
l.7759   \end{tabularx}
                       
./monthly.tex:7759: Misplaced \noalign.
\hline ->\noalign 
                  {\ifnum 0=`}\fi \let \hskip \vskip \let \vrule \hrule \let...
l.7759   \end{tabularx}
                       
./monthly.tex:7759: Misplaced \noalign.
\hline ->\noalign 
                  {\ifnum 0=`}\fi \let \hskip \vskip \let \vrule \hrule \let...
l.7759   \end{tabularx}
                       
./monthly.tex:7759: Misplaced \noalign.
\hline ->\noalign 
                  {\ifnum 0=`}\fi \let \hskip \vskip \let \vrule \hrule \let...
l.7759   \end{tabularx}
                       
./monthly.tex:7759: Misplaced \noalign.
\hline ->\noalign 
                  {\ifnum 0=`}\fi \let \hskip \vskip \let \vrule \hrule \let...
l.7759   \end{tabularx}
                       
./monthly.tex:7759: Misplaced \noalign.
\hline ->\noalign 
                  {\ifnum 0=`}\fi \let \hskip \vskip \let \vrule \hrule \let...
l.7759   \end{tabularx}
                       
./monthly.tex:7759: Misplaced \noalign.
\hline ->\noalign 
                  {\ifnum 0=`}\fi \let \hskip \vskip \let \vrule \hrule \let...
l.7759   \end{tabularx}
                       
./monthly.tex:7759: Misplaced \noalign.
\hline ->\noalign 
                  {\ifnum 0=`}\fi \let \hskip \vskip \let \vrule \hrule \let...
l.7759   \end{tabularx}
                       
./monthly.tex:7759: Misplaced \noalign.
\hline ->\noalign 
                  {\ifnum 0=`}\fi \let \hskip \vskip \let \vrule \hrule \let...
l.7759   \end{tabularx}
                       
./monthly.tex:7759: Misplaced \noalign.
\hline ->\noalign 
                  {\ifnum 0=`}\fi \let \hskip \vskip \let \vrule \hrule \let...
l.7759   \end{tabularx}
                       
./monthly.tex:7759: Misplaced \noalign.
\hline ->\noalign 
                  {\ifnum 0=`}\fi \let \hskip \vskip \let \vrule \hrule \let...
l.7759   \end{tabularx}
                       
./monthly.tex:7759: Misplaced \noalign.
\hline ->\noalign 
                  {\ifnum 0=`}\fi \let \hskip \vskip \let \vrule \hrule \let...
l.7759   \end{tabularx}
                       
./monthly.tex:7759: Misplaced \noalign.
\hline ->\noalign 
                  {\ifnum 0=`}\fi \let \hskip \vskip \let \vrule \hrule \let...
l.7759   \end{tabularx}
                       
./monthly.tex:7759: Misplaced \noalign.
\hline ->\noalign 
                  {\ifnum 0=`}\fi \let \hskip \vskip \let \vrule \hrule \let...
l.7759   \end{tabularx}
                       
./monthly.tex:7759: Misplaced \noalign.
\hline ->\noalign 
                  {\ifnum 0=`}\fi \let \hskip \vskip \let \vrule \hrule \let...
l.7759   \end{tabularx}
                       
./monthly.tex:7759: Misplaced \noalign.
\hline ->\noalign 
                  {\ifnum 0=`}\fi \let \hskip \vskip \let \vrule \hrule \let...
l.7759   \end{tabularx}
                       
./monthly.tex:7759: Misplaced \noalign.
\hline ->\noalign 
                  {\ifnum 0=`}\fi \let \hskip \vskip \let \vrule \hrule \let...
l.7759   \end{tabularx}
                       
./monthly.tex:7759: Misplaced \noalign.
\hline ->\noalign 
                  {\ifnum 0=`}\fi \let \hskip \vskip \let \vrule \hrule \let...
l.7759   \end{tabularx}
                       
./monthly.tex:7759: Misplaced \noalign.
\hline ->\noalign 
                  {\ifnum 0=`}\fi \let \hskip \vskip \let \vrule \hrule \let...
l.7759   \end{tabularx}
                       
./monthly.tex:7759: Misplaced \noalign.
\hline ->\noalign 
                  {\ifnum 0=`}\fi \let \hskip \vskip \let \vrule \hrule \let...
l.7759   \end{tabularx}
                       
./monthly.tex:7759: Misplaced \noalign.
\hline ->\noalign 
                  {\ifnum 0=`}\fi \let \hskip \vskip \let \vrule \hrule \let...
l.7759   \end{tabularx}
                       
./monthly.tex:7759: Misplaced \noalign.
\hline ->\noalign 
                  {\ifnum 0=`}\fi \let \hskip \vskip \let \vrule \hrule \let...
l.7759   \end{tabularx}
                       
./monthly.tex:7759: Misplaced \noalign.
\hline ->\noalign 
                  {\ifnum 0=`}\fi \let \hskip \vskip \let \vrule \hrule \let...
l.7759   \end{tabularx}
                       
./monthly.tex:7759: Misplaced \noalign.
\hline ->\noalign 
                  {\ifnum 0=`}\fi \let \hskip \vskip \let \vrule \hrule \let...
l.7759   \end{tabularx}
                       
./monthly.tex:7759: Misplaced \noalign.
\hline ->\noalign 
                  {\ifnum 0=`}\fi \let \hskip \vskip \let \vrule \hrule \let...
l.7759   \end{tabularx}
                       
./monthly.tex:7759: Misplaced \noalign.
\hline ->\noalign 
                  {\ifnum 0=`}\fi \let \hskip \vskip \let \vrule \hrule \let...
l.7759   \end{tabularx}
                       
./monthly.tex:7759: Misplaced \noalign.
\hline ->\noalign 
                  {\ifnum 0=`}\fi \let \hskip \vskip \let \vrule \hrule \let...
l.7759   \end{tabularx}
                       
./monthly.tex:7759: Misplaced \noalign.
\hline ->\noalign 
                  {\ifnum 0=`}\fi \let \hskip \vskip \let \vrule \hrule \let...
l.7759   \end{tabularx}
                       
./monthly.tex:7759: Misplaced \noalign.
\hline ->\noalign 
                  {\ifnum 0=`}\fi \let \hskip \vskip \let \vrule \hrule \let...
l.7759   \end{tabularx}
                       
./monthly.tex:7759: Misplaced \noalign.
\hline ->\noalign 
                  {\ifnum 0=`}\fi \let \hskip \vskip \let \vrule \hrule \let...
l.7759   \end{tabularx}
                       
./monthly.tex:7759: Misplaced \noalign.
\hline ->\noalign 
                  {\ifnum 0=`}\fi \let \hskip \vskip \let \vrule \hrule \let...
l.7759   \end{tabularx}
                       
./monthly.tex:7759: Misplaced \noalign.
\hline ->\noalign 
                  {\ifnum 0=`}\fi \let \hskip \vskip \let \vrule \hrule \let...
l.7759   \end{tabularx}
                       
./monthly.tex:7759: Misplaced \noalign.
\hline ->\noalign 
                  {\ifnum 0=`}\fi \let \hskip \vskip \let \vrule \hrule \let...
l.7759   \end{tabularx}
                       
./monthly.tex:7759: Misplaced \noalign.
\hline ->\noalign 
                  {\ifnum 0=`}\fi \let \hskip \vskip \let \vrule \hrule \let...
l.7759   \end{tabularx}
                       
./monthly.tex:7759: Misplaced \noalign.
\hline ->\noalign 
                  {\ifnum 0=`}\fi \let \hskip \vskip \let \vrule \hrule \let...
l.7759   \end{tabularx}
                       
./monthly.tex:7759: Misplaced \noalign.
\hline ->\noalign 
                  {\ifnum 0=`}\fi \let \hskip \vskip \let \vrule \hrule \let...
l.7759   \end{tabularx}
                       
./monthly.tex:7759: Misplaced \noalign.
\hline ->\noalign 
                  {\ifnum 0=`}\fi \let \hskip \vskip \let \vrule \hrule \let...
l.7759   \end{tabularx}
                       
./monthly.tex:7759: Misplaced \noalign.
\hline ->\noalign 
                  {\ifnum 0=`}\fi \let \hskip \vskip \let \vrule \hrule \let...
l.7759   \end{tabularx}
                       
./monthly.tex:7759: Misplaced \noalign.
\hline ->\noalign 
                  {\ifnum 0=`}\fi \let \hskip \vskip \let \vrule \hrule \let...
l.7759   \end{tabularx}
                       
./monthly.tex:7759: Misplaced \noalign.
\hline ->\noalign 
                  {\ifnum 0=`}\fi \let \hskip \vskip \let \vrule \hrule \let...
l.7759   \end{tabularx}
                       
./monthly.tex:7759: Misplaced \noalign.
\hline ->\noalign 
                  {\ifnum 0=`}\fi \let \hskip \vskip \let \vrule \hrule \let...
l.7759   \end{tabularx}
                       
./monthly.tex:7759: Misplaced \noalign.
\hline ->\noalign 
                  {\ifnum 0=`}\fi \let \hskip \vskip \let \vrule \hrule \let...
l.7759   \end{tabularx}
                       
./monthly.tex:7759: Misplaced \noalign.
\hline ->\noalign 
                  {\ifnum 0=`}\fi \let \hskip \vskip \let \vrule \hrule \let...
l.7759   \end{tabularx}
                       
./monthly.tex:7759: Misplaced \noalign.
\hline ->\noalign 
                  {\ifnum 0=`}\fi \let \hskip \vskip \let \vrule \hrule \let...
l.7759   \end{tabularx}
                       
./monthly.tex:7759: Misplaced \noalign.
\hline ->\noalign 
                  {\ifnum 0=`}\fi \let \hskip \vskip \let \vrule \hrule \let...
l.7759   \end{tabularx}
                       
./monthly.tex:7759: Misplaced \noalign.
\hline ->\noalign 
                  {\ifnum 0=`}\fi \let \hskip \vskip \let \vrule \hrule \let...
l.7759   \end{tabularx}
                       
./monthly.tex:7759: Misplaced \noalign.
\hline ->\noalign 
                  {\ifnum 0=`}\fi \let \hskip \vskip \let \vrule \hrule \let...
l.7759   \end{tabularx}
                       
./monthly.tex:7759: Misplaced \noalign.
\hline ->\noalign 
                  {\ifnum 0=`}\fi \let \hskip \vskip \let \vrule \hrule \let...
l.7759   \end{tabularx}
                       
./monthly.tex:7759: Misplaced \noalign.
\hline ->\noalign 
                  {\ifnum 0=`}\fi \let \hskip \vskip \let \vrule \hrule \let...
l.7759   \end{tabularx}
                       
./monthly.tex:7759: Misplaced \noalign.
\hline ->\noalign 
                  {\ifnum 0=`}\fi \let \hskip \vskip \let \vrule \hrule \let...
l.7759   \end{tabularx}
                       
./monthly.tex:7759: Misplaced \noalign.
\hline ->\noalign 
                  {\ifnum 0=`}\fi \let \hskip \vskip \let \vrule \hrule \let...
l.7759   \end{tabularx}
                       
./monthly.tex:7759: Misplaced \noalign.
\hline ->\noalign 
                  {\ifnum 0=`}\fi \let \hskip \vskip \let \vrule \hrule \let...
l.7759   \end{tabularx}
                       
./monthly.tex:7759: Misplaced \noalign.
\hline ->\noalign 
                  {\ifnum 0=`}\fi \let \hskip \vskip \let \vrule \hrule \let...
l.7759   \end{tabularx}
                       
./monthly.tex:7759: Misplaced \noalign.
\hline ->\noalign 
                  {\ifnum 0=`}\fi \let \hskip \vskip \let \vrule \hrule \let...
l.7759   \end{tabularx}
                       
./monthly.tex:7759: Misplaced \noalign.
\hline ->\noalign 
                  {\ifnum 0=`}\fi \let \hskip \vskip \let \vrule \hrule \let...
l.7759   \end{tabularx}
                       
./monthly.tex:7759: Misplaced \noalign.
\hline ->\noalign 
                  {\ifnum 0=`}\fi \let \hskip \vskip \let \vrule \hrule \let...
l.7759   \end{tabularx}
                       
./monthly.tex:7759: Misplaced \noalign.
\hline ->\noalign 
                  {\ifnum 0=`}\fi \let \hskip \vskip \let \vrule \hrule \let...
l.7759   \end{tabularx}
                       
./monthly.tex:7759: Misplaced \noalign.
\hline ->\noalign 
                  {\ifnum 0=`}\fi \let \hskip \vskip \let \vrule \hrule \let...
l.7759   \end{tabularx}
                       
./monthly.tex:7759: Misplaced \noalign.
\hline ->\noalign 
                  {\ifnum 0=`}\fi \let \hskip \vskip \let \vrule \hrule \let...
l.7759   \end{tabularx}
                       
./monthly.tex:7759: Misplaced \noalign.
\hline ->\noalign 
                  {\ifnum 0=`}\fi \let \hskip \vskip \let \vrule \hrule \let...
l.7759   \end{tabularx}
                       
./monthly.tex:7759: Misplaced \noalign.
\hline ->\noalign 
                  {\ifnum 0=`}\fi \let \hskip \vskip \let \vrule \hrule \let...
l.7759   \end{tabularx}
                       
./monthly.tex:7759: Misplaced \noalign.
\hline ->\noalign 
                  {\ifnum 0=`}\fi \let \hskip \vskip \let \vrule \hrule \let...
l.7759   \end{tabularx}
                       
./monthly.tex:7759: Misplaced \noalign.
\hline ->\noalign 
                  {\ifnum 0=`}\fi \let \hskip \vskip \let \vrule \hrule \let...
l.7759   \end{tabularx}
                       
./monthly.tex:7759: Misplaced \noalign.
\hline ->\noalign 
                  {\ifnum 0=`}\fi \let \hskip \vskip \let \vrule \hrule \let...
l.7759   \end{tabularx}
                       
./monthly.tex:7759: Misplaced \noalign.
\hline ->\noalign 
                  {\ifnum 0=`}\fi \let \hskip \vskip \let \vrule \hrule \let...
l.7759   \end{tabularx}
                       
./monthly.tex:7759: Misplaced \noalign.
\hline ->\noalign 
                  {\ifnum 0=`}\fi \let \hskip \vskip \let \vrule \hrule \let...
l.7759   \end{tabularx}
                       
./monthly.tex:7759: Misplaced \noalign.
\hline ->\noalign 
                  {\ifnum 0=`}\fi \let \hskip \vskip \let \vrule \hrule \let...
l.7759   \end{tabularx}
                       
./monthly.tex:7759: Misplaced \noalign.
\hline ->\noalign 
                  {\ifnum 0=`}\fi \let \hskip \vskip \let \vrule \hrule \let...
l.7759   \end{tabularx}
                       
./monthly.tex:7759: Misplaced \noalign.
\hline ->\noalign 
                  {\ifnum 0=`}\fi \let \hskip \vskip \let \vrule \hrule \let...
l.7759   \end{tabularx}
                       
./monthly.tex:7759: Misplaced \noalign.
\hline ->\noalign 
                  {\ifnum 0=`}\fi \let \hskip \vskip \let \vrule \hrule \let...
l.7759   \end{tabularx}
                       
./monthly.tex:7759: Misplaced \noalign.
\hline ->\noalign 
                  {\ifnum 0=`}\fi \let \hskip \vskip \let \vrule \hrule \let...
l.7759   \end{tabularx}
                       
./monthly.tex:7759: Misplaced \noalign.
\hline ->\noalign 
                  {\ifnum 0=`}\fi \let \hskip \vskip \let \vrule \hrule \let...
l.7759   \end{tabularx}
                       
./monthly.tex:7759: Misplaced \noalign.
\hline ->\noalign 
                  {\ifnum 0=`}\fi \let \hskip \vskip \let \vrule \hrule \let...
l.7759   \end{tabularx}
                       
./monthly.tex:7759: Misplaced \noalign.
\hline ->\noalign 
                  {\ifnum 0=`}\fi \let \hskip \vskip \let \vrule \hrule \let...
l.7759   \end{tabularx}
                       
./monthly.tex:7759: Misplaced \noalign.
\hline ->\noalign 
                  {\ifnum 0=`}\fi \let \hskip \vskip \let \vrule \hrule \let...
l.7759   \end{tabularx}
                       
./monthly.tex:7759: Misplaced \noalign.
\hline ->\noalign 
                  {\ifnum 0=`}\fi \let \hskip \vskip \let \vrule \hrule \let...
l.7759   \end{tabularx}
                       
./monthly.tex:7759: Misplaced \noalign.
\hline ->\noalign 
                  {\ifnum 0=`}\fi \let \hskip \vskip \let \vrule \hrule \let...
l.7759   \end{tabularx}
                       
./monthly.tex:7759: Misplaced \noalign.
\hline ->\noalign 
                  {\ifnum 0=`}\fi \let \hskip \vskip \let \vrule \hrule \let...
l.7759   \end{tabularx}
                       
./monthly.tex:7759: Misplaced \noalign.
\hline ->\noalign 
                  {\ifnum 0=`}\fi \let \hskip \vskip \let \vrule \hrule \let...
l.7759   \end{tabularx}
                       
./monthly.tex:7759: Misplaced \noalign.
\hline ->\noalign 
                  {\ifnum 0=`}\fi \let \hskip \vskip \let \vrule \hrule \let...
l.7759   \end{tabularx}
                       
./monthly.tex:7759: Misplaced \noalign.
\hline ->\noalign 
                  {\ifnum 0=`}\fi \let \hskip \vskip \let \vrule \hrule \let...
l.7759   \end{tabularx}
                       
./monthly.tex:7759: Misplaced \noalign.
\hline ->\noalign 
                  {\ifnum 0=`}\fi \let \hskip \vskip \let \vrule \hrule \let...
l.7759   \end{tabularx}
                       
./monthly.tex:7759: Misplaced \noalign.
\hline ->\noalign 
                  {\ifnum 0=`}\fi \let \hskip \vskip \let \vrule \hrule \let...
l.7759   \end{tabularx}
                       
./monthly.tex:7759: Misplaced \noalign.
\hline ->\noalign 
                  {\ifnum 0=`}\fi \let \hskip \vskip \let \vrule \hrule \let...
l.7759   \end{tabularx}
                       

Underfull \hbox (badness 10000) in paragraph at lines 7759--7762

) [30] (./monthly_calendar.aux (./monthly.aux)) )
(see the transcript file for additional information)
Output written on monthly_calendar.pdf (30 pages).
Transcript written on monthly_calendar.log.
m 0=`}\fi \let \hskip \vskip \let \vrule \hrule \let...
l.5057   \end{tabularx}
                       
I expect to see \noalign only after the \cr of
an alignment. Proceed, and I'll ignore this case.

./monthly.tex:5057: Misplaced \noalign.
\hline ->\noalign 
                  {\ifnum 0=`}\fi \let \hskip \vskip \let \vrule \hrule \let...
l.5057   \end{tabularx}
                       
I expect to see \noalign only after the \cr of
an alignment. Proceed, and I'll ignore this case.

./monthly.tex:5057: Misplaced \noalign.
\hline ->\noalign 
                  {\ifnum 0=`}\fi \let \hskip \vskip \let \vrule \hrule \let...
l.5057   \end{tabularx}
                       
I expect to see \noalign only after the \cr of
an alignment. Proceed, and I'll ignore this case.

./monthly.tex:5057: Misplaced \noalign.
\hline ->\noalign 
                  {\ifnum 0=`}\fi \let \hskip \vskip \let \vrule \hrule \let...
l.5057   \end{tabularx}
                       
I expect to see \noalign only after the \cr of
an alignment. Proceed, and I'll ignore this case.

./monthly.tex:5057: Misplaced \noalign.
\hline ->\noalign 
                  {\ifnum 0=`}\fi \let \hskip \vskip \let \vrule \hrule \let...
l.5057   \end{tabularx}
                       
I expect to see \noalign only after the \cr of
an alignment. Proceed, and I'll ignore this case.

./monthly.tex:5057: Misplaced \noalign.
\hline ->\noalign 
                  {\ifnum 0=`}\fi \let \hskip \vskip \let \vrule \hrule \let...
l.5057   \end{tabularx}
                       
I expect to see \noalign only after the \cr of
an alignment. Proceed, and I'll ignore this case.

./monthly.tex:5057: Misplaced \noalign.
\hline ->\noalign 
                  {\ifnum 0=`}\fi \let \hskip \vskip \let \vrule \hrule \let...
l.5057   \end{tabularx}
                       
I expect to see \noalign only after the \cr of
an alignment. Proceed, and I'll ignore this case.

./monthly.tex:5057: Misplaced \noalign.
\hline ->\noalign 
                  {\ifnum 0=`}\fi \let \hskip \vskip \let \vrule \hrule \let...
l.5057   \end{tabularx}
                       
I expect to see \noalign only after the \cr of
an alignment. Proceed, and I'll ignore this case.

./monthly.tex:5057: Misplaced \noalign.
\hline ->\noalign 
                  {\ifnum 0=`}\fi \let \hskip \vskip \let \vrule \hrule \let...
l.5057   \end{tabularx}
                       
I expect to see \noalign only after the \cr of
an alignment. Proceed, and I'll ignore this case.

./monthly.tex:5057: Misplaced \noalign.
\hline ->\noalign 
                  {\ifnum 0=`}\fi \let \hskip \vskip \let \vrule \hrule \let...
l.5057   \end{tabularx}
                       
I expect to see \noalign only after the \cr of
an alignment. Proceed, and I'll ignore this case.

./monthly.tex:5057: Misplaced \noalign.
\hline ->\noalign 
                  {\ifnum 0=`}\fi \let \hskip \vskip \let \vrule \hrule \let...
l.5057   \end{tabularx}
                       
I expect to see \noalign only after the \cr of
an alignment. Proceed, and I'll ignore this case.

./monthly.tex:5057: Misplaced \noalign.
\hline ->\noalign 
                  {\ifnum 0=`}\fi \let \hskip \vskip \let \vrule \hrule \let...
l.5057   \end{tabularx}
                       
I expect to see \noalign only after the \cr of
an alignment. Proceed, and I'll ignore this case.

./monthly.tex:5057: Misplaced \noalign.
\hline ->\noalign 
                  {\ifnum 0=`}\fi \let \hskip \vskip \let \vrule \hrule \let...
l.5057   \end{tabularx}
                       
I expect to see \noalign only after the \cr of
an alignment. Proceed, and I'll ignore this case.

./monthly.tex:5057: Misplaced \noalign.
\hline ->\noalign 
                  {\ifnum 0=`}\fi \let \hskip \vskip \let \vrule \hrule \let...
l.5057   \end{tabularx}
                       
I expect to see \noalign only after the \cr of
an alignment. Proceed, and I'll ignore this case.

./monthly.tex:5057: Misplaced \noalign.
\hline ->\noalign 
                  {\ifnum 0=`}\fi \let \hskip \vskip \let \vrule \hrule \let...
l.5057   \end{tabularx}
                       
I expect to see \noalign only after the \cr of
an alignment. Proceed, and I'll ignore this case.

./monthly.tex:5057: Misplaced \noalign.
\hline ->\noalign 
                  {\ifnum 0=`}\fi \let \hskip \vskip \let \vrule \hrule \let...
l.5057   \end{tabularx}
                       
I expect to see \noalign only after the \cr of
an alignment. Proceed, and I'll ignore this case.

./monthly.tex:5057: Misplaced \noalign.
\hline ->\noalign 
                  {\ifnum 0=`}\fi \let \hskip \vskip \let \vrule \hrule \let...
l.5057   \end{tabularx}
                       
I expect to see \noalign only after the \cr of
an alignment. Proceed, and I'll ignore this case.

./monthly.tex:5057: Misplaced \noalign.
\hline ->\noalign 
                  {\ifnum 0=`}\fi \let \hskip \vskip \let \vrule \hrule \let...
l.5057   \end{tabularx}
                       
I expect to see \noalign only after the \cr of
an alignment. Proceed, and I'll ignore this case.

./monthly.tex:5057: Misplaced \noalign.
\hline ->\noalign 
                  {\ifnum 0=`}\fi \let \hskip \vskip \let \vrule \hrule \let...
l.5057   \end{tabularx}
                       
I expect to see \noalign only after the \cr of
an alignment. Proceed, and I'll ignore this case.

./monthly.tex:5057: Misplaced \noalign.
\hline ->\noalign 
                  {\ifnum 0=`}\fi \let \hskip \vskip \let \vrule \hrule \let...
l.5057   \end{tabularx}
                       
I expect to see \noalign only after the \cr of
an alignment. Proceed, and I'll ignore this case.

./monthly.tex:5057: Misplaced \noalign.
\hline ->\noalign 
                  {\ifnum 0=`}\fi \let \hskip \vskip \let \vrule \hrule \let...
l.5057   \end{tabularx}
                       
I expect to see \noalign only after the \cr of
an alignment. Proceed, and I'll ignore this case.

./monthly.tex:5057: Misplaced \noalign.
\hline ->\noalign 
                  {\ifnum 0=`}\fi \let \hskip \vskip \let \vrule \hrule \let...
l.5057   \end{tabularx}
                       
I expect to see \noalign only after the \cr of
an alignment. Proceed, and I'll ignore this case.

./monthly.tex:5057: Misplaced \noalign.
\hline ->\noalign 
                  {\ifnum 0=`}\fi \let \hskip \vskip \let \vrule \hrule \let...
l.5057   \end{tabularx}
                       
I expect to see \noalign only after the \cr of
an alignment. Proceed, and I'll ignore this case.

./monthly.tex:5057: Misplaced \noalign.
\hline ->\noalign 
                  {\ifnum 0=`}\fi \let \hskip \vskip \let \vrule \hrule \let...
l.5057   \end{tabularx}
                       
I expect to see \noalign only after the \cr of
an alignment. Proceed, and I'll ignore this case.

./monthly.tex:5057: Misplaced \noalign.
\hline ->\noalign 
                  {\ifnum 0=`}\fi \let \hskip \vskip \let \vrule \hrule \let...
l.5057   \end{tabularx}
                       
I expect to see \noalign only after the \cr of
an alignment. Proceed, and I'll ignore this case.

./monthly.tex:5057: Misplaced \noalign.
\hline ->\noalign 
                  {\ifnum 0=`}\fi \let \hskip \vskip \let \vrule \hrule \let...
l.5057   \end{tabularx}
                       
I expect to see \noalign only after the \cr of
an alignment. Proceed, and I'll ignore this case.

./monthly.tex:5057: Misplaced \noalign.
\hline ->\noalign 
                  {\ifnum 0=`}\fi \let \hskip \vskip \let \vrule \hrule \let...
l.5057   \end{tabularx}
                       
I expect to see \noalign only after the \cr of
an alignment. Proceed, and I'll ignore this case.

./monthly.tex:5057: Misplaced \noalign.
\hline ->\noalign 
                  {\ifnum 0=`}\fi \let \hskip \vskip \let \vrule \hrule \let...
l.5057   \end{tabularx}
                       
I expect to see \noalign only after the \cr of
an alignment. Proceed, and I'll ignore this case.

./monthly.tex:5057: Misplaced \noalign.
\hline ->\noalign 
                  {\ifnum 0=`}\fi \let \hskip \vskip \let \vrule \hrule \let...
l.5057   \end{tabularx}
                       
I expect to see \noalign only after the \cr of
an alignment. Proceed, and I'll ignore this case.

./monthly.tex:5057: Misplaced \noalign.
\hline ->\noalign 
                  {\ifnum 0=`}\fi \let \hskip \vskip \let \vrule \hrule \let...
l.5057   \end{tabularx}
                       
I expect to see \noalign only after the \cr of
an alignment. Proceed, and I'll ignore this case.

./monthly.tex:5057: Misplaced \noalign.
\hline ->\noalign 
                  {\ifnum 0=`}\fi \let \hskip \vskip \let \vrule \hrule \let...
l.5057   \end{tabularx}
                       
I expect to see \noalign only after the \cr of
an alignment. Proceed, and I'll ignore this case.

./monthly.tex:5057: Misplaced \noalign.
\hline ->\noalign 
                  {\ifnum 0=`}\fi \let \hskip \vskip \let \vrule \hrule \let...
l.5057   \end{tabularx}
                       
I expect to see \noalign only after the \cr of
an alignment. Proceed, and I'll ignore this case.

./monthly.tex:5057: Misplaced \noalign.
\hline ->\noalign 
                  {\ifnum 0=`}\fi \let \hskip \vskip \let \vrule \hrule \let...
l.5057   \end{tabularx}
                       
I expect to see \noalign only after the \cr of
an alignment. Proceed, and I'll ignore this case.

./monthly.tex:5057: Misplaced \noalign.
\hline ->\noalign 
                  {\ifnum 0=`}\fi \let \hskip \vskip \let \vrule \hrule \let...
l.5057   \end{tabularx}
                       
I expect to see \noalign only after the \cr of
an alignment. Proceed, and I'll ignore this case.

./monthly.tex:5057: Misplaced \noalign.
\hline ->\noalign 
                  {\ifnum 0=`}\fi \let \hskip \vskip \let \vrule \hrule \let...
l.5057   \end{tabularx}
                       
I expect to see \noalign only after the \cr of
an alignment. Proceed, and I'll ignore this case.

./monthly.tex:5057: Misplaced \noalign.
\hline ->\noalign 
                  {\ifnum 0=`}\fi \let \hskip \vskip \let \vrule \hrule \let...
l.5057   \end{tabularx}
                       
I expect to see \noalign only after the \cr of
an alignment. Proceed, and I'll ignore this case.

./monthly.tex:5057: Misplaced \noalign.
\hline ->\noalign 
                  {\ifnum 0=`}\fi \let \hskip \vskip \let \vrule \hrule \let...
l.5057   \end{tabularx}
                       
I expect to see \noalign only after the \cr of
an alignment. Proceed, and I'll ignore this case.

./monthly.tex:5057: Misplaced \noalign.
\hline ->\noalign 
                  {\ifnum 0=`}\fi \let \hskip \vskip \let \vrule \hrule \let...
l.5057   \end{tabularx}
                       
I expect to see \noalign only after the \cr of
an alignment. Proceed, and I'll ignore this case.

./monthly.tex:5057: Misplaced \noalign.
\hline ->\noalign 
                  {\ifnum 0=`}\fi \let \hskip \vskip \let \vrule \hrule \let...
l.5057   \end{tabularx}
                       
I expect to see \noalign only after the \cr of
an alignment. Proceed, and I'll ignore this case.

./monthly.tex:5057: Misplaced \noalign.
\hline ->\noalign 
                  {\ifnum 0=`}\fi \let \hskip \vskip \let \vrule \hrule \let...
l.5057   \end{tabularx}
                       
I expect to see \noalign only after the \cr of
an alignment. Proceed, and I'll ignore this case.

./monthly.tex:5057: Misplaced \noalign.
\hline ->\noalign 
                  {\ifnum 0=`}\fi \let \hskip \vskip \let \vrule \hrule \let...
l.5057   \end{tabularx}
                       
I expect to see \noalign only after the \cr of
an alignment. Proceed, and I'll ignore this case.

./monthly.tex:5057: Misplaced \noalign.
\hline ->\noalign 
                  {\ifnum 0=`}\fi \let \hskip \vskip \let \vrule \hrule \let...
l.5057   \end{tabularx}
                       
I expect to see \noalign only after the \cr of
an alignment. Proceed, and I'll ignore this case.

./monthly.tex:5057: Misplaced \noalign.
\hline ->\noalign 
                  {\ifnum 0=`}\fi \let \hskip \vskip \let \vrule \hrule \let...
l.5057   \end{tabularx}
                       
I expect to see \noalign only after the \cr of
an alignment. Proceed, and I'll ignore this case.


Overfull \hbox (227.52032pt too wide) in paragraph at lines 5057--5057
[]|[][][] 
 []

./monthly.tex:5057: Misplaced \noalign.
\hline ->\noalign 
                  {\ifnum 0=`}\fi \let \hskip \vskip \let \vrule \hrule \let...
l.5057   \end{tabularx}
                       
I expect to see \noalign only after the \cr of
an alignment. Proceed, and I'll ignore this case.

./monthly.tex:5057: Misplaced \noalign.
\hline ->\noalign 
                  {\ifnum 0=`}\fi \let \hskip \vskip \let \vrule \hrule \let...
l.5057   \end{tabularx}
                       
I expect to see \noalign only after the \cr of
an alignment. Proceed, and I'll ignore this case.

./monthly.tex:5057: Misplaced \noalign.
\hline ->\noalign 
                  {\ifnum 0=`}\fi \let \hskip \vskip \let \vrule \hrule \let...
l.5057   \end{tabularx}
                       
I expect to see \noalign only after the \cr of
an alignment. Proceed, and I'll ignore this case.

./monthly.tex:5057: Misplaced \noalign.
\hline ->\noalign 
                  {\ifnum 0=`}\fi \let \hskip \vskip \let \vrule \hrule \let...
l.5057   \end{tabularx}
                       
I expect to see \noalign only after the \cr of
an alignment. Proceed, and I'll ignore this case.

./monthly.tex:5057: Misplaced \noalign.
\hline ->\noalign 
                  {\ifnum 0=`}\fi \let \hskip \vskip \let \vrule \hrule \let...
l.5057   \end{tabularx}
                       
I expect to see \noalign only after the \cr of
an alignment. Proceed, and I'll ignore this case.

./monthly.tex:5057: Misplaced \noalign.
\hline ->\noalign 
                  {\ifnum 0=`}\fi \let \hskip \vskip \let \vrule \hrule \let...
l.5057   \end{tabularx}
                       
I expect to see \noalign only after the \cr of
an alignment. Proceed, and I'll ignore this case.

./monthly.tex:5057: Misplaced \noalign.
\hline ->\noalign 
                  {\ifnum 0=`}\fi \let \hskip \vskip \let \vrule \hrule \let...
l.5057   \end{tabularx}
                       
I expect to see \noalign only after the \cr of
an alignment. Proceed, and I'll ignore this case.

./monthly.tex:5057: Misplaced \noalign.
\hline ->\noalign 
                  {\ifnum 0=`}\fi \let \hskip \vskip \let \vrule \hrule \let...
l.5057   \end{tabularx}
                       
I expect to see \noalign only after the \cr of
an alignment. Proceed, and I'll ignore this case.

./monthly.tex:5057: Misplaced \noalign.
\hline ->\noalign 
                  {\ifnum 0=`}\fi \let \hskip \vskip \let \vrule \hrule \let...
l.5057   \end{tabularx}
                       
I expect to see \noalign only after the \cr of
an alignment. Proceed, and I'll ignore this case.

./monthly.tex:5057: Misplaced \noalign.
\hline ->\noalign 
                  {\ifnum 0=`}\fi \let \hskip \vskip \let \vrule \hrule \let...
l.5057   \end{tabularx}
                       
I expect to see \noalign only after the \cr of
an alignment. Proceed, and I'll ignore this case.

./monthly.tex:5057: Misplaced \noalign.
\hline ->\noalign 
                  {\ifnum 0=`}\fi \let \hskip \vskip \let \vrule \hrule \let...
l.5057   \end{tabularx}
                       
I expect to see \noalign only after the \cr of
an alignment. Proceed, and I'll ignore this case.

./monthly.tex:5057: Misplaced \noalign.
\hline ->\noalign 
                  {\ifnum 0=`}\fi \let \hskip \vskip \let \vrule \hrule \let...
l.5057   \end{tabularx}
                       
I expect to see \noalign only after the \cr of
an alignment. Proceed, and I'll ignore this case.

./monthly.tex:5057: Misplaced \noalign.
\hline ->\noalign 
                  {\ifnum 0=`}\fi \let \hskip \vskip \let \vrule \hrule \let...
l.5057   \end{tabularx}
                       
I expect to see \noalign only after the \cr of
an alignment. Proceed, and I'll ignore this case.


Overfull \hbox (284.4004pt too wide) in paragraph at lines 5057--5057
[]|[][][] 
 []

./monthly.tex:5057: Misplaced \noalign.
\hline ->\noalign 
                  {\ifnum 0=`}\fi \let \hskip \vskip \let \vrule \hrule \let...
l.5057   \end{tabularx}
                       
I expect to see \noalign only after the \cr of
an alignment. Proceed, and I'll ignore this case.

./monthly.tex:5057: Misplaced \noalign.
\hline ->\noalign 
                  {\ifnum 0=`}\fi \let \hskip \vskip \let \vrule \hrule \let...
l.5057   \end{tabularx}
                       
I expect to see \noalign only after the \cr of
an alignment. Proceed, and I'll ignore this case.

./monthly.tex:5057: Misplaced \noalign.
\hline ->\noalign 
                  {\ifnum 0=`}\fi \let \hskip \vskip \let \vrule \hrule \let...
l.5057   \end{tabularx}
                       
I expect to see \noalign only after the \cr of
an alignment. Proceed, and I'll ignore this case.

./monthly.tex:5057: Misplaced \noalign.
\hline ->\noalign 
                  {\ifnum 0=`}\fi \let \hskip \vskip \let \vrule \hrule \let...
l.5057   \end{tabularx}
                       
I expect to see \noalign only after the \cr of
an alignment. Proceed, and I'll ignore this case.

./monthly.tex:5057: Misplaced \noalign.
\hline ->\noalign 
                  {\ifnum 0=`}\fi \let \hskip \vskip \let \vrule \hrule \let...
l.5057   \end{tabularx}
                       
I expect to see \noalign only after the \cr of
an alignment. Proceed, and I'll ignore this case.

./monthly.tex:5057: Misplaced \noalign.
\hline ->\noalign 
                  {\ifnum 0=`}\fi \let \hskip \vskip \let \vrule \hrule \let...
l.5057   \end{tabularx}
                       
I expect to see \noalign only after the \cr of
an alignment. Proceed, and I'll ignore this case.

./monthly.tex:5057: Misplaced \noalign.
\hline ->\noalign 
                  {\ifnum 0=`}\fi \let \hskip \vskip \let \vrule \hrule \let...
l.5057   \end{tabularx}
                       
I expect to see \noalign only after the \cr of
an alignment. Proceed, and I'll ignore this case.

./monthly.tex:5057: Misplaced \noalign.
\hline ->\noalign 
                  {\ifnum 0=`}\fi \let \hskip \vskip \let \vrule \hrule \let...
l.5057   \end{tabularx}
                       
I expect to see \noalign only after the \cr of
an alignment. Proceed, and I'll ignore this case.

./monthly.tex:5057: Misplaced \noalign.
\hline ->\noalign 
                  {\ifnum 0=`}\fi \let \hskip \vskip \let \vrule \hrule \let...
l.5057   \end{tabularx}
                       
I expect to see \noalign only after the \cr of
an alignment. Proceed, and I'll ignore this case.

./monthly.tex:5057: Misplaced \noalign.
\hline ->\noalign 
                  {\ifnum 0=`}\fi \let \hskip \vskip \let \vrule \hrule \let...
l.5057   \end{tabularx}
                       
I expect to see \noalign only after the \cr of
an alignment. Proceed, and I'll ignore this case.

./monthly.tex:5057: Misplaced \noalign.
\hline ->\noalign 
                  {\ifnum 0=`}\fi \let \hskip \vskip \let \vrule \hrule \let...
l.5057   \end{tabularx}
                       
I expect to see \noalign only after the \cr of
an alignment. Proceed, and I'll ignore this case.

./monthly.tex:5057: Misplaced \noalign.
\hline ->\noalign 
                  {\ifnum 0=`}\fi \let \hskip \vskip \let \vrule \hrule \let...
l.5057   \end{tabularx}
                       
I expect to see \noalign only after the \cr of
an alignment. Proceed, and I'll ignore this case.


Underfull \hbox (badness 10000) in paragraph at lines 5057--5060

 []

[20]
./monthly.tex:5321: Misplaced \noalign.
\hline ->\noalign 
                  {\ifnum 0=`}\fi \let \hskip \vskip \let \vrule \hrule \let...
l.5321   \end{tabularx}
                       
I expect to see \noalign only after the \cr of
an alignment. Proceed, and I'll ignore this case.

./monthly.tex:5321: Misplaced \noalign.
\hline ->\noalign 
                  {\ifnum 0=`}\fi \let \hskip \vskip \let \vrule \hrule \let...
l.5321   \end{tabularx}
                       
I expect to see \noalign only after the \cr of
an alignment. Proceed, and I'll ignore this case.

./monthly.tex:5321: Misplaced \noalign.
\hline ->\noalign 
                  {\ifnum 0=`}\fi \let \hskip \vskip \let \vrule \hrule \let...
l.5321   \end{tabularx}
                       
I expect to see \noalign only after the \cr of
an alignment. Proceed, and I'll ignore this case.

./monthly.tex:5321: Misplaced \noalign.
\hline ->\noalign 
                  {\ifnum 0=`}\fi \let \hskip \vskip \let \vrule \hrule \let...
l.5321   \end{tabularx}
                       
I expect to see \noalign only after the \cr of
an alignment. Proceed, and I'll ignore this case.

./monthly.tex:5321: Misplaced \noalign.
\hline ->\noalign 
                  {\ifnum 0=`}\fi \let \hskip \vskip \let \vrule \hrule \let...
l.5321   \end{tabularx}
                       
I expect to see \noalign only after the \cr of
an alignment. Proceed, and I'll ignore this case.

./monthly.tex:5321: Misplaced \noalign.
\hline ->\noalign 
                  {\ifnum 0=`}\fi \let \hskip \vskip \let \vrule \hrule \let...
l.5321   \end{tabularx}
                       
I expect to see \noalign only after the \cr of
an alignment. Proceed, and I'll ignore this case.

./monthly.tex:5321: Misplaced \noalign.
\hline ->\noalign 
                  {\ifnum 0=`}\fi \let \hskip \vskip \let \vrule \hrule \let...
l.5321   \end{tabularx}
                       
I expect to see \noalign only after the \cr of
an alignment. Proceed, and I'll ignore this case.

./monthly.tex:5321: Misplaced \noalign.
\hline ->\noalign 
                  {\ifnum 0=`}\fi \let \hskip \vskip \let \vrule \hrule \let...
l.5321   \end{tabularx}
                       
I expect to see \noalign only after the \cr of
an alignment. Proceed, and I'll ignore this case.

./monthly.tex:5321: Misplaced \noalign.
\hline ->\noalign 
                  {\ifnum 0=`}\fi \let \hskip \vskip \let \vrule \hrule \let...
l.5321   \end{tabularx}
                       
I expect to see \noalign only after the \cr of
an alignment. Proceed, and I'll ignore this case.

./monthly.tex:5321: Misplaced \noalign.
\hline ->\noalign 
                  {\ifnum 0=`}\fi \let \hskip \vskip \let \vrule \hrule \let...
l.5321   \end{tabularx}
                       
I expect to see \noalign only after the \cr of
an alignment. Proceed, and I'll ignore this case.

./monthly.tex:5321: Misplaced \noalign.
\hline ->\noalign 
                  {\ifnum 0=`}\fi \let \hskip \vskip \let \vrule \hrule \let...
l.5321   \end{tabularx}
                       
I expect to see \noalign only after the \cr of
an alignment. Proceed, and I'll ignore this case.

./monthly.tex:5321: Misplaced \noalign.
\hline ->\noalign 
                  {\ifnum 0=`}\fi \let \hskip \vskip \let \vrule \hrule \let...
l.5321   \end{tabularx}
                       
I expect to see \noalign only after the \cr of
an alignment. Proceed, and I'll ignore this case.

./monthly.tex:5321: Misplaced \noalign.
\hline ->\noalign 
                  {\ifnum 0=`}\fi \let \hskip \vskip \let \vrule \hrule \let...
l.5321   \end{tabularx}
                       
I expect to see \noalign only after the \cr of
an alignment. Proceed, and I'll ignore this case.

./monthly.tex:5321: Misplaced \noalign.
\hline ->\noalign 
                  {\ifnum 0=`}\fi \let \hskip \vskip \let \vrule \hrule \let...
l.5321   \end{tabularx}
                       
I expect to see \noalign only after the \cr of
an alignment. Proceed, and I'll ignore this case.

./monthly.tex:5321: Misplaced \noalign.
\hline ->\noalign 
                  {\ifnum 0=`}\fi \let \hskip \vskip \let \vrule \hrule \let...
l.5321   \end{tabularx}
                       
I expect to see \noalign only after the \cr of
an alignment. Proceed, and I'll ignore this case.

./monthly.tex:5321: Misplaced \noalign.
\hline ->\noalign 
                  {\ifnum 0=`}\fi \let \hskip \vskip \let \vrule \hrule \let...
l.5321   \end{tabularx}
                       
I expect to see \noalign only after the \cr of
an alignment. Proceed, and I'll ignore this case.

./monthly.tex:5321: Misplaced \noalign.
\hline ->\noalign 
                  {\ifnum 0=`}\fi \let \hskip \vskip \let \vrule \hrule \let...
l.5321   \end{tabularx}
                       
I expect to see \noalign only after the \cr of
an alignment. Proceed, and I'll ignore this case.

./monthly.tex:5321: Misplaced \noalign.
\hline ->\noalign 
                  {\ifnum 0=`}\fi \let \hskip \vskip \let \vrule \hrule \let...
l.5321   \end{tabularx}
                       
I expect to see \noalign only after the \cr of
an alignment. Proceed, and I'll ignore this case.

./monthly.tex:5321: Misplaced \noalign.
\hline ->\noalign 
                  {\ifnum 0=`}\fi \let \hskip \vskip \let \vrule \hrule \let...
l.5321   \end{tabularx}
                       
I expect to see \noalign only after the \cr of
an alignment. Proceed, and I'll ignore this case.

./monthly.tex:5321: Misplaced \noalign.
\hline ->\noalign 
                  {\ifnum 0=`}\fi \let \hskip \vskip \let \vrule \hrule \let...
l.5321   \end{tabularx}
                       
I expect to see \noalign only after the \cr of
an alignment. Proceed, and I'll ignore this case.

./monthly.tex:5321: Misplaced \noalign.
\hline ->\noalign 
                  {\ifnum 0=`}\fi \let \hskip \vskip \let \vrule \hrule \let...
l.5321   \end{tabularx}
                       
I expect to see \noalign only after the \cr of
an alignment. Proceed, and I'll ignore this case.

./monthly.tex:5321: Misplaced \noalign.
\hline ->\noalign 
                  {\ifnum 0=`}\fi \let \hskip \vskip \let \vrule \hrule \let...
l.5321   \end{tabularx}
                       
I expect to see \noalign only after the \cr of
an alignment. Proceed, and I'll ignore this case.

./monthly.tex:5321: Misplaced \noalign.
\hline ->\noalign 
                  {\ifnum 0=`}\fi \let \hskip \vskip \let \vrule \hrule \let...
l.5321   \end{tabularx}
                       
I expect to see \noalign only after the \cr of
an alignment. Proceed, and I'll ignore this case.

./monthly.tex:5321: Misplaced \noalign.
\hline ->\noalign 
                  {\ifnum 0=`}\fi \let \hskip \vskip \let \vrule \hrule \let...
l.5321   \end{tabularx}
                       
I expect to see \noalign only after the \cr of
an alignment. Proceed, and I'll ignore this case.

./monthly.tex:5321: Misplaced \noalign.
\hline ->\noalign 
                  {\ifnum 0=`}\fi \let \hskip \vskip \let \vrule \hrule \let...
l.5321   \end{tabularx}
                       
I expect to see \noalign only after the \cr of
an alignment. Proceed, and I'll ignore this case.

./monthly.tex:5321: Misplaced \noalign.
\hline ->\noalign 
                  {\ifnum 0=`}\fi \let \hskip \vskip \let \vrule \hrule \let...
l.5321   \end{tabularx}
                       
I expect to see \noalign only after the \cr of
an alignment. Proceed, and I'll ignore this case.

./monthly.tex:5321: Misplaced \noalign.
\hline ->\noalign 
                  {\ifnum 0=`}\fi \let \hskip \vskip \let \vrule \hrule \let...
l.5321   \end{tabularx}
                       
I expect to see \noalign only after the \cr of
an alignment. Proceed, and I'll ignore this case.

./monthly.tex:5321: Misplaced \noalign.
\hline ->\noalign 
                  {\ifnum 0=`}\fi \let \hskip \vskip \let \vrule \hrule \let...
l.5321   \end{tabularx}
                       
I expect to see \noalign only after the \cr of
an alignment. Proceed, and I'll ignore this case.

./monthly.tex:5321: Misplaced \noalign.
\hline ->\noalign 
                  {\ifnum 0=`}\fi \let \hskip \vskip \let \vrule \hrule \let...
l.5321   \end{tabularx}
                       
I expect to see \noalign only after the \cr of
an alignment. Proceed, and I'll ignore this case.

./monthly.tex:5321: Misplaced \noalign.
\hline ->\noalign 
                  {\ifnum 0=`}\fi \let \hskip \vskip \let \vrule \hrule \let...
l.5321   \end{tabularx}
                       
I expect to see \noalign only after the \cr of
an alignment. Proceed, and I'll ignore this case.

./monthly.tex:5321: Misplaced \noalign.
\hline ->\noalign 
                  {\ifnum 0=`}\fi \let \hskip \vskip \let \vrule \hrule \let...
l.5321   \end{tabularx}
                       
I expect to see \noalign only after the \cr of
an alignment. Proceed, and I'll ignore this case.

./monthly.tex:5321: Misplaced \noalign.
\hline ->\noalign 
                  {\ifnum 0=`}\fi \let \hskip \vskip \let \vrule \hrule \let...
l.5321   \end{tabularx}
                       
I expect to see \noalign only after the \cr of
an alignment. Proceed, and I'll ignore this case.

./monthly.tex:5321: Misplaced \noalign.
\hline ->\noalign 
                  {\ifnum 0=`}\fi \let \hskip \vskip \let \vrule \hrule \let...
l.5321   \end{tabularx}
                       
I expect to see \noalign only after the \cr of
an alignment. Proceed, and I'll ignore this case.

./monthly.tex:5321: Misplaced \noalign.
\hline ->\noalign 
                  {\ifnum 0=`}\fi \let \hskip \vskip \let \vrule \hrule \let...
l.5321   \end{tabularx}
                       
I expect to see \noalign only after the \cr of
an alignment. Proceed, and I'll ignore this case.

./monthly.tex:5321: Misplaced \noalign.
\hline ->\noalign 
                  {\ifnum 0=`}\fi \let \hskip \vskip \let \vrule \hrule \let...
l.5321   \end{tabularx}
                       
I expect to see \noalign only after the \cr of
an alignment. Proceed, and I'll ignore this case.

./monthly.tex:5321: Misplaced \noalign.
\hline ->\noalign 
                  {\ifnum 0=`}\fi \let \hskip \vskip \let \vrule \hrule \let...
l.5321   \end{tabularx}
                       
I expect to see \noalign only after the \cr of
an alignment. Proceed, and I'll ignore this case.

./monthly.tex:5321: Misplaced \noalign.
\hline ->\noalign 
                  {\ifnum 0=`}\fi \let \hskip \vskip \let \vrule \hrule \let...
l.5321   \end{tabularx}
                       
I expect to see \noalign only after the \cr of
an alignment. Proceed, and I'll ignore this case.

./monthly.tex:5321: Misplaced \noalign.
\hline ->\noalign 
                  {\ifnum 0=`}\fi \let \hskip \vskip \let \vrule \hrule \let...
l.5321   \end{tabularx}
                       
I expect to see \noalign only after the \cr of
an alignment. Proceed, and I'll ignore this case.

./monthly.tex:5321: Misplaced \noalign.
\hline ->\noalign 
                  {\ifnum 0=`}\fi \let \hskip \vskip \let \vrule \hrule \let...
l.5321   \end{tabularx}
                       
I expect to see \noalign only after the \cr of
an alignment. Proceed, and I'll ignore this case.

./monthly.tex:5321: Misplaced \noalign.
\hline ->\noalign 
                  {\ifnum 0=`}\fi \let \hskip \vskip \let \vrule \hrule \let...
l.5321   \end{tabularx}
                       
I expect to see \noalign only after the \cr of
an alignment. Proceed, and I'll ignore this case.

./monthly.tex:5321: Misplaced \noalign.
\hline ->\noalign 
                  {\ifnum 0=`}\fi \let \hskip \vskip \let \vrule \hrule \let...
l.5321   \end{tabularx}
                       
I expect to see \noalign only after the \cr of
an alignment. Proceed, and I'll ignore this case.

./monthly.tex:5321: Misplaced \noalign.
\hline ->\noalign 
                  {\ifnum 0=`}\fi \let \hskip \vskip \let \vrule \hrule \let...
l.5321   \end{tabularx}
                       
I expect to see \noalign only after the \cr of
an alignment. Proceed, and I'll ignore this case.

./monthly.tex:5321: Misplaced \noalign.
\hline ->\noalign 
                  {\ifnum 0=`}\fi \let \hskip \vskip \let \vrule \hrule \let...
l.5321   \end{tabularx}
                       
I expect to see \noalign only after the \cr of
an alignment. Proceed, and I'll ignore this case.

./monthly.tex:5321: Misplaced \noalign.
\hline ->\noalign 
                  {\ifnum 0=`}\fi \let \hskip \vskip \let \vrule \hrule \let...
l.5321   \end{tabularx}
                       
I expect to see \noalign only after the \cr of
an alignment. Proceed, and I'll ignore this case.

./monthly.tex:5321: Misplaced \noalign.
\hline ->\noalign 
                  {\ifnum 0=`}\fi \let \hskip \vskip \let \vrule \hrule \let...
l.5321   \end{tabularx}
                       
I expect to see \noalign only after the \cr of
an alignment. Proceed, and I'll ignore this case.

./monthly.tex:5321: Misplaced \noalign.
\hline ->\noalign 
                  {\ifnum 0=`}\fi \let \hskip \vskip \let \vrule \hrule \let...
l.5321   \end{tabularx}
                       
I expect to see \noalign only after the \cr of
an alignment. Proceed, and I'll ignore this case.

./monthly.tex:5321: Misplaced \noalign.
\hline ->\noalign 
                  {\ifnum 0=`}\fi \let \hskip \vskip \let \vrule \hrule \let...
l.5321   \end{tabularx}
                       
I expect to see \noalign only after the \cr of
an alignment. Proceed, and I'll ignore this case.

./monthly.tex:5321: Misplaced \noalign.
\hline ->\noalign 
                  {\ifnum 0=`}\fi \let \hskip \vskip \let \vrule \hrule \let...
l.5321   \end{tabularx}
                       
I expect to see \noalign only after the \cr of
an alignment. Proceed, and I'll ignore this case.

./monthly.tex:5321: Misplaced \noalign.
\hline ->\noalign 
                  {\ifnum 0=`}\fi \let \hskip \vskip \let \vrule \hrule \let...
l.5321   \end{tabularx}
                       
I expect to see \noalign only after the \cr of
an alignment. Proceed, and I'll ignore this case.

./monthly.tex:5321: Misplaced \noalign.
\hline ->\noalign 
                  {\ifnum 0=`}\fi \let \hskip \vskip \let \vrule \hrule \let...
l.5321   \end{tabularx}
                       
I expect to see \noalign only after the \cr of
an alignment. Proceed, and I'll ignore this case.

./monthly.tex:5321: Misplaced \noalign.
\hline ->\noalign 
                  {\ifnum 0=`}\fi \let \hskip \vskip \let \vrule \hrule \let...
l.5321   \end{tabularx}
                       
I expect to see \noalign only after the \cr of
an alignment. Proceed, and I'll ignore this case.

./monthly.tex:5321: Misplaced \noalign.
\hline ->\noalign 
                  {\ifnum 0=`}\fi \let \hskip \vskip \let \vrule \hrule \let...
l.5321   \end{tabularx}
                       
I expect to see \noalign only after the \cr of
an alignment. Proceed, and I'll ignore this case.

./monthly.tex:5321: Misplaced \noalign.
\hline ->\noalign 
                  {\ifnum 0=`}\fi \let \hskip \vskip \let \vrule \hrule \let...
l.5321   \end{tabularx}
                       
I expect to see \noalign only after the \cr of
an alignment. Proceed, and I'll ignore this case.

./monthly.tex:5321: Misplaced \noalign.
\hline ->\noalign 
                  {\ifnum 0=`}\fi \let \hskip \vskip \let \vrule \hrule \let...
l.5321   \end{tabularx}
                       
I expect to see \noalign only after the \cr of
an alignment. Proceed, and I'll ignore this case.

./monthly.tex:5321: Misplaced \noalign.
\hline ->\noalign 
                  {\ifnum 0=`}\fi \let \hskip \vskip \let \vrule \hrule \let...
l.5321   \end{tabularx}
                       
I expect to see \noalign only after the \cr of
an alignment. Proceed, and I'll ignore this case.

./monthly.tex:5321: Misplaced \noalign.
\hline ->\noalign 
                  {\ifnum 0=`}\fi \let \hskip \vskip \let \vrule \hrule \let...
l.5321   \end{tabularx}
                       
I expect to see \noalign only after the \cr of
an alignment. Proceed, and I'll ignore this case.

./monthly.tex:5321: Misplaced \noalign.
\hline ->\noalign 
                  {\ifnum 0=`}\fi \let \hskip \vskip \let \vrule \hrule \let...
l.5321   \end{tabularx}
                       
I expect to see \noalign only after the \cr of
an alignment. Proceed, and I'll ignore this case.

./monthly.tex:5321: Misplaced \noalign.
\hline ->\noalign 
                  {\ifnum 0=`}\fi \let \hskip \vskip \let \vrule \hrule \let...
l.5321   \end{tabularx}
                       
I expect to see \noalign only after the \cr of
an alignment. Proceed, and I'll ignore this case.

./monthly.tex:5321: Misplaced \noalign.
\hline ->\noalign 
                  {\ifnum 0=`}\fi \let \hskip \vskip \let \vrule \hrule \let...
l.5321   \end{tabularx}
                       
I expect to see \noalign only after the \cr of
an alignment. Proceed, and I'll ignore this case.

./monthly.tex:5321: Misplaced \noalign.
\hline ->\noalign 
                  {\ifnum 0=`}\fi \let \hskip \vskip \let \vrule \hrule \let...
l.5321   \end{tabularx}
                       
I expect to see \noalign only after the \cr of
an alignment. Proceed, and I'll ignore this case.

./monthly.tex:5321: Misplaced \noalign.
\hline ->\noalign 
                  {\ifnum 0=`}\fi \let \hskip \vskip \let \vrule \hrule \let...
l.5321   \end{tabularx}
                       
I expect to see \noalign only after the \cr of
an alignment. Proceed, and I'll ignore this case.

./monthly.tex:5321: Misplaced \noalign.
\hline ->\noalign 
                  {\ifnum 0=`}\fi \let \hskip \vskip \let \vrule \hrule \let...
l.5321   \end{tabularx}
                       
I expect to see \noalign only after the \cr of
an alignment. Proceed, and I'll ignore this case.

./monthly.tex:5321: Misplaced \noalign.
\hline ->\noalign 
                  {\ifnum 0=`}\fi \let \hskip \vskip \let \vrule \hrule \let...
l.5321   \end{tabularx}
                       
I expect to see \noalign only after the \cr of
an alignment. Proceed, and I'll ignore this case.

./monthly.tex:5321: Misplaced \noalign.
\hline ->\noalign 
                  {\ifnum 0=`}\fi \let \hskip \vskip \let \vrule \hrule \let...
l.5321   \end{tabularx}
                       
I expect to see \noalign only after the \cr of
an alignment. Proceed, and I'll ignore this case.

./monthly.tex:5321: Misplaced \noalign.
\hline ->\noalign 
                  {\ifnum 0=`}\fi \let \hskip \vskip \let \vrule \hrule \let...
l.5321   \end{tabularx}
                       
I expect to see \noalign only after the \cr of
an alignment. Proceed, and I'll ignore this case.

./monthly.tex:5321: Misplaced \noalign.
\hline ->\noalign 
                  {\ifnum 0=`}\fi \let \hskip \vskip \let \vrule \hrule \let...
l.5321   \end{tabularx}
                       
I expect to see \noalign only after the \cr of
an alignment. Proceed, and I'll ignore this case.

./monthly.tex:5321: Misplaced \noalign.
\hline ->\noalign 
                  {\ifnum 0=`}\fi \let \hskip \vskip \let \vrule \hrule \let...
l.5321   \end{tabularx}
                       
I expect to see \noalign only after the \cr of
an alignment. Proceed, and I'll ignore this case.

./monthly.tex:5321: Misplaced \noalign.
\hline ->\noalign 
                  {\ifnum 0=`}\fi \let \hskip \vskip \let \vrule \hrule \let...
l.5321   \end{tabularx}
                       
I expect to see \noalign only after the \cr of
an alignment. Proceed, and I'll ignore this case.

./monthly.tex:5321: Misplaced \noalign.
\hline ->\noalign 
                  {\ifnum 0=`}\fi \let \hskip \vskip \let \vrule \hrule \let...
l.5321   \end{tabularx}
                       
I expect to see \noalign only after the \cr of
an alignment. Proceed, and I'll ignore this case.

./monthly.tex:5321: Misplaced \noalign.
\hline ->\noalign 
                  {\ifnum 0=`}\fi \let \hskip \vskip \let \vrule \hrule \let...
l.5321   \end{tabularx}
                       
I expect to see \noalign only after the \cr of
an alignment. Proceed, and I'll ignore this case.

./monthly.tex:5321: Misplaced \noalign.
\hline ->\noalign 
                  {\ifnum 0=`}\fi \let \hskip \vskip \let \vrule \hrule \let...
l.5321   \end{tabularx}
                       
I expect to see \noalign only after the \cr of
an alignment. Proceed, and I'll ignore this case.

./monthly.tex:5321: Misplaced \noalign.
\hline ->\noalign 
                  {\ifnum 0=`}\fi \let \hskip \vskip \let \vrule \hrule \let...
l.5321   \end{tabularx}
                       
I expect to see \noalign only after the \cr of
an alignment. Proceed, and I'll ignore this case.

./monthly.tex:5321: Misplaced \noalign.
\hline ->\noalign 
                  {\ifnum 0=`}\fi \let \hskip \vskip \let \vrule \hrule \let...
l.5321   \end{tabularx}
                       
I expect to see \noalign only after the \cr of
an alignment. Proceed, and I'll ignore this case.

./monthly.tex:5321: Misplaced \noalign.
\hline ->\noalign 
                  {\ifnum 0=`}\fi \let \hskip \vskip \let \vrule \hrule \let...
l.5321   \end{tabularx}
                       
I expect to see \noalign only after the \cr of
an alignment. Proceed, and I'll ignore this case.

./monthly.tex:5321: Misplaced \noalign.
\hline ->\noalign 
                  {\ifnum 0=`}\fi \let \hskip \vskip \let \vrule \hrule \let...
l.5321   \end{tabularx}
                       
I expect to see \noalign only after the \cr of
an alignment. Proceed, and I'll ignore this case.

./monthly.tex:5321: Misplaced \noalign.
\hline ->\noalign 
                  {\ifnum 0=`}\fi \let \hskip \vskip \let \vrule \hrule \let...
l.5321   \end{tabularx}
                       
I expect to see \noalign only after the \cr of
an alignment. Proceed, and I'll ignore this case.

./monthly.tex:5321: Misplaced \noalign.
\hline ->\noalign 
                  {\ifnum 0=`}\fi \let \hskip \vskip \let \vrule \hrule \let...
l.5321   \end{tabularx}
                       
I expect to see \noalign only after the \cr of
an alignment. Proceed, and I'll ignore this case.

./monthly.tex:5321: Misplaced \noalign.
\hline ->\noalign 
                  {\ifnum 0=`}\fi \let \hskip \vskip \let \vrule \hrule \let...
l.5321   \end{tabularx}
                       
I expect to see \noalign only after the \cr of
an alignment. Proceed, and I'll ignore this case.


Overfull \hbox (284.4004pt too wide) in paragraph at lines 5321--5321
[]|[][][] 
 []

./monthly.tex:5321: Misplaced \noalign.
\hline ->\noalign 
                  {\ifnum 0=`}\fi \let \hskip \vskip \let \vrule \hrule \let...
l.5321   \end{tabularx}
                       
I expect to see \noalign only after the \cr of
an alignment. Proceed, and I'll ignore this case.

./monthly.tex:5321: Misplaced \noalign.
\hline ->\noalign 
                  {\ifnum 0=`}\fi \let \hskip \vskip \let \vrule \hrule \let...
l.5321   \end{tabularx}
                       
I expect to see \noalign only after the \cr of
an alignment. Proceed, and I'll ignore this case.

./monthly.tex:5321: Misplaced \noalign.
\hline ->\noalign 
                  {\ifnum 0=`}\fi \let \hskip \vskip \let \vrule \hrule \let...
l.5321   \end{tabularx}
                       
I expect to see \noalign only after the \cr of
an alignment. Proceed, and I'll ignore this case.

./monthly.tex:5321: Misplaced \noalign.
\hline ->\noalign 
                  {\ifnum 0=`}\fi \let \hskip \vskip \let \vrule \hrule \let...
l.5321   \end{tabularx}
                       
I expect to see \noalign only after the \cr of
an alignment. Proceed, and I'll ignore this case.

./monthly.tex:5321: Misplaced \noalign.
\hline ->\noalign 
                  {\ifnum 0=`}\fi \let \hskip \vskip \let \vrule \hrule \let...
l.5321   \end{tabularx}
                       
I expect to see \noalign only after the \cr of
an alignment. Proceed, and I'll ignore this case.

./monthly.tex:5321: Misplaced \noalign.
\hline ->\noalign 
                  {\ifnum 0=`}\fi \let \hskip \vskip \let \vrule \hrule \let...
l.5321   \end{tabularx}
                       
I expect to see \noalign only after the \cr of
an alignment. Proceed, and I'll ignore this case.

./monthly.tex:5321: Misplaced \noalign.
\hline ->\noalign 
                  {\ifnum 0=`}\fi \let \hskip \vskip \let \vrule \hrule \let...
l.5321   \end{tabularx}
                       
I expect to see \noalign only after the \cr of
an alignment. Proceed, and I'll ignore this case.

./monthly.tex:5321: Misplaced \noalign.
\hline ->\noalign 
                  {\ifnum 0=`}\fi \let \hskip \vskip \let \vrule \hrule \let...
l.5321   \end{tabularx}
                       
I expect to see \noalign only after the \cr of
an alignment. Proceed, and I'll ignore this case.

./monthly.tex:5321: Misplaced \noalign.
\hline ->\noalign 
                  {\ifnum 0=`}\fi \let \hskip \vskip \let \vrule \hrule \let...
l.5321   \end{tabularx}
                       
I expect to see \noalign only after the \cr of
an alignment. Proceed, and I'll ignore this case.

./monthly.tex:5321: Misplaced \noalign.
\hline ->\noalign 
                  {\ifnum 0=`}\fi \let \hskip \vskip \let \vrule \hrule \let...
l.5321   \end{tabularx}
                       
I expect to see \noalign only after the \cr of
an alignment. Proceed, and I'll ignore this case.

./monthly.tex:5321: Misplaced \noalign.
\hline ->\noalign 
                  {\ifnum 0=`}\fi \let \hskip \vskip \let \vrule \hrule \let...
l.5321   \end{tabularx}
                       
I expect to see \noalign only after the \cr of
an alignment. Proceed, and I'll ignore this case.

./monthly.tex:5321: Misplaced \noalign.
\hline ->\noalign 
                  {\ifnum 0=`}\fi \let \hskip \vskip \let \vrule \hrule \let...
l.5321   \end{tabularx}
                       
I expect to see \noalign only after the \cr of
an alignment. Proceed, and I'll ignore this case.

./monthly.tex:5321: Misplaced \noalign.
\hline ->\noalign 
                  {\ifnum 0=`}\fi \let \hskip \vskip \let \vrule \hrule \let...
l.5321   \end{tabularx}
                       
I expect to see \noalign only after the \cr of
an alignment. Proceed, and I'll ignore this case.

./monthly.tex:5321: Misplaced \noalign.
\hline ->\noalign 
                  {\ifnum 0=`}\fi \let \hskip \vskip \let \vrule \hrule \let...
l.5321   \end{tabularx}
                       
I expect to see \noalign only after the \cr of
an alignment. Proceed, and I'll ignore this case.

./monthly.tex:5321: Misplaced \noalign.
\hline ->\noalign 
                  {\ifnum 0=`}\fi \let \hskip \vskip \let \vrule \hrule \let...
l.5321   \end{tabularx}
                       
I expect to see \noalign only after the \cr of
an alignment. Proceed, and I'll ignore this case.


Underfull \hbox (badness 10000) in paragraph at lines 5321--5324

 []

[21]
./monthly.tex:5583: Misplaced \noalign.
\hline ->\noalign 
                  {\ifnum 0=`}\fi \let \hskip \vskip \let \vrule \hrule \let...
l.5583   \end{tabularx}
                       
I expect to see \noalign only after the \cr of
an alignment. Proceed, and I'll ignore this case.

./monthly.tex:5583: Misplaced \noalign.
\hline ->\noalign 
                  {\ifnum 0=`}\fi \let \hskip \vskip \let \vrule \hrule \let...
l.5583   \end{tabularx}
                       
I expect to see \noalign only after the \cr of
an alignment. Proceed, and I'll ignore this case.

./monthly.tex:5583: Misplaced \noalign.
\hline ->\noalign 
                  {\ifnum 0=`}\fi \let \hskip \vskip \let \vrule \hrule \let...
l.5583   \end{tabularx}
                       
I expect to see \noalign only after the \cr of
an alignment. Proceed, and I'll ignore this case.

./monthly.tex:5583: Misplaced \noalign.
\hline ->\noalign 
                  {\ifnum 0=`}\fi \let \hskip \vskip \let \vrule \hrule \let...
l.5583   \end{tabularx}
                       
I expect to see \noalign only after the \cr of
an alignment. Proceed, and I'll ignore this case.

./monthly.tex:5583: Misplaced \noalign.
\hline ->\noalign 
                  {\ifnum 0=`}\fi \let \hskip \vskip \let \vrule \hrule \let...
l.5583   \end{tabularx}
                       
I expect to see \noalign only after the \cr of
an alignment. Proceed, and I'll ignore this case.

./monthly.tex:5583: Misplaced \noalign.
\hline ->\noalign 
                  {\ifnum 0=`}\fi \let \hskip \vskip \let \vrule \hrule \let...
l.5583   \end{tabularx}
                       
I expect to see \noalign only after the \cr of
an alignment. Proceed, and I'll ignore this case.

./monthly.tex:5583: Misplaced \noalign.
\hline ->\noalign 
                  {\ifnum 0=`}\fi \let \hskip \vskip \let \vrule \hrule \let...
l.5583   \end{tabularx}
                       
I expect to see \noalign only after the \cr of
an alignment. Proceed, and I'll ignore this case.

./monthly.tex:5583: Misplaced \noalign.
\hline ->\noalign 
                  {\ifnum 0=`}\fi \let \hskip \vskip \let \vrule \hrule \let...
l.5583   \end{tabularx}
                       
I expect to see \noalign only after the \cr of
an alignment. Proceed, and I'll ignore this case.

./monthly.tex:5583: Misplaced \noalign.
\hline ->\noalign 
                  {\ifnum 0=`}\fi \let \hskip \vskip \let \vrule \hrule \let...
l.5583   \end{tabularx}
                       
I expect to see \noalign only after the \cr of
an alignment. Proceed, and I'll ignore this case.

./monthly.tex:5583: Misplaced \noalign.
\hline ->\noalign 
                  {\ifnum 0=`}\fi \let \hskip \vskip \let \vrule \hrule \let...
l.5583   \end{tabularx}
                       
I expect to see \noalign only after the \cr of
an alignment. Proceed, and I'll ignore this case.

./monthly.tex:5583: Misplaced \noalign.
\hline ->\noalign 
                  {\ifnum 0=`}\fi \let \hskip \vskip \let \vrule \hrule \let...
l.5583   \end{tabularx}
                       
I expect to see \noalign only after the \cr of
an alignment. Proceed, and I'll ignore this case.

./monthly.tex:5583: Misplaced \noalign.
\hline ->\noalign 
                  {\ifnum 0=`}\fi \let \hskip \vskip \let \vrule \hrule \let...
l.5583   \end{tabularx}
                       
I expect to see \noalign only after the \cr of
an alignment. Proceed, and I'll ignore this case.

./monthly.tex:5583: Misplaced \noalign.
\hline ->\noalign 
                  {\ifnum 0=`}\fi \let \hskip \vskip \let \vrule \hrule \let...
l.5583   \end{tabularx}
                       
I expect to see \noalign only after the \cr of
an alignment. Proceed, and I'll ignore this case.

./monthly.tex:5583: Misplaced \noalign.
\hline ->\noalign 
                  {\ifnum 0=`}\fi \let \hskip \vskip \let \vrule \hrule \let...
l.5583   \end{tabularx}
                       
I expect to see \noalign only after the \cr of
an alignment. Proceed, and I'll ignore this case.

./monthly.tex:5583: Misplaced \noalign.
\hline ->\noalign 
                  {\ifnum 0=`}\fi \let \hskip \vskip \let \vrule \hrule \let...
l.5583   \end{tabularx}
                       
I expect to see \noalign only after the \cr of
an alignment. Proceed, and I'll ignore this case.

./monthly.tex:5583: Misplaced \noalign.
\hline ->\noalign 
                  {\ifnum 0=`}\fi \let \hskip \vskip \let \vrule \hrule \let...
l.5583   \end{tabularx}
                       
I expect to see \noalign only after the \cr of
an alignment. Proceed, and I'll ignore this case.

./monthly.tex:5583: Misplaced \noalign.
\hline ->\noalign 
                  {\ifnum 0=`}\fi \let \hskip \vskip \let \vrule \hrule \let...
l.5583   \end{tabularx}
                       
I expect to see \noalign only after the \cr of
an alignment. Proceed, and I'll ignore this case.

./monthly.tex:5583: Misplaced \noalign.
\hline ->\noalign 
                  {\ifnum 0=`}\fi \let \hskip \vskip \let \vrule \hrule \let...
l.5583   \end{tabularx}
                       
I expect to see \noalign only after the \cr of
an alignment. Proceed, and I'll ignore this case.

./monthly.tex:5583: Misplaced \noalign.
\hline ->\noalign 
                  {\ifnum 0=`}\fi \let \hskip \vskip \let \vrule \hrule \let...
l.5583   \end{tabularx}
                       
I expect to see \noalign only after the \cr of
an alignment. Proceed, and I'll ignore this case.

./monthly.tex:5583: Misplaced \noalign.
\hline ->\noalign 
                  {\ifnum 0=`}\fi \let \hskip \vskip \let \vrule \hrule \let...
l.5583   \end{tabularx}
                       
I expect to see \noalign only after the \cr of
an alignment. Proceed, and I'll ignore this case.

./monthly.tex:5583: Misplaced \noalign.
\hline ->\noalign 
                  {\ifnum 0=`}\fi \let \hskip \vskip \let \vrule \hrule \let...
l.5583   \end{tabularx}
                       
I expect to see \noalign only after the \cr of
an alignment. Proceed, and I'll ignore this case.

./monthly.tex:5583: Misplaced \noalign.
\hline ->\noalign 
                  {\ifnum 0=`}\fi \let \hskip \vskip \let \vrule \hrule \let...
l.5583   \end{tabularx}
                       
I expect to see \noalign only after the \cr of
an alignment. Proceed, and I'll ignore this case.

./monthly.tex:5583: Misplaced \noalign.
\hline ->\noalign 
                  {\ifnum 0=`}\fi \let \hskip \vskip \let \vrule \hrule \let...
l.5583   \end{tabularx}
                       
I expect to see \noalign only after the \cr of
an alignment. Proceed, and I'll ignore this case.

./monthly.tex:5583: Misplaced \noalign.
\hline ->\noalign 
                  {\ifnum 0=`}\fi \let \hskip \vskip \let \vrule \hrule \let...
l.5583   \end{tabularx}
                       
I expect to see \noalign only after the \cr of
an alignment. Proceed, and I'll ignore this case.

./monthly.tex:5583: Misplaced \noalign.
\hline ->\noalign 
                  {\ifnum 0=`}\fi \let \hskip \vskip \let \vrule \hrule \let...
l.5583   \end{tabularx}
                       
I expect to see \noalign only after the \cr of
an alignment. Proceed, and I'll ignore this case.

./monthly.tex:5583: Misplaced \noalign.
\hline ->\noalign 
                  {\ifnum 0=`}\fi \let \hskip \vskip \let \vrule \hrule \let...
l.5583   \end{tabularx}
                       
I expect to see \noalign only after the \cr of
an alignment. Proceed, and I'll ignore this case.

./monthly.tex:5583: Misplaced \noalign.
\hline ->\noalign 
                  {\ifnum 0=`}\fi \let \hskip \vskip \let \vrule \hrule \let...
l.5583   \end{tabularx}
                       
I expect to see \noalign only after the \cr of
an alignment. Proceed, and I'll ignore this case.

./monthly.tex:5583: Misplaced \noalign.
\hline ->\noalign 
                  {\ifnum 0=`}\fi \let \hskip \vskip \let \vrule \hrule \let...
l.5583   \end{tabularx}
                       
I expect to see \noalign only after the \cr of
an alignment. Proceed, and I'll ignore this case.

./monthly.tex:5583: Misplaced \noalign.
\hline ->\noalign 
                  {\ifnum 0=`}\fi \let \hskip \vskip \let \vrule \hrule \let...
l.5583   \end{tabularx}
                       
I expect to see \noalign only after the \cr of
an alignment. Proceed, and I'll ignore this case.

./monthly.tex:5583: Misplaced \noalign.
\hline ->\noalign 
                  {\ifnum 0=`}\fi \let \hskip \vskip \let \vrule \hrule \let...
l.5583   \end{tabularx}
                       
I expect to see \noalign only after the \cr of
an alignment. Proceed, and I'll ignore this case.

./monthly.tex:5583: Misplaced \noalign.
\hline ->\noalign 
                  {\ifnum 0=`}\fi \let \hskip \vskip \let \vrule \hrule \let...
l.5583   \end{tabularx}
                       
I expect to see \noalign only after the \cr of
an alignment. Proceed, and I'll ignore this case.

./monthly.tex:5583: Misplaced \noalign.
\hline ->\noalign 
                  {\ifnum 0=`}\fi \let \hskip \vskip \let \vrule \hrule \let...
l.5583   \end{tabularx}
                       
I expect to see \noalign only after the \cr of
an alignment. Proceed, and I'll ignore this case.

./monthly.tex:5583: Misplaced \noalign.
\hline ->\noalign 
                  {\ifnum 0=`}\fi \let \hskip \vskip \let \vrule \hrule \let...
l.5583   \end{tabularx}
                       
I expect to see \noalign only after the \cr of
an alignment. Proceed, and I'll ignore this case.

./monthly.tex:5583: Misplaced \noalign.
\hline ->\noalign 
                  {\ifnum 0=`}\fi \let \hskip \vskip \let \vrule \hrule \let...
l.5583   \end{tabularx}
                       
I expect to see \noalign only after the \cr of
an alignment. Proceed, and I'll ignore this case.

./monthly.tex:5583: Misplaced \noalign.
\hline ->\noalign 
                  {\ifnum 0=`}\fi \let \hskip \vskip \let \vrule \hrule \let...
l.5583   \end{tabularx}
                       
I expect to see \noalign only after the \cr of
an alignment. Proceed, and I'll ignore this case.

./monthly.tex:5583: Misplaced \noalign.
\hline ->\noalign 
                  {\ifnum 0=`}\fi \let \hskip \vskip \let \vrule \hrule \let...
l.5583   \end{tabularx}
                       
I expect to see \noalign only after the \cr of
an alignment. Proceed, and I'll ignore this case.

./monthly.tex:5583: Misplaced \noalign.
\hline ->\noalign 
                  {\ifnum 0=`}\fi \let \hskip \vskip \let \vrule \hrule \let...
l.5583   \end{tabularx}
                       
I expect to see \noalign only after the \cr of
an alignment. Proceed, and I'll ignore this case.

./monthly.tex:5583: Misplaced \noalign.
\hline ->\noalign 
                  {\ifnum 0=`}\fi \let \hskip \vskip \let \vrule \hrule \let...
l.5583   \end{tabularx}
                       
I expect to see \noalign only after the \cr of
an alignment. Proceed, and I'll ignore this case.

./monthly.tex:5583: Misplaced \noalign.
\hline ->\noalign 
                  {\ifnum 0=`}\fi \let \hskip \vskip \let \vrule \hrule \let...
l.5583   \end{tabularx}
                       
I expect to see \noalign only after the \cr of
an alignment. Proceed, and I'll ignore this case.

./monthly.tex:5583: Misplaced \noalign.
\hline ->\noalign 
                  {\ifnum 0=`}\fi \let \hskip \vskip \let \vrule \hrule \let...
l.5583   \end{tabularx}
                       
I expect to see \noalign only after the \cr of
an alignment. Proceed, and I'll ignore this case.

./monthly.tex:5583: Misplaced \noalign.
\hline ->\noalign 
                  {\ifnum 0=`}\fi \let \hskip \vskip \let \vrule \hrule \let...
l.5583   \end{tabularx}
                       
I expect to see \noalign only after the \cr of
an alignment. Proceed, and I'll ignore this case.

./monthly.tex:5583: Misplaced \noalign.
\hline ->\noalign 
                  {\ifnum 0=`}\fi \let \hskip \vskip \let \vrule \hrule \let...
l.5583   \end{tabularx}
                       
I expect to see \noalign only after the \cr of
an alignment. Proceed, and I'll ignore this case.

./monthly.tex:5583: Misplaced \noalign.
\hline ->\noalign 
                  {\ifnum 0=`}\fi \let \hskip \vskip \let \vrule \hrule \let...
l.5583   \end{tabularx}
                       
I expect to see \noalign only after the \cr of
an alignment. Proceed, and I'll ignore this case.

./monthly.tex:5583: Misplaced \noalign.
\hline ->\noalign 
                  {\ifnum 0=`}\fi \let \hskip \vskip \let \vrule \hrule \let...
l.5583   \end{tabularx}
                       
I expect to see \noalign only after the \cr of
an alignment. Proceed, and I'll ignore this case.

./monthly.tex:5583: Misplaced \noalign.
\hline ->\noalign 
                  {\ifnum 0=`}\fi \let \hskip \vskip \let \vrule \hrule \let...
l.5583   \end{tabularx}
                       
I expect to see \noalign only after the \cr of
an alignment. Proceed, and I'll ignore this case.

./monthly.tex:5583: Misplaced \noalign.
\hline ->\noalign 
                  {\ifnum 0=`}\fi \let \hskip \vskip \let \vrule \hrule \let...
l.5583   \end{tabularx}
                       
I expect to see \noalign only after the \cr of
an alignment. Proceed, and I'll ignore this case.

./monthly.tex:5583: Misplaced \noalign.
\hline ->\noalign 
                  {\ifnum 0=`}\fi \let \hskip \vskip \let \vrule \hrule \let...
l.5583   \end{tabularx}
                       
I expect to see \noalign only after the \cr of
an alignment. Proceed, and I'll ignore this case.

./monthly.tex:5583: Misplaced \noalign.
\hline ->\noalign 
                  {\ifnum 0=`}\fi \let \hskip \vskip \let \vrule \hrule \let...
l.5583   \end{tabularx}
                       
I expect to see \noalign only after the \cr of
an alignment. Proceed, and I'll ignore this case.

./monthly.tex:5583: Misplaced \noalign.
\hline ->\noalign 
                  {\ifnum 0=`}\fi \let \hskip \vskip \let \vrule \hrule \let...
l.5583   \end{tabularx}
                       
I expect to see \noalign only after the \cr of
an alignment. Proceed, and I'll ignore this case.

./monthly.tex:5583: Misplaced \noalign.
\hline ->\noalign 
                  {\ifnum 0=`}\fi \let \hskip \vskip \let \vrule \hrule \let...
l.5583   \end{tabularx}
                       
I expect to see \noalign only after the \cr of
an alignment. Proceed, and I'll ignore this case.

./monthly.tex:5583: Misplaced \noalign.
\hline ->\noalign 
                  {\ifnum 0=`}\fi \let \hskip \vskip \let \vrule \hrule \let...
l.5583   \end{tabularx}
                       
I expect to see \noalign only after the \cr of
an alignment. Proceed, and I'll ignore this case.

./monthly.tex:5583: Misplaced \noalign.
\hline ->\noalign 
                  {\ifnum 0=`}\fi \let \hskip \vskip \let \vrule \hrule \let...
l.5583   \end{tabularx}
                       
I expect to see \noalign only after the \cr of
an alignment. Proceed, and I'll ignore this case.

./monthly.tex:5583: Misplaced \noalign.
\hline ->\noalign 
                  {\ifnum 0=`}\fi \let \hskip \vskip \let \vrule \hrule \let...
l.5583   \end{tabularx}
                       
I expect to see \noalign only after the \cr of
an alignment. Proceed, and I'll ignore this case.

./monthly.tex:5583: Misplaced \noalign.
\hline ->\noalign 
                  {\ifnum 0=`}\fi \let \hskip \vskip \let \vrule \hrule \let...
l.5583   \end{tabularx}
                       
I expect to see \noalign only after the \cr of
an alignment. Proceed, and I'll ignore this case.

./monthly.tex:5583: Misplaced \noalign.
\hline ->\noalign 
                  {\ifnum 0=`}\fi \let \hskip \vskip \let \vrule \hrule \let...
l.5583   \end{tabularx}
                       
I expect to see \noalign only after the \cr of
an alignment. Proceed, and I'll ignore this case.

./monthly.tex:5583: Misplaced \noalign.
\hline ->\noalign 
                  {\ifnum 0=`}\fi \let \hskip \vskip \let \vrule \hrule \let...
l.5583   \end{tabularx}
                       
I expect to see \noalign only after the \cr of
an alignment. Proceed, and I'll ignore this case.

./monthly.tex:5583: Misplaced \noalign.
\hline ->\noalign 
                  {\ifnum 0=`}\fi \let \hskip \vskip \let \vrule \hrule \let...
l.5583   \end{tabularx}
                       
I expect to see \noalign only after the \cr of
an alignment. Proceed, and I'll ignore this case.

./monthly.tex:5583: Misplaced \noalign.
\hline ->\noalign 
                  {\ifnum 0=`}\fi \let \hskip \vskip \let \vrule \hrule \let...
l.5583   \end{tabularx}
                       
I expect to see \noalign only after the \cr of
an alignment. Proceed, and I'll ignore this case.

./monthly.tex:5583: Misplaced \noalign.
\hline ->\noalign 
                  {\ifnum 0=`}\fi \let \hskip \vskip \let \vrule \hrule \let...
l.5583   \end{tabularx}
                       
I expect to see \noalign only after the \cr of
an alignment. Proceed, and I'll ignore this case.

./monthly.tex:5583: Misplaced \noalign.
\hline ->\noalign 
                  {\ifnum 0=`}\fi \let \hskip \vskip \let \vrule \hrule \let...
l.5583   \end{tabularx}
                       
I expect to see \noalign only after the \cr of
an alignment. Proceed, and I'll ignore this case.

./monthly.tex:5583: Misplaced \noalign.
\hline ->\noalign 
                  {\ifnum 0=`}\fi \let \hskip \vskip \let \vrule \hrule \let...
l.5583   \end{tabularx}
                       
I expect to see \noalign only after the \cr of
an alignment. Proceed, and I'll ignore this case.


Overfull \hbox (170.64024pt too wide) in paragraph at lines 5583--5583
[]|[][][] 
 []

./monthly.tex:5583: Misplaced \noalign.
\hline ->\noalign 
                  {\ifnum 0=`}\fi \let \hskip \vskip \let \vrule \hrule \let...
l.5583   \end{tabularx}
                       
I expect to see \noalign only after the \cr of
an alignment. Proceed, and I'll ignore this case.

./monthly.tex:5583: Misplaced \noalign.
\hline ->\noalign 
                  {\ifnum 0=`}\fi \let \hskip \vskip \let \vrule \hrule \let...
l.5583   \end{tabularx}
                       
I expect to see \noalign only after the \cr of
an alignment. Proceed, and I'll ignore this case.

./monthly.tex:5583: Misplaced \noalign.
\hline ->\noalign 
                  {\ifnum 0=`}\fi \let \hskip \vskip \let \vrule \hrule \let...
l.5583   \end{tabularx}
                       
I expect to see \noalign only after the \cr of
an alignment. Proceed, and I'll ignore this case.

./monthly.tex:5583: Misplaced \noalign.
\hline ->\noalign 
                  {\ifnum 0=`}\fi \let \hskip \vskip \let \vrule \hrule \let...
l.5583   \end{tabularx}
                       
I expect to see \noalign only after the \cr of
an alignment. Proceed, and I'll ignore this case.

./monthly.tex:5583: Misplaced \noalign.
\hline ->\noalign 
                  {\ifnum 0=`}\fi \let \hskip \vskip \let \vrule \hrule \let...
l.5583   \end{tabularx}
                       
I expect to see \noalign only after the \cr of
an alignment. Proceed, and I'll ignore this case.

./monthly.tex:5583: Misplaced \noalign.
\hline ->\noalign 
                  {\ifnum 0=`}\fi \let \hskip \vskip \let \vrule \hrule \let...
l.5583   \end{tabularx}
                       
I expect to see \noalign only after the \cr of
an alignment. Proceed, and I'll ignore this case.

./monthly.tex:5583: Misplaced \noalign.
\hline ->\noalign 
                  {\ifnum 0=`}\fi \let \hskip \vskip \let \vrule \hrule \let...
l.5583   \end{tabularx}
                       
I expect to see \noalign only after the \cr of
an alignment. Proceed, and I'll ignore this case.

./monthly.tex:5583: Misplaced \noalign.
\hline ->\noalign 
                  {\ifnum 0=`}\fi \let \hskip \vskip \let \vrule \hrule \let...
l.5583   \end{tabularx}
                       
I expect to see \noalign only after the \cr of
an alignment. Proceed, and I'll ignore this case.

./monthly.tex:5583: Misplaced \noalign.
\hline ->\noalign 
                  {\ifnum 0=`}\fi \let \hskip \vskip \let \vrule \hrule \let...
l.5583   \end{tabularx}
                       
I expect to see \noalign only after the \cr of
an alignment. Proceed, and I'll ignore this case.

./monthly.tex:5583: Misplaced \noalign.
\hline ->\noalign 
                  {\ifnum 0=`}\fi \let \hskip \vskip \let \vrule \hrule \let...
l.5583   \end{tabularx}
                       
I expect to see \noalign only after the \cr of
an alignment. Proceed, and I'll ignore this case.

./monthly.tex:5583: Misplaced \noalign.
\hline ->\noalign 
                  {\ifnum 0=`}\fi \let \hskip \vskip \let \vrule \hrule \let...
l.5583   \end{tabularx}
                       
I expect to see \noalign only after the \cr of
an alignment. Proceed, and I'll ignore this case.

./monthly.tex:5583: Misplaced \noalign.
\hline ->\noalign 
                  {\ifnum 0=`}\fi \let \hskip \vskip \let \vrule \hrule \let...
l.5583   \end{tabularx}
                       
I expect to see \noalign only after the \cr of
an alignment. Proceed, and I'll ignore this case.

./monthly.tex:5583: Misplaced \noalign.
\hline ->\noalign 
                  {\ifnum 0=`}\fi \let \hskip \vskip \let \vrule \hrule \let...
l.5583   \end{tabularx}
                       
I expect to see \noalign only after the \cr of
an alignment. Proceed, and I'll ignore this case.

./monthly.tex:5583: Misplaced \noalign.
\hline ->\noalign 
                  {\ifnum 0=`}\fi \let \hskip \vskip \let \vrule \hrule \let...
l.5583   \end{tabularx}
                       
I expect to see \noalign only after the \cr of
an alignment. Proceed, and I'll ignore this case.

./monthly.tex:5583: Misplaced \noalign.
\hline ->\noalign 
                  {\ifnum 0=`}\fi \let \hskip \vskip \let \vrule \hrule \let...
l.5583   \end{tabularx}
                       
I expect to see \noalign only after the \cr of
an alignment. Proceed, and I'll ignore this case.


Overfull \hbox (113.76016pt too wide) in paragraph at lines 5583--5583
[]|[][][] 
 []

./monthly.tex:5583: Misplaced \noalign.
\hline ->\noalign 
                  {\ifnum 0=`}\fi \let \hskip \vskip \let \vrule \hrule \let...
l.5583   \end{tabularx}
                       
I expect to see \noalign only after the \cr of
an alignment. Proceed, and I'll ignore this case.

./monthly.tex:5583: Misplaced \noalign.
\hline ->\noalign 
                  {\ifnum 0=`}\fi \let \hskip \vskip \let \vrule \hrule \let...
l.5583   \end{tabularx}
                       
I expect to see \noalign only after the \cr of
an alignment. Proceed, and I'll ignore this case.

./monthly.tex:5583: Misplaced \noalign.
\hline ->\noalign 
                  {\ifnum 0=`}\fi \let \hskip \vskip \let \vrule \hrule \let...
l.5583   \end{tabularx}
                       
I expect to see \noalign only after the \cr of
an alignment. Proceed, and I'll ignore this case.

./monthly.tex:5583: Misplaced \noalign.
\hline ->\noalign 
                  {\ifnum 0=`}\fi \let \hskip \vskip \let \vrule \hrule \let...
l.5583   \end{tabularx}
                       
I expect to see \noalign only after the \cr of
an alignment. Proceed, and I'll ignore this case.

./monthly.tex:5583: Misplaced \noalign.
\hline ->\noalign 
                  {\ifnum 0=`}\fi \let \hskip \vskip \let \vrule \hrule \let...
l.5583   \end{tabularx}
                       
I expect to see \noalign only after the \cr of
an alignment. Proceed, and I'll ignore this case.

./monthly.tex:5583: Misplaced \noalign.
\hline ->\noalign 
                  {\ifnum 0=`}\fi \let \hskip \vskip \let \vrule \hrule \let...
l.5583   \end{tabularx}
                       
I expect to see \noalign only after the \cr of
an alignment. Proceed, and I'll ignore this case.

./monthly.tex:5583: Misplaced \noalign.
\hline ->\noalign 
                  {\ifnum 0=`}\fi \let \hskip \vskip \let \vrule \hrule \let...
l.5583   \end{tabularx}
                       
I expect to see \noalign only after the \cr of
an alignment. Proceed, and I'll ignore this case.

./monthly.tex:5583: Misplaced \noalign.
\hline ->\noalign 
                  {\ifnum 0=`}\fi \let \hskip \vskip \let \vrule \hrule \let...
l.5583   \end{tabularx}
                       
I expect to see \noalign only after the \cr of
an alignment. Proceed, and I'll ignore this case.

./monthly.tex:5583: Misplaced \noalign.
\hline ->\noalign 
                  {\ifnum 0=`}\fi \let \hskip \vskip \let \vrule \hrule \let...
l.5583   \end{tabularx}
                       
I expect to see \noalign only after the \cr of
an alignment. Proceed, and I'll ignore this case.

./monthly.tex:5583: Misplaced \noalign.
\hline ->\noalign 
                  {\ifnum 0=`}\fi \let \hskip \vskip \let \vrule \hrule \let...
l.5583   \end{tabularx}
                       
I expect to see \noalign only after the \cr of
an alignment. Proceed, and I'll ignore this case.

./monthly.tex:5583: Misplaced \noalign.
\hline ->\noalign 
                  {\ifnum 0=`}\fi \let \hskip \vskip \let \vrule \hrule \let...
l.5583   \end{tabularx}
                       
I expect to see \noalign only after the \cr of
an alignment. Proceed, and I'll ignore this case.

./monthly.tex:5583: Misplaced \noalign.
\hline ->\noalign 
                  {\ifnum 0=`}\fi \let \hskip \vskip \let \vrule \hrule \let...
l.5583   \end{tabularx}
                       
I expect to see \noalign only after the \cr of
an alignment. Proceed, and I'll ignore this case.

./monthly.tex:5583: Misplaced \noalign.
\hline ->\noalign 
                  {\ifnum 0=`}\fi \let \hskip \vskip \let \vrule \hrule \let...
l.5583   \end{tabularx}
                       
I expect to see \noalign only after the \cr of
an alignment. Proceed, and I'll ignore this case.

./monthly.tex:5583: Misplaced \noalign.
\hline ->\noalign 
                  {\ifnum 0=`}\fi \let \hskip \vskip \let \vrule \hrule \let...
l.5583   \end{tabularx}
                       
I expect to see \noalign only after the \cr of
an alignment. Proceed, and I'll ignore this case.


Underfull \hbox (badness 10000) in paragraph at lines 5583--5586

 []

[22]
./monthly.tex:5882: Misplaced \noalign.
\hline ->\noalign 
                  {\ifnum 0=`}\fi \let \hskip \vskip \let \vrule \hrule \let...
l.5882   \end{tabularx}
                       
I expect to see \noalign only after the \cr of
an alignment. Proceed, and I'll ignore this case.

./monthly.tex:5882: Misplaced \noalign.
\hline ->\noalign 
                  {\ifnum 0=`}\fi \let \hskip \vskip \let \vrule \hrule \let...
l.5882   \end{tabularx}
                       
I expect to see \noalign only after the \cr of
an alignment. Proceed, and I'll ignore this case.

./monthly.tex:5882: Misplaced \noalign.
\hline ->\noalign 
                  {\ifnum 0=`}\fi \let \hskip \vskip \let \vrule \hrule \let...
l.5882   \end{tabularx}
                       
I expect to see \noalign only after the \cr of
an alignment. Proceed, and I'll ignore this case.

./monthly.tex:5882: Misplaced \noalign.
\hline ->\noalign 
                  {\ifnum 0=`}\fi \let \hskip \vskip \let \vrule \hrule \let...
l.5882   \end{tabularx}
                       
I expect to see \noalign only after the \cr of
an alignment. Proceed, and I'll ignore this case.

./monthly.tex:5882: Misplaced \noalign.
\hline ->\noalign 
                  {\ifnum 0=`}\fi \let \hskip \vskip \let \vrule \hrule \let...
l.5882   \end{tabularx}
                       
I expect to see \noalign only after the \cr of
an alignment. Proceed, and I'll ignore this case.

./monthly.tex:5882: Misplaced \noalign.
\hline ->\noalign 
                  {\ifnum 0=`}\fi \let \hskip \vskip \let \vrule \hrule \let...
l.5882   \end{tabularx}
                       
I expect to see \noalign only after the \cr of
an alignment. Proceed, and I'll ignore this case.

./monthly.tex:5882: Misplaced \noalign.
\hline ->\noalign 
                  {\ifnum 0=`}\fi \let \hskip \vskip \let \vrule \hrule \let...
l.5882   \end{tabularx}
                       
I expect to see \noalign only after the \cr of
an alignment. Proceed, and I'll ignore this case.

./monthly.tex:5882: Misplaced \noalign.
\hline ->\noalign 
                  {\ifnum 0=`}\fi \let \hskip \vskip \let \vrule \hrule \let...
l.5882   \end{tabularx}
                       
I expect to see \noalign only after the \cr of
an alignment. Proceed, and I'll ignore this case.

./monthly.tex:5882: Misplaced \noalign.
\hline ->\noalign 
                  {\ifnum 0=`}\fi \let \hskip \vskip \let \vrule \hrule \let...
l.5882   \end{tabularx}
                       
I expect to see \noalign only after the \cr of
an alignment. Proceed, and I'll ignore this case.

./monthly.tex:5882: Misplaced \noalign.
\hline ->\noalign 
                  {\ifnum 0=`}\fi \let \hskip \vskip \let \vrule \hrule \let...
l.5882   \end{tabularx}
                       
I expect to see \noalign only after the \cr of
an alignment. Proceed, and I'll ignore this case.

./monthly.tex:5882: Misplaced \noalign.
\hline ->\noalign 
                  {\ifnum 0=`}\fi \let \hskip \vskip \let \vrule \hrule \let...
l.5882   \end{tabularx}
                       
I expect to see \noalign only after the \cr of
an alignment. Proceed, and I'll ignore this case.

./monthly.tex:5882: Misplaced \noalign.
\hline ->\noalign 
                  {\ifnum 0=`}\fi \let \hskip \vskip \let \vrule \hrule \let...
l.5882   \end{tabularx}
                       
I expect to see \noalign only after the \cr of
an alignment. Proceed, and I'll ignore this case.

./monthly.tex:5882: Misplaced \noalign.
\hline ->\noalign 
                  {\ifnum 0=`}\fi \let \hskip \vskip \let \vrule \hrule \let...
l.5882   \end{tabularx}
                       
I expect to see \noalign only after the \cr of
an alignment. Proceed, and I'll ignore this case.

./monthly.tex:5882: Misplaced \noalign.
\hline ->\noalign 
                  {\ifnum 0=`}\fi \let \hskip \vskip \let \vrule \hrule \let...
l.5882   \end{tabularx}
                       
I expect to see \noalign only after the \cr of
an alignment. Proceed, and I'll ignore this case.

./monthly.tex:5882: Misplaced \noalign.
\hline ->\noalign 
                  {\ifnum 0=`}\fi \let \hskip \vskip \let \vrule \hrule \let...
l.5882   \end{tabularx}
                       
I expect to see \noalign only after the \cr of
an alignment. Proceed, and I'll ignore this case.

./monthly.tex:5882: Misplaced \noalign.
\hline ->\noalign 
                  {\ifnum 0=`}\fi \let \hskip \vskip \let \vrule \hrule \let...
l.5882   \end{tabularx}
                       
I expect to see \noalign only after the \cr of
an alignment. Proceed, and I'll ignore this case.

./monthly.tex:5882: Misplaced \noalign.
\hline ->\noalign 
                  {\ifnum 0=`}\fi \let \hskip \vskip \let \vrule \hrule \let...
l.5882   \end{tabularx}
                       
I expect to see \noalign only after the \cr of
an alignment. Proceed, and I'll ignore this case.

./monthly.tex:5882: Misplaced \noalign.
\hline ->\noalign 
                  {\ifnum 0=`}\fi \let \hskip \vskip \let \vrule \hrule \let...
l.5882   \end{tabularx}
                       
I expect to see \noalign only after the \cr of
an alignment. Proceed, and I'll ignore this case.

./monthly.tex:5882: Misplaced \noalign.
\hline ->\noalign 
                  {\ifnum 0=`}\fi \let \hskip \vskip \let \vrule \hrule \let...
l.5882   \end{tabularx}
                       
I expect to see \noalign only after the \cr of
an alignment. Proceed, and I'll ignore this case.

./monthly.tex:5882: Misplaced \noalign.
\hline ->\noalign 
                  {\ifnum 0=`}\fi \let \hskip \vskip \let \vrule \hrule \let...
l.5882   \end{tabularx}
                       
I expect to see \noalign only after the \cr of
an alignment. Proceed, and I'll ignore this case.

./monthly.tex:5882: Misplaced \noalign.
\hline ->\noalign 
                  {\ifnum 0=`}\fi \let \hskip \vskip \let \vrule \hrule \let...
l.5882   \end{tabularx}
                       
I expect to see \noalign only after the \cr of
an alignment. Proceed, and I'll ignore this case.

./monthly.tex:5882: Misplaced \noalign.
\hline ->\noalign 
                  {\ifnum 0=`}\fi \let \hskip \vskip \let \vrule \hrule \let...
l.5882   \end{tabularx}
                       
I expect to see \noalign only after the \cr of
an alignment. Proceed, and I'll ignore this case.

./monthly.tex:5882: Misplaced \noalign.
\hline ->\noalign 
                  {\ifnum 0=`}\fi \let \hskip \vskip \let \vrule \hrule \let...
l.5882   \end{tabularx}
                       
I expect to see \noalign only after the \cr of
an alignment. Proceed, and I'll ignore this case.

./monthly.tex:5882: Misplaced \noalign.
\hline ->\noalign 
                  {\ifnum 0=`}\fi \let \hskip \vskip \let \vrule \hrule \let...
l.5882   \end{tabularx}
                       
I expect to see \noalign only after the \cr of
an alignment. Proceed, and I'll ignore this case.

./monthly.tex:5882: Misplaced \noalign.
\hline ->\noalign 
                  {\ifnum 0=`}\fi \let \hskip \vskip \let \vrule \hrule \let...
l.5882   \end{tabularx}
                       
I expect to see \noalign only after the \cr of
an alignment. Proceed, and I'll ignore this case.

./monthly.tex:5882: Misplaced \noalign.
\hline ->\noalign 
                  {\ifnum 0=`}\fi \let \hskip \vskip \let \vrule \hrule \let...
l.5882   \end{tabularx}
                       
I expect to see \noalign only after the \cr of
an alignment. Proceed, and I'll ignore this case.

./monthly.tex:5882: Misplaced \noalign.
\hline ->\noalign 
                  {\ifnum 0=`}\fi \let \hskip \vskip \let \vrule \hrule \let...
l.5882   \end{tabularx}
                       
I expect to see \noalign only after the \cr of
an alignment. Proceed, and I'll ignore this case.

./monthly.tex:5882: Misplaced \noalign.
\hline ->\noalign 
                  {\ifnum 0=`}\fi \let \hskip \vskip \let \vrule \hrule \let...
l.5882   \end{tabularx}
                       
I expect to see \noalign only after the \cr of
an alignment. Proceed, and I'll ignore this case.

./monthly.tex:5882: Misplaced \noalign.
\hline ->\noalign 
                  {\ifnum 0=`}\fi \let \hskip \vskip \let \vrule \hrule \let...
l.5882   \end{tabularx}
                       
I expect to see \noalign only after the \cr of
an alignment. Proceed, and I'll ignore this case.

./monthly.tex:5882: Misplaced \noalign.
\hline ->\noalign 
                  {\ifnum 0=`}\fi \let \hskip \vskip \let \vrule \hrule \let...
l.5882   \end{tabularx}
                       
I expect to see \noalign only after the \cr of
an alignment. Proceed, and I'll ignore this case.

./monthly.tex:5882: Misplaced \noalign.
\hline ->\noalign 
                  {\ifnum 0=`}\fi \let \hskip \vskip \let \vrule \hrule \let...
l.5882   \end{tabularx}
                       
I expect to see \noalign only after the \cr of
an alignment. Proceed, and I'll ignore this case.

./monthly.tex:5882: Misplaced \noalign.
\hline ->\noalign 
                  {\ifnum 0=`}\fi \let \hskip \vskip \let \vrule \hrule \let...
l.5882   \end{tabularx}
                       
I expect to see \noalign only after the \cr of
an alignment. Proceed, and I'll ignore this case.

./monthly.tex:5882: Misplaced \noalign.
\hline ->\noalign 
                  {\ifnum 0=`}\fi \let \hskip \vskip \let \vrule \hrule \let...
l.5882   \end{tabularx}
                       
I expect to see \noalign only after the \cr of
an alignment. Proceed, and I'll ignore this case.

./monthly.tex:5882: Misplaced \noalign.
\hline ->\noalign 
                  {\ifnum 0=`}\fi \let \hskip \vskip \let \vrule \hrule \let...
l.5882   \end{tabularx}
                       
I expect to see \noalign only after the \cr of
an alignment. Proceed, and I'll ignore this case.

./monthly.tex:5882: Misplaced \noalign.
\hline ->\noalign 
                  {\ifnum 0=`}\fi \let \hskip \vskip \let \vrule \hrule \let...
l.5882   \end{tabularx}
                       
I expect to see \noalign only after the \cr of
an alignment. Proceed, and I'll ignore this case.

./monthly.tex:5882: Misplaced \noalign.
\hline ->\noalign 
                  {\ifnum 0=`}\fi \let \hskip \vskip \let \vrule \hrule \let...
l.5882   \end{tabularx}
                       
I expect to see \noalign only after the \cr of
an alignment. Proceed, and I'll ignore this case.

./monthly.tex:5882: Misplaced \noalign.
\hline ->\noalign 
                  {\ifnum 0=`}\fi \let \hskip \vskip \let \vrule \hrule \let...
l.5882   \end{tabularx}
                       
I expect to see \noalign only after the \cr of
an alignment. Proceed, and I'll ignore this case.

./monthly.tex:5882: Misplaced \noalign.
\hline ->\noalign 
                  {\ifnum 0=`}\fi \let \hskip \vskip \let \vrule \hrule \let...
l.5882   \end{tabularx}
                       
I expect to see \noalign only after the \cr of
an alignment. Proceed, and I'll ignore this case.

./monthly.tex:5882: Misplaced \noalign.
\hline ->\noalign 
                  {\ifnum 0=`}\fi \let \hskip \vskip \let \vrule \hrule \let...
l.5882   \end{tabularx}
                       
I expect to see \noalign only after the \cr of
an alignment. Proceed, and I'll ignore this case.

./monthly.tex:5882: Misplaced \noalign.
\hline ->\noalign 
                  {\ifnum 0=`}\fi \let \hskip \vskip \let \vrule \hrule \let...
l.5882   \end{tabularx}
                       
I expect to see \noalign only after the \cr of
an alignment. Proceed, and I'll ignore this case.

./monthly.tex:5882: Misplaced \noalign.
\hline ->\noalign 
                  {\ifnum 0=`}\fi \let \hskip \vskip \let \vrule \hrule \let...
l.5882   \end{tabularx}
                       
I expect to see \noalign only after the \cr of
an alignment. Proceed, and I'll ignore this case.

./monthly.tex:5882: Misplaced \noalign.
\hline ->\noalign 
                  {\ifnum 0=`}\fi \let \hskip \vskip \let \vrule \hrule \let...
l.5882   \end{tabularx}
                       
I expect to see \noalign only after the \cr of
an alignment. Proceed, and I'll ignore this case.

./monthly.tex:5882: Misplaced \noalign.
\hline ->\noalign 
                  {\ifnum 0=`}\fi \let \hskip \vskip \let \vrule \hrule \let...
l.5882   \end{tabularx}
                       
I expect to see \noalign only after the \cr of
an alignment. Proceed, and I'll ignore this case.

./monthly.tex:5882: Misplaced \noalign.
\hline ->\noalign 
                  {\ifnum 0=`}\fi \let \hskip \vskip \let \vrule \hrule \let...
l.5882   \end{tabularx}
                       
I expect to see \noalign only after the \cr of
an alignment. Proceed, and I'll ignore this case.

./monthly.tex:5882: Misplaced \noalign.
\hline ->\noalign 
                  {\ifnum 0=`}\fi \let \hskip \vskip \let \vrule \hrule \let...
l.5882   \end{tabularx}
                       
I expect to see \noalign only after the \cr of
an alignment. Proceed, and I'll ignore this case.

./monthly.tex:5882: Misplaced \noalign.
\hline ->\noalign 
                  {\ifnum 0=`}\fi \let \hskip \vskip \let \vrule \hrule \let...
l.5882   \end{tabularx}
                       
I expect to see \noalign only after the \cr of
an alignment. Proceed, and I'll ignore this case.

./monthly.tex:5882: Misplaced \noalign.
\hline ->\noalign 
                  {\ifnum 0=`}\fi \let \hskip \vskip \let \vrule \hrule \let...
l.5882   \end{tabularx}
                       
I expect to see \noalign only after the \cr of
an alignment. Proceed, and I'll ignore this case.

./monthly.tex:5882: Misplaced \noalign.
\hline ->\noalign 
                  {\ifnum 0=`}\fi \let \hskip \vskip \let \vrule \hrule \let...
l.5882   \end{tabularx}
                       
I expect to see \noalign only after the \cr of
an alignment. Proceed, and I'll ignore this case.

./monthly.tex:5882: Misplaced \noalign.
\hline ->\noalign 
                  {\ifnum 0=`}\fi \let \hskip \vskip \let \vrule \hrule \let...
l.5882   \end{tabularx}
                       
I expect to see \noalign only after the \cr of
an alignment. Proceed, and I'll ignore this case.

./monthly.tex:5882: Misplaced \noalign.
\hline ->\noalign 
                  {\ifnum 0=`}\fi \let \hskip \vskip \let \vrule \hrule \let...
l.5882   \end{tabularx}
                       
I expect to see \noalign only after the \cr of
an alignment. Proceed, and I'll ignore this case.

./monthly.tex:5882: Misplaced \noalign.
\hline ->\noalign 
                  {\ifnum 0=`}\fi \let \hskip \vskip \let \vrule \hrule \let...
l.5882   \end{tabularx}
                       
I expect to see \noalign only after the \cr of
an alignment. Proceed, and I'll ignore this case.

./monthly.tex:5882: Misplaced \noalign.
\hline ->\noalign 
                  {\ifnum 0=`}\fi \let \hskip \vskip \let \vrule \hrule \let...
l.5882   \end{tabularx}
                       
I expect to see \noalign only after the \cr of
an alignment. Proceed, and I'll ignore this case.

./monthly.tex:5882: Misplaced \noalign.
\hline ->\noalign 
                  {\ifnum 0=`}\fi \let \hskip \vskip \let \vrule \hrule \let...
l.5882   \end{tabularx}
                       
I expect to see \noalign only after the \cr of
an alignment. Proceed, and I'll ignore this case.

./monthly.tex:5882: Misplaced \noalign.
\hline ->\noalign 
                  {\ifnum 0=`}\fi \let \hskip \vskip \let \vrule \hrule \let...
l.5882   \end{tabularx}
                       
I expect to see \noalign only after the \cr of
an alignment. Proceed, and I'll ignore this case.

./monthly.tex:5882: Misplaced \noalign.
\hline ->\noalign 
                  {\ifnum 0=`}\fi \let \hskip \vskip \let \vrule \hrule \let...
l.5882   \end{tabularx}
                       
I expect to see \noalign only after the \cr of
an alignment. Proceed, and I'll ignore this case.

./monthly.tex:5882: Misplaced \noalign.
\hline ->\noalign 
                  {\ifnum 0=`}\fi \let \hskip \vskip \let \vrule \hrule \let...
l.5882   \end{tabularx}
                       
I expect to see \noalign only after the \cr of
an alignment. Proceed, and I'll ignore this case.

./monthly.tex:5882: Misplaced \noalign.
\hline ->\noalign 
                  {\ifnum 0=`}\fi \let \hskip \vskip \let \vrule \hrule \let...
l.5882   \end{tabularx}
                       
I expect to see \noalign only after the \cr of
an alignment. Proceed, and I'll ignore this case.

./monthly.tex:5882: Misplaced \noalign.
\hline ->\noalign 
                  {\ifnum 0=`}\fi \let \hskip \vskip \let \vrule \hrule \let...
l.5882   \end{tabularx}
                       
I expect to see \noalign only after the \cr of
an alignment. Proceed, and I'll ignore this case.

./monthly.tex:5882: Misplaced \noalign.
\hline ->\noalign 
                  {\ifnum 0=`}\fi \let \hskip \vskip \let \vrule \hrule \let...
l.5882   \end{tabularx}
                       
I expect to see \noalign only after the \cr of
an alignment. Proceed, and I'll ignore this case.

./monthly.tex:5882: Misplaced \noalign.
\hline ->\noalign 
                  {\ifnum 0=`}\fi \let \hskip \vskip \let \vrule \hrule \let...
l.5882   \end{tabularx}
                       
I expect to see \noalign only after the \cr of
an alignment. Proceed, and I'll ignore this case.

./monthly.tex:5882: Misplaced \noalign.
\hline ->\noalign 
                  {\ifnum 0=`}\fi \let \hskip \vskip \let \vrule \hrule \let...
l.5882   \end{tabularx}
                       
I expect to see \noalign only after the \cr of
an alignment. Proceed, and I'll ignore this case.

./monthly.tex:5882: Misplaced \noalign.
\hline ->\noalign 
                  {\ifnum 0=`}\fi \let \hskip \vskip \let \vrule \hrule \let...
l.5882   \end{tabularx}
                       
I expect to see \noalign only after the \cr of
an alignment. Proceed, and I'll ignore this case.

./monthly.tex:5882: Misplaced \noalign.
\hline ->\noalign 
                  {\ifnum 0=`}\fi \let \hskip \vskip \let \vrule \hrule \let...
l.5882   \end{tabularx}
                       
I expect to see \noalign only after the \cr of
an alignment. Proceed, and I'll ignore this case.

./monthly.tex:5882: Misplaced \noalign.
\hline ->\noalign 
                  {\ifnum 0=`}\fi \let \hskip \vskip \let \vrule \hrule \let...
l.5882   \end{tabularx}
                       
I expect to see \noalign only after the \cr of
an alignment. Proceed, and I'll ignore this case.

./monthly.tex:5882: Misplaced \noalign.
\hline ->\noalign 
                  {\ifnum 0=`}\fi \let \hskip \vskip \let \vrule \hrule \let...
l.5882   \end{tabularx}
                       
I expect to see \noalign only after the \cr of
an alignment. Proceed, and I'll ignore this case.

./monthly.tex:5882: Misplaced \noalign.
\hline ->\noalign 
                  {\ifnum 0=`}\fi \let \hskip \vskip \let \vrule \hrule \let...
l.5882   \end{tabularx}
                       
I expect to see \noalign only after the \cr of
an alignment. Proceed, and I'll ignore this case.

./monthly.tex:5882: Misplaced \noalign.
\hline ->\noalign 
                  {\ifnum 0=`}\fi \let \hskip \vskip \let \vrule \hrule \let...
l.5882   \end{tabularx}
                       
I expect to see \noalign only after the \cr of
an alignment. Proceed, and I'll ignore this case.

./monthly.tex:5882: Misplaced \noalign.
\hline ->\noalign 
                  {\ifnum 0=`}\fi \let \hskip \vskip \let \vrule \hrule \let...
l.5882   \end{tabularx}
                       
I expect to see \noalign only after the \cr of
an alignment. Proceed, and I'll ignore this case.

./monthly.tex:5882: Misplaced \noalign.
\hline ->\noalign 
                  {\ifnum 0=`}\fi \let \hskip \vskip \let \vrule \hrule \let...
l.5882   \end{tabularx}
                       
I expect to see \noalign only after the \cr of
an alignment. Proceed, and I'll ignore this case.

./monthly.tex:5882: Misplaced \noalign.
\hline ->\noalign 
                  {\ifnum 0=`}\fi \let \hskip \vskip \let \vrule \hrule \let...
l.5882   \end{tabularx}
                       
I expect to see \noalign only after the \cr of
an alignment. Proceed, and I'll ignore this case.

./monthly.tex:5882: Misplaced \noalign.
\hline ->\noalign 
                  {\ifnum 0=`}\fi \let \hskip \vskip \let \vrule \hrule \let...
l.5882   \end{tabularx}
                       
I expect to see \noalign only after the \cr of
an alignment. Proceed, and I'll ignore this case.

./monthly.tex:5882: Misplaced \noalign.
\hline ->\noalign 
                  {\ifnum 0=`}\fi \let \hskip \vskip \let \vrule \hrule \let...
l.5882   \end{tabularx}
                       
I expect to see \noalign only after the \cr of
an alignment. Proceed, and I'll ignore this case.

./monthly.tex:5882: Misplaced \noalign.
\hline ->\noalign 
                  {\ifnum 0=`}\fi \let \hskip \vskip \let \vrule \hrule \let...
l.5882   \end{tabularx}
                       
I expect to see \noalign only after the \cr of
an alignment. Proceed, and I'll ignore this case.

./monthly.tex:5882: Misplaced \noalign.
\hline ->\noalign 
                  {\ifnum 0=`}\fi \let \hskip \vskip \let \vrule \hrule \let...
l.5882   \end{tabularx}
                       
I expect to see \noalign only after the \cr of
an alignment. Proceed, and I'll ignore this case.

./monthly.tex:5882: Misplaced \noalign.
\hline ->\noalign 
                  {\ifnum 0=`}\fi \let \hskip \vskip \let \vrule \hrule \let...
l.5882   \end{tabularx}
                       
I expect to see \noalign only after the \cr of
an alignment. Proceed, and I'll ignore this case.

./monthly.tex:5882: Misplaced \noalign.
\hline ->\noalign 
                  {\ifnum 0=`}\fi \let \hskip \vskip \let \vrule \hrule \let...
l.5882   \end{tabularx}
                       
I expect to see \noalign only after the \cr of
an alignment. Proceed, and I'll ignore this case.

./monthly.tex:5882: Misplaced \noalign.
\hline ->\noalign 
                  {\ifnum 0=`}\fi \let \hskip \vskip \let \vrule \hrule \let...
l.5882   \end{tabularx}
                       
I expect to see \noalign only after the \cr of
an alignment. Proceed, and I'll ignore this case.

./monthly.tex:5882: Misplaced \noalign.
\hline ->\noalign 
                  {\ifnum 0=`}\fi \let \hskip \vskip \let \vrule \hrule \let...
l.5882   \end{tabularx}
                       
I expect to see \noalign only after the \cr of
an alignment. Proceed, and I'll ignore this case.

./monthly.tex:5882: Misplaced \noalign.
\hline ->\noalign 
                  {\ifnum 0=`}\fi \let \hskip \vskip \let \vrule \hrule \let...
l.5882   \end{tabularx}
                       
I expect to see \noalign only after the \cr of
an alignment. Proceed, and I'll ignore this case.


Overfull \hbox (341.28049pt too wide) in paragraph at lines 5882--5882
[]|[][][] 
 []

./monthly.tex:5882: Misplaced \noalign.
\hline ->\noalign 
                  {\ifnum 0=`}\fi \let \hskip \vskip \let \vrule \hrule \let...
l.5882   \end{tabularx}
                       
I expect to see \noalign only after the \cr of
an alignment. Proceed, and I'll ignore this case.

./monthly.tex:5882: Misplaced \noalign.
\hline ->\noalign 
                  {\ifnum 0=`}\fi \let \hskip \vskip \let \vrule \hrule \let...
l.5882   \end{tabularx}
                       
I expect to see \noalign only after the \cr of
an alignment. Proceed, and I'll ignore this case.

./monthly.tex:5882: Misplaced \noalign.
\hline ->\noalign 
                  {\ifnum 0=`}\fi \let \hskip \vskip \let \vrule \hrule \let...
l.5882   \end{tabularx}
                       
I expect to see \noalign only after the \cr of
an alignment. Proceed, and I'll ignore this case.

./monthly.tex:5882: Misplaced \noalign.
\hline ->\noalign 
                  {\ifnum 0=`}\fi \let \hskip \vskip \let \vrule \hrule \let...
l.5882   \end{tabularx}
                       
I expect to see \noalign only after the \cr of
an alignment. Proceed, and I'll ignore this case.

./monthly.tex:5882: Misplaced \noalign.
\hline ->\noalign 
                  {\ifnum 0=`}\fi \let \hskip \vskip \let \vrule \hrule \let...
l.5882   \end{tabularx}
                       
I expect to see \noalign only after the \cr of
an alignment. Proceed, and I'll ignore this case.

./monthly.tex:5882: Misplaced \noalign.
\hline ->\noalign 
                  {\ifnum 0=`}\fi \let \hskip \vskip \let \vrule \hrule \let...
l.5882   \end{tabularx}
                       
I expect to see \noalign only after the \cr of
an alignment. Proceed, and I'll ignore this case.

./monthly.tex:5882: Misplaced \noalign.
\hline ->\noalign 
                  {\ifnum 0=`}\fi \let \hskip \vskip \let \vrule \hrule \let...
l.5882   \end{tabularx}
                       
I expect to see \noalign only after the \cr of
an alignment. Proceed, and I'll ignore this case.

./monthly.tex:5882: Misplaced \noalign.
\hline ->\noalign 
                  {\ifnum 0=`}\fi \let \hskip \vskip \let \vrule \hrule \let...
l.5882   \end{tabularx}
                       
I expect to see \noalign only after the \cr of
an alignment. Proceed, and I'll ignore this case.

./monthly.tex:5882: Misplaced \noalign.
\hline ->\noalign 
                  {\ifnum 0=`}\fi \let \hskip \vskip \let \vrule \hrule \let...
l.5882   \end{tabularx}
                       
I expect to see \noalign only after the \cr of
an alignment. Proceed, and I'll ignore this case.

./monthly.tex:5882: Misplaced \noalign.
\hline ->\noalign 
                  {\ifnum 0=`}\fi \let \hskip \vskip \let \vrule \hrule \let...
l.5882   \end{tabularx}
                       
I expect to see \noalign only after the \cr of
an alignment. Proceed, and I'll ignore this case.

./monthly.tex:5882: Misplaced \noalign.
\hline ->\noalign 
                  {\ifnum 0=`}\fi \let \hskip \vskip \let \vrule \hrule \let...
l.5882   \end{tabularx}
                       
I expect to see \noalign only after the \cr of
an alignment. Proceed, and I'll ignore this case.

./monthly.tex:5882: Misplaced \noalign.
\hline ->\noalign 
                  {\ifnum 0=`}\fi \let \hskip \vskip \let \vrule \hrule \let...
l.5882   \end{tabularx}
                       
I expect to see \noalign only after the \cr of
an alignment. Proceed, and I'll ignore this case.

./monthly.tex:5882: Misplaced \noalign.
\hline ->\noalign 
                  {\ifnum 0=`}\fi \let \hskip \vskip \let \vrule \hrule \let...
l.5882   \end{tabularx}
                       
I expect to see \noalign only after the \cr of
an alignment. Proceed, and I'll ignore this case.

./monthly.tex:5882: Misplaced \noalign.
\hline ->\noalign 
                  {\ifnum 0=`}\fi \let \hskip \vskip \let \vrule \hrule \let...
l.5882   \end{tabularx}
                       
I expect to see \noalign only after the \cr of
an alignment. Proceed, and I'll ignore this case.


Underfull \hbox (badness 10000) in paragraph at lines 5882--5885

 []

[23]
./monthly.tex:6144: Misplaced \noalign.
\hline ->\noalign 
                  {\ifnum 0=`}\fi \let \hskip \vskip \let \vrule \hrule \let...
l.6144   \end{tabularx}
                       
I expect to see \noalign only after the \cr of
an alignment. Proceed, and I'll ignore this case.

./monthly.tex:6144: Misplaced \noalign.
\hline ->\noalign 
                  {\ifnum 0=`}\fi \let \hskip \vskip \let \vrule \hrule \let...
l.6144   \end{tabularx}
                       
I expect to see \noalign only after the \cr of
an alignment. Proceed, and I'll ignore this case.

./monthly.tex:6144: Misplaced \noalign.
\hline ->\noalign 
                  {\ifnum 0=`}\fi \let \hskip \vskip \let \vrule \hrule \let...
l.6144   \end{tabularx}
                       
I expect to see \noalign only after the \cr of
an alignment. Proceed, and I'll ignore this case.

./monthly.tex:6144: Misplaced \noalign.
\hline ->\noalign 
                  {\ifnum 0=`}\fi \let \hskip \vskip \let \vrule \hrule \let...
l.6144   \end{tabularx}
                       
I expect to see \noalign only after the \cr of
an alignment. Proceed, and I'll ignore this case.

./monthly.tex:6144: Misplaced \noalign.
\hline ->\noalign 
                  {\ifnum 0=`}\fi \let \hskip \vskip \let \vrule \hrule \let...
l.6144   \end{tabularx}
                       
I expect to see \noalign only after the \cr of
an alignment. Proceed, and I'll ignore this case.

./monthly.tex:6144: Misplaced \noalign.
\hline ->\noalign 
                  {\ifnum 0=`}\fi \let \hskip \vskip \let \vrule \hrule \let...
l.6144   \end{tabularx}
                       
I expect to see \noalign only after the \cr of
an alignment. Proceed, and I'll ignore this case.

./monthly.tex:6144: Misplaced \noalign.
\hline ->\noalign 
                  {\ifnum 0=`}\fi \let \hskip \vskip \let \vrule \hrule \let...
l.6144   \end{tabularx}
                       
I expect to see \noalign only after the \cr of
an alignment. Proceed, and I'll ignore this case.

./monthly.tex:6144: Misplaced \noalign.
\hline ->\noalign 
                  {\ifnum 0=`}\fi \let \hskip \vskip \let \vrule \hrule \let...
l.6144   \end{tabularx}
                       
I expect to see \noalign only after the \cr of
an alignment. Proceed, and I'll ignore this case.

./monthly.tex:6144: Misplaced \noalign.
\hline ->\noalign 
                  {\ifnum 0=`}\fi \let \hskip \vskip \let \vrule \hrule \let...
l.6144   \end{tabularx}
                       
I expect to see \noalign only after the \cr of
an alignment. Proceed, and I'll ignore this case.

./monthly.tex:6144: Misplaced \noalign.
\hline ->\noalign 
                  {\ifnum 0=`}\fi \let \hskip \vskip \let \vrule \hrule \let...
l.6144   \end{tabularx}
                       
I expect to see \noalign only after the \cr of
an alignment. Proceed, and I'll ignore this case.

./monthly.tex:6144: Misplaced \noalign.
\hline ->\noalign 
                  {\ifnum 0=`}\fi \let \hskip \vskip \let \vrule \hrule \let...
l.6144   \end{tabularx}
                       
I expect to see \noalign only after the \cr of
an alignment. Proceed, and I'll ignore this case.

./monthly.tex:6144: Misplaced \noalign.
\hline ->\noalign 
                  {\ifnum 0=`}\fi \let \hskip \vskip \let \vrule \hrule \let...
l.6144   \end{tabularx}
                       
I expect to see \noalign only after the \cr of
an alignment. Proceed, and I'll ignore this case.

./monthly.tex:6144: Misplaced \noalign.
\hline ->\noalign 
                  {\ifnum 0=`}\fi \let \hskip \vskip \let \vrule \hrule \let...
l.6144   \end{tabularx}
                       
I expect to see \noalign only after the \cr of
an alignment. Proceed, and I'll ignore this case.

./monthly.tex:6144: Misplaced \noalign.
\hline ->\noalign 
                  {\ifnum 0=`}\fi \let \hskip \vskip \let \vrule \hrule \let...
l.6144   \end{tabularx}
                       
I expect to see \noalign only after the \cr of
an alignment. Proceed, and I'll ignore this case.

./monthly.tex:6144: Misplaced \noalign.
\hline ->\noalign 
                  {\ifnum 0=`}\fi \let \hskip \vskip \let \vrule \hrule \let...
l.6144   \end{tabularx}
                       
I expect to see \noalign only after the \cr of
an alignment. Proceed, and I'll ignore this case.

./monthly.tex:6144: Misplaced \noalign.
\hline ->\noalign 
                  {\ifnum 0=`}\fi \let \hskip \vskip \let \vrule \hrule \let...
l.6144   \end{tabularx}
                       
I expect to see \noalign only after the \cr of
an alignment. Proceed, and I'll ignore this case.

./monthly.tex:6144: Misplaced \noalign.
\hline ->\noalign 
                  {\ifnum 0=`}\fi \let \hskip \vskip \let \vrule \hrule \let...
l.6144   \end{tabularx}
                       
I expect to see \noalign only after the \cr of
an alignment. Proceed, and I'll ignore this case.

./monthly.tex:6144: Misplaced \noalign.
\hline ->\noalign 
                  {\ifnum 0=`}\fi \let \hskip \vskip \let \vrule \hrule \let...
l.6144   \end{tabularx}
                       
I expect to see \noalign only after the \cr of
an alignment. Proceed, and I'll ignore this case.

./monthly.tex:6144: Misplaced \noalign.
\hline ->\noalign 
                  {\ifnum 0=`}\fi \let \hskip \vskip \let \vrule \hrule \let...
l.6144   \end{tabularx}
                       
I expect to see \noalign only after the \cr of
an alignment. Proceed, and I'll ignore this case.

./monthly.tex:6144: Misplaced \noalign.
\hline ->\noalign 
                  {\ifnum 0=`}\fi \let \hskip \vskip \let \vrule \hrule \let...
l.6144   \end{tabularx}
                       
I expect to see \noalign only after the \cr of
an alignment. Proceed, and I'll ignore this case.

./monthly.tex:6144: Misplaced \noalign.
\hline ->\noalign 
                  {\ifnum 0=`}\fi \let \hskip \vskip \let \vrule \hrule \let...
l.6144   \end{tabularx}
                       
I expect to see \noalign only after the \cr of
an alignment. Proceed, and I'll ignore this case.

./monthly.tex:6144: Misplaced \noalign.
\hline ->\noalign 
                  {\ifnum 0=`}\fi \let \hskip \vskip \let \vrule \hrule \let...
l.6144   \end{tabularx}
                       
I expect to see \noalign only after the \cr of
an alignment. Proceed, and I'll ignore this case.

./monthly.tex:6144: Misplaced \noalign.
\hline ->\noalign 
                  {\ifnum 0=`}\fi \let \hskip \vskip \let \vrule \hrule \let...
l.6144   \end{tabularx}
                       
I expect to see \noalign only after the \cr of
an alignment. Proceed, and I'll ignore this case.

./monthly.tex:6144: Misplaced \noalign.
\hline ->\noalign 
                  {\ifnum 0=`}\fi \let \hskip \vskip \let \vrule \hrule \let...
l.6144   \end{tabularx}
                       
I expect to see \noalign only after the \cr of
an alignment. Proceed, and I'll ignore this case.

./monthly.tex:6144: Misplaced \noalign.
\hline ->\noalign 
                  {\ifnum 0=`}\fi \let \hskip \vskip \let \vrule \hrule \let...
l.6144   \end{tabularx}
                       
I expect to see \noalign only after the \cr of
an alignment. Proceed, and I'll ignore this case.

./monthly.tex:6144: Misplaced \noalign.
\hline ->\noalign 
                  {\ifnum 0=`}\fi \let \hskip \vskip \let \vrule \hrule \let...
l.6144   \end{tabularx}
                       
I expect to see \noalign only after the \cr of
an alignment. Proceed, and I'll ignore this case.

./monthly.tex:6144: Misplaced \noalign.
\hline ->\noalign 
                  {\ifnum 0=`}\fi \let \hskip \vskip \let \vrule \hrule \let...
l.6144   \end{tabularx}
                       
I expect to see \noalign only after the \cr of
an alignment. Proceed, and I'll ignore this case.

./monthly.tex:6144: Misplaced \noalign.
\hline ->\noalign 
                  {\ifnum 0=`}\fi \let \hskip \vskip \let \vrule \hrule \let...
l.6144   \end{tabularx}
                       
I expect to see \noalign only after the \cr of
an alignment. Proceed, and I'll ignore this case.

./monthly.tex:6144: Misplaced \noalign.
\hline ->\noalign 
                  {\ifnum 0=`}\fi \let \hskip \vskip \let \vrule \hrule \let...
l.6144   \end{tabularx}
                       
I expect to see \noalign only after the \cr of
an alignment. Proceed, and I'll ignore this case.

./monthly.tex:6144: Misplaced \noalign.
\hline ->\noalign 
                  {\ifnum 0=`}\fi \let \hskip \vskip \let \vrule \hrule \let...
l.6144   \end{tabularx}
                       
I expect to see \noalign only after the \cr of
an alignment. Proceed, and I'll ignore this case.

./monthly.tex:6144: Misplaced \noalign.
\hline ->\noalign 
                  {\ifnum 0=`}\fi \let \hskip \vskip \let \vrule \hrule \let...
l.6144   \end{tabularx}
                       
I expect to see \noalign only after the \cr of
an alignment. Proceed, and I'll ignore this case.

./monthly.tex:6144: Misplaced \noalign.
\hline ->\noalign 
                  {\ifnum 0=`}\fi \let \hskip \vskip \let \vrule \hrule \let...
l.6144   \end{tabularx}
                       
I expect to see \noalign only after the \cr of
an alignment. Proceed, and I'll ignore this case.

./monthly.tex:6144: Misplaced \noalign.
\hline ->\noalign 
                  {\ifnum 0=`}\fi \let \hskip \vskip \let \vrule \hrule \let...
l.6144   \end{tabularx}
                       
I expect to see \noalign only after the \cr of
an alignment. Proceed, and I'll ignore this case.

./monthly.tex:6144: Misplaced \noalign.
\hline ->\noalign 
                  {\ifnum 0=`}\fi \let \hskip \vskip \let \vrule \hrule \let...
l.6144   \end{tabularx}
                       
I expect to see \noalign only after the \cr of
an alignment. Proceed, and I'll ignore this case.

./monthly.tex:6144: Misplaced \noalign.
\hline ->\noalign 
                  {\ifnum 0=`}\fi \let \hskip \vskip \let \vrule \hrule \let...
l.6144   \end{tabularx}
                       
I expect to see \noalign only after the \cr of
an alignment. Proceed, and I'll ignore this case.

./monthly.tex:6144: Misplaced \noalign.
\hline ->\noalign 
                  {\ifnum 0=`}\fi \let \hskip \vskip \let \vrule \hrule \let...
l.6144   \end{tabularx}
                       
I expect to see \noalign only after the \cr of
an alignment. Proceed, and I'll ignore this case.

./monthly.tex:6144: Misplaced \noalign.
\hline ->\noalign 
                  {\ifnum 0=`}\fi \let \hskip \vskip \let \vrule \hrule \let...
l.6144   \end{tabularx}
                       
I expect to see \noalign only after the \cr of
an alignment. Proceed, and I'll ignore this case.

./monthly.tex:6144: Misplaced \noalign.
\hline ->\noalign 
                  {\ifnum 0=`}\fi \let \hskip \vskip \let \vrule \hrule \let...
l.6144   \end{tabularx}
                       
I expect to see \noalign only after the \cr of
an alignment. Proceed, and I'll ignore this case.

./monthly.tex:6144: Misplaced \noalign.
\hline ->\noalign 
                  {\ifnum 0=`}\fi \let \hskip \vskip \let \vrule \hrule \let...
l.6144   \end{tabularx}
                       
I expect to see \noalign only after the \cr of
an alignment. Proceed, and I'll ignore this case.

./monthly.tex:6144: Misplaced \noalign.
\hline ->\noalign 
                  {\ifnum 0=`}\fi \let \hskip \vskip \let \vrule \hrule \let...
l.6144   \end{tabularx}
                       
I expect to see \noalign only after the \cr of
an alignment. Proceed, and I'll ignore this case.

./monthly.tex:6144: Misplaced \noalign.
\hline ->\noalign 
                  {\ifnum 0=`}\fi \let \hskip \vskip \let \vrule \hrule \let...
l.6144   \end{tabularx}
                       
I expect to see \noalign only after the \cr of
an alignment. Proceed, and I'll ignore this case.

./monthly.tex:6144: Misplaced \noalign.
\hline ->\noalign 
                  {\ifnum 0=`}\fi \let \hskip \vskip \let \vrule \hrule \let...
l.6144   \end{tabularx}
                       
I expect to see \noalign only after the \cr of
an alignment. Proceed, and I'll ignore this case.

./monthly.tex:6144: Misplaced \noalign.
\hline ->\noalign 
                  {\ifnum 0=`}\fi \let \hskip \vskip \let \vrule \hrule \let...
l.6144   \end{tabularx}
                       
I expect to see \noalign only after the \cr of
an alignment. Proceed, and I'll ignore this case.

./monthly.tex:6144: Misplaced \noalign.
\hline ->\noalign 
                  {\ifnum 0=`}\fi \let \hskip \vskip \let \vrule \hrule \let...
l.6144   \end{tabularx}
                       
I expect to see \noalign only after the \cr of
an alignment. Proceed, and I'll ignore this case.

./monthly.tex:6144: Misplaced \noalign.
\hline ->\noalign 
                  {\ifnum 0=`}\fi \let \hskip \vskip \let \vrule \hrule \let...
l.6144   \end{tabularx}
                       
I expect to see \noalign only after the \cr of
an alignment. Proceed, and I'll ignore this case.

./monthly.tex:6144: Misplaced \noalign.
\hline ->\noalign 
                  {\ifnum 0=`}\fi \let \hskip \vskip \let \vrule \hrule \let...
l.6144   \end{tabularx}
                       
I expect to see \noalign only after the \cr of
an alignment. Proceed, and I'll ignore this case.

./monthly.tex:6144: Misplaced \noalign.
\hline ->\noalign 
                  {\ifnum 0=`}\fi \let \hskip \vskip \let \vrule \hrule \let...
l.6144   \end{tabularx}
                       
I expect to see \noalign only after the \cr of
an alignment. Proceed, and I'll ignore this case.

./monthly.tex:6144: Misplaced \noalign.
\hline ->\noalign 
                  {\ifnum 0=`}\fi \let \hskip \vskip \let \vrule \hrule \let...
l.6144   \end{tabularx}
                       
I expect to see \noalign only after the \cr of
an alignment. Proceed, and I'll ignore this case.

./monthly.tex:6144: Misplaced \noalign.
\hline ->\noalign 
                  {\ifnum 0=`}\fi \let \hskip \vskip \let \vrule \hrule \let...
l.6144   \end{tabularx}
                       
I expect to see \noalign only after the \cr of
an alignment. Proceed, and I'll ignore this case.

./monthly.tex:6144: Misplaced \noalign.
\hline ->\noalign 
                  {\ifnum 0=`}\fi \let \hskip \vskip \let \vrule \hrule \let...
l.6144   \end{tabularx}
                       
I expect to see \noalign only after the \cr of
an alignment. Proceed, and I'll ignore this case.

./monthly.tex:6144: Misplaced \noalign.
\hline ->\noalign 
                  {\ifnum 0=`}\fi \let \hskip \vskip \let \vrule \hrule \let...
l.6144   \end{tabularx}
                       
I expect to see \noalign only after the \cr of
an alignment. Proceed, and I'll ignore this case.

./monthly.tex:6144: Misplaced \noalign.
\hline ->\noalign 
                  {\ifnum 0=`}\fi \let \hskip \vskip \let \vrule \hrule \let...
l.6144   \end{tabularx}
                       
I expect to see \noalign only after the \cr of
an alignment. Proceed, and I'll ignore this case.

./monthly.tex:6144: Misplaced \noalign.
\hline ->\noalign 
                  {\ifnum 0=`}\fi \let \hskip \vskip \let \vrule \hrule \let...
l.6144   \end{tabularx}
                       
I expect to see \noalign only after the \cr of
an alignment. Proceed, and I'll ignore this case.

./monthly.tex:6144: Misplaced \noalign.
\hline ->\noalign 
                  {\ifnum 0=`}\fi \let \hskip \vskip \let \vrule \hrule \let...
l.6144   \end{tabularx}
                       
I expect to see \noalign only after the \cr of
an alignment. Proceed, and I'll ignore this case.

./monthly.tex:6144: Misplaced \noalign.
\hline ->\noalign 
                  {\ifnum 0=`}\fi \let \hskip \vskip \let \vrule \hrule \let...
l.6144   \end{tabularx}
                       
I expect to see \noalign only after the \cr of
an alignment. Proceed, and I'll ignore this case.

./monthly.tex:6144: Misplaced \noalign.
\hline ->\noalign 
                  {\ifnum 0=`}\fi \let \hskip \vskip \let \vrule \hrule \let...
l.6144   \end{tabularx}
                       
I expect to see \noalign only after the \cr of
an alignment. Proceed, and I'll ignore this case.

./monthly.tex:6144: Misplaced \noalign.
\hline ->\noalign 
                  {\ifnum 0=`}\fi \let \hskip \vskip \let \vrule \hrule \let...
l.6144   \end{tabularx}
                       
I expect to see \noalign only after the \cr of
an alignment. Proceed, and I'll ignore this case.

./monthly.tex:6144: Misplaced \noalign.
\hline ->\noalign 
                  {\ifnum 0=`}\fi \let \hskip \vskip \let \vrule \hrule \let...
l.6144   \end{tabularx}
                       
I expect to see \noalign only after the \cr of
an alignment. Proceed, and I'll ignore this case.

./monthly.tex:6144: Misplaced \noalign.
\hline ->\noalign 
                  {\ifnum 0=`}\fi \let \hskip \vskip \let \vrule \hrule \let...
l.6144   \end{tabularx}
                       
I expect to see \noalign only after the \cr of
an alignment. Proceed, and I'll ignore this case.

./monthly.tex:6144: Misplaced \noalign.
\hline ->\noalign 
                  {\ifnum 0=`}\fi \let \hskip \vskip \let \vrule \hrule \let...
l.6144   \end{tabularx}
                       
I expect to see \noalign only after the \cr of
an alignment. Proceed, and I'll ignore this case.

./monthly.tex:6144: Misplaced \noalign.
\hline ->\noalign 
                  {\ifnum 0=`}\fi \let \hskip \vskip \let \vrule \hrule \let...
l.6144   \end{tabularx}
                       
I expect to see \noalign only after the \cr of
an alignment. Proceed, and I'll ignore this case.


Overfull \hbox (284.4004pt too wide) in paragraph at lines 6144--6144
[]|[][][] 
 []

./monthly.tex:6144: Misplaced \noalign.
\hline ->\noalign 
                  {\ifnum 0=`}\fi \let \hskip \vskip \let \vrule \hrule \let...
l.6144   \end{tabularx}
                       
I expect to see \noalign only after the \cr of
an alignment. Proceed, and I'll ignore this case.

./monthly.tex:6144: Misplaced \noalign.
\hline ->\noalign 
                  {\ifnum 0=`}\fi \let \hskip \vskip \let \vrule \hrule \let...
l.6144   \end{tabularx}
                       
I expect to see \noalign only after the \cr of
an alignment. Proceed, and I'll ignore this case.

./monthly.tex:6144: Misplaced \noalign.
\hline ->\noalign 
                  {\ifnum 0=`}\fi \let \hskip \vskip \let \vrule \hrule \let...
l.6144   \end{tabularx}
                       
I expect to see \noalign only after the \cr of
an alignment. Proceed, and I'll ignore this case.

./monthly.tex:6144: Misplaced \noalign.
\hline ->\noalign 
                  {\ifnum 0=`}\fi \let \hskip \vskip \let \vrule \hrule \let...
l.6144   \end{tabularx}
                       
I expect to see \noalign only after the \cr of
an alignment. Proceed, and I'll ignore this case.

./monthly.tex:6144: Misplaced \noalign.
\hline ->\noalign 
                  {\ifnum 0=`}\fi \let \hskip \vskip \let \vrule \hrule \let...
l.6144   \end{tabularx}
                       
I expect to see \noalign only after the \cr of
an alignment. Proceed, and I'll ignore this case.

./monthly.tex:6144: Misplaced \noalign.
\hline ->\noalign 
                  {\ifnum 0=`}\fi \let \hskip \vskip \let \vrule \hrule \let...
l.6144   \end{tabularx}
                       
I expect to see \noalign only after the \cr of
an alignment. Proceed, and I'll ignore this case.

./monthly.tex:6144: Misplaced \noalign.
\hline ->\noalign 
                  {\ifnum 0=`}\fi \let \hskip \vskip \let \vrule \hrule \let...
l.6144   \end{tabularx}
                       
I expect to see \noalign only after the \cr of
an alignment. Proceed, and I'll ignore this case.

./monthly.tex:6144: Misplaced \noalign.
\hline ->\noalign 
                  {\ifnum 0=`}\fi \let \hskip \vskip \let \vrule \hrule \let...
l.6144   \end{tabularx}
                       
I expect to see \noalign only after the \cr of
an alignment. Proceed, and I'll ignore this case.

./monthly.tex:6144: Misplaced \noalign.
\hline ->\noalign 
                  {\ifnum 0=`}\fi \let \hskip \vskip \let \vrule \hrule \let...
l.6144   \end{tabularx}
                       
I expect to see \noalign only after the \cr of
an alignment. Proceed, and I'll ignore this case.

./monthly.tex:6144: Misplaced \noalign.
\hline ->\noalign 
                  {\ifnum 0=`}\fi \let \hskip \vskip \let \vrule \hrule \let...
l.6144   \end{tabularx}
                       
I expect to see \noalign only after the \cr of
an alignment. Proceed, and I'll ignore this case.

./monthly.tex:6144: Misplaced \noalign.
\hline ->\noalign 
                  {\ifnum 0=`}\fi \let \hskip \vskip \let \vrule \hrule \let...
l.6144   \end{tabularx}
                       
I expect to see \noalign only after the \cr of
an alignment. Proceed, and I'll ignore this case.

./monthly.tex:6144: Misplaced \noalign.
\hline ->\noalign 
                  {\ifnum 0=`}\fi \let \hskip \vskip \let \vrule \hrule \let...
l.6144   \end{tabularx}
                       
I expect to see \noalign only after the \cr of
an alignment. Proceed, and I'll ignore this case.

./monthly.tex:6144: Misplaced \noalign.
\hline ->\noalign 
                  {\ifnum 0=`}\fi \let \hskip \vskip \let \vrule \hrule \let...
l.6144   \end{tabularx}
                       
I expect to see \noalign only after the \cr of
an alignment. Proceed, and I'll ignore this case.

./monthly.tex:6144: Misplaced \noalign.
\hline ->\noalign 
                  {\ifnum 0=`}\fi \let \hskip \vskip \let \vrule \hrule \let...
l.6144   \end{tabularx}
                       
I expect to see \noalign only after the \cr of
an alignment. Proceed, and I'll ignore this case.

./monthly.tex:6144: Misplaced \noalign.
\hline ->\noalign 
                  {\ifnum 0=`}\fi \let \hskip \vskip \let \vrule \hrule \let...
l.6144   \end{tabularx}
                       
I expect to see \noalign only after the \cr of
an alignment. Proceed, and I'll ignore this case.

./monthly.tex:6144: Misplaced \noalign.
\hline ->\noalign 
                  {\ifnum 0=`}\fi \let \hskip \vskip \let \vrule \hrule \let...
l.6144   \end{tabularx}
                       
I expect to see \noalign only after the \cr of
an alignment. Proceed, and I'll ignore this case.

./monthly.tex:6144: Misplaced \noalign.
\hline ->\noalign 
                  {\ifnum 0=`}\fi \let \hskip \vskip \let \vrule \hrule \let...
l.6144   \end{tabularx}
                       
I expect to see \noalign only after the \cr of
an alignment. Proceed, and I'll ignore this case.

./monthly.tex:6144: Misplaced \noalign.
\hline ->\noalign 
                  {\ifnum 0=`}\fi \let \hskip \vskip \let \vrule \hrule \let...
l.6144   \end{tabularx}
                       
I expect to see \noalign only after the \cr of
an alignment. Proceed, and I'll ignore this case.


Overfull \hbox (56.88008pt too wide) in paragraph at lines 6144--6144
[]|[][][] 
 []

./monthly.tex:6144: Misplaced \noalign.
\hline ->\noalign 
                  {\ifnum 0=`}\fi \let \hskip \vskip \let \vrule \hrule \let...
l.6144   \end{tabularx}
                       
I expect to see \noalign only after the \cr of
an alignment. Proceed, and I'll ignore this case.

./monthly.tex:6144: Misplaced \noalign.
\hline ->\noalign 
                  {\ifnum 0=`}\fi \let \hskip \vskip \let \vrule \hrule \let...
l.6144   \end{tabularx}
                       
I expect to see \noalign only after the \cr of
an alignment. Proceed, and I'll ignore this case.

./monthly.tex:6144: Misplaced \noalign.
\hline ->\noalign 
                  {\ifnum 0=`}\fi \let \hskip \vskip \let \vrule \hrule \let...
l.6144   \end{tabularx}
                       
I expect to see \noalign only after the \cr of
an alignment. Proceed, and I'll ignore this case.

./monthly.tex:6144: Misplaced \noalign.
\hline ->\noalign 
                  {\ifnum 0=`}\fi \let \hskip \vskip \let \vrule \hrule \let...
l.6144   \end{tabularx}
                       
I expect to see \noalign only after the \cr of
an alignment. Proceed, and I'll ignore this case.

./monthly.tex:6144: Misplaced \noalign.
\hline ->\noalign 
                  {\ifnum 0=`}\fi \let \hskip \vskip \let \vrule \hrule \let...
l.6144   \end{tabularx}
                       
I expect to see \noalign only after the \cr of
an alignment. Proceed, and I'll ignore this case.

./monthly.tex:6144: Misplaced \noalign.
\hline ->\noalign 
                  {\ifnum 0=`}\fi \let \hskip \vskip \let \vrule \hrule \let...
l.6144   \end{tabularx}
                       
I expect to see \noalign only after the \cr of
an alignment. Proceed, and I'll ignore this case.

./monthly.tex:6144: Misplaced \noalign.
\hline ->\noalign 
                  {\ifnum 0=`}\fi \let \hskip \vskip \let \vrule \hrule \let...
l.6144   \end{tabularx}
                       
I expect to see \noalign only after the \cr of
an alignment. Proceed, and I'll ignore this case.

./monthly.tex:6144: Misplaced \noalign.
\hline ->\noalign 
                  {\ifnum 0=`}\fi \let \hskip \vskip \let \vrule \hrule \let...
l.6144   \end{tabularx}
                       
I expect to see \noalign only after the \cr of
an alignment. Proceed, and I'll ignore this case.

./monthly.tex:6144: Misplaced \noalign.
\hline ->\noalign 
                  {\ifnum 0=`}\fi \let \hskip \vskip \let \vrule \hrule \let...
l.6144   \end{tabularx}
                       
I expect to see \noalign only after the \cr of
an alignment. Proceed, and I'll ignore this case.

./monthly.tex:6144: Misplaced \noalign.
\hline ->\noalign 
                  {\ifnum 0=`}\fi \let \hskip \vskip \let \vrule \hrule \let...
l.6144   \end{tabularx}
                       
I expect to see \noalign only after the \cr of
an alignment. Proceed, and I'll ignore this case.

./monthly.tex:6144: Misplaced \noalign.
\hline ->\noalign 
                  {\ifnum 0=`}\fi \let \hskip \vskip \let \vrule \hrule \let...
l.6144   \end{tabularx}
                       
I expect to see \noalign only after the \cr of
an alignment. Proceed, and I'll ignore this case.


Overfull \hbox (2.95929pt too wide) in paragraph at lines 6144--6144
[]\T1/lmss/bx/n/8 Dissertation 
 []


Overfull \hbox (2.95929pt too wide) in paragraph at lines 6144--6144
[]\T1/lmss/bx/n/8 Dissertation 
 []


Underfull \hbox (badness 10000) in paragraph at lines 6144--6147

 []

[24]
./monthly.tex:6408: Misplaced \noalign.
\hline ->\noalign 
                  {\ifnum 0=`}\fi \let \hskip \vskip \let \vrule \hrule \let...
l.6408   \end{tabularx}
                       
I expect to see \noalign only after the \cr of
an alignment. Proceed, and I'll ignore this case.

./monthly.tex:6408: Misplaced \noalign.
\hline ->\noalign 
                  {\ifnum 0=`}\fi \let \hskip \vskip \let \vrule \hrule \let...
l.6408   \end{tabularx}
                       
I expect to see \noalign only after the \cr of
an alignment. Proceed, and I'll ignore this case.

./monthly.tex:6408: Misplaced \noalign.
\hline ->\noalign 
                  {\ifnum 0=`}\fi \let \hskip \vskip \let \vrule \hrule \let...
l.6408   \end{tabularx}
                       
I expect to see \noalign only after the \cr of
an alignment. Proceed, and I'll ignore this case.

./monthly.tex:6408: Misplaced \noalign.
\hline ->\noalign 
                  {\ifnum 0=`}\fi \let \hskip \vskip \let \vrule \hrule \let...
l.6408   \end{tabularx}
                       
I expect to see \noalign only after the \cr of
an alignment. Proceed, and I'll ignore this case.

./monthly.tex:6408: Misplaced \noalign.
\hline ->\noalign 
                  {\ifnum 0=`}\fi \let \hskip \vskip \let \vrule \hrule \let...
l.6408   \end{tabularx}
                       
I expect to see \noalign only after the \cr of
an alignment. Proceed, and I'll ignore this case.

./monthly.tex:6408: Misplaced \noalign.
\hline ->\noalign 
                  {\ifnum 0=`}\fi \let \hskip \vskip \let \vrule \hrule \let...
l.6408   \end{tabularx}
                       
I expect to see \noalign only after the \cr of
an alignment. Proceed, and I'll ignore this case.

./monthly.tex:6408: Misplaced \noalign.
\hline ->\noalign 
                  {\ifnum 0=`}\fi \let \hskip \vskip \let \vrule \hrule \let...
l.6408   \end{tabularx}
                       
I expect to see \noalign only after the \cr of
an alignment. Proceed, and I'll ignore this case.

./monthly.tex:6408: Misplaced \noalign.
\hline ->\noalign 
                  {\ifnum 0=`}\fi \let \hskip \vskip \let \vrule \hrule \let...
l.6408   \end{tabularx}
                       
I expect to see \noalign only after the \cr of
an alignment. Proceed, and I'll ignore this case.

./monthly.tex:6408: Misplaced \noalign.
\hline ->\noalign 
                  {\ifnum 0=`}\fi \let \hskip \vskip \let \vrule \hrule \let...
l.6408   \end{tabularx}
                       
I expect to see \noalign only after the \cr of
an alignment. Proceed, and I'll ignore this case.

./monthly.tex:6408: Misplaced \noalign.
\hline ->\noalign 
                  {\ifnum 0=`}\fi \let \hskip \vskip \let \vrule \hrule \let...
l.6408   \end{tabularx}
                       
I expect to see \noalign only after the \cr of
an alignment. Proceed, and I'll ignore this case.

./monthly.tex:6408: Misplaced \noalign.
\hline ->\noalign 
                  {\ifnum 0=`}\fi \let \hskip \vskip \let \vrule \hrule \let...
l.6408   \end{tabularx}
                       
I expect to see \noalign only after the \cr of
an alignment. Proceed, and I'll ignore this case.

./monthly.tex:6408: Misplaced \noalign.
\hline ->\noalign 
                  {\ifnum 0=`}\fi \let \hskip \vskip \let \vrule \hrule \let...
l.6408   \end{tabularx}
                       
I expect to see \noalign only after the \cr of
an alignment. Proceed, and I'll ignore this case.

./monthly.tex:6408: Misplaced \noalign.
\hline ->\noalign 
                  {\ifnum 0=`}\fi \let \hskip \vskip \let \vrule \hrule \let...
l.6408   \end{tabularx}
                       
I expect to see \noalign only after the \cr of
an alignment. Proceed, and I'll ignore this case.

./monthly.tex:6408: Misplaced \noalign.
\hline ->\noalign 
                  {\ifnum 0=`}\fi \let \hskip \vskip \let \vrule \hrule \let...
l.6408   \end{tabularx}
                       
I expect to see \noalign only after the \cr of
an alignment. Proceed, and I'll ignore this case.

./monthly.tex:6408: Misplaced \noalign.
\hline ->\noalign 
                  {\ifnum 0=`}\fi \let \hskip \vskip \let \vrule \hrule \let...
l.6408   \end{tabularx}
                       
I expect to see \noalign only after the \cr of
an alignment. Proceed, and I'll ignore this case.

./monthly.tex:6408: Misplaced \noalign.
\hline ->\noalign 
                  {\ifnum 0=`}\fi \let \hskip \vskip \let \vrule \hrule \let...
l.6408   \end{tabularx}
                       
I expect to see \noalign only after the \cr of
an alignment. Proceed, and I'll ignore this case.

./monthly.tex:6408: Misplaced \noalign.
\hline ->\noalign 
                  {\ifnum 0=`}\fi \let \hskip \vskip \let \vrule \hrule \let...
l.6408   \end{tabularx}
                       
I expect to see \noalign only after the \cr of
an alignment. Proceed, and I'll ignore this case.

./monthly.tex:6408: Misplaced \noalign.
\hline ->\noalign 
                  {\ifnum 0=`}\fi \let \hskip \vskip \let \vrule \hrule \let...
l.6408   \end{tabularx}
                       
I expect to see \noalign only after the \cr of
an alignment. Proceed, and I'll ignore this case.

./monthly.tex:6408: Misplaced \noalign.
\hline ->\noalign 
                  {\ifnum 0=`}\fi \let \hskip \vskip \let \vrule \hrule \let...
l.6408   \end{tabularx}
                       
I expect to see \noalign only after the \cr of
an alignment. Proceed, and I'll ignore this case.

./monthly.tex:6408: Misplaced \noalign.
\hline ->\noalign 
                  {\ifnum 0=`}\fi \let \hskip \vskip \let \vrule \hrule \let...
l.6408   \end{tabularx}
                       
I expect to see \noalign only after the \cr of
an alignment. Proceed, and I'll ignore this case.

./monthly.tex:6408: Misplaced \noalign.
\hline ->\noalign 
                  {\ifnum 0=`}\fi \let \hskip \vskip \let \vrule \hrule \let...
l.6408   \end{tabularx}
                       
I expect to see \noalign only after the \cr of
an alignment. Proceed, and I'll ignore this case.

./monthly.tex:6408: Misplaced \noalign.
\hline ->\noalign 
                  {\ifnum 0=`}\fi \let \hskip \vskip \let \vrule \hrule \let...
l.6408   \end{tabularx}
                       
I expect to see \noalign only after the \cr of
an alignment. Proceed, and I'll ignore this case.

./monthly.tex:6408: Misplaced \noalign.
\hline ->\noalign 
                  {\ifnum 0=`}\fi \let \hskip \vskip \let \vrule \hrule \let...
l.6408   \end{tabularx}
                       
I expect to see \noalign only after the \cr of
an alignment. Proceed, and I'll ignore this case.

./monthly.tex:6408: Misplaced \noalign.
\hline ->\noalign 
                  {\ifnum 0=`}\fi \let \hskip \vskip \let \vrule \hrule \let...
l.6408   \end{tabularx}
                       
I expect to see \noalign only after the \cr of
an alignment. Proceed, and I'll ignore this case.

./monthly.tex:6408: Misplaced \noalign.
\hline ->\noalign 
                  {\ifnum 0=`}\fi \let \hskip \vskip \let \vrule \hrule \let...
l.6408   \end{tabularx}
                       
I expect to see \noalign only after the \cr of
an alignment. Proceed, and I'll ignore this case.

./monthly.tex:6408: Misplaced \noalign.
\hline ->\noalign 
                  {\ifnum 0=`}\fi \let \hskip \vskip \let \vrule \hrule \let...
l.6408   \end{tabularx}
                       
I expect to see \noalign only after the \cr of
an alignment. Proceed, and I'll ignore this case.

./monthly.tex:6408: Misplaced \noalign.
\hline ->\noalign 
                  {\ifnum 0=`}\fi \let \hskip \vskip \let \vrule \hrule \let...
l.6408   \end{tabularx}
                       
I expect to see \noalign only after the \cr of
an alignment. Proceed, and I'll ignore this case.

./monthly.tex:6408: Misplaced \noalign.
\hline ->\noalign 
                  {\ifnum 0=`}\fi \let \hskip \vskip \let \vrule \hrule \let...
l.6408   \end{tabularx}
                       
I expect to see \noalign only after the \cr of
an alignment. Proceed, and I'll ignore this case.

./monthly.tex:6408: Misplaced \noalign.
\hline ->\noalign 
                  {\ifnum 0=`}\fi \let \hskip \vskip \let \vrule \hrule \let...
l.6408   \end{tabularx}
                       
I expect to see \noalign only after the \cr of
an alignment. Proceed, and I'll ignore this case.

./monthly.tex:6408: Misplaced \noalign.
\hline ->\noalign 
                  {\ifnum 0=`}\fi \let \hskip \vskip \let \vrule \hrule \let...
l.6408   \end{tabularx}
                       
I expect to see \noalign only after the \cr of
an alignment. Proceed, and I'll ignore this case.

./monthly.tex:6408: Misplaced \noalign.
\hline ->\noalign 
                  {\ifnum 0=`}\fi \let \hskip \vskip \let \vrule \hrule \let...
l.6408   \end{tabularx}
                       
I expect to see \noalign only after the \cr of
an alignment. Proceed, and I'll ignore this case.

./monthly.tex:6408: Misplaced \noalign.
\hline ->\noalign 
                  {\ifnum 0=`}\fi \let \hskip \vskip \let \vrule \hrule \let...
l.6408   \end{tabularx}
                       
I expect to see \noalign only after the \cr of
an alignment. Proceed, and I'll ignore this case.

./monthly.tex:6408: Misplaced \noalign.
\hline ->\noalign 
                  {\ifnum 0=`}\fi \let \hskip \vskip \let \vrule \hrule \let...
l.6408   \end{tabularx}
                       
I expect to see \noalign only after the \cr of
an alignment. Proceed, and I'll ignore this case.

./monthly.tex:6408: Misplaced \noalign.
\hline ->\noalign 
                  {\ifnum 0=`}\fi \let \hskip \vskip \let \vrule \hrule \let...
l.6408   \end{tabularx}
                       
I expect to see \noalign only after the \cr of
an alignment. Proceed, and I'll ignore this case.

./monthly.tex:6408: Misplaced \noalign.
\hline ->\noalign 
                  {\ifnum 0=`}\fi \let \hskip \vskip \let \vrule \hrule \let...
l.6408   \end{tabularx}
                       
I expect to see \noalign only after the \cr of
an alignment. Proceed, and I'll ignore this case.

./monthly.tex:6408: Misplaced \noalign.
\hline ->\noalign 
                  {\ifnum 0=`}\fi \let \hskip \vskip \let \vrule \hrule \let...
l.6408   \end{tabularx}
                       
I expect to see \noalign only after the \cr of
an alignment. Proceed, and I'll ignore this case.

./monthly.tex:6408: Misplaced \noalign.
\hline ->\noalign 
                  {\ifnum 0=`}\fi \let \hskip \vskip \let \vrule \hrule \let...
l.6408   \end{tabularx}
                       
I expect to see \noalign only after the \cr of
an alignment. Proceed, and I'll ignore this case.

./monthly.tex:6408: Misplaced \noalign.
\hline ->\noalign 
                  {\ifnum 0=`}\fi \let \hskip \vskip \let \vrule \hrule \let...
l.6408   \end{tabularx}
                       
I expect to see \noalign only after the \cr of
an alignment. Proceed, and I'll ignore this case.

./monthly.tex:6408: Misplaced \noalign.
\hline ->\noalign 
                  {\ifnum 0=`}\fi \let \hskip \vskip \let \vrule \hrule \let...
l.6408   \end{tabularx}
                       
I expect to see \noalign only after the \cr of
an alignment. Proceed, and I'll ignore this case.

./monthly.tex:6408: Misplaced \noalign.
\hline ->\noalign 
                  {\ifnum 0=`}\fi \let \hskip \vskip \let \vrule \hrule \let...
l.6408   \end{tabularx}
                       
I expect to see \noalign only after the \cr of
an alignment. Proceed, and I'll ignore this case.

./monthly.tex:6408: Misplaced \noalign.
\hline ->\noalign 
                  {\ifnum 0=`}\fi \let \hskip \vskip \let \vrule \hrule \let...
l.6408   \end{tabularx}
                       
I expect to see \noalign only after the \cr of
an alignment. Proceed, and I'll ignore this case.

./monthly.tex:6408: Misplaced \noalign.
\hline ->\noalign 
                  {\ifnum 0=`}\fi \let \hskip \vskip \let \vrule \hrule \let...
l.6408   \end{tabularx}
                       
I expect to see \noalign only after the \cr of
an alignment. Proceed, and I'll ignore this case.

./monthly.tex:6408: Misplaced \noalign.
\hline ->\noalign 
                  {\ifnum 0=`}\fi \let \hskip \vskip \let \vrule \hrule \let...
l.6408   \end{tabularx}
                       
I expect to see \noalign only after the \cr of
an alignment. Proceed, and I'll ignore this case.

./monthly.tex:6408: Misplaced \noalign.
\hline ->\noalign 
                  {\ifnum 0=`}\fi \let \hskip \vskip \let \vrule \hrule \let...
l.6408   \end{tabularx}
                       
I expect to see \noalign only after the \cr of
an alignment. Proceed, and I'll ignore this case.

./monthly.tex:6408: Misplaced \noalign.
\hline ->\noalign 
                  {\ifnum 0=`}\fi \let \hskip \vskip \let \vrule \hrule \let...
l.6408   \end{tabularx}
                       
I expect to see \noalign only after the \cr of
an alignment. Proceed, and I'll ignore this case.

./monthly.tex:6408: Misplaced \noalign.
\hline ->\noalign 
                  {\ifnum 0=`}\fi \let \hskip \vskip \let \vrule \hrule \let...
l.6408   \end{tabularx}
                       
I expect to see \noalign only after the \cr of
an alignment. Proceed, and I'll ignore this case.

./monthly.tex:6408: Misplaced \noalign.
\hline ->\noalign 
                  {\ifnum 0=`}\fi \let \hskip \vskip \let \vrule \hrule \let...
l.6408   \end{tabularx}
                       
I expect to see \noalign only after the \cr of
an alignment. Proceed, and I'll ignore this case.

./monthly.tex:6408: Misplaced \noalign.
\hline ->\noalign 
                  {\ifnum 0=`}\fi \let \hskip \vskip \let \vrule \hrule \let...
l.6408   \end{tabularx}
                       
I expect to see \noalign only after the \cr of
an alignment. Proceed, and I'll ignore this case.

./monthly.tex:6408: Misplaced \noalign.
\hline ->\noalign 
                  {\ifnum 0=`}\fi \let \hskip \vskip \let \vrule \hrule \let...
l.6408   \end{tabularx}
                       
I expect to see \noalign only after the \cr of
an alignment. Proceed, and I'll ignore this case.

./monthly.tex:6408: Misplaced \noalign.
\hline ->\noalign 
                  {\ifnum 0=`}\fi \let \hskip \vskip \let \vrule \hrule \let...
l.6408   \end{tabularx}
                       
I expect to see \noalign only after the \cr of
an alignment. Proceed, and I'll ignore this case.

./monthly.tex:6408: Misplaced \noalign.
\hline ->\noalign 
                  {\ifnum 0=`}\fi \let \hskip \vskip \let \vrule \hrule \let...
l.6408   \end{tabularx}
                       
I expect to see \noalign only after the \cr of
an alignment. Proceed, and I'll ignore this case.

./monthly.tex:6408: Misplaced \noalign.
\hline ->\noalign 
                  {\ifnum 0=`}\fi \let \hskip \vskip \let \vrule \hrule \let...
l.6408   \end{tabularx}
                       
I expect to see \noalign only after the \cr of
an alignment. Proceed, and I'll ignore this case.

./monthly.tex:6408: Misplaced \noalign.
\hline ->\noalign 
                  {\ifnum 0=`}\fi \let \hskip \vskip \let \vrule \hrule \let...
l.6408   \end{tabularx}
                       
I expect to see \noalign only after the \cr of
an alignment. Proceed, and I'll ignore this case.

./monthly.tex:6408: Misplaced \noalign.
\hline ->\noalign 
                  {\ifnum 0=`}\fi \let \hskip \vskip \let \vrule \hrule \let...
l.6408   \end{tabularx}
                       
I expect to see \noalign only after the \cr of
an alignment. Proceed, and I'll ignore this case.

./monthly.tex:6408: Misplaced \noalign.
\hline ->\noalign 
                  {\ifnum 0=`}\fi \let \hskip \vskip \let \vrule \hrule \let...
l.6408   \end{tabularx}
                       
I expect to see \noalign only after the \cr of
an alignment. Proceed, and I'll ignore this case.

./monthly.tex:6408: Misplaced \noalign.
\hline ->\noalign 
                  {\ifnum 0=`}\fi \let \hskip \vskip \let \vrule \hrule \let...
l.6408   \end{tabularx}
                       
I expect to see \noalign only after the \cr of
an alignment. Proceed, and I'll ignore this case.

./monthly.tex:6408: Misplaced \noalign.
\hline ->\noalign 
                  {\ifnum 0=`}\fi \let \hskip \vskip \let \vrule \hrule \let...
l.6408   \end{tabularx}
                       
I expect to see \noalign only after the \cr of
an alignment. Proceed, and I'll ignore this case.

./monthly.tex:6408: Misplaced \noalign.
\hline ->\noalign 
                  {\ifnum 0=`}\fi \let \hskip \vskip \let \vrule \hrule \let...
l.6408   \end{tabularx}
                       
I expect to see \noalign only after the \cr of
an alignment. Proceed, and I'll ignore this case.

./monthly.tex:6408: Misplaced \noalign.
\hline ->\noalign 
                  {\ifnum 0=`}\fi \let \hskip \vskip \let \vrule \hrule \let...
l.6408   \end{tabularx}
                       
I expect to see \noalign only after the \cr of
an alignment. Proceed, and I'll ignore this case.

./monthly.tex:6408: Misplaced \noalign.
\hline ->\noalign 
                  {\ifnum 0=`}\fi \let \hskip \vskip \let \vrule \hrule \let...
l.6408   \end{tabularx}
                       
I expect to see \noalign only after the \cr of
an alignment. Proceed, and I'll ignore this case.

./monthly.tex:6408: Misplaced \noalign.
\hline ->\noalign 
                  {\ifnum 0=`}\fi \let \hskip \vskip \let \vrule \hrule \let...
l.6408   \end{tabularx}
                       
I expect to see \noalign only after the \cr of
an alignment. Proceed, and I'll ignore this case.

./monthly.tex:6408: Misplaced \noalign.
\hline ->\noalign 
                  {\ifnum 0=`}\fi \let \hskip \vskip \let \vrule \hrule \let...
l.6408   \end{tabularx}
                       
I expect to see \noalign only after the \cr of
an alignment. Proceed, and I'll ignore this case.

./monthly.tex:6408: Misplaced \noalign.
\hline ->\noalign 
                  {\ifnum 0=`}\fi \let \hskip \vskip \let \vrule \hrule \let...
l.6408   \end{tabularx}
                       
I expect to see \noalign only after the \cr of
an alignment. Proceed, and I'll ignore this case.


Overfull \hbox (170.64024pt too wide) in paragraph at lines 6408--6408
[]|[][][] 
 []

./monthly.tex:6408: Misplaced \noalign.
\hline ->\noalign 
                  {\ifnum 0=`}\fi \let \hskip \vskip \let \vrule \hrule \let...
l.6408   \end{tabularx}
                       
I expect to see \noalign only after the \cr of
an alignment. Proceed, and I'll ignore this case.

./monthly.tex:6408: Misplaced \noalign.
\hline ->\noalign 
                  {\ifnum 0=`}\fi \let \hskip \vskip \let \vrule \hrule \let...
l.6408   \end{tabularx}
                       
I expect to see \noalign only after the \cr of
an alignment. Proceed, and I'll ignore this case.

./monthly.tex:6408: Misplaced \noalign.
\hline ->\noalign 
                  {\ifnum 0=`}\fi \let \hskip \vskip \let \vrule \hrule \let...
l.6408   \end{tabularx}
                       
I expect to see \noalign only after the \cr of
an alignment. Proceed, and I'll ignore this case.

./monthly.tex:6408: Misplaced \noalign.
\hline ->\noalign 
                  {\ifnum 0=`}\fi \let \hskip \vskip \let \vrule \hrule \let...
l.6408   \end{tabularx}
                       
I expect to see \noalign only after the \cr of
an alignment. Proceed, and I'll ignore this case.

./monthly.tex:6408: Misplaced \noalign.
\hline ->\noalign 
                  {\ifnum 0=`}\fi \let \hskip \vskip \let \vrule \hrule \let...
l.6408   \end{tabularx}
                       
I expect to see \noalign only after the \cr of
an alignment. Proceed, and I'll ignore this case.

./monthly.tex:6408: Misplaced \noalign.
\hline ->\noalign 
                  {\ifnum 0=`}\fi \let \hskip \vskip \let \vrule \hrule \let...
l.6408   \end{tabularx}
                       
I expect to see \noalign only after the \cr of
an alignment. Proceed, and I'll ignore this case.

./monthly.tex:6408: Misplaced \noalign.
\hline ->\noalign 
                  {\ifnum 0=`}\fi \let \hskip \vskip \let \vrule \hrule \let...
l.6408   \end{tabularx}
                       
I expect to see \noalign only after the \cr of
an alignment. Proceed, and I'll ignore this case.

./monthly.tex:6408: Misplaced \noalign.
\hline ->\noalign 
                  {\ifnum 0=`}\fi \let \hskip \vskip \let \vrule \hrule \let...
l.6408   \end{tabularx}
                       
I expect to see \noalign only after the \cr of
an alignment. Proceed, and I'll ignore this case.

./monthly.tex:6408: Misplaced \noalign.
\hline ->\noalign 
                  {\ifnum 0=`}\fi \let \hskip \vskip \let \vrule \hrule \let...
l.6408   \end{tabularx}
                       
I expect to see \noalign only after the \cr of
an alignment. Proceed, and I'll ignore this case.

./monthly.tex:6408: Misplaced \noalign.
\hline ->\noalign 
                  {\ifnum 0=`}\fi \let \hskip \vskip \let \vrule \hrule \let...
l.6408   \end{tabularx}
                       
I expect to see \noalign only after the \cr of
an alignment. Proceed, and I'll ignore this case.

./monthly.tex:6408: Misplaced \noalign.
\hline ->\noalign 
                  {\ifnum 0=`}\fi \let \hskip \vskip \let \vrule \hrule \let...
l.6408   \end{tabularx}
                       
I expect to see \noalign only after the \cr of
an alignment. Proceed, and I'll ignore this case.

./monthly.tex:6408: Misplaced \noalign.
\hline ->\noalign 
                  {\ifnum 0=`}\fi \let \hskip \vskip \let \vrule \hrule \let...
l.6408   \end{tabularx}
                       
I expect to see \noalign only after the \cr of
an alignment. Proceed, and I'll ignore this case.

./monthly.tex:6408: Misplaced \noalign.
\hline ->\noalign 
                  {\ifnum 0=`}\fi \let \hskip \vskip \let \vrule \hrule \let...
l.6408   \end{tabularx}
                       
I expect to see \noalign only after the \cr of
an alignment. Proceed, and I'll ignore this case.

./monthly.tex:6408: Misplaced \noalign.
\hline ->\noalign 
                  {\ifnum 0=`}\fi \let \hskip \vskip \let \vrule \hrule \let...
l.6408   \end{tabularx}
                       
I expect to see \noalign only after the \cr of
an alignment. Proceed, and I'll ignore this case.

./monthly.tex:6408: Misplaced \noalign.
\hline ->\noalign 
                  {\ifnum 0=`}\fi \let \hskip \vskip \let \vrule \hrule \let...
l.6408   \end{tabularx}
                       
I expect to see \noalign only after the \cr of
an alignment. Proceed, and I'll ignore this case.


Overfull \hbox (113.76016pt too wide) in paragraph at lines 6408--6408
[]|[][][] 
 []

./monthly.tex:6408: Misplaced \noalign.
\hline ->\noalign 
                  {\ifnum 0=`}\fi \let \hskip \vskip \let \vrule \hrule \let...
l.6408   \end{tabularx}
                       
I expect to see \noalign only after the \cr of
an alignment. Proceed, and I'll ignore this case.


Overfull \hbox (56.88008pt too wide) in paragraph at lines 6408--6408
[]|[][][] 
 []

./monthly.tex:6408: Misplaced \noalign.
\hline ->\noalign 
                  {\ifnum 0=`}\fi \let \hskip \vskip \let \vrule \hrule \let...
l.6408   \end{tabularx}
                       
I expect to see \noalign only after the \cr of
an alignment. Proceed, and I'll ignore this case.

./monthly.tex:6408: Misplaced \noalign.
\hline ->\noalign 
                  {\ifnum 0=`}\fi \let \hskip \vskip \let \vrule \hrule \let...
l.6408   \end{tabularx}
                       
I expect to see \noalign only after the \cr of
an alignment. Proceed, and I'll ignore this case.

./monthly.tex:6408: Misplaced \noalign.
\hline ->\noalign 
                  {\ifnum 0=`}\fi \let \hskip \vskip \let \vrule \hrule \let...
l.6408   \end{tabularx}
                       
I expect to see \noalign only after the \cr of
an alignment. Proceed, and I'll ignore this case.

./monthly.tex:6408: Misplaced \noalign.
\hline ->\noalign 
                  {\ifnum 0=`}\fi \let \hskip \vskip \let \vrule \hrule \let...
l.6408   \end{tabularx}
                       
I expect to see \noalign only after the \cr of
an alignment. Proceed, and I'll ignore this case.


Overfull \hbox (227.52032pt too wide) in paragraph at lines 6408--6408
[]|[][][] 
 []

./monthly.tex:6408: Misplaced \noalign.
\hline ->\noalign 
                  {\ifnum 0=`}\fi \let \hskip \vskip \let \vrule \hrule \let...
l.6408   \end{tabularx}
                       
I expect to see \noalign only after the \cr of
an alignment. Proceed, and I'll ignore this case.

./monthly.tex:6408: Misplaced \noalign.
\hline ->\noalign 
                  {\ifnum 0=`}\fi \let \hskip \vskip \let \vrule \hrule \let...
l.6408   \end{tabularx}
                       
I expect to see \noalign only after the \cr of
an alignment. Proceed, and I'll ignore this case.

./monthly.tex:6408: Misplaced \noalign.
\hline ->\noalign 
                  {\ifnum 0=`}\fi \let \hskip \vskip \let \vrule \hrule \let...
l.6408   \end{tabularx}
                       
I expect to see \noalign only after the \cr of
an alignment. Proceed, and I'll ignore this case.

./monthly.tex:6408: Misplaced \noalign.
\hline ->\noalign 
                  {\ifnum 0=`}\fi \let \hskip \vskip \let \vrule \hrule \let...
l.6408   \end{tabularx}
                       
I expect to see \noalign only after the \cr of
an alignment. Proceed, and I'll ignore this case.

./monthly.tex:6408: Misplaced \noalign.
\hline ->\noalign 
                  {\ifnum 0=`}\fi \let \hskip \vskip \let \vrule \hrule \let...
l.6408   \end{tabularx}
                       
I expect to see \noalign only after the \cr of
an alignment. Proceed, and I'll ignore this case.

./monthly.tex:6408: Misplaced \noalign.
\hline ->\noalign 
                  {\ifnum 0=`}\fi \let \hskip \vskip \let \vrule \hrule \let...
l.6408   \end{tabularx}
                       
I expect to see \noalign only after the \cr of
an alignment. Proceed, and I'll ignore this case.

./monthly.tex:6408: Misplaced \noalign.
\hline ->\noalign 
                  {\ifnum 0=`}\fi \let \hskip \vskip \let \vrule \hrule \let...
l.6408   \end{tabularx}
                       
I expect to see \noalign only after the \cr of
an alignment. Proceed, and I'll ignore this case.

./monthly.tex:6408: Misplaced \noalign.
\hline ->\noalign 
                  {\ifnum 0=`}\fi \let \hskip \vskip \let \vrule \hrule \let...
l.6408   \end{tabularx}
                       
I expect to see \noalign only after the \cr of
an alignment. Proceed, and I'll ignore this case.

./monthly.tex:6408: Misplaced \noalign.
\hline ->\noalign 
                  {\ifnum 0=`}\fi \let \hskip \vskip \let \vrule \hrule \let...
l.6408   \end{tabularx}
                       
I expect to see \noalign only after the \cr of
an alignment. Proceed, and I'll ignore this case.

./monthly.tex:6408: Misplaced \noalign.
\hline ->\noalign 
                  {\ifnum 0=`}\fi \let \hskip \vskip \let \vrule \hrule \let...
l.6408   \end{tabularx}
                       
I expect to see \noalign only after the \cr of
an alignment. Proceed, and I'll ignore this case.


Underfull \hbox (badness 10000) in paragraph at lines 6408--6411

 []

[25]
./monthly.tex:6707: Misplaced \noalign.
\hline ->\noalign 
                  {\ifnum 0=`}\fi \let \hskip \vskip \let \vrule \hrule \let...
l.6707   \end{tabularx}
                       
I expect to see \noalign only after the \cr of
an alignment. Proceed, and I'll ignore this case.

./monthly.tex:6707: Misplaced \noalign.
\hline ->\noalign 
                  {\ifnum 0=`}\fi \let \hskip \vskip \let \vrule \hrule \let...
l.6707   \end{tabularx}
                       
I expect to see \noalign only after the \cr of
an alignment. Proceed, and I'll ignore this case.

./monthly.tex:6707: Misplaced \noalign.
\hline ->\noalign 
                  {\ifnum 0=`}\fi \let \hskip \vskip \let \vrule \hrule \let...
l.6707   \end{tabularx}
                       
I expect to see \noalign only after the \cr of
an alignment. Proceed, and I'll ignore this case.

./monthly.tex:6707: Misplaced \noalign.
\hline ->\noalign 
                  {\ifnum 0=`}\fi \let \hskip \vskip \let \vrule \hrule \let...
l.6707   \end{tabularx}
                       
I expect to see \noalign only after the \cr of
an alignment. Proceed, and I'll ignore this case.

./monthly.tex:6707: Misplaced \noalign.
\hline ->\noalign 
                  {\ifnum 0=`}\fi \let \hskip \vskip \let \vrule \hrule \let...
l.6707   \end{tabularx}
                       
I expect to see \noalign only after the \cr of
an alignment. Proceed, and I'll ignore this case.

./monthly.tex:6707: Misplaced \noalign.
\hline ->\noalign 
                  {\ifnum 0=`}\fi \let \hskip \vskip \let \vrule \hrule \let...
l.6707   \end{tabularx}
                       
I expect to see \noalign only after the \cr of
an alignment. Proceed, and I'll ignore this case.

./monthly.tex:6707: Misplaced \noalign.
\hline ->\noalign 
                  {\ifnum 0=`}\fi \let \hskip \vskip \let \vrule \hrule \let...
l.6707   \end{tabularx}
                       
I expect to see \noalign only after the \cr of
an alignment. Proceed, and I'll ignore this case.

./monthly.tex:6707: Misplaced \noalign.
\hline ->\noalign 
                  {\ifnum 0=`}\fi \let \hskip \vskip \let \vrule \hrule \let...
l.6707   \end{tabularx}
                       
I expect to see \noalign only after the \cr of
an alignment. Proceed, and I'll ignore this case.

./monthly.tex:6707: Misplaced \noalign.
\hline ->\noalign 
                  {\ifnum 0=`}\fi \let \hskip \vskip \let \vrule \hrule \let...
l.6707   \end{tabularx}
                       
I expect to see \noalign only after the \cr of
an alignment. Proceed, and I'll ignore this case.

./monthly.tex:6707: Misplaced \noalign.
\hline ->\noalign 
                  {\ifnum 0=`}\fi \let \hskip \vskip \let \vrule \hrule \let...
l.6707   \end{tabularx}
                       
I expect to see \noalign only after the \cr of
an alignment. Proceed, and I'll ignore this case.

./monthly.tex:6707: Misplaced \noalign.
\hline ->\noalign 
                  {\ifnum 0=`}\fi \let \hskip \vskip \let \vrule \hrule \let...
l.6707   \end{tabularx}
                       
I expect to see \noalign only after the \cr of
an alignment. Proceed, and I'll ignore this case.

./monthly.tex:6707: Misplaced \noalign.
\hline ->\noalign 
                  {\ifnum 0=`}\fi \let \hskip \vskip \let \vrule \hrule \let...
l.6707   \end{tabularx}
                       
I expect to see \noalign only after the \cr of
an alignment. Proceed, and I'll ignore this case.

./monthly.tex:6707: Misplaced \noalign.
\hline ->\noalign 
                  {\ifnum 0=`}\fi \let \hskip \vskip \let \vrule \hrule \let...
l.6707   \end{tabularx}
                       
I expect to see \noalign only after the \cr of
an alignment. Proceed, and I'll ignore this case.

./monthly.tex:6707: Misplaced \noalign.
\hline ->\noalign 
                  {\ifnum 0=`}\fi \let \hskip \vskip \let \vrule \hrule \let...
l.6707   \end{tabularx}
                       
I expect to see \noalign only after the \cr of
an alignment. Proceed, and I'll ignore this case.

./monthly.tex:6707: Misplaced \noalign.
\hline ->\noalign 
                  {\ifnum 0=`}\fi \let \hskip \vskip \let \vrule \hrule \let...
l.6707   \end{tabularx}
                       
I expect to see \noalign only after the \cr of
an alignment. Proceed, and I'll ignore this case.

./monthly.tex:6707: Misplaced \noalign.
\hline ->\noalign 
                  {\ifnum 0=`}\fi \let \hskip \vskip \let \vrule \hrule \let...
l.6707   \end{tabularx}
                       
I expect to see \noalign only after the \cr of
an alignment. Proceed, and I'll ignore this case.

./monthly.tex:6707: Misplaced \noalign.
\hline ->\noalign 
                  {\ifnum 0=`}\fi \let \hskip \vskip \let \vrule \hrule \let...
l.6707   \end{tabularx}
                       
I expect to see \noalign only after the \cr of
an alignment. Proceed, and I'll ignore this case.

./monthly.tex:6707: Misplaced \noalign.
\hline ->\noalign 
                  {\ifnum 0=`}\fi \let \hskip \vskip \let \vrule \hrule \let...
l.6707   \end{tabularx}
                       
I expect to see \noalign only after the \cr of
an alignment. Proceed, and I'll ignore this case.

./monthly.tex:6707: Misplaced \noalign.
\hline ->\noalign 
                  {\ifnum 0=`}\fi \let \hskip \vskip \let \vrule \hrule \let...
l.6707   \end{tabularx}
                       
I expect to see \noalign only after the \cr of
an alignment. Proceed, and I'll ignore this case.

./monthly.tex:6707: Misplaced \noalign.
\hline ->\noalign 
                  {\ifnum 0=`}\fi \let \hskip \vskip \let \vrule \hrule \let...
l.6707   \end{tabularx}
                       
I expect to see \noalign only after the \cr of
an alignment. Proceed, and I'll ignore this case.

./monthly.tex:6707: Misplaced \noalign.
\hline ->\noalign 
                  {\ifnum 0=`}\fi \let \hskip \vskip \let \vrule \hrule \let...
l.6707   \end{tabularx}
                       
I expect to see \noalign only after the \cr of
an alignment. Proceed, and I'll ignore this case.

./monthly.tex:6707: Misplaced \noalign.
\hline ->\noalign 
                  {\ifnum 0=`}\fi \let \hskip \vskip \let \vrule \hrule \let...
l.6707   \end{tabularx}
                       
I expect to see \noalign only after the \cr of
an alignment. Proceed, and I'll ignore this case.

./monthly.tex:6707: Misplaced \noalign.
\hline ->\noalign 
                  {\ifnum 0=`}\fi \let \hskip \vskip \let \vrule \hrule \let...
l.6707   \end{tabularx}
                       
I expect to see \noalign only after the \cr of
an alignment. Proceed, and I'll ignore this case.

./monthly.tex:6707: Misplaced \noalign.
\hline ->\noalign 
                  {\ifnum 0=`}\fi \let \hskip \vskip \let \vrule \hrule \let...
l.6707   \end{tabularx}
                       
I expect to see \noalign only after the \cr of
an alignment. Proceed, and I'll ignore this case.

./monthly.tex:6707: Misplaced \noalign.
\hline ->\noalign 
                  {\ifnum 0=`}\fi \let \hskip \vskip \let \vrule \hrule \let...
l.6707   \end{tabularx}
                       
I expect to see \noalign only after the \cr of
an alignment. Proceed, and I'll ignore this case.

./monthly.tex:6707: Misplaced \noalign.
\hline ->\noalign 
                  {\ifnum 0=`}\fi \let \hskip \vskip \let \vrule \hrule \let...
l.6707   \end{tabularx}
                       
I expect to see \noalign only after the \cr of
an alignment. Proceed, and I'll ignore this case.

./monthly.tex:6707: Misplaced \noalign.
\hline ->\noalign 
                  {\ifnum 0=`}\fi \let \hskip \vskip \let \vrule \hrule \let...
l.6707   \end{tabularx}
                       
I expect to see \noalign only after the \cr of
an alignment. Proceed, and I'll ignore this case.

./monthly.tex:6707: Misplaced \noalign.
\hline ->\noalign 
                  {\ifnum 0=`}\fi \let \hskip \vskip \let \vrule \hrule \let...
l.6707   \end{tabularx}
                       
I expect to see \noalign only after the \cr of
an alignment. Proceed, and I'll ignore this case.

./monthly.tex:6707: Misplaced \noalign.
\hline ->\noalign 
                  {\ifnum 0=`}\fi \let \hskip \vskip \let \vrule \hrule \let...
l.6707   \end{tabularx}
                       
I expect to see \noalign only after the \cr of
an alignment. Proceed, and I'll ignore this case.

./monthly.tex:6707: Misplaced \noalign.
\hline ->\noalign 
                  {\ifnum 0=`}\fi \let \hskip \vskip \let \vrule \hrule \let...
l.6707   \end{tabularx}
                       
I expect to see \noalign only after the \cr of
an alignment. Proceed, and I'll ignore this case.

./monthly.tex:6707: Misplaced \noalign.
\hline ->\noalign 
                  {\ifnum 0=`}\fi \let \hskip \vskip \let \vrule \hrule \let...
l.6707   \end{tabularx}
                       
I expect to see \noalign only after the \cr of
an alignment. Proceed, and I'll ignore this case.

./monthly.tex:6707: Misplaced \noalign.
\hline ->\noalign 
                  {\ifnum 0=`}\fi \let \hskip \vskip \let \vrule \hrule \let...
l.6707   \end{tabularx}
                       
I expect to see \noalign only after the \cr of
an alignment. Proceed, and I'll ignore this case.

./monthly.tex:6707: Misplaced \noalign.
\hline ->\noalign 
                  {\ifnum 0=`}\fi \let \hskip \vskip \let \vrule \hrule \let...
l.6707   \end{tabularx}
                       
I expect to see \noalign only after the \cr of
an alignment. Proceed, and I'll ignore this case.

./monthly.tex:6707: Misplaced \noalign.
\hline ->\noalign 
                  {\ifnum 0=`}\fi \let \hskip \vskip \let \vrule \hrule \let...
l.6707   \end{tabularx}
                       
I expect to see \noalign only after the \cr of
an alignment. Proceed, and I'll ignore this case.

./monthly.tex:6707: Misplaced \noalign.
\hline ->\noalign 
                  {\ifnum 0=`}\fi \let \hskip \vskip \let \vrule \hrule \let...
l.6707   \end{tabularx}
                       
I expect to see \noalign only after the \cr of
an alignment. Proceed, and I'll ignore this case.

./monthly.tex:6707: Misplaced \noalign.
\hline ->\noalign 
                  {\ifnum 0=`}\fi \let \hskip \vskip \let \vrule \hrule \let...
l.6707   \end{tabularx}
                       
I expect to see \noalign only after the \cr of
an alignment. Proceed, and I'll ignore this case.

./monthly.tex:6707: Misplaced \noalign.
\hline ->\noalign 
                  {\ifnum 0=`}\fi \let \hskip \vskip \let \vrule \hrule \let...
l.6707   \end{tabularx}
                       
I expect to see \noalign only after the \cr of
an alignment. Proceed, and I'll ignore this case.

./monthly.tex:6707: Misplaced \noalign.
\hline ->\noalign 
                  {\ifnum 0=`}\fi \let \hskip \vskip \let \vrule \hrule \let...
l.6707   \end{tabularx}
                       
I expect to see \noalign only after the \cr of
an alignment. Proceed, and I'll ignore this case.

./monthly.tex:6707: Misplaced \noalign.
\hline ->\noalign 
                  {\ifnum 0=`}\fi \let \hskip \vskip \let \vrule \hrule \let...
l.6707   \end{tabularx}
                       
I expect to see \noalign only after the \cr of
an alignment. Proceed, and I'll ignore this case.

./monthly.tex:6707: Misplaced \noalign.
\hline ->\noalign 
                  {\ifnum 0=`}\fi \let \hskip \vskip \let \vrule \hrule \let...
l.6707   \end{tabularx}
                       
I expect to see \noalign only after the \cr of
an alignment. Proceed, and I'll ignore this case.

./monthly.tex:6707: Misplaced \noalign.
\hline ->\noalign 
                  {\ifnum 0=`}\fi \let \hskip \vskip \let \vrule \hrule \let...
l.6707   \end{tabularx}
                       
I expect to see \noalign only after the \cr of
an alignment. Proceed, and I'll ignore this case.

./monthly.tex:6707: Misplaced \noalign.
\hline ->\noalign 
                  {\ifnum 0=`}\fi \let \hskip \vskip \let \vrule \hrule \let...
l.6707   \end{tabularx}
                       
I expect to see \noalign only after the \cr of
an alignment. Proceed, and I'll ignore this case.

./monthly.tex:6707: Misplaced \noalign.
\hline ->\noalign 
                  {\ifnum 0=`}\fi \let \hskip \vskip \let \vrule \hrule \let...
l.6707   \end{tabularx}
                       
I expect to see \noalign only after the \cr of
an alignment. Proceed, and I'll ignore this case.

./monthly.tex:6707: Misplaced \noalign.
\hline ->\noalign 
                  {\ifnum 0=`}\fi \let \hskip \vskip \let \vrule \hrule \let...
l.6707   \end{tabularx}
                       
I expect to see \noalign only after the \cr of
an alignment. Proceed, and I'll ignore this case.

./monthly.tex:6707: Misplaced \noalign.
\hline ->\noalign 
                  {\ifnum 0=`}\fi \let \hskip \vskip \let \vrule \hrule \let...
l.6707   \end{tabularx}
                       
I expect to see \noalign only after the \cr of
an alignment. Proceed, and I'll ignore this case.

./monthly.tex:6707: Misplaced \noalign.
\hline ->\noalign 
                  {\ifnum 0=`}\fi \let \hskip \vskip \let \vrule \hrule \let...
l.6707   \end{tabularx}
                       
I expect to see \noalign only after the \cr of
an alignment. Proceed, and I'll ignore this case.

./monthly.tex:6707: Misplaced \noalign.
\hline ->\noalign 
                  {\ifnum 0=`}\fi \let \hskip \vskip \let \vrule \hrule \let...
l.6707   \end{tabularx}
                       
I expect to see \noalign only after the \cr of
an alignment. Proceed, and I'll ignore this case.

./monthly.tex:6707: Misplaced \noalign.
\hline ->\noalign 
                  {\ifnum 0=`}\fi \let \hskip \vskip \let \vrule \hrule \let...
l.6707   \end{tabularx}
                       
I expect to see \noalign only after the \cr of
an alignment. Proceed, and I'll ignore this case.

./monthly.tex:6707: Misplaced \noalign.
\hline ->\noalign 
                  {\ifnum 0=`}\fi \let \hskip \vskip \let \vrule \hrule \let...
l.6707   \end{tabularx}
                       
I expect to see \noalign only after the \cr of
an alignment. Proceed, and I'll ignore this case.

./monthly.tex:6707: Misplaced \noalign.
\hline ->\noalign 
                  {\ifnum 0=`}\fi \let \hskip \vskip \let \vrule \hrule \let...
l.6707   \end{tabularx}
                       
I expect to see \noalign only after the \cr of
an alignment. Proceed, and I'll ignore this case.

./monthly.tex:6707: Misplaced \noalign.
\hline ->\noalign 
                  {\ifnum 0=`}\fi \let \hskip \vskip \let \vrule \hrule \let...
l.6707   \end{tabularx}
                       
I expect to see \noalign only after the \cr of
an alignment. Proceed, and I'll ignore this case.

./monthly.tex:6707: Misplaced \noalign.
\hline ->\noalign 
                  {\ifnum 0=`}\fi \let \hskip \vskip \let \vrule \hrule \let...
l.6707   \end{tabularx}
                       
I expect to see \noalign only after the \cr of
an alignment. Proceed, and I'll ignore this case.

./monthly.tex:6707: Misplaced \noalign.
\hline ->\noalign 
                  {\ifnum 0=`}\fi \let \hskip \vskip \let \vrule \hrule \let...
l.6707   \end{tabularx}
                       
I expect to see \noalign only after the \cr of
an alignment. Proceed, and I'll ignore this case.

./monthly.tex:6707: Misplaced \noalign.
\hline ->\noalign 
                  {\ifnum 0=`}\fi \let \hskip \vskip \let \vrule \hrule \let...
l.6707   \end{tabularx}
                       
I expect to see \noalign only after the \cr of
an alignment. Proceed, and I'll ignore this case.

./monthly.tex:6707: Misplaced \noalign.
\hline ->\noalign 
                  {\ifnum 0=`}\fi \let \hskip \vskip \let \vrule \hrule \let...
l.6707   \end{tabularx}
                       
I expect to see \noalign only after the \cr of
an alignment. Proceed, and I'll ignore this case.

./monthly.tex:6707: Misplaced \noalign.
\hline ->\noalign 
                  {\ifnum 0=`}\fi \let \hskip \vskip \let \vrule \hrule \let...
l.6707   \end{tabularx}
                       
I expect to see \noalign only after the \cr of
an alignment. Proceed, and I'll ignore this case.

./monthly.tex:6707: Misplaced \noalign.
\hline ->\noalign 
                  {\ifnum 0=`}\fi \let \hskip \vskip \let \vrule \hrule \let...
l.6707   \end{tabularx}
                       
I expect to see \noalign only after the \cr of
an alignment. Proceed, and I'll ignore this case.

./monthly.tex:6707: Misplaced \noalign.
\hline ->\noalign 
                  {\ifnum 0=`}\fi \let \hskip \vskip \let \vrule \hrule \let...
l.6707   \end{tabularx}
                       
I expect to see \noalign only after the \cr of
an alignment. Proceed, and I'll ignore this case.

./monthly.tex:6707: Misplaced \noalign.
\hline ->\noalign 
                  {\ifnum 0=`}\fi \let \hskip \vskip \let \vrule \hrule \let...
l.6707   \end{tabularx}
                       
I expect to see \noalign only after the \cr of
an alignment. Proceed, and I'll ignore this case.

./monthly.tex:6707: Misplaced \noalign.
\hline ->\noalign 
                  {\ifnum 0=`}\fi \let \hskip \vskip \let \vrule \hrule \let...
l.6707   \end{tabularx}
                       
I expect to see \noalign only after the \cr of
an alignment. Proceed, and I'll ignore this case.

./monthly.tex:6707: Misplaced \noalign.
\hline ->\noalign 
                  {\ifnum 0=`}\fi \let \hskip \vskip \let \vrule \hrule \let...
l.6707   \end{tabularx}
                       
I expect to see \noalign only after the \cr of
an alignment. Proceed, and I'll ignore this case.

./monthly.tex:6707: Misplaced \noalign.
\hline ->\noalign 
                  {\ifnum 0=`}\fi \let \hskip \vskip \let \vrule \hrule \let...
l.6707   \end{tabularx}
                       
I expect to see \noalign only after the \cr of
an alignment. Proceed, and I'll ignore this case.

./monthly.tex:6707: Misplaced \noalign.
\hline ->\noalign 
                  {\ifnum 0=`}\fi \let \hskip \vskip \let \vrule \hrule \let...
l.6707   \end{tabularx}
                       
I expect to see \noalign only after the \cr of
an alignment. Proceed, and I'll ignore this case.

./monthly.tex:6707: Misplaced \noalign.
\hline ->\noalign 
                  {\ifnum 0=`}\fi \let \hskip \vskip \let \vrule \hrule \let...
l.6707   \end{tabularx}
                       
I expect to see \noalign only after the \cr of
an alignment. Proceed, and I'll ignore this case.

./monthly.tex:6707: Misplaced \noalign.
\hline ->\noalign 
                  {\ifnum 0=`}\fi \let \hskip \vskip \let \vrule \hrule \let...
l.6707   \end{tabularx}
                       
I expect to see \noalign only after the \cr of
an alignment. Proceed, and I'll ignore this case.

./monthly.tex:6707: Misplaced \noalign.
\hline ->\noalign 
                  {\ifnum 0=`}\fi \let \hskip \vskip \let \vrule \hrule \let...
l.6707   \end{tabularx}
                       
I expect to see \noalign only after the \cr of
an alignment. Proceed, and I'll ignore this case.

./monthly.tex:6707: Misplaced \noalign.
\hline ->\noalign 
                  {\ifnum 0=`}\fi \let \hskip \vskip \let \vrule \hrule \let...
l.6707   \end{tabularx}
                       
I expect to see \noalign only after the \cr of
an alignment. Proceed, and I'll ignore this case.


Overfull \hbox (170.64024pt too wide) in paragraph at lines 6707--6707
[]|[][][] 
 []

./monthly.tex:6707: Misplaced \noalign.
\hline ->\noalign 
                  {\ifnum 0=`}\fi \let \hskip \vskip \let \vrule \hrule \let...
l.6707   \end{tabularx}
                       
I expect to see \noalign only after the \cr of
an alignment. Proceed, and I'll ignore this case.

./monthly.tex:6707: Misplaced \noalign.
\hline ->\noalign 
                  {\ifnum 0=`}\fi \let \hskip \vskip \let \vrule \hrule \let...
l.6707   \end{tabularx}
                       
I expect to see \noalign only after the \cr of
an alignment. Proceed, and I'll ignore this case.

./monthly.tex:6707: Misplaced \noalign.
\hline ->\noalign 
                  {\ifnum 0=`}\fi \let \hskip \vskip \let \vrule \hrule \let...
l.6707   \end{tabularx}
                       
I expect to see \noalign only after the \cr of
an alignment. Proceed, and I'll ignore this case.

./monthly.tex:6707: Misplaced \noalign.
\hline ->\noalign 
                  {\ifnum 0=`}\fi \let \hskip \vskip \let \vrule \hrule \let...
l.6707   \end{tabularx}
                       
I expect to see \noalign only after the \cr of
an alignment. Proceed, and I'll ignore this case.

./monthly.tex:6707: Misplaced \noalign.
\hline ->\noalign 
                  {\ifnum 0=`}\fi \let \hskip \vskip \let \vrule \hrule \let...
l.6707   \end{tabularx}
                       
I expect to see \noalign only after the \cr of
an alignment. Proceed, and I'll ignore this case.

./monthly.tex:6707: Misplaced \noalign.
\hline ->\noalign 
                  {\ifnum 0=`}\fi \let \hskip \vskip \let \vrule \hrule \let...
l.6707   \end{tabularx}
                       
I expect to see \noalign only after the \cr of
an alignment. Proceed, and I'll ignore this case.

./monthly.tex:6707: Misplaced \noalign.
\hline ->\noalign 
                  {\ifnum 0=`}\fi \let \hskip \vskip \let \vrule \hrule \let...
l.6707   \end{tabularx}
                       
I expect to see \noalign only after the \cr of
an alignment. Proceed, and I'll ignore this case.

./monthly.tex:6707: Misplaced \noalign.
\hline ->\noalign 
                  {\ifnum 0=`}\fi \let \hskip \vskip \let \vrule \hrule \let...
l.6707   \end{tabularx}
                       
I expect to see \noalign only after the \cr of
an alignment. Proceed, and I'll ignore this case.

./monthly.tex:6707: Misplaced \noalign.
\hline ->\noalign 
                  {\ifnum 0=`}\fi \let \hskip \vskip \let \vrule \hrule \let...
l.6707   \end{tabularx}
                       
I expect to see \noalign only after the \cr of
an alignment. Proceed, and I'll ignore this case.

./monthly.tex:6707: Misplaced \noalign.
\hline ->\noalign 
                  {\ifnum 0=`}\fi \let \hskip \vskip \let \vrule \hrule \let...
l.6707   \end{tabularx}
                       
I expect to see \noalign only after the \cr of
an alignment. Proceed, and I'll ignore this case.

./monthly.tex:6707: Misplaced \noalign.
\hline ->\noalign 
                  {\ifnum 0=`}\fi \let \hskip \vskip \let \vrule \hrule \let...
l.6707   \end{tabularx}
                       
I expect to see \noalign only after the \cr of
an alignment. Proceed, and I'll ignore this case.

./monthly.tex:6707: Misplaced \noalign.
\hline ->\noalign 
                  {\ifnum 0=`}\fi \let \hskip \vskip \let \vrule \hrule \let...
l.6707   \end{tabularx}
                       
I expect to see \noalign only after the \cr of
an alignment. Proceed, and I'll ignore this case.

./monthly.tex:6707: Misplaced \noalign.
\hline ->\noalign 
                  {\ifnum 0=`}\fi \let \hskip \vskip \let \vrule \hrule \let...
l.6707   \end{tabularx}
                       
I expect to see \noalign only after the \cr of
an alignment. Proceed, and I'll ignore this case.

./monthly.tex:6707: Misplaced \noalign.
\hline ->\noalign 
                  {\ifnum 0=`}\fi \let \hskip \vskip \let \vrule \hrule \let...
l.6707   \end{tabularx}
                       
I expect to see \noalign only after the \cr of
an alignment. Proceed, and I'll ignore this case.

./monthly.tex:6707: Misplaced \noalign.
\hline ->\noalign 
                  {\ifnum 0=`}\fi \let \hskip \vskip \let \vrule \hrule \let...
l.6707   \end{tabularx}
                       
I expect to see \noalign only after the \cr of
an alignment. Proceed, and I'll ignore this case.

./monthly.tex:6707: Misplaced \noalign.
\hline ->\noalign 
                  {\ifnum 0=`}\fi \let \hskip \vskip \let \vrule \hrule \let...
l.6707   \end{tabularx}
                       
I expect to see \noalign only after the \cr of
an alignment. Proceed, and I'll ignore this case.

./monthly.tex:6707: Misplaced \noalign.
\hline ->\noalign 
                  {\ifnum 0=`}\fi \let \hskip \vskip \let \vrule \hrule \let...
l.6707   \end{tabularx}
                       
I expect to see \noalign only after the \cr of
an alignment. Proceed, and I'll ignore this case.

./monthly.tex:6707: Misplaced \noalign.
\hline ->\noalign 
                  {\ifnum 0=`}\fi \let \hskip \vskip \let \vrule \hrule \let...
l.6707   \end{tabularx}
                       
I expect to see \noalign only after the \cr of
an alignment. Proceed, and I'll ignore this case.

./monthly.tex:6707: Misplaced \noalign.
\hline ->\noalign 
                  {\ifnum 0=`}\fi \let \hskip \vskip \let \vrule \hrule \let...
l.6707   \end{tabularx}
                       
I expect to see \noalign only after the \cr of
an alignment. Proceed, and I'll ignore this case.

./monthly.tex:6707: Misplaced \noalign.
\hline ->\noalign 
                  {\ifnum 0=`}\fi \let \hskip \vskip \let \vrule \hrule \let...
l.6707   \end{tabularx}
                       
I expect to see \noalign only after the \cr of
an alignment. Proceed, and I'll ignore this case.

./monthly.tex:6707: Misplaced \noalign.
\hline ->\noalign 
                  {\ifnum 0=`}\fi \let \hskip \vskip \let \vrule \hrule \let...
l.6707   \end{tabularx}
                       
I expect to see \noalign only after the \cr of
an alignment. Proceed, and I'll ignore this case.

./monthly.tex:6707: Misplaced \noalign.
\hline ->\noalign 
                  {\ifnum 0=`}\fi \let \hskip \vskip \let \vrule \hrule \let...
l.6707   \end{tabularx}
                       
I expect to see \noalign only after the \cr of
an alignment. Proceed, and I'll ignore this case.

./monthly.tex:6707: Misplaced \noalign.
\hline ->\noalign 
                  {\ifnum 0=`}\fi \let \hskip \vskip \let \vrule \hrule \let...
l.6707   \end{tabularx}
                       
I expect to see \noalign only after the \cr of
an alignment. Proceed, and I'll ignore this case.

./monthly.tex:6707: Misplaced \noalign.
\hline ->\noalign 
                  {\ifnum 0=`}\fi \let \hskip \vskip \let \vrule \hrule \let...
l.6707   \end{tabularx}
                       
I expect to see \noalign only after the \cr of
an alignment. Proceed, and I'll ignore this case.

./monthly.tex:6707: Misplaced \noalign.
\hline ->\noalign 
                  {\ifnum 0=`}\fi \let \hskip \vskip \let \vrule \hrule \let...
l.6707   \end{tabularx}
                       
I expect to see \noalign only after the \cr of
an alignment. Proceed, and I'll ignore this case.

./monthly.tex:6707: Misplaced \noalign.
\hline ->\noalign 
                  {\ifnum 0=`}\fi \let \hskip \vskip \let \vrule \hrule \let...
l.6707   \end{tabularx}
                       
I expect to see \noalign only after the \cr of
an alignment. Proceed, and I'll ignore this case.


Underfull \hbox (badness 10000) in paragraph at lines 6707--6710

 []

[26]
./monthly.tex:6969: Misplaced \noalign.
\hline ->\noalign 
                  {\ifnum 0=`}\fi \let \hskip \vskip \let \vrule \hrule \let...
l.6969   \end{tabularx}
                       
I expect to see \noalign only after the \cr of
an alignment. Proceed, and I'll ignore this case.

./monthly.tex:6969: Misplaced \noalign.
\hline ->\noalign 
                  {\ifnum 0=`}\fi \let \hskip \vskip \let \vrule \hrule \let...
l.6969   \end{tabularx}
                       
I expect to see \noalign only after the \cr of
an alignment. Proceed, and I'll ignore this case.

./monthly.tex:6969: Misplaced \noalign.
\hline ->\noalign 
                  {\ifnum 0=`}\fi \let \hskip \vskip \let \vrule \hrule \let...
l.6969   \end{tabularx}
                       
I expect to see \noalign only after the \cr of
an alignment. Proceed, and I'll ignore this case.

./monthly.tex:6969: Misplaced \noalign.
\hline ->\noalign 
                  {\ifnum 0=`}\fi \let \hskip \vskip \let \vrule \hrule \let...
l.6969   \end{tabularx}
                       
I expect to see \noalign only after the \cr of
an alignment. Proceed, and I'll ignore this case.

./monthly.tex:6969: Misplaced \noalign.
\hline ->\noalign 
                  {\ifnum 0=`}\fi \let \hskip \vskip \let \vrule \hrule \let...
l.6969   \end{tabularx}
                       
I expect to see \noalign only after the \cr of
an alignment. Proceed, and I'll ignore this case.

./monthly.tex:6969: Misplaced \noalign.
\hline ->\noalign 
                  {\ifnum 0=`}\fi \let \hskip \vskip \let \vrule \hrule \let...
l.6969   \end{tabularx}
                       
I expect to see \noalign only after the \cr of
an alignment. Proceed, and I'll ignore this case.

./monthly.tex:6969: Misplaced \noalign.
\hline ->\noalign 
                  {\ifnum 0=`}\fi \let \hskip \vskip \let \vrule \hrule \let...
l.6969   \end{tabularx}
                       
I expect to see \noalign only after the \cr of
an alignment. Proceed, and I'll ignore this case.

./monthly.tex:6969: Misplaced \noalign.
\hline ->\noalign 
                  {\ifnum 0=`}\fi \let \hskip \vskip \let \vrule \hrule \let...
l.6969   \end{tabularx}
                       
I expect to see \noalign only after the \cr of
an alignment. Proceed, and I'll ignore this case.

./monthly.tex:6969: Misplaced \noalign.
\hline ->\noalign 
                  {\ifnum 0=`}\fi \let \hskip \vskip \let \vrule \hrule \let...
l.6969   \end{tabularx}
                       
I expect to see \noalign only after the \cr of
an alignment. Proceed, and I'll ignore this case.

./monthly.tex:6969: Misplaced \noalign.
\hline ->\noalign 
                  {\ifnum 0=`}\fi \let \hskip \vskip \let \vrule \hrule \let...
l.6969   \end{tabularx}
                       
I expect to see \noalign only after the \cr of
an alignment. Proceed, and I'll ignore this case.

./monthly.tex:6969: Misplaced \noalign.
\hline ->\noalign 
                  {\ifnum 0=`}\fi \let \hskip \vskip \let \vrule \hrule \let...
l.6969   \end{tabularx}
                       
I expect to see \noalign only after the \cr of
an alignment. Proceed, and I'll ignore this case.

./monthly.tex:6969: Misplaced \noalign.
\hline ->\noalign 
                  {\ifnum 0=`}\fi \let \hskip \vskip \let \vrule \hrule \let...
l.6969   \end{tabularx}
                       
I expect to see \noalign only after the \cr of
an alignment. Proceed, and I'll ignore this case.

./monthly.tex:6969: Misplaced \noalign.
\hline ->\noalign 
                  {\ifnum 0=`}\fi \let \hskip \vskip \let \vrule \hrule \let...
l.6969   \end{tabularx}
                       
I expect to see \noalign only after the \cr of
an alignment. Proceed, and I'll ignore this case.

./monthly.tex:6969: Misplaced \noalign.
\hline ->\noalign 
                  {\ifnum 0=`}\fi \let \hskip \vskip \let \vrule \hrule \let...
l.6969   \end{tabularx}
                       
I expect to see \noalign only after the \cr of
an alignment. Proceed, and I'll ignore this case.

./monthly.tex:6969: Misplaced \noalign.
\hline ->\noalign 
                  {\ifnum 0=`}\fi \let \hskip \vskip \let \vrule \hrule \let...
l.6969   \end{tabularx}
                       
I expect to see \noalign only after the \cr of
an alignment. Proceed, and I'll ignore this case.

./monthly.tex:6969: Misplaced \noalign.
\hline ->\noalign 
                  {\ifnum 0=`}\fi \let \hskip \vskip \let \vrule \hrule \let...
l.6969   \end{tabularx}
                       
I expect to see \noalign only after the \cr of
an alignment. Proceed, and I'll ignore this case.

./monthly.tex:6969: Misplaced \noalign.
\hline ->\noalign 
                  {\ifnum 0=`}\fi \let \hskip \vskip \let \vrule \hrule \let...
l.6969   \end{tabularx}
                       
I expect to see \noalign only after the \cr of
an alignment. Proceed, and I'll ignore this case.

./monthly.tex:6969: Misplaced \noalign.
\hline ->\noalign 
                  {\ifnum 0=`}\fi \let \hskip \vskip \let \vrule \hrule \let...
l.6969   \end{tabularx}
                       
I expect to see \noalign only after the \cr of
an alignment. Proceed, and I'll ignore this case.

./monthly.tex:6969: Misplaced \noalign.
\hline ->\noalign 
                  {\ifnum 0=`}\fi \let \hskip \vskip \let \vrule \hrule \let...
l.6969   \end{tabularx}
                       
I expect to see \noalign only after the \cr of
an alignment. Proceed, and I'll ignore this case.

./monthly.tex:6969: Misplaced \noalign.
\hline ->\noalign 
                  {\ifnum 0=`}\fi \let \hskip \vskip \let \vrule \hrule \let...
l.6969   \end{tabularx}
                       
I expect to see \noalign only after the \cr of
an alignment. Proceed, and I'll ignore this case.

./monthly.tex:6969: Misplaced \noalign.
\hline ->\noalign 
                  {\ifnum 0=`}\fi \let \hskip \vskip \let \vrule \hrule \let...
l.6969   \end{tabularx}
                       
I expect to see \noalign only after the \cr of
an alignment. Proceed, and I'll ignore this case.

./monthly.tex:6969: Misplaced \noalign.
\hline ->\noalign 
                  {\ifnum 0=`}\fi \let \hskip \vskip \let \vrule \hrule \let...
l.6969   \end{tabularx}
                       
I expect to see \noalign only after the \cr of
an alignment. Proceed, and I'll ignore this case.

./monthly.tex:6969: Misplaced \noalign.
\hline ->\noalign 
                  {\ifnum 0=`}\fi \let \hskip \vskip \let \vrule \hrule \let...
l.6969   \end{tabularx}
                       
I expect to see \noalign only after the \cr of
an alignment. Proceed, and I'll ignore this case.

./monthly.tex:6969: Misplaced \noalign.
\hline ->\noalign 
                  {\ifnum 0=`}\fi \let \hskip \vskip \let \vrule \hrule \let...
l.6969   \end{tabularx}
                       
I expect to see \noalign only after the \cr of
an alignment. Proceed, and I'll ignore this case.

./monthly.tex:6969: Misplaced \noalign.
\hline ->\noalign 
                  {\ifnum 0=`}\fi \let \hskip \vskip \let \vrule \hrule \let...
l.6969   \end{tabularx}
                       
I expect to see \noalign only after the \cr of
an alignment. Proceed, and I'll ignore this case.

./monthly.tex:6969: Misplaced \noalign.
\hline ->\noalign 
                  {\ifnum 0=`}\fi \let \hskip \vskip \let \vrule \hrule \let...
l.6969   \end{tabularx}
                       
I expect to see \noalign only after the \cr of
an alignment. Proceed, and I'll ignore this case.

./monthly.tex:6969: Misplaced \noalign.
\hline ->\noalign 
                  {\ifnum 0=`}\fi \let \hskip \vskip \let \vrule \hrule \let...
l.6969   \end{tabularx}
                       
I expect to see \noalign only after the \cr of
an alignment. Proceed, and I'll ignore this case.

./monthly.tex:6969: Misplaced \noalign.
\hline ->\noalign 
                  {\ifnum 0=`}\fi \let \hskip \vskip \let \vrule \hrule \let...
l.6969   \end{tabularx}
                       
I expect to see \noalign only after the \cr of
an alignment. Proceed, and I'll ignore this case.

./monthly.tex:6969: Misplaced \noalign.
\hline ->\noalign 
                  {\ifnum 0=`}\fi \let \hskip \vskip \let \vrule \hrule \let...
l.6969   \end{tabularx}
                       
I expect to see \noalign only after the \cr of
an alignment. Proceed, and I'll ignore this case.

./monthly.tex:6969: Misplaced \noalign.
\hline ->\noalign 
                  {\ifnum 0=`}\fi \let \hskip \vskip \let \vrule \hrule \let...
l.6969   \end{tabularx}
                       
I expect to see \noalign only after the \cr of
an alignment. Proceed, and I'll ignore this case.

./monthly.tex:6969: Misplaced \noalign.
\hline ->\noalign 
                  {\ifnum 0=`}\fi \let \hskip \vskip \let \vrule \hrule \let...
l.6969   \end{tabularx}
                       
I expect to see \noalign only after the \cr of
an alignment. Proceed, and I'll ignore this case.

./monthly.tex:6969: Misplaced \noalign.
\hline ->\noalign 
                  {\ifnum 0=`}\fi \let \hskip \vskip \let \vrule \hrule \let...
l.6969   \end{tabularx}
                       
I expect to see \noalign only after the \cr of
an alignment. Proceed, and I'll ignore this case.

./monthly.tex:6969: Misplaced \noalign.
\hline ->\noalign 
                  {\ifnum 0=`}\fi \let \hskip \vskip \let \vrule \hrule \let...
l.6969   \end{tabularx}
                       
I expect to see \noalign only after the \cr of
an alignment. Proceed, and I'll ignore this case.

./monthly.tex:6969: Misplaced \noalign.
\hline ->\noalign 
                  {\ifnum 0=`}\fi \let \hskip \vskip \let \vrule \hrule \let...
l.6969   \end{tabularx}
                       
I expect to see \noalign only after the \cr of
an alignment. Proceed, and I'll ignore this case.

./monthly.tex:6969: Misplaced \noalign.
\hline ->\noalign 
                  {\ifnum 0=`}\fi \let \hskip \vskip \let \vrule \hrule \let...
l.6969   \end{tabularx}
                       
I expect to see \noalign only after the \cr of
an alignment. Proceed, and I'll ignore this case.

./monthly.tex:6969: Misplaced \noalign.
\hline ->\noalign 
                  {\ifnum 0=`}\fi \let \hskip \vskip \let \vrule \hrule \let...
l.6969   \end{tabularx}
                       
I expect to see \noalign only after the \cr of
an alignment. Proceed, and I'll ignore this case.

./monthly.tex:6969: Misplaced \noalign.
\hline ->\noalign 
                  {\ifnum 0=`}\fi \let \hskip \vskip \let \vrule \hrule \let...
l.6969   \end{tabularx}
                       
I expect to see \noalign only after the \cr of
an alignment. Proceed, and I'll ignore this case.

./monthly.tex:6969: Misplaced \noalign.
\hline ->\noalign 
                  {\ifnum 0=`}\fi \let \hskip \vskip \let \vrule \hrule \let...
l.6969   \end{tabularx}
                       
I expect to see \noalign only after the \cr of
an alignment. Proceed, and I'll ignore this case.

./monthly.tex:6969: Misplaced \noalign.
\hline ->\noalign 
                  {\ifnum 0=`}\fi \let \hskip \vskip \let \vrule \hrule \let...
l.6969   \end{tabularx}
                       
I expect to see \noalign only after the \cr of
an alignment. Proceed, and I'll ignore this case.

./monthly.tex:6969: Misplaced \noalign.
\hline ->\noalign 
                  {\ifnum 0=`}\fi \let \hskip \vskip \let \vrule \hrule \let...
l.6969   \end{tabularx}
                       
I expect to see \noalign only after the \cr of
an alignment. Proceed, and I'll ignore this case.

./monthly.tex:6969: Misplaced \noalign.
\hline ->\noalign 
                  {\ifnum 0=`}\fi \let \hskip \vskip \let \vrule \hrule \let...
l.6969   \end{tabularx}
                       
I expect to see \noalign only after the \cr of
an alignment. Proceed, and I'll ignore this case.

./monthly.tex:6969: Misplaced \noalign.
\hline ->\noalign 
                  {\ifnum 0=`}\fi \let \hskip \vskip \let \vrule \hrule \let...
l.6969   \end{tabularx}
                       
I expect to see \noalign only after the \cr of
an alignment. Proceed, and I'll ignore this case.

./monthly.tex:6969: Misplaced \noalign.
\hline ->\noalign 
                  {\ifnum 0=`}\fi \let \hskip \vskip \let \vrule \hrule \let...
l.6969   \end{tabularx}
                       
I expect to see \noalign only after the \cr of
an alignment. Proceed, and I'll ignore this case.

./monthly.tex:6969: Misplaced \noalign.
\hline ->\noalign 
                  {\ifnum 0=`}\fi \let \hskip \vskip \let \vrule \hrule \let...
l.6969   \end{tabularx}
                       
I expect to see \noalign only after the \cr of
an alignment. Proceed, and I'll ignore this case.

./monthly.tex:6969: Misplaced \noalign.
\hline ->\noalign 
                  {\ifnum 0=`}\fi \let \hskip \vskip \let \vrule \hrule \let...
l.6969   \end{tabularx}
                       
I expect to see \noalign only after the \cr of
an alignment. Proceed, and I'll ignore this case.

./monthly.tex:6969: Misplaced \noalign.
\hline ->\noalign 
                  {\ifnum 0=`}\fi \let \hskip \vskip \let \vrule \hrule \let...
l.6969   \end{tabularx}
                       
I expect to see \noalign only after the \cr of
an alignment. Proceed, and I'll ignore this case.

./monthly.tex:6969: Misplaced \noalign.
\hline ->\noalign 
                  {\ifnum 0=`}\fi \let \hskip \vskip \let \vrule \hrule \let...
l.6969   \end{tabularx}
                       
I expect to see \noalign only after the \cr of
an alignment. Proceed, and I'll ignore this case.

./monthly.tex:6969: Misplaced \noalign.
\hline ->\noalign 
                  {\ifnum 0=`}\fi \let \hskip \vskip \let \vrule \hrule \let...
l.6969   \end{tabularx}
                       
I expect to see \noalign only after the \cr of
an alignment. Proceed, and I'll ignore this case.

./monthly.tex:6969: Misplaced \noalign.
\hline ->\noalign 
                  {\ifnum 0=`}\fi \let \hskip \vskip \let \vrule \hrule \let...
l.6969   \end{tabularx}
                       
I expect to see \noalign only after the \cr of
an alignment. Proceed, and I'll ignore this case.

./monthly.tex:6969: Misplaced \noalign.
\hline ->\noalign 
                  {\ifnum 0=`}\fi \let \hskip \vskip \let \vrule \hrule \let...
l.6969   \end{tabularx}
                       
I expect to see \noalign only after the \cr of
an alignment. Proceed, and I'll ignore this case.

./monthly.tex:6969: Misplaced \noalign.
\hline ->\noalign 
                  {\ifnum 0=`}\fi \let \hskip \vskip \let \vrule \hrule \let...
l.6969   \end{tabularx}
                       
I expect to see \noalign only after the \cr of
an alignment. Proceed, and I'll ignore this case.

./monthly.tex:6969: Misplaced \noalign.
\hline ->\noalign 
                  {\ifnum 0=`}\fi \let \hskip \vskip \let \vrule \hrule \let...
l.6969   \end{tabularx}
                       
I expect to see \noalign only after the \cr of
an alignment. Proceed, and I'll ignore this case.

./monthly.tex:6969: Misplaced \noalign.
\hline ->\noalign 
                  {\ifnum 0=`}\fi \let \hskip \vskip \let \vrule \hrule \let...
l.6969   \end{tabularx}
                       
I expect to see \noalign only after the \cr of
an alignment. Proceed, and I'll ignore this case.

./monthly.tex:6969: Misplaced \noalign.
\hline ->\noalign 
                  {\ifnum 0=`}\fi \let \hskip \vskip \let \vrule \hrule \let...
l.6969   \end{tabularx}
                       
I expect to see \noalign only after the \cr of
an alignment. Proceed, and I'll ignore this case.

./monthly.tex:6969: Misplaced \noalign.
\hline ->\noalign 
                  {\ifnum 0=`}\fi \let \hskip \vskip \let \vrule \hrule \let...
l.6969   \end{tabularx}
                       
I expect to see \noalign only after the \cr of
an alignment. Proceed, and I'll ignore this case.

./monthly.tex:6969: Misplaced \noalign.
\hline ->\noalign 
                  {\ifnum 0=`}\fi \let \hskip \vskip \let \vrule \hrule \let...
l.6969   \end{tabularx}
                       
I expect to see \noalign only after the \cr of
an alignment. Proceed, and I'll ignore this case.

./monthly.tex:6969: Misplaced \noalign.
\hline ->\noalign 
                  {\ifnum 0=`}\fi \let \hskip \vskip \let \vrule \hrule \let...
l.6969   \end{tabularx}
                       
I expect to see \noalign only after the \cr of
an alignment. Proceed, and I'll ignore this case.

./monthly.tex:6969: Misplaced \noalign.
\hline ->\noalign 
                  {\ifnum 0=`}\fi \let \hskip \vskip \let \vrule \hrule \let...
l.6969   \end{tabularx}
                       
I expect to see \noalign only after the \cr of
an alignment. Proceed, and I'll ignore this case.

./monthly.tex:6969: Misplaced \noalign.
\hline ->\noalign 
                  {\ifnum 0=`}\fi \let \hskip \vskip \let \vrule \hrule \let...
l.6969   \end{tabularx}
                       
I expect to see \noalign only after the \cr of
an alignment. Proceed, and I'll ignore this case.

./monthly.tex:6969: Misplaced \noalign.
\hline ->\noalign 
                  {\ifnum 0=`}\fi \let \hskip \vskip \let \vrule \hrule \let...
l.6969   \end{tabularx}
                       
I expect to see \noalign only after the \cr of
an alignment. Proceed, and I'll ignore this case.

./monthly.tex:6969: Misplaced \noalign.
\hline ->\noalign 
                  {\ifnum 0=`}\fi \let \hskip \vskip \let \vrule \hrule \let...
l.6969   \end{tabularx}
                       
I expect to see \noalign only after the \cr of
an alignment. Proceed, and I'll ignore this case.

./monthly.tex:6969: Misplaced \noalign.
\hline ->\noalign 
                  {\ifnum 0=`}\fi \let \hskip \vskip \let \vrule \hrule \let...
l.6969   \end{tabularx}
                       
I expect to see \noalign only after the \cr of
an alignment. Proceed, and I'll ignore this case.

./monthly.tex:6969: Misplaced \noalign.
\hline ->\noalign 
                  {\ifnum 0=`}\fi \let \hskip \vskip \let \vrule \hrule \let...
l.6969   \end{tabularx}
                       
I expect to see \noalign only after the \cr of
an alignment. Proceed, and I'll ignore this case.

./monthly.tex:6969: Misplaced \noalign.
\hline ->\noalign 
                  {\ifnum 0=`}\fi \let \hskip \vskip \let \vrule \hrule \let...
l.6969   \end{tabularx}
                       
I expect to see \noalign only after the \cr of
an alignment. Proceed, and I'll ignore this case.

./monthly.tex:6969: Misplaced \noalign.
\hline ->\noalign 
                  {\ifnum 0=`}\fi \let \hskip \vskip \let \vrule \hrule \let...
l.6969   \end{tabularx}
                       
I expect to see \noalign only after the \cr of
an alignment. Proceed, and I'll ignore this case.

./monthly.tex:6969: Misplaced \noalign.
\hline ->\noalign 
                  {\ifnum 0=`}\fi \let \hskip \vskip \let \vrule \hrule \let...
l.6969   \end{tabularx}
                       
I expect to see \noalign only after the \cr of
an alignment. Proceed, and I'll ignore this case.

./monthly.tex:6969: Misplaced \noalign.
\hline ->\noalign 
                  {\ifnum 0=`}\fi \let \hskip \vskip \let \vrule \hrule \let...
l.6969   \end{tabularx}
                       
I expect to see \noalign only after the \cr of
an alignment. Proceed, and I'll ignore this case.

./monthly.tex:6969: Misplaced \noalign.
\hline ->\noalign 
                  {\ifnum 0=`}\fi \let \hskip \vskip \let \vrule \hrule \let...
l.6969   \end{tabularx}
                       
I expect to see \noalign only after the \cr of
an alignment. Proceed, and I'll ignore this case.

./monthly.tex:6969: Misplaced \noalign.
\hline ->\noalign 
                  {\ifnum 0=`}\fi \let \hskip \vskip \let \vrule \hrule \let...
l.6969   \end{tabularx}
                       
I expect to see \noalign only after the \cr of
an alignment. Proceed, and I'll ignore this case.

./monthly.tex:6969: Misplaced \noalign.
\hline ->\noalign 
                  {\ifnum 0=`}\fi \let \hskip \vskip \let \vrule \hrule \let...
l.6969   \end{tabularx}
                       
I expect to see \noalign only after the \cr of
an alignment. Proceed, and I'll ignore this case.

./monthly.tex:6969: Misplaced \noalign.
\hline ->\noalign 
                  {\ifnum 0=`}\fi \let \hskip \vskip \let \vrule \hrule \let...
l.6969   \end{tabularx}
                       
I expect to see \noalign only after the \cr of
an alignment. Proceed, and I'll ignore this case.

./monthly.tex:6969: Misplaced \noalign.
\hline ->\noalign 
                  {\ifnum 0=`}\fi \let \hskip \vskip \let \vrule \hrule \let...
l.6969   \end{tabularx}
                       
I expect to see \noalign only after the \cr of
an alignment. Proceed, and I'll ignore this case.

./monthly.tex:6969: Misplaced \noalign.
\hline ->\noalign 
                  {\ifnum 0=`}\fi \let \hskip \vskip \let \vrule \hrule \let...
l.6969   \end{tabularx}
                       
I expect to see \noalign only after the \cr of
an alignment. Proceed, and I'll ignore this case.

./monthly.tex:6969: Misplaced \noalign.
\hline ->\noalign 
                  {\ifnum 0=`}\fi \let \hskip \vskip \let \vrule \hrule \let...
l.6969   \end{tabularx}
                       
I expect to see \noalign only after the \cr of
an alignment. Proceed, and I'll ignore this case.

./monthly.tex:6969: Misplaced \noalign.
\hline ->\noalign 
                  {\ifnum 0=`}\fi \let \hskip \vskip \let \vrule \hrule \let...
l.6969   \end{tabularx}
                       
I expect to see \noalign only after the \cr of
an alignment. Proceed, and I'll ignore this case.

./monthly.tex:6969: Misplaced \noalign.
\hline ->\noalign 
                  {\ifnum 0=`}\fi \let \hskip \vskip \let \vrule \hrule \let...
l.6969   \end{tabularx}
                       
I expect to see \noalign only after the \cr of
an alignment. Proceed, and I'll ignore this case.

./monthly.tex:6969: Misplaced \noalign.
\hline ->\noalign 
                  {\ifnum 0=`}\fi \let \hskip \vskip \let \vrule \hrule \let...
l.6969   \end{tabularx}
                       
I expect to see \noalign only after the \cr of
an alignment. Proceed, and I'll ignore this case.

./monthly.tex:6969: Misplaced \noalign.
\hline ->\noalign 
                  {\ifnum 0=`}\fi \let \hskip \vskip \let \vrule \hrule \let...
l.6969   \end{tabularx}
                       
I expect to see \noalign only after the \cr of
an alignment. Proceed, and I'll ignore this case.

./monthly.tex:6969: Misplaced \noalign.
\hline ->\noalign 
                  {\ifnum 0=`}\fi \let \hskip \vskip \let \vrule \hrule \let...
l.6969   \end{tabularx}
                       
I expect to see \noalign only after the \cr of
an alignment. Proceed, and I'll ignore this case.

./monthly.tex:6969: Misplaced \noalign.
\hline ->\noalign 
                  {\ifnum 0=`}\fi \let \hskip \vskip \let \vrule \hrule \let...
l.6969   \end{tabularx}
                       
I expect to see \noalign only after the \cr of
an alignment. Proceed, and I'll ignore this case.

./monthly.tex:6969: Misplaced \noalign.
\hline ->\noalign 
                  {\ifnum 0=`}\fi \let \hskip \vskip \let \vrule \hrule \let...
l.6969   \end{tabularx}
                       
I expect to see \noalign only after the \cr of
an alignment. Proceed, and I'll ignore this case.

./monthly.tex:6969: Misplaced \noalign.
\hline ->\noalign 
                  {\ifnum 0=`}\fi \let \hskip \vskip \let \vrule \hrule \let...
l.6969   \end{tabularx}
                       
I expect to see \noalign only after the \cr of
an alignment. Proceed, and I'll ignore this case.

./monthly.tex:6969: Misplaced \noalign.
\hline ->\noalign 
                  {\ifnum 0=`}\fi \let \hskip \vskip \let \vrule \hrule \let...
l.6969   \end{tabularx}
                       
I expect to see \noalign only after the \cr of
an alignment. Proceed, and I'll ignore this case.

./monthly.tex:6969: Misplaced \noalign.
\hline ->\noalign 
                  {\ifnum 0=`}\fi \let \hskip \vskip \let \vrule \hrule \let...
l.6969   \end{tabularx}
                       
I expect to see \noalign only after the \cr of
an alignment. Proceed, and I'll ignore this case.

./monthly.tex:6969: Misplaced \noalign.
\hline ->\noalign 
                  {\ifnum 0=`}\fi \let \hskip \vskip \let \vrule \hrule \let...
l.6969   \end{tabularx}
                       
I expect to see \noalign only after the \cr of
an alignment. Proceed, and I'll ignore this case.

./monthly.tex:6969: Misplaced \noalign.
\hline ->\noalign 
                  {\ifnum 0=`}\fi \let \hskip \vskip \let \vrule \hrule \let...
l.6969   \end{tabularx}
                       
I expect to see \noalign only after the \cr of
an alignment. Proceed, and I'll ignore this case.

./monthly.tex:6969: Misplaced \noalign.
\hline ->\noalign 
                  {\ifnum 0=`}\fi \let \hskip \vskip \let \vrule \hrule \let...
l.6969   \end{tabularx}
                       
I expect to see \noalign only after the \cr of
an alignment. Proceed, and I'll ignore this case.

./monthly.tex:6969: Misplaced \noalign.
\hline ->\noalign 
                  {\ifnum 0=`}\fi \let \hskip \vskip \let \vrule \hrule \let...
l.6969   \end{tabularx}
                       
I expect to see \noalign only after the \cr of
an alignment. Proceed, and I'll ignore this case.

./monthly.tex:6969: Misplaced \noalign.
\hline ->\noalign 
                  {\ifnum 0=`}\fi \let \hskip \vskip \let \vrule \hrule \let...
l.6969   \end{tabularx}
                       
I expect to see \noalign only after the \cr of
an alignment. Proceed, and I'll ignore this case.

./monthly.tex:6969: Misplaced \noalign.
\hline ->\noalign 
                  {\ifnum 0=`}\fi \let \hskip \vskip \let \vrule \hrule \let...
l.6969   \end{tabularx}
                       
I expect to see \noalign only after the \cr of
an alignment. Proceed, and I'll ignore this case.


Underfull \hbox (badness 10000) in paragraph at lines 6969--6972

 []

[27]
./monthly.tex:7233: Misplaced \noalign.
\hline ->\noalign 
                  {\ifnum 0=`}\fi \let \hskip \vskip \let \vrule \hrule \let...
l.7233   \end{tabularx}
                       
I expect to see \noalign only after the \cr of
an alignment. Proceed, and I'll ignore this case.

./monthly.tex:7233: Misplaced \noalign.
\hline ->\noalign 
                  {\ifnum 0=`}\fi \let \hskip \vskip \let \vrule \hrule \let...
l.7233   \end{tabularx}
                       
I expect to see \noalign only after the \cr of
an alignment. Proceed, and I'll ignore this case.

./monthly.tex:7233: Misplaced \noalign.
\hline ->\noalign 
                  {\ifnum 0=`}\fi \let \hskip \vskip \let \vrule \hrule \let...
l.7233   \end{tabularx}
                       
I expect to see \noalign only after the \cr of
an alignment. Proceed, and I'll ignore this case.

./monthly.tex:7233: Misplaced \noalign.
\hline ->\noalign 
                  {\ifnum 0=`}\fi \let \hskip \vskip \let \vrule \hrule \let...
l.7233   \end{tabularx}
                       
I expect to see \noalign only after the \cr of
an alignment. Proceed, and I'll ignore this case.

./monthly.tex:7233: Misplaced \noalign.
\hline ->\noalign 
                  {\ifnum 0=`}\fi \let \hskip \vskip \let \vrule \hrule \let...
l.7233   \end{tabularx}
                       
I expect to see \noalign only after the \cr of
an alignment. Proceed, and I'll ignore this case.

./monthly.tex:7233: Misplaced \noalign.
\hline ->\noalign 
                  {\ifnum 0=`}\fi \let \hskip \vskip \let \vrule \hrule \let...
l.7233   \end{tabularx}
                       
I expect to see \noalign only after the \cr of
an alignment. Proceed, and I'll ignore this case.

./monthly.tex:7233: Misplaced \noalign.
\hline ->\noalign 
                  {\ifnum 0=`}\fi \let \hskip \vskip \let \vrule \hrule \let...
l.7233   \end{tabularx}
                       
I expect to see \noalign only after the \cr of
an alignment. Proceed, and I'll ignore this case.

./monthly.tex:7233: Misplaced \noalign.
\hline ->\noalign 
                  {\ifnum 0=`}\fi \let \hskip \vskip \let \vrule \hrule \let...
l.7233   \end{tabularx}
                       
I expect to see \noalign only after the \cr of
an alignment. Proceed, and I'll ignore this case.

./monthly.tex:7233: Misplaced \noalign.
\hline ->\noalign 
                  {\ifnum 0=`}\fi \let \hskip \vskip \let \vrule \hrule \let...
l.7233   \end{tabularx}
                       
I expect to see \noalign only after the \cr of
an alignment. Proceed, and I'll ignore this case.

./monthly.tex:7233: Misplaced \noalign.
\hline ->\noalign 
                  {\ifnum 0=`}\fi \let \hskip \vskip \let \vrule \hrule \let...
l.7233   \end{tabularx}
                       
I expect to see \noalign only after the \cr of
an alignment. Proceed, and I'll ignore this case.

./monthly.tex:7233: Misplaced \noalign.
\hline ->\noalign 
                  {\ifnum 0=`}\fi \let \hskip \vskip \let \vrule \hrule \let...
l.7233   \end{tabularx}
                       
I expect to see \noalign only after the \cr of
an alignment. Proceed, and I'll ignore this case.

./monthly.tex:7233: Misplaced \noalign.
\hline ->\noalign 
                  {\ifnum 0=`}\fi \let \hskip \vskip \let \vrule \hrule \let...
l.7233   \end{tabularx}
                       
I expect to see \noalign only after the \cr of
an alignment. Proceed, and I'll ignore this case.

./monthly.tex:7233: Misplaced \noalign.
\hline ->\noalign 
                  {\ifnum 0=`}\fi \let \hskip \vskip \let \vrule \hrule \let...
l.7233   \end{tabularx}
                       
I expect to see \noalign only after the \cr of
an alignment. Proceed, and I'll ignore this case.

./monthly.tex:7233: Misplaced \noalign.
\hline ->\noalign 
                  {\ifnum 0=`}\fi \let \hskip \vskip \let \vrule \hrule \let...
l.7233   \end{tabularx}
                       
I expect to see \noalign only after the \cr of
an alignment. Proceed, and I'll ignore this case.

./monthly.tex:7233: Misplaced \noalign.
\hline ->\noalign 
                  {\ifnum 0=`}\fi \let \hskip \vskip \let \vrule \hrule \let...
l.7233   \end{tabularx}
                       
I expect to see \noalign only after the \cr of
an alignment. Proceed, and I'll ignore this case.

./monthly.tex:7233: Misplaced \noalign.
\hline ->\noalign 
                  {\ifnum 0=`}\fi \let \hskip \vskip \let \vrule \hrule \let...
l.7233   \end{tabularx}
                       
I expect to see \noalign only after the \cr of
an alignment. Proceed, and I'll ignore this case.

./monthly.tex:7233: Misplaced \noalign.
\hline ->\noalign 
                  {\ifnum 0=`}\fi \let \hskip \vskip \let \vrule \hrule \let...
l.7233   \end{tabularx}
                       
I expect to see \noalign only after the \cr of
an alignment. Proceed, and I'll ignore this case.

./monthly.tex:7233: Misplaced \noalign.
\hline ->\noalign 
                  {\ifnum 0=`}\fi \let \hskip \vskip \let \vrule \hrule \let...
l.7233   \end{tabularx}
                       
I expect to see \noalign only after the \cr of
an alignment. Proceed, and I'll ignore this case.

./monthly.tex:7233: Misplaced \noalign.
\hline ->\noalign 
                  {\ifnum 0=`}\fi \let \hskip \vskip \let \vrule \hrule \let...
l.7233   \end{tabularx}
                       
I expect to see \noalign only after the \cr of
an alignment. Proceed, and I'll ignore this case.

./monthly.tex:7233: Misplaced \noalign.
\hline ->\noalign 
                  {\ifnum 0=`}\fi \let \hskip \vskip \let \vrule \hrule \let...
l.7233   \end{tabularx}
                       
I expect to see \noalign only after the \cr of
an alignment. Proceed, and I'll ignore this case.

./monthly.tex:7233: Misplaced \noalign.
\hline ->\noalign 
                  {\ifnum 0=`}\fi \let \hskip \vskip \let \vrule \hrule \let...
l.7233   \end{tabularx}
                       
I expect to see \noalign only after the \cr of
an alignment. Proceed, and I'll ignore this case.

./monthly.tex:7233: Misplaced \noalign.
\hline ->\noalign 
                  {\ifnum 0=`}\fi \let \hskip \vskip \let \vrule \hrule \let...
l.7233   \end{tabularx}
                       
I expect to see \noalign only after the \cr of
an alignment. Proceed, and I'll ignore this case.

./monthly.tex:7233: Misplaced \noalign.
\hline ->\noalign 
                  {\ifnum 0=`}\fi \let \hskip \vskip \let \vrule \hrule \let...
l.7233   \end{tabularx}
                       
I expect to see \noalign only after the \cr of
an alignment. Proceed, and I'll ignore this case.

./monthly.tex:7233: Misplaced \noalign.
\hline ->\noalign 
                  {\ifnum 0=`}\fi \let \hskip \vskip \let \vrule \hrule \let...
l.7233   \end{tabularx}
                       
I expect to see \noalign only after the \cr of
an alignment. Proceed, and I'll ignore this case.

./monthly.tex:7233: Misplaced \noalign.
\hline ->\noalign 
                  {\ifnum 0=`}\fi \let \hskip \vskip \let \vrule \hrule \let...
l.7233   \end{tabularx}
                       
I expect to see \noalign only after the \cr of
an alignment. Proceed, and I'll ignore this case.

./monthly.tex:7233: Misplaced \noalign.
\hline ->\noalign 
                  {\ifnum 0=`}\fi \let \hskip \vskip \let \vrule \hrule \let...
l.7233   \end{tabularx}
                       
I expect to see \noalign only after the \cr of
an alignment. Proceed, and I'll ignore this case.

./monthly.tex:7233: Misplaced \noalign.
\hline ->\noalign 
                  {\ifnum 0=`}\fi \let \hskip \vskip \let \vrule \hrule \let...
l.7233   \end{tabularx}
                       
I expect to see \noalign only after the \cr of
an alignment. Proceed, and I'll ignore this case.

./monthly.tex:7233: Misplaced \noalign.
\hline ->\noalign 
                  {\ifnum 0=`}\fi \let \hskip \vskip \let \vrule \hrule \let...
l.7233   \end{tabularx}
                       
I expect to see \noalign only after the \cr of
an alignment. Proceed, and I'll ignore this case.

./monthly.tex:7233: Misplaced \noalign.
\hline ->\noalign 
                  {\ifnum 0=`}\fi \let \hskip \vskip \let \vrule \hrule \let...
l.7233   \end{tabularx}
                       
I expect to see \noalign only after the \cr of
an alignment. Proceed, and I'll ignore this case.

./monthly.tex:7233: Misplaced \noalign.
\hline ->\noalign 
                  {\ifnum 0=`}\fi \let \hskip \vskip \let \vrule \hrule \let...
l.7233   \end{tabularx}
                       
I expect to see \noalign only after the \cr of
an alignment. Proceed, and I'll ignore this case.

./monthly.tex:7233: Misplaced \noalign.
\hline ->\noalign 
                  {\ifnum 0=`}\fi \let \hskip \vskip \let \vrule \hrule \let...
l.7233   \end{tabularx}
                       
I expect to see \noalign only after the \cr of
an alignment. Proceed, and I'll ignore this case.

./monthly.tex:7233: Misplaced \noalign.
\hline ->\noalign 
                  {\ifnum 0=`}\fi \let \hskip \vskip \let \vrule \hrule \let...
l.7233   \end{tabularx}
                       
I expect to see \noalign only after the \cr of
an alignment. Proceed, and I'll ignore this case.

./monthly.tex:7233: Misplaced \noalign.
\hline ->\noalign 
                  {\ifnum 0=`}\fi \let \hskip \vskip \let \vrule \hrule \let...
l.7233   \end{tabularx}
                       
I expect to see \noalign only after the \cr of
an alignment. Proceed, and I'll ignore this case.

./monthly.tex:7233: Misplaced \noalign.
\hline ->\noalign 
                  {\ifnum 0=`}\fi \let \hskip \vskip \let \vrule \hrule \let...
l.7233   \end{tabularx}
                       
I expect to see \noalign only after the \cr of
an alignment. Proceed, and I'll ignore this case.

./monthly.tex:7233: Misplaced \noalign.
\hline ->\noalign 
                  {\ifnum 0=`}\fi \let \hskip \vskip \let \vrule \hrule \let...
l.7233   \end{tabularx}
                       
I expect to see \noalign only after the \cr of
an alignment. Proceed, and I'll ignore this case.

./monthly.tex:7233: Misplaced \noalign.
\hline ->\noalign 
                  {\ifnum 0=`}\fi \let \hskip \vskip \let \vrule \hrule \let...
l.7233   \end{tabularx}
                       
I expect to see \noalign only after the \cr of
an alignment. Proceed, and I'll ignore this case.

./monthly.tex:7233: Misplaced \noalign.
\hline ->\noalign 
                  {\ifnum 0=`}\fi \let \hskip \vskip \let \vrule \hrule \let...
l.7233   \end{tabularx}
                       
I expect to see \noalign only after the \cr of
an alignment. Proceed, and I'll ignore this case.

./monthly.tex:7233: Misplaced \noalign.
\hline ->\noalign 
                  {\ifnum 0=`}\fi \let \hskip \vskip \let \vrule \hrule \let...
l.7233   \end{tabularx}
                       
I expect to see \noalign only after the \cr of
an alignment. Proceed, and I'll ignore this case.

./monthly.tex:7233: Misplaced \noalign.
\hline ->\noalign 
                  {\ifnum 0=`}\fi \let \hskip \vskip \let \vrule \hrule \let...
l.7233   \end{tabularx}
                       
I expect to see \noalign only after the \cr of
an alignment. Proceed, and I'll ignore this case.

./monthly.tex:7233: Misplaced \noalign.
\hline ->\noalign 
                  {\ifnum 0=`}\fi \let \hskip \vskip \let \vrule \hrule \let...
l.7233   \end{tabularx}
                       
I expect to see \noalign only after the \cr of
an alignment. Proceed, and I'll ignore this case.

./monthly.tex:7233: Misplaced \noalign.
\hline ->\noalign 
                  {\ifnum 0=`}\fi \let \hskip \vskip \let \vrule \hrule \let...
l.7233   \end{tabularx}
                       
I expect to see \noalign only after the \cr of
an alignment. Proceed, and I'll ignore this case.

./monthly.tex:7233: Misplaced \noalign.
\hline ->\noalign 
                  {\ifnum 0=`}\fi \let \hskip \vskip \let \vrule \hrule \let...
l.7233   \end{tabularx}
                       
I expect to see \noalign only after the \cr of
an alignment. Proceed, and I'll ignore this case.

./monthly.tex:7233: Misplaced \noalign.
\hline ->\noalign 
                  {\ifnum 0=`}\fi \let \hskip \vskip \let \vrule \hrule \let...
l.7233   \end{tabularx}
                       
I expect to see \noalign only after the \cr of
an alignment. Proceed, and I'll ignore this case.

./monthly.tex:7233: Misplaced \noalign.
\hline ->\noalign 
                  {\ifnum 0=`}\fi \let \hskip \vskip \let \vrule \hrule \let...
l.7233   \end{tabularx}
                       
I expect to see \noalign only after the \cr of
an alignment. Proceed, and I'll ignore this case.

./monthly.tex:7233: Misplaced \noalign.
\hline ->\noalign 
                  {\ifnum 0=`}\fi \let \hskip \vskip \let \vrule \hrule \let...
l.7233   \end{tabularx}
                       
I expect to see \noalign only after the \cr of
an alignment. Proceed, and I'll ignore this case.

./monthly.tex:7233: Misplaced \noalign.
\hline ->\noalign 
                  {\ifnum 0=`}\fi \let \hskip \vskip \let \vrule \hrule \let...
l.7233   \end{tabularx}
                       
I expect to see \noalign only after the \cr of
an alignment. Proceed, and I'll ignore this case.

./monthly.tex:7233: Misplaced \noalign.
\hline ->\noalign 
                  {\ifnum 0=`}\fi \let \hskip \vskip \let \vrule \hrule \let...
l.7233   \end{tabularx}
                       
I expect to see \noalign only after the \cr of
an alignment. Proceed, and I'll ignore this case.

./monthly.tex:7233: Misplaced \noalign.
\hline ->\noalign 
                  {\ifnum 0=`}\fi \let \hskip \vskip \let \vrule \hrule \let...
l.7233   \end{tabularx}
                       
I expect to see \noalign only after the \cr of
an alignment. Proceed, and I'll ignore this case.

./monthly.tex:7233: Misplaced \noalign.
\hline ->\noalign 
                  {\ifnum 0=`}\fi \let \hskip \vskip \let \vrule \hrule \let...
l.7233   \end{tabularx}
                       
I expect to see \noalign only after the \cr of
an alignment. Proceed, and I'll ignore this case.

./monthly.tex:7233: Misplaced \noalign.
\hline ->\noalign 
                  {\ifnum 0=`}\fi \let \hskip \vskip \let \vrule \hrule \let...
l.7233   \end{tabularx}
                       
I expect to see \noalign only after the \cr of
an alignment. Proceed, and I'll ignore this case.

./monthly.tex:7233: Misplaced \noalign.
\hline ->\noalign 
                  {\ifnum 0=`}\fi \let \hskip \vskip \let \vrule \hrule \let...
l.7233   \end{tabularx}
                       
I expect to see \noalign only after the \cr of
an alignment. Proceed, and I'll ignore this case.

./monthly.tex:7233: Misplaced \noalign.
\hline ->\noalign 
                  {\ifnum 0=`}\fi \let \hskip \vskip \let \vrule \hrule \let...
l.7233   \end{tabularx}
                       
I expect to see \noalign only after the \cr of
an alignment. Proceed, and I'll ignore this case.

./monthly.tex:7233: Misplaced \noalign.
\hline ->\noalign 
                  {\ifnum 0=`}\fi \let \hskip \vskip \let \vrule \hrule \let...
l.7233   \end{tabularx}
                       
I expect to see \noalign only after the \cr of
an alignment. Proceed, and I'll ignore this case.

./monthly.tex:7233: Misplaced \noalign.
\hline ->\noalign 
                  {\ifnum 0=`}\fi \let \hskip \vskip \let \vrule \hrule \let...
l.7233   \end{tabularx}
                       
I expect to see \noalign only after the \cr of
an alignment. Proceed, and I'll ignore this case.

./monthly.tex:7233: Misplaced \noalign.
\hline ->\noalign 
                  {\ifnum 0=`}\fi \let \hskip \vskip \let \vrule \hrule \let...
l.7233   \end{tabularx}
                       
I expect to see \noalign only after the \cr of
an alignment. Proceed, and I'll ignore this case.

./monthly.tex:7233: Misplaced \noalign.
\hline ->\noalign 
                  {\ifnum 0=`}\fi \let \hskip \vskip \let \vrule \hrule \let...
l.7233   \end{tabularx}
                       
I expect to see \noalign only after the \cr of
an alignment. Proceed, and I'll ignore this case.

./monthly.tex:7233: Misplaced \noalign.
\hline ->\noalign 
                  {\ifnum 0=`}\fi \let \hskip \vskip \let \vrule \hrule \let...
l.7233   \end{tabularx}
                       
I expect to see \noalign only after the \cr of
an alignment. Proceed, and I'll ignore this case.

./monthly.tex:7233: Misplaced \noalign.
\hline ->\noalign 
                  {\ifnum 0=`}\fi \let \hskip \vskip \let \vrule \hrule \let...
l.7233   \end{tabularx}
                       
I expect to see \noalign only after the \cr of
an alignment. Proceed, and I'll ignore this case.

./monthly.tex:7233: Misplaced \noalign.
\hline ->\noalign 
                  {\ifnum 0=`}\fi \let \hskip \vskip \let \vrule \hrule \let...
l.7233   \end{tabularx}
                       
I expect to see \noalign only after the \cr of
an alignment. Proceed, and I'll ignore this case.

./monthly.tex:7233: Misplaced \noalign.
\hline ->\noalign 
                  {\ifnum 0=`}\fi \let \hskip \vskip \let \vrule \hrule \let...
l.7233   \end{tabularx}
                       
I expect to see \noalign only after the \cr of
an alignment. Proceed, and I'll ignore this case.

./monthly.tex:7233: Misplaced \noalign.
\hline ->\noalign 
                  {\ifnum 0=`}\fi \let \hskip \vskip \let \vrule \hrule \let...
l.7233   \end{tabularx}
                       
I expect to see \noalign only after the \cr of
an alignment. Proceed, and I'll ignore this case.

./monthly.tex:7233: Misplaced \noalign.
\hline ->\noalign 
                  {\ifnum 0=`}\fi \let \hskip \vskip \let \vrule \hrule \let...
l.7233   \end{tabularx}
                       
I expect to see \noalign only after the \cr of
an alignment. Proceed, and I'll ignore this case.

./monthly.tex:7233: Misplaced \noalign.
\hline ->\noalign 
                  {\ifnum 0=`}\fi \let \hskip \vskip \let \vrule \hrule \let...
l.7233   \end{tabularx}
                       
I expect to see \noalign only after the \cr of
an alignment. Proceed, and I'll ignore this case.

./monthly.tex:7233: Misplaced \noalign.
\hline ->\noalign 
                  {\ifnum 0=`}\fi \let \hskip \vskip \let \vrule \hrule \let...
l.7233   \end{tabularx}
                       
I expect to see \noalign only after the \cr of
an alignment. Proceed, and I'll ignore this case.

./monthly.tex:7233: Misplaced \noalign.
\hline ->\noalign 
                  {\ifnum 0=`}\fi \let \hskip \vskip \let \vrule \hrule \let...
l.7233   \end{tabularx}
                       
I expect to see \noalign only after the \cr of
an alignment. Proceed, and I'll ignore this case.

./monthly.tex:7233: Misplaced \noalign.
\hline ->\noalign 
                  {\ifnum 0=`}\fi \let \hskip \vskip \let \vrule \hrule \let...
l.7233   \end{tabularx}
                       
I expect to see \noalign only after the \cr of
an alignment. Proceed, and I'll ignore this case.

./monthly.tex:7233: Misplaced \noalign.
\hline ->\noalign 
                  {\ifnum 0=`}\fi \let \hskip \vskip \let \vrule \hrule \let...
l.7233   \end{tabularx}
                       
I expect to see \noalign only after the \cr of
an alignment. Proceed, and I'll ignore this case.

./monthly.tex:7233: Misplaced \noalign.
\hline ->\noalign 
                  {\ifnum 0=`}\fi \let \hskip \vskip \let \vrule \hrule \let...
l.7233   \end{tabularx}
                       
I expect to see \noalign only after the \cr of
an alignment. Proceed, and I'll ignore this case.

./monthly.tex:7233: Misplaced \noalign.
\hline ->\noalign 
                  {\ifnum 0=`}\fi \let \hskip \vskip \let \vrule \hrule \let...
l.7233   \end{tabularx}
                       
I expect to see \noalign only after the \cr of
an alignment. Proceed, and I'll ignore this case.

./monthly.tex:7233: Misplaced \noalign.
\hline ->\noalign 
                  {\ifnum 0=`}\fi \let \hskip \vskip \let \vrule \hrule \let...
l.7233   \end{tabularx}
                       
I expect to see \noalign only after the \cr of
an alignment. Proceed, and I'll ignore this case.

./monthly.tex:7233: Misplaced \noalign.
\hline ->\noalign 
                  {\ifnum 0=`}\fi \let \hskip \vskip \let \vrule \hrule \let...
l.7233   \end{tabularx}
                       
I expect to see \noalign only after the \cr of
an alignment. Proceed, and I'll ignore this case.

./monthly.tex:7233: Misplaced \noalign.
\hline ->\noalign 
                  {\ifnum 0=`}\fi \let \hskip \vskip \let \vrule \hrule \let...
l.7233   \end{tabularx}
                       
I expect to see \noalign only after the \cr of
an alignment. Proceed, and I'll ignore this case.

./monthly.tex:7233: Misplaced \noalign.
\hline ->\noalign 
                  {\ifnum 0=`}\fi \let \hskip \vskip \let \vrule \hrule \let...
l.7233   \end{tabularx}
                       
I expect to see \noalign only after the \cr of
an alignment. Proceed, and I'll ignore this case.

./monthly.tex:7233: Misplaced \noalign.
\hline ->\noalign 
                  {\ifnum 0=`}\fi \let \hskip \vskip \let \vrule \hrule \let...
l.7233   \end{tabularx}
                       
I expect to see \noalign only after the \cr of
an alignment. Proceed, and I'll ignore this case.

./monthly.tex:7233: Misplaced \noalign.
\hline ->\noalign 
                  {\ifnum 0=`}\fi \let \hskip \vskip \let \vrule \hrule \let...
l.7233   \end{tabularx}
                       
I expect to see \noalign only after the \cr of
an alignment. Proceed, and I'll ignore this case.

./monthly.tex:7233: Misplaced \noalign.
\hline ->\noalign 
                  {\ifnum 0=`}\fi \let \hskip \vskip \let \vrule \hrule \let...
l.7233   \end{tabularx}
                       
I expect to see \noalign only after the \cr of
an alignment. Proceed, and I'll ignore this case.

./monthly.tex:7233: Misplaced \noalign.
\hline ->\noalign 
                  {\ifnum 0=`}\fi \let \hskip \vskip \let \vrule \hrule \let...
l.7233   \end{tabularx}
                       
I expect to see \noalign only after the \cr of
an alignment. Proceed, and I'll ignore this case.

./monthly.tex:7233: Misplaced \noalign.
\hline ->\noalign 
                  {\ifnum 0=`}\fi \let \hskip \vskip \let \vrule \hrule \let...
l.7233   \end{tabularx}
                       
I expect to see \noalign only after the \cr of
an alignment. Proceed, and I'll ignore this case.

./monthly.tex:7233: Misplaced \noalign.
\hline ->\noalign 
                  {\ifnum 0=`}\fi \let \hskip \vskip \let \vrule \hrule \let...
l.7233   \end{tabularx}
                       
I expect to see \noalign only after the \cr of
an alignment. Proceed, and I'll ignore this case.

./monthly.tex:7233: Misplaced \noalign.
\hline ->\noalign 
                  {\ifnum 0=`}\fi \let \hskip \vskip \let \vrule \hrule \let...
l.7233   \end{tabularx}
                       
I expect to see \noalign only after the \cr of
an alignment. Proceed, and I'll ignore this case.

./monthly.tex:7233: Misplaced \noalign.
\hline ->\noalign 
                  {\ifnum 0=`}\fi \let \hskip \vskip \let \vrule \hrule \let...
l.7233   \end{tabularx}
                       
I expect to see \noalign only after the \cr of
an alignment. Proceed, and I'll ignore this case.

./monthly.tex:7233: Misplaced \noalign.
\hline ->\noalign 
                  {\ifnum 0=`}\fi \let \hskip \vskip \let \vrule \hrule \let...
l.7233   \end{tabularx}
                       
I expect to see \noalign only after the \cr of
an alignment. Proceed, and I'll ignore this case.

./monthly.tex:7233: Misplaced \noalign.
\hline ->\noalign 
                  {\ifnum 0=`}\fi \let \hskip \vskip \let \vrule \hrule \let...
l.7233   \end{tabularx}
                       
I expect to see \noalign only after the \cr of
an alignment. Proceed, and I'll ignore this case.

./monthly.tex:7233: Misplaced \noalign.
\hline ->\noalign 
                  {\ifnum 0=`}\fi \let \hskip \vskip \let \vrule \hrule \let...
l.7233   \end{tabularx}
                       
I expect to see \noalign only after the \cr of
an alignment. Proceed, and I'll ignore this case.

./monthly.tex:7233: Misplaced \noalign.
\hline ->\noalign 
                  {\ifnum 0=`}\fi \let \hskip \vskip \let \vrule \hrule \let...
l.7233   \end{tabularx}
                       
I expect to see \noalign only after the \cr of
an alignment. Proceed, and I'll ignore this case.

./monthly.tex:7233: Misplaced \noalign.
\hline ->\noalign 
                  {\ifnum 0=`}\fi \let \hskip \vskip \let \vrule \hrule \let...
l.7233   \end{tabularx}
                       
I expect to see \noalign only after the \cr of
an alignment. Proceed, and I'll ignore this case.

./monthly.tex:7233: Misplaced \noalign.
\hline ->\noalign 
                  {\ifnum 0=`}\fi \let \hskip \vskip \let \vrule \hrule \let...
l.7233   \end{tabularx}
                       
I expect to see \noalign only after the \cr of
an alignment. Proceed, and I'll ignore this case.

./monthly.tex:7233: Misplaced \noalign.
\hline ->\noalign 
                  {\ifnum 0=`}\fi \let \hskip \vskip \let \vrule \hrule \let...
l.7233   \end{tabularx}
                       
I expect to see \noalign only after the \cr of
an alignment. Proceed, and I'll ignore this case.

./monthly.tex:7233: Misplaced \noalign.
\hline ->\noalign 
                  {\ifnum 0=`}\fi \let \hskip \vskip \let \vrule \hrule \let...
l.7233   \end{tabularx}
                       
I expect to see \noalign only after the \cr of
an alignment. Proceed, and I'll ignore this case.

./monthly.tex:7233: Misplaced \noalign.
\hline ->\noalign 
                  {\ifnum 0=`}\fi \let \hskip \vskip \let \vrule \hrule \let...
l.7233   \end{tabularx}
                       
I expect to see \noalign only after the \cr of
an alignment. Proceed, and I'll ignore this case.

./monthly.tex:7233: Misplaced \noalign.
\hline ->\noalign 
                  {\ifnum 0=`}\fi \let \hskip \vskip \let \vrule \hrule \let...
l.7233   \end{tabularx}
                       
I expect to see \noalign only after the \cr of
an alignment. Proceed, and I'll ignore this case.

./monthly.tex:7233: Misplaced \noalign.
\hline ->\noalign 
                  {\ifnum 0=`}\fi \let \hskip \vskip \let \vrule \hrule \let...
l.7233   \end{tabularx}
                       
I expect to see \noalign only after the \cr of
an alignment. Proceed, and I'll ignore this case.

./monthly.tex:7233: Misplaced \noalign.
\hline ->\noalign 
                  {\ifnum 0=`}\fi \let \hskip \vskip \let \vrule \hrule \let...
l.7233   \end{tabularx}
                       
I expect to see \noalign only after the \cr of
an alignment. Proceed, and I'll ignore this case.


Underfull \hbox (badness 10000) in paragraph at lines 7233--7236

 []

[28]
./monthly.tex:7495: Misplaced \noalign.
\hline ->\noalign 
                  {\ifnum 0=`}\fi \let \hskip \vskip \let \vrule \hrule \let...
l.7495   \end{tabularx}
                       
I expect to see \noalign only after the \cr of
an alignment. Proceed, and I'll ignore this case.

./monthly.tex:7495: Misplaced \noalign.
\hline ->\noalign 
                  {\ifnum 0=`}\fi \let \hskip \vskip \let \vrule \hrule \let...
l.7495   \end{tabularx}
                       
I expect to see \noalign only after the \cr of
an alignment. Proceed, and I'll ignore this case.

./monthly.tex:7495: Misplaced \noalign.
\hline ->\noalign 
                  {\ifnum 0=`}\fi \let \hskip \vskip \let \vrule \hrule \let...
l.7495   \end{tabularx}
                       
I expect to see \noalign only after the \cr of
an alignment. Proceed, and I'll ignore this case.

./monthly.tex:7495: Misplaced \noalign.
\hline ->\noalign 
                  {\ifnum 0=`}\fi \let \hskip \vskip \let \vrule \hrule \let...
l.7495   \end{tabularx}
                       
I expect to see \noalign only after the \cr of
an alignment. Proceed, and I'll ignore this case.

./monthly.tex:7495: Misplaced \noalign.
\hline ->\noalign 
                  {\ifnum 0=`}\fi \let \hskip \vskip \let \vrule \hrule \let...
l.7495   \end{tabularx}
                       
I expect to see \noalign only after the \cr of
an alignment. Proceed, and I'll ignore this case.

./monthly.tex:7495: Misplaced \noalign.
\hline ->\noalign 
                  {\ifnum 0=`}\fi \let \hskip \vskip \let \vrule \hrule \let...
l.7495   \end{tabularx}
                       
I expect to see \noalign only after the \cr of
an alignment. Proceed, and I'll ignore this case.

./monthly.tex:7495: Misplaced \noalign.
\hline ->\noalign 
                  {\ifnum 0=`}\fi \let \hskip \vskip \let \vrule \hrule \let...
l.7495   \end{tabularx}
                       
I expect to see \noalign only after the \cr of
an alignment. Proceed, and I'll ignore this case.

./monthly.tex:7495: Misplaced \noalign.
\hline ->\noalign 
                  {\ifnum 0=`}\fi \let \hskip \vskip \let \vrule \hrule \let...
l.7495   \end{tabularx}
                       
I expect to see \noalign only after the \cr of
an alignment. Proceed, and I'll ignore this case.

./monthly.tex:7495: Misplaced \noalign.
\hline ->\noalign 
                  {\ifnum 0=`}\fi \let \hskip \vskip \let \vrule \hrule \let...
l.7495   \end{tabularx}
                       
I expect to see \noalign only after the \cr of
an alignment. Proceed, and I'll ignore this case.

./monthly.tex:7495: Misplaced \noalign.
\hline ->\noalign 
                  {\ifnum 0=`}\fi \let \hskip \vskip \let \vrule \hrule \let...
l.7495   \end{tabularx}
                       
I expect to see \noalign only after the \cr of
an alignment. Proceed, and I'll ignore this case.

./monthly.tex:7495: Misplaced \noalign.
\hline ->\noalign 
                  {\ifnum 0=`}\fi \let \hskip \vskip \let \vrule \hrule \let...
l.7495   \end{tabularx}
                       
I expect to see \noalign only after the \cr of
an alignment. Proceed, and I'll ignore this case.

./monthly.tex:7495: Misplaced \noalign.
\hline ->\noalign 
                  {\ifnum 0=`}\fi \let \hskip \vskip \let \vrule \hrule \let...
l.7495   \end{tabularx}
                       
I expect to see \noalign only after the \cr of
an alignment. Proceed, and I'll ignore this case.

./monthly.tex:7495: Misplaced \noalign.
\hline ->\noalign 
                  {\ifnum 0=`}\fi \let \hskip \vskip \let \vrule \hrule \let...
l.7495   \end{tabularx}
                       
I expect to see \noalign only after the \cr of
an alignment. Proceed, and I'll ignore this case.

./monthly.tex:7495: Misplaced \noalign.
\hline ->\noalign 
                  {\ifnum 0=`}\fi \let \hskip \vskip \let \vrule \hrule \let...
l.7495   \end{tabularx}
                       
I expect to see \noalign only after the \cr of
an alignment. Proceed, and I'll ignore this case.

./monthly.tex:7495: Misplaced \noalign.
\hline ->\noalign 
                  {\ifnum 0=`}\fi \let \hskip \vskip \let \vrule \hrule \let...
l.7495   \end{tabularx}
                       
I expect to see \noalign only after the \cr of
an alignment. Proceed, and I'll ignore this case.

./monthly.tex:7495: Misplaced \noalign.
\hline ->\noalign 
                  {\ifnum 0=`}\fi \let \hskip \vskip \let \vrule \hrule \let...
l.7495   \end{tabularx}
                       
I expect to see \noalign only after the \cr of
an alignment. Proceed, and I'll ignore this case.

./monthly.tex:7495: Misplaced \noalign.
\hline ->\noalign 
                  {\ifnum 0=`}\fi \let \hskip \vskip \let \vrule \hrule \let...
l.7495   \end{tabularx}
                       
I expect to see \noalign only after the \cr of
an alignment. Proceed, and I'll ignore this case.

./monthly.tex:7495: Misplaced \noalign.
\hline ->\noalign 
                  {\ifnum 0=`}\fi \let \hskip \vskip \let \vrule \hrule \let...
l.7495   \end{tabularx}
                       
I expect to see \noalign only after the \cr of
an alignment. Proceed, and I'll ignore this case.

./monthly.tex:7495: Misplaced \noalign.
\hline ->\noalign 
                  {\ifnum 0=`}\fi \let \hskip \vskip \let \vrule \hrule \let...
l.7495   \end{tabularx}
                       
I expect to see \noalign only after the \cr of
an alignment. Proceed, and I'll ignore this case.

./monthly.tex:7495: Misplaced \noalign.
\hline ->\noalign 
                  {\ifnum 0=`}\fi \let \hskip \vskip \let \vrule \hrule \let...
l.7495   \end{tabularx}
                       
I expect to see \noalign only after the \cr of
an alignment. Proceed, and I'll ignore this case.

./monthly.tex:7495: Misplaced \noalign.
\hline ->\noalign 
                  {\ifnum 0=`}\fi \let \hskip \vskip \let \vrule \hrule \let...
l.7495   \end{tabularx}
                       
I expect to see \noalign only after the \cr of
an alignment. Proceed, and I'll ignore this case.

./monthly.tex:7495: Misplaced \noalign.
\hline ->\noalign 
                  {\ifnum 0=`}\fi \let \hskip \vskip \let \vrule \hrule \let...
l.7495   \end{tabularx}
                       
I expect to see \noalign only after the \cr of
an alignment. Proceed, and I'll ignore this case.

./monthly.tex:7495: Misplaced \noalign.
\hline ->\noalign 
                  {\ifnum 0=`}\fi \let \hskip \vskip \let \vrule \hrule \let...
l.7495   \end{tabularx}
                       
I expect to see \noalign only after the \cr of
an alignment. Proceed, and I'll ignore this case.

./monthly.tex:7495: Misplaced \noalign.
\hline ->\noalign 
                  {\ifnum 0=`}\fi \let \hskip \vskip \let \vrule \hrule \let...
l.7495   \end{tabularx}
                       
I expect to see \noalign only after the \cr of
an alignment. Proceed, and I'll ignore this case.

./monthly.tex:7495: Misplaced \noalign.
\hline ->\noalign 
                  {\ifnum 0=`}\fi \let \hskip \vskip \let \vrule \hrule \let...
l.7495   \end{tabularx}
                       
I expect to see \noalign only after the \cr of
an alignment. Proceed, and I'll ignore this case.

./monthly.tex:7495: Misplaced \noalign.
\hline ->\noalign 
                  {\ifnum 0=`}\fi \let \hskip \vskip \let \vrule \hrule \let...
l.7495   \end{tabularx}
                       
I expect to see \noalign only after the \cr of
an alignment. Proceed, and I'll ignore this case.

./monthly.tex:7495: Misplaced \noalign.
\hline ->\noalign 
                  {\ifnum 0=`}\fi \let \hskip \vskip \let \vrule \hrule \let...
l.7495   \end{tabularx}
                       
I expect to see \noalign only after the \cr of
an alignment. Proceed, and I'll ignore this case.

./monthly.tex:7495: Misplaced \noalign.
\hline ->\noalign 
                  {\ifnum 0=`}\fi \let \hskip \vskip \let \vrule \hrule \let...
l.7495   \end{tabularx}
                       
I expect to see \noalign only after the \cr of
an alignment. Proceed, and I'll ignore this case.

./monthly.tex:7495: Misplaced \noalign.
\hline ->\noalign 
                  {\ifnum 0=`}\fi \let \hskip \vskip \let \vrule \hrule \let...
l.7495   \end{tabularx}
                       
I expect to see \noalign only after the \cr of
an alignment. Proceed, and I'll ignore this case.

./monthly.tex:7495: Misplaced \noalign.
\hline ->\noalign 
                  {\ifnum 0=`}\fi \let \hskip \vskip \let \vrule \hrule \let...
l.7495   \end{tabularx}
                       
I expect to see \noalign only after the \cr of
an alignment. Proceed, and I'll ignore this case.

./monthly.tex:7495: Misplaced \noalign.
\hline ->\noalign 
                  {\ifnum 0=`}\fi \let \hskip \vskip \let \vrule \hrule \let...
l.7495   \end{tabularx}
                       
I expect to see \noalign only after the \cr of
an alignment. Proceed, and I'll ignore this case.

./monthly.tex:7495: Misplaced \noalign.
\hline ->\noalign 
                  {\ifnum 0=`}\fi \let \hskip \vskip \let \vrule \hrule \let...
l.7495   \end{tabularx}
                       
I expect to see \noalign only after the \cr of
an alignment. Proceed, and I'll ignore this case.

./monthly.tex:7495: Misplaced \noalign.
\hline ->\noalign 
                  {\ifnum 0=`}\fi \let \hskip \vskip \let \vrule \hrule \let...
l.7495   \end{tabularx}
                       
I expect to see \noalign only after the \cr of
an alignment. Proceed, and I'll ignore this case.

./monthly.tex:7495: Misplaced \noalign.
\hline ->\noalign 
                  {\ifnum 0=`}\fi \let \hskip \vskip \let \vrule \hrule \let...
l.7495   \end{tabularx}
                       
I expect to see \noalign only after the \cr of
an alignment. Proceed, and I'll ignore this case.

./monthly.tex:7495: Misplaced \noalign.
\hline ->\noalign 
                  {\ifnum 0=`}\fi \let \hskip \vskip \let \vrule \hrule \let...
l.7495   \end{tabularx}
                       
I expect to see \noalign only after the \cr of
an alignment. Proceed, and I'll ignore this case.

./monthly.tex:7495: Misplaced \noalign.
\hline ->\noalign 
                  {\ifnum 0=`}\fi \let \hskip \vskip \let \vrule \hrule \let...
l.7495   \end{tabularx}
                       
I expect to see \noalign only after the \cr of
an alignment. Proceed, and I'll ignore this case.

./monthly.tex:7495: Misplaced \noalign.
\hline ->\noalign 
                  {\ifnum 0=`}\fi \let \hskip \vskip \let \vrule \hrule \let...
l.7495   \end{tabularx}
                       
I expect to see \noalign only after the \cr of
an alignment. Proceed, and I'll ignore this case.

./monthly.tex:7495: Misplaced \noalign.
\hline ->\noalign 
                  {\ifnum 0=`}\fi \let \hskip \vskip \let \vrule \hrule \let...
l.7495   \end{tabularx}
                       
I expect to see \noalign only after the \cr of
an alignment. Proceed, and I'll ignore this case.

./monthly.tex:7495: Misplaced \noalign.
\hline ->\noalign 
                  {\ifnum 0=`}\fi \let \hskip \vskip \let \vrule \hrule \let...
l.7495   \end{tabularx}
                       
I expect to see \noalign only after the \cr of
an alignment. Proceed, and I'll ignore this case.

./monthly.tex:7495: Misplaced \noalign.
\hline ->\noalign 
                  {\ifnum 0=`}\fi \let \hskip \vskip \let \vrule \hrule \let...
l.7495   \end{tabularx}
                       
I expect to see \noalign only after the \cr of
an alignment. Proceed, and I'll ignore this case.

./monthly.tex:7495: Misplaced \noalign.
\hline ->\noalign 
                  {\ifnum 0=`}\fi \let \hskip \vskip \let \vrule \hrule \let...
l.7495   \end{tabularx}
                       
I expect to see \noalign only after the \cr of
an alignment. Proceed, and I'll ignore this case.

./monthly.tex:7495: Misplaced \noalign.
\hline ->\noalign 
                  {\ifnum 0=`}\fi \let \hskip \vskip \let \vrule \hrule \let...
l.7495   \end{tabularx}
                       
I expect to see \noalign only after the \cr of
an alignment. Proceed, and I'll ignore this case.

./monthly.tex:7495: Misplaced \noalign.
\hline ->\noalign 
                  {\ifnum 0=`}\fi \let \hskip \vskip \let \vrule \hrule \let...
l.7495   \end{tabularx}
                       
I expect to see \noalign only after the \cr of
an alignment. Proceed, and I'll ignore this case.

./monthly.tex:7495: Misplaced \noalign.
\hline ->\noalign 
                  {\ifnum 0=`}\fi \let \hskip \vskip \let \vrule \hrule \let...
l.7495   \end{tabularx}
                       
I expect to see \noalign only after the \cr of
an alignment. Proceed, and I'll ignore this case.

./monthly.tex:7495: Misplaced \noalign.
\hline ->\noalign 
                  {\ifnum 0=`}\fi \let \hskip \vskip \let \vrule \hrule \let...
l.7495   \end{tabularx}
                       
I expect to see \noalign only after the \cr of
an alignment. Proceed, and I'll ignore this case.

./monthly.tex:7495: Misplaced \noalign.
\hline ->\noalign 
                  {\ifnum 0=`}\fi \let \hskip \vskip \let \vrule \hrule \let...
l.7495   \end{tabularx}
                       
I expect to see \noalign only after the \cr of
an alignment. Proceed, and I'll ignore this case.

./monthly.tex:7495: Misplaced \noalign.
\hline ->\noalign 
                  {\ifnum 0=`}\fi \let \hskip \vskip \let \vrule \hrule \let...
l.7495   \end{tabularx}
                       
I expect to see \noalign only after the \cr of
an alignment. Proceed, and I'll ignore this case.

./monthly.tex:7495: Misplaced \noalign.
\hline ->\noalign 
                  {\ifnum 0=`}\fi \let \hskip \vskip \let \vrule \hrule \let...
l.7495   \end{tabularx}
                       
I expect to see \noalign only after the \cr of
an alignment. Proceed, and I'll ignore this case.

./monthly.tex:7495: Misplaced \noalign.
\hline ->\noalign 
                  {\ifnum 0=`}\fi \let \hskip \vskip \let \vrule \hrule \let...
l.7495   \end{tabularx}
                       
I expect to see \noalign only after the \cr of
an alignment. Proceed, and I'll ignore this case.

./monthly.tex:7495: Misplaced \noalign.
\hline ->\noalign 
                  {\ifnum 0=`}\fi \let \hskip \vskip \let \vrule \hrule \let...
l.7495   \end{tabularx}
                       
I expect to see \noalign only after the \cr of
an alignment. Proceed, and I'll ignore this case.

./monthly.tex:7495: Misplaced \noalign.
\hline ->\noalign 
                  {\ifnum 0=`}\fi \let \hskip \vskip \let \vrule \hrule \let...
l.7495   \end{tabularx}
                       
I expect to see \noalign only after the \cr of
an alignment. Proceed, and I'll ignore this case.

./monthly.tex:7495: Misplaced \noalign.
\hline ->\noalign 
                  {\ifnum 0=`}\fi \let \hskip \vskip \let \vrule \hrule \let...
l.7495   \end{tabularx}
                       
I expect to see \noalign only after the \cr of
an alignment. Proceed, and I'll ignore this case.

./monthly.tex:7495: Misplaced \noalign.
\hline ->\noalign 
                  {\ifnum 0=`}\fi \let \hskip \vskip \let \vrule \hrule \let...
l.7495   \end{tabularx}
                       
I expect to see \noalign only after the \cr of
an alignment. Proceed, and I'll ignore this case.

./monthly.tex:7495: Misplaced \noalign.
\hline ->\noalign 
                  {\ifnum 0=`}\fi \let \hskip \vskip \let \vrule \hrule \let...
l.7495   \end{tabularx}
                       
I expect to see \noalign only after the \cr of
an alignment. Proceed, and I'll ignore this case.

./monthly.tex:7495: Misplaced \noalign.
\hline ->\noalign 
                  {\ifnum 0=`}\fi \let \hskip \vskip \let \vrule \hrule \let...
l.7495   \end{tabularx}
                       
I expect to see \noalign only after the \cr of
an alignment. Proceed, and I'll ignore this case.

./monthly.tex:7495: Misplaced \noalign.
\hline ->\noalign 
                  {\ifnum 0=`}\fi \let \hskip \vskip \let \vrule \hrule \let...
l.7495   \end{tabularx}
                       
I expect to see \noalign only after the \cr of
an alignment. Proceed, and I'll ignore this case.

./monthly.tex:7495: Misplaced \noalign.
\hline ->\noalign 
                  {\ifnum 0=`}\fi \let \hskip \vskip \let \vrule \hrule \let...
l.7495   \end{tabularx}
                       
I expect to see \noalign only after the \cr of
an alignment. Proceed, and I'll ignore this case.

./monthly.tex:7495: Misplaced \noalign.
\hline ->\noalign 
                  {\ifnum 0=`}\fi \let \hskip \vskip \let \vrule \hrule \let...
l.7495   \end{tabularx}
                       
I expect to see \noalign only after the \cr of
an alignment. Proceed, and I'll ignore this case.

./monthly.tex:7495: Misplaced \noalign.
\hline ->\noalign 
                  {\ifnum 0=`}\fi \let \hskip \vskip \let \vrule \hrule \let...
l.7495   \end{tabularx}
                       
I expect to see \noalign only after the \cr of
an alignment. Proceed, and I'll ignore this case.

./monthly.tex:7495: Misplaced \noalign.
\hline ->\noalign 
                  {\ifnum 0=`}\fi \let \hskip \vskip \let \vrule \hrule \let...
l.7495   \end{tabularx}
                       
I expect to see \noalign only after the \cr of
an alignment. Proceed, and I'll ignore this case.

./monthly.tex:7495: Misplaced \noalign.
\hline ->\noalign 
                  {\ifnum 0=`}\fi \let \hskip \vskip \let \vrule \hrule \let...
l.7495   \end{tabularx}
                       
I expect to see \noalign only after the \cr of
an alignment. Proceed, and I'll ignore this case.

./monthly.tex:7495: Misplaced \noalign.
\hline ->\noalign 
                  {\ifnum 0=`}\fi \let \hskip \vskip \let \vrule \hrule \let...
l.7495   \end{tabularx}
                       
I expect to see \noalign only after the \cr of
an alignment. Proceed, and I'll ignore this case.

./monthly.tex:7495: Misplaced \noalign.
\hline ->\noalign 
                  {\ifnum 0=`}\fi \let \hskip \vskip \let \vrule \hrule \let...
l.7495   \end{tabularx}
                       
I expect to see \noalign only after the \cr of
an alignment. Proceed, and I'll ignore this case.

./monthly.tex:7495: Misplaced \noalign.
\hline ->\noalign 
                  {\ifnum 0=`}\fi \let \hskip \vskip \let \vrule \hrule \let...
l.7495   \end{tabularx}
                       
I expect to see \noalign only after the \cr of
an alignment. Proceed, and I'll ignore this case.

./monthly.tex:7495: Misplaced \noalign.
\hline ->\noalign 
                  {\ifnum 0=`}\fi \let \hskip \vskip \let \vrule \hrule \let...
l.7495   \end{tabularx}
                       
I expect to see \noalign only after the \cr of
an alignment. Proceed, and I'll ignore this case.

./monthly.tex:7495: Misplaced \noalign.
\hline ->\noalign 
                  {\ifnum 0=`}\fi \let \hskip \vskip \let \vrule \hrule \let...
l.7495   \end{tabularx}
                       
I expect to see \noalign only after the \cr of
an alignment. Proceed, and I'll ignore this case.

./monthly.tex:7495: Misplaced \noalign.
\hline ->\noalign 
                  {\ifnum 0=`}\fi \let \hskip \vskip \let \vrule \hrule \let...
l.7495   \end{tabularx}
                       
I expect to see \noalign only after the \cr of
an alignment. Proceed, and I'll ignore this case.

./monthly.tex:7495: Misplaced \noalign.
\hline ->\noalign 
                  {\ifnum 0=`}\fi \let \hskip \vskip \let \vrule \hrule \let...
l.7495   \end{tabularx}
                       
I expect to see \noalign only after the \cr of
an alignment. Proceed, and I'll ignore this case.

./monthly.tex:7495: Misplaced \noalign.
\hline ->\noalign 
                  {\ifnum 0=`}\fi \let \hskip \vskip \let \vrule \hrule \let...
l.7495   \end{tabularx}
                       
I expect to see \noalign only after the \cr of
an alignment. Proceed, and I'll ignore this case.

./monthly.tex:7495: Misplaced \noalign.
\hline ->\noalign 
                  {\ifnum 0=`}\fi \let \hskip \vskip \let \vrule \hrule \let...
l.7495   \end{tabularx}
                       
I expect to see \noalign only after the \cr of
an alignment. Proceed, and I'll ignore this case.

./monthly.tex:7495: Misplaced \noalign.
\hline ->\noalign 
                  {\ifnum 0=`}\fi \let \hskip \vskip \let \vrule \hrule \let...
l.7495   \end{tabularx}
                       
I expect to see \noalign only after the \cr of
an alignment. Proceed, and I'll ignore this case.

./monthly.tex:7495: Misplaced \noalign.
\hline ->\noalign 
                  {\ifnum 0=`}\fi \let \hskip \vskip \let \vrule \hrule \let...
l.7495   \end{tabularx}
                       
I expect to see \noalign only after the \cr of
an alignment. Proceed, and I'll ignore this case.

./monthly.tex:7495: Misplaced \noalign.
\hline ->\noalign 
                  {\ifnum 0=`}\fi \let \hskip \vskip \let \vrule \hrule \let...
l.7495   \end{tabularx}
                       
I expect to see \noalign only after the \cr of
an alignment. Proceed, and I'll ignore this case.

./monthly.tex:7495: Misplaced \noalign.
\hline ->\noalign 
                  {\ifnum 0=`}\fi \let \hskip \vskip \let \vrule \hrule \let...
l.7495   \end{tabularx}
                       
I expect to see \noalign only after the \cr of
an alignment. Proceed, and I'll ignore this case.

./monthly.tex:7495: Misplaced \noalign.
\hline ->\noalign 
                  {\ifnum 0=`}\fi \let \hskip \vskip \let \vrule \hrule \let...
l.7495   \end{tabularx}
                       
I expect to see \noalign only after the \cr of
an alignment. Proceed, and I'll ignore this case.

./monthly.tex:7495: Misplaced \noalign.
\hline ->\noalign 
                  {\ifnum 0=`}\fi \let \hskip \vskip \let \vrule \hrule \let...
l.7495   \end{tabularx}
                       
I expect to see \noalign only after the \cr of
an alignment. Proceed, and I'll ignore this case.

./monthly.tex:7495: Misplaced \noalign.
\hline ->\noalign 
                  {\ifnum 0=`}\fi \let \hskip \vskip \let \vrule \hrule \let...
l.7495   \end{tabularx}
                       
I expect to see \noalign only after the \cr of
an alignment. Proceed, and I'll ignore this case.

./monthly.tex:7495: Misplaced \noalign.
\hline ->\noalign 
                  {\ifnum 0=`}\fi \let \hskip \vskip \let \vrule \hrule \let...
l.7495   \end{tabularx}
                       
I expect to see \noalign only after the \cr of
an alignment. Proceed, and I'll ignore this case.

./monthly.tex:7495: Misplaced \noalign.
\hline ->\noalign 
                  {\ifnum 0=`}\fi \let \hskip \vskip \let \vrule \hrule \let...
l.7495   \end{tabularx}
                       
I expect to see \noalign only after the \cr of
an alignment. Proceed, and I'll ignore this case.

./monthly.tex:7495: Misplaced \noalign.
\hline ->\noalign 
                  {\ifnum 0=`}\fi \let \hskip \vskip \let \vrule \hrule \let...
l.7495   \end{tabularx}
                       
I expect to see \noalign only after the \cr of
an alignment. Proceed, and I'll ignore this case.

./monthly.tex:7495: Misplaced \noalign.
\hline ->\noalign 
                  {\ifnum 0=`}\fi \let \hskip \vskip \let \vrule \hrule \let...
l.7495   \end{tabularx}
                       
I expect to see \noalign only after the \cr of
an alignment. Proceed, and I'll ignore this case.

./monthly.tex:7495: Misplaced \noalign.
\hline ->\noalign 
                  {\ifnum 0=`}\fi \let \hskip \vskip \let \vrule \hrule \let...
l.7495   \end{tabularx}
                       
I expect to see \noalign only after the \cr of
an alignment. Proceed, and I'll ignore this case.

./monthly.tex:7495: Misplaced \noalign.
\hline ->\noalign 
                  {\ifnum 0=`}\fi \let \hskip \vskip \let \vrule \hrule \let...
l.7495   \end{tabularx}
                       
I expect to see \noalign only after the \cr of
an alignment. Proceed, and I'll ignore this case.

./monthly.tex:7495: Misplaced \noalign.
\hline ->\noalign 
                  {\ifnum 0=`}\fi \let \hskip \vskip \let \vrule \hrule \let...
l.7495   \end{tabularx}
                       
I expect to see \noalign only after the \cr of
an alignment. Proceed, and I'll ignore this case.

./monthly.tex:7495: Misplaced \noalign.
\hline ->\noalign 
                  {\ifnum 0=`}\fi \let \hskip \vskip \let \vrule \hrule \let...
l.7495   \end{tabularx}
                       
I expect to see \noalign only after the \cr of
an alignment. Proceed, and I'll ignore this case.

./monthly.tex:7495: Misplaced \noalign.
\hline ->\noalign 
                  {\ifnum 0=`}\fi \let \hskip \vskip \let \vrule \hrule \let...
l.7495   \end{tabularx}
                       
I expect to see \noalign only after the \cr of
an alignment. Proceed, and I'll ignore this case.

./monthly.tex:7495: Misplaced \noalign.
\hline ->\noalign 
                  {\ifnum 0=`}\fi \let \hskip \vskip \let \vrule \hrule \let...
l.7495   \end{tabularx}
                       
I expect to see \noalign only after the \cr of
an alignment. Proceed, and I'll ignore this case.

./monthly.tex:7495: Misplaced \noalign.
\hline ->\noalign 
                  {\ifnum 0=`}\fi \let \hskip \vskip \let \vrule \hrule \let...
l.7495   \end{tabularx}
                       
I expect to see \noalign only after the \cr of
an alignment. Proceed, and I'll ignore this case.

./monthly.tex:7495: Misplaced \noalign.
\hline ->\noalign 
                  {\ifnum 0=`}\fi \let \hskip \vskip \let \vrule \hrule \let...
l.7495   \end{tabularx}
                       
I expect to see \noalign only after the \cr of
an alignment. Proceed, and I'll ignore this case.

./monthly.tex:7495: Misplaced \noalign.
\hline ->\noalign 
                  {\ifnum 0=`}\fi \let \hskip \vskip \let \vrule \hrule \let...
l.7495   \end{tabularx}
                       
I expect to see \noalign only after the \cr of
an alignment. Proceed, and I'll ignore this case.


Underfull \hbox (badness 10000) in paragraph at lines 7495--7498

 []

[29]
./monthly.tex:7759: Misplaced \noalign.
\hline ->\noalign 
                  {\ifnum 0=`}\fi \let \hskip \vskip \let \vrule \hrule \let...
l.7759   \end{tabularx}
                       
I expect to see \noalign only after the \cr of
an alignment. Proceed, and I'll ignore this case.

./monthly.tex:7759: Misplaced \noalign.
\hline ->\noalign 
                  {\ifnum 0=`}\fi \let \hskip \vskip \let \vrule \hrule \let...
l.7759   \end{tabularx}
                       
I expect to see \noalign only after the \cr of
an alignment. Proceed, and I'll ignore this case.

./monthly.tex:7759: Misplaced \noalign.
\hline ->\noalign 
                  {\ifnum 0=`}\fi \let \hskip \vskip \let \vrule \hrule \let...
l.7759   \end{tabularx}
                       
I expect to see \noalign only after the \cr of
an alignment. Proceed, and I'll ignore this case.

./monthly.tex:7759: Misplaced \noalign.
\hline ->\noalign 
                  {\ifnum 0=`}\fi \let \hskip \vskip \let \vrule \hrule \let...
l.7759   \end{tabularx}
                       
I expect to see \noalign only after the \cr of
an alignment. Proceed, and I'll ignore this case.

./monthly.tex:7759: Misplaced \noalign.
\hline ->\noalign 
                  {\ifnum 0=`}\fi \let \hskip \vskip \let \vrule \hrule \let...
l.7759   \end{tabularx}
                       
I expect to see \noalign only after the \cr of
an alignment. Proceed, and I'll ignore this case.

./monthly.tex:7759: Misplaced \noalign.
\hline ->\noalign 
                  {\ifnum 0=`}\fi \let \hskip \vskip \let \vrule \hrule \let...
l.7759   \end{tabularx}
                       
I expect to see \noalign only after the \cr of
an alignment. Proceed, and I'll ignore this case.

./monthly.tex:7759: Misplaced \noalign.
\hline ->\noalign 
                  {\ifnum 0=`}\fi \let \hskip \vskip \let \vrule \hrule \let...
l.7759   \end{tabularx}
                       
I expect to see \noalign only after the \cr of
an alignment. Proceed, and I'll ignore this case.

./monthly.tex:7759: Misplaced \noalign.
\hline ->\noalign 
                  {\ifnum 0=`}\fi \let \hskip \vskip \let \vrule \hrule \let...
l.7759   \end{tabularx}
                       
I expect to see \noalign only after the \cr of
an alignment. Proceed, and I'll ignore this case.

./monthly.tex:7759: Misplaced \noalign.
\hline ->\noalign 
                  {\ifnum 0=`}\fi \let \hskip \vskip \let \vrule \hrule \let...
l.7759   \end{tabularx}
                       
I expect to see \noalign only after the \cr of
an alignment. Proceed, and I'll ignore this case.

./monthly.tex:7759: Misplaced \noalign.
\hline ->\noalign 
                  {\ifnum 0=`}\fi \let \hskip \vskip \let \vrule \hrule \let...
l.7759   \end{tabularx}
                       
I expect to see \noalign only after the \cr of
an alignment. Proceed, and I'll ignore this case.

./monthly.tex:7759: Misplaced \noalign.
\hline ->\noalign 
                  {\ifnum 0=`}\fi \let \hskip \vskip \let \vrule \hrule \let...
l.7759   \end{tabularx}
                       
I expect to see \noalign only after the \cr of
an alignment. Proceed, and I'll ignore this case.

./monthly.tex:7759: Misplaced \noalign.
\hline ->\noalign 
                  {\ifnum 0=`}\fi \let \hskip \vskip \let \vrule \hrule \let...
l.7759   \end{tabularx}
                       
I expect to see \noalign only after the \cr of
an alignment. Proceed, and I'll ignore this case.

./monthly.tex:7759: Misplaced \noalign.
\hline ->\noalign 
                  {\ifnum 0=`}\fi \let \hskip \vskip \let \vrule \hrule \let...
l.7759   \end{tabularx}
                       
I expect to see \noalign only after the \cr of
an alignment. Proceed, and I'll ignore this case.

./monthly.tex:7759: Misplaced \noalign.
\hline ->\noalign 
                  {\ifnum 0=`}\fi \let \hskip \vskip \let \vrule \hrule \let...
l.7759   \end{tabularx}
                       
I expect to see \noalign only after the \cr of
an alignment. Proceed, and I'll ignore this case.

./monthly.tex:7759: Misplaced \noalign.
\hline ->\noalign 
                  {\ifnum 0=`}\fi \let \hskip \vskip \let \vrule \hrule \let...
l.7759   \end{tabularx}
                       
I expect to see \noalign only after the \cr of
an alignment. Proceed, and I'll ignore this case.

./monthly.tex:7759: Misplaced \noalign.
\hline ->\noalign 
                  {\ifnum 0=`}\fi \let \hskip \vskip \let \vrule \hrule \let...
l.7759   \end{tabularx}
                       
I expect to see \noalign only after the \cr of
an alignment. Proceed, and I'll ignore this case.

./monthly.tex:7759: Misplaced \noalign.
\hline ->\noalign 
                  {\ifnum 0=`}\fi \let \hskip \vskip \let \vrule \hrule \let...
l.7759   \end{tabularx}
                       
I expect to see \noalign only after the \cr of
an alignment. Proceed, and I'll ignore this case.

./monthly.tex:7759: Misplaced \noalign.
\hline ->\noalign 
                  {\ifnum 0=`}\fi \let \hskip \vskip \let \vrule \hrule \let...
l.7759   \end{tabularx}
                       
I expect to see \noalign only after the \cr of
an alignment. Proceed, and I'll ignore this case.

./monthly.tex:7759: Misplaced \noalign.
\hline ->\noalign 
                  {\ifnum 0=`}\fi \let \hskip \vskip \let \vrule \hrule \let...
l.7759   \end{tabularx}
                       
I expect to see \noalign only after the \cr of
an alignment. Proceed, and I'll ignore this case.

./monthly.tex:7759: Misplaced \noalign.
\hline ->\noalign 
                  {\ifnum 0=`}\fi \let \hskip \vskip \let \vrule \hrule \let...
l.7759   \end{tabularx}
                       
I expect to see \noalign only after the \cr of
an alignment. Proceed, and I'll ignore this case.

./monthly.tex:7759: Misplaced \noalign.
\hline ->\noalign 
                  {\ifnum 0=`}\fi \let \hskip \vskip \let \vrule \hrule \let...
l.7759   \end{tabularx}
                       
I expect to see \noalign only after the \cr of
an alignment. Proceed, and I'll ignore this case.

./monthly.tex:7759: Misplaced \noalign.
\hline ->\noalign 
                  {\ifnum 0=`}\fi \let \hskip \vskip \let \vrule \hrule \let...
l.7759   \end{tabularx}
                       
I expect to see \noalign only after the \cr of
an alignment. Proceed, and I'll ignore this case.

./monthly.tex:7759: Misplaced \noalign.
\hline ->\noalign 
                  {\ifnum 0=`}\fi \let \hskip \vskip \let \vrule \hrule \let...
l.7759   \end{tabularx}
                       
I expect to see \noalign only after the \cr of
an alignment. Proceed, and I'll ignore this case.

./monthly.tex:7759: Misplaced \noalign.
\hline ->\noalign 
                  {\ifnum 0=`}\fi \let \hskip \vskip \let \vrule \hrule \let...
l.7759   \end{tabularx}
                       
I expect to see \noalign only after the \cr of
an alignment. Proceed, and I'll ignore this case.

./monthly.tex:7759: Misplaced \noalign.
\hline ->\noalign 
                  {\ifnum 0=`}\fi \let \hskip \vskip \let \vrule \hrule \let...
l.7759   \end{tabularx}
                       
I expect to see \noalign only after the \cr of
an alignment. Proceed, and I'll ignore this case.

./monthly.tex:7759: Misplaced \noalign.
\hline ->\noalign 
                  {\ifnum 0=`}\fi \let \hskip \vskip \let \vrule \hrule \let...
l.7759   \end{tabularx}
                       
I expect to see \noalign only after the \cr of
an alignment. Proceed, and I'll ignore this case.

./monthly.tex:7759: Misplaced \noalign.
\hline ->\noalign 
                  {\ifnum 0=`}\fi \let \hskip \vskip \let \vrule \hrule \let...
l.7759   \end{tabularx}
                       
I expect to see \noalign only after the \cr of
an alignment. Proceed, and I'll ignore this case.

./monthly.tex:7759: Misplaced \noalign.
\hline ->\noalign 
                  {\ifnum 0=`}\fi \let \hskip \vskip \let \vrule \hrule \let...
l.7759   \end{tabularx}
                       
I expect to see \noalign only after the \cr of
an alignment. Proceed, and I'll ignore this case.

./monthly.tex:7759: Misplaced \noalign.
\hline ->\noalign 
                  {\ifnum 0=`}\fi \let \hskip \vskip \let \vrule \hrule \let...
l.7759   \end{tabularx}
                       
I expect to see \noalign only after the \cr of
an alignment. Proceed, and I'll ignore this case.

./monthly.tex:7759: Misplaced \noalign.
\hline ->\noalign 
                  {\ifnum 0=`}\fi \let \hskip \vskip \let \vrule \hrule \let...
l.7759   \end{tabularx}
                       
I expect to see \noalign only after the \cr of
an alignment. Proceed, and I'll ignore this case.

./monthly.tex:7759: Misplaced \noalign.
\hline ->\noalign 
                  {\ifnum 0=`}\fi \let \hskip \vskip \let \vrule \hrule \let...
l.7759   \end{tabularx}
                       
I expect to see \noalign only after the \cr of
an alignment. Proceed, and I'll ignore this case.

./monthly.tex:7759: Misplaced \noalign.
\hline ->\noalign 
                  {\ifnum 0=`}\fi \let \hskip \vskip \let \vrule \hrule \let...
l.7759   \end{tabularx}
                       
I expect to see \noalign only after the \cr of
an alignment. Proceed, and I'll ignore this case.

./monthly.tex:7759: Misplaced \noalign.
\hline ->\noalign 
                  {\ifnum 0=`}\fi \let \hskip \vskip \let \vrule \hrule \let...
l.7759   \end{tabularx}
                       
I expect to see \noalign only after the \cr of
an alignment. Proceed, and I'll ignore this case.

./monthly.tex:7759: Misplaced \noalign.
\hline ->\noalign 
                  {\ifnum 0=`}\fi \let \hskip \vskip \let \vrule \hrule \let...
l.7759   \end{tabularx}
                       
I expect to see \noalign only after the \cr of
an alignment. Proceed, and I'll ignore this case.

./monthly.tex:7759: Misplaced \noalign.
\hline ->\noalign 
                  {\ifnum 0=`}\fi \let \hskip \vskip \let \vrule \hrule \let...
l.7759   \end{tabularx}
                       
I expect to see \noalign only after the \cr of
an alignment. Proceed, and I'll ignore this case.

./monthly.tex:7759: Misplaced \noalign.
\hline ->\noalign 
                  {\ifnum 0=`}\fi \let \hskip \vskip \let \vrule \hrule \let...
l.7759   \end{tabularx}
                       
I expect to see \noalign only after the \cr of
an alignment. Proceed, and I'll ignore this case.

./monthly.tex:7759: Misplaced \noalign.
\hline ->\noalign 
                  {\ifnum 0=`}\fi \let \hskip \vskip \let \vrule \hrule \let...
l.7759   \end{tabularx}
                       
I expect to see \noalign only after the \cr of
an alignment. Proceed, and I'll ignore this case.

./monthly.tex:7759: Misplaced \noalign.
\hline ->\noalign 
                  {\ifnum 0=`}\fi \let \hskip \vskip \let \vrule \hrule \let...
l.7759   \end{tabularx}
                       
I expect to see \noalign only after the \cr of
an alignment. Proceed, and I'll ignore this case.

./monthly.tex:7759: Misplaced \noalign.
\hline ->\noalign 
                  {\ifnum 0=`}\fi \let \hskip \vskip \let \vrule \hrule \let...
l.7759   \end{tabularx}
                       
I expect to see \noalign only after the \cr of
an alignment. Proceed, and I'll ignore this case.

./monthly.tex:7759: Misplaced \noalign.
\hline ->\noalign 
                  {\ifnum 0=`}\fi \let \hskip \vskip \let \vrule \hrule \let...
l.7759   \end{tabularx}
                       
I expect to see \noalign only after the \cr of
an alignment. Proceed, and I'll ignore this case.

./monthly.tex:7759: Misplaced \noalign.
\hline ->\noalign 
                  {\ifnum 0=`}\fi \let \hskip \vskip \let \vrule \hrule \let...
l.7759   \end{tabularx}
                       
I expect to see \noalign only after the \cr of
an alignment. Proceed, and I'll ignore this case.

./monthly.tex:7759: Misplaced \noalign.
\hline ->\noalign 
                  {\ifnum 0=`}\fi \let \hskip \vskip \let \vrule \hrule \let...
l.7759   \end{tabularx}
                       
I expect to see \noalign only after the \cr of
an alignment. Proceed, and I'll ignore this case.

./monthly.tex:7759: Misplaced \noalign.
\hline ->\noalign 
                  {\ifnum 0=`}\fi \let \hskip \vskip \let \vrule \hrule \let...
l.7759   \end{tabularx}
                       
I expect to see \noalign only after the \cr of
an alignment. Proceed, and I'll ignore this case.

./monthly.tex:7759: Misplaced \noalign.
\hline ->\noalign 
                  {\ifnum 0=`}\fi \let \hskip \vskip \let \vrule \hrule \let...
l.7759   \end{tabularx}
                       
I expect to see \noalign only after the \cr of
an alignment. Proceed, and I'll ignore this case.

./monthly.tex:7759: Misplaced \noalign.
\hline ->\noalign 
                  {\ifnum 0=`}\fi \let \hskip \vskip \let \vrule \hrule \let...
l.7759   \end{tabularx}
                       
I expect to see \noalign only after the \cr of
an alignment. Proceed, and I'll ignore this case.

./monthly.tex:7759: Misplaced \noalign.
\hline ->\noalign 
                  {\ifnum 0=`}\fi \let \hskip \vskip \let \vrule \hrule \let...
l.7759   \end{tabularx}
                       
I expect to see \noalign only after the \cr of
an alignment. Proceed, and I'll ignore this case.

./monthly.tex:7759: Misplaced \noalign.
\hline ->\noalign 
                  {\ifnum 0=`}\fi \let \hskip \vskip \let \vrule \hrule \let...
l.7759   \end{tabularx}
                       
I expect to see \noalign only after the \cr of
an alignment. Proceed, and I'll ignore this case.

./monthly.tex:7759: Misplaced \noalign.
\hline ->\noalign 
                  {\ifnum 0=`}\fi \let \hskip \vskip \let \vrule \hrule \let...
l.7759   \end{tabularx}
                       
I expect to see \noalign only after the \cr of
an alignment. Proceed, and I'll ignore this case.

./monthly.tex:7759: Misplaced \noalign.
\hline ->\noalign 
                  {\ifnum 0=`}\fi \let \hskip \vskip \let \vrule \hrule \let...
l.7759   \end{tabularx}
                       
I expect to see \noalign only after the \cr of
an alignment. Proceed, and I'll ignore this case.

./monthly.tex:7759: Misplaced \noalign.
\hline ->\noalign 
                  {\ifnum 0=`}\fi \let \hskip \vskip \let \vrule \hrule \let...
l.7759   \end{tabularx}
                       
I expect to see \noalign only after the \cr of
an alignment. Proceed, and I'll ignore this case.

./monthly.tex:7759: Misplaced \noalign.
\hline ->\noalign 
                  {\ifnum 0=`}\fi \let \hskip \vskip \let \vrule \hrule \let...
l.7759   \end{tabularx}
                       
I expect to see \noalign only after the \cr of
an alignment. Proceed, and I'll ignore this case.

./monthly.tex:7759: Misplaced \noalign.
\hline ->\noalign 
                  {\ifnum 0=`}\fi \let \hskip \vskip \let \vrule \hrule \let...
l.7759   \end{tabularx}
                       
I expect to see \noalign only after the \cr of
an alignment. Proceed, and I'll ignore this case.

./monthly.tex:7759: Misplaced \noalign.
\hline ->\noalign 
                  {\ifnum 0=`}\fi \let \hskip \vskip \let \vrule \hrule \let...
l.7759   \end{tabularx}
                       
I expect to see \noalign only after the \cr of
an alignment. Proceed, and I'll ignore this case.

./monthly.tex:7759: Misplaced \noalign.
\hline ->\noalign 
                  {\ifnum 0=`}\fi \let \hskip \vskip \let \vrule \hrule \let...
l.7759   \end{tabularx}
                       
I expect to see \noalign only after the \cr of
an alignment. Proceed, and I'll ignore this case.

./monthly.tex:7759: Misplaced \noalign.
\hline ->\noalign 
                  {\ifnum 0=`}\fi \let \hskip \vskip \let \vrule \hrule \let...
l.7759   \end{tabularx}
                       
I expect to see \noalign only after the \cr of
an alignment. Proceed, and I'll ignore this case.

./monthly.tex:7759: Misplaced \noalign.
\hline ->\noalign 
                  {\ifnum 0=`}\fi \let \hskip \vskip \let \vrule \hrule \let...
l.7759   \end{tabularx}
                       
I expect to see \noalign only after the \cr of
an alignment. Proceed, and I'll ignore this case.

./monthly.tex:7759: Misplaced \noalign.
\hline ->\noalign 
                  {\ifnum 0=`}\fi \let \hskip \vskip \let \vrule \hrule \let...
l.7759   \end{tabularx}
                       
I expect to see \noalign only after the \cr of
an alignment. Proceed, and I'll ignore this case.

./monthly.tex:7759: Misplaced \noalign.
\hline ->\noalign 
                  {\ifnum 0=`}\fi \let \hskip \vskip \let \vrule \hrule \let...
l.7759   \end{tabularx}
                       
I expect to see \noalign only after the \cr of
an alignment. Proceed, and I'll ignore this case.

./monthly.tex:7759: Misplaced \noalign.
\hline ->\noalign 
                  {\ifnum 0=`}\fi \let \hskip \vskip \let \vrule \hrule \let...
l.7759   \end{tabularx}
                       
I expect to see \noalign only after the \cr of
an alignment. Proceed, and I'll ignore this case.

./monthly.tex:7759: Misplaced \noalign.
\hline ->\noalign 
                  {\ifnum 0=`}\fi \let \hskip \vskip \let \vrule \hrule \let...
l.7759   \end{tabularx}
                       
I expect to see \noalign only after the \cr of
an alignment. Proceed, and I'll ignore this case.

./monthly.tex:7759: Misplaced \noalign.
\hline ->\noalign 
                  {\ifnum 0=`}\fi \let \hskip \vskip \let \vrule \hrule \let...
l.7759   \end{tabularx}
                       
I expect to see \noalign only after the \cr of
an alignment. Proceed, and I'll ignore this case.

./monthly.tex:7759: Misplaced \noalign.
\hline ->\noalign 
                  {\ifnum 0=`}\fi \let \hskip \vskip \let \vrule \hrule \let...
l.7759   \end{tabularx}
                       
I expect to see \noalign only after the \cr of
an alignment. Proceed, and I'll ignore this case.

./monthly.tex:7759: Misplaced \noalign.
\hline ->\noalign 
                  {\ifnum 0=`}\fi \let \hskip \vskip \let \vrule \hrule \let...
l.7759   \end{tabularx}
                       
I expect to see \noalign only after the \cr of
an alignment. Proceed, and I'll ignore this case.

./monthly.tex:7759: Misplaced \noalign.
\hline ->\noalign 
                  {\ifnum 0=`}\fi \let \hskip \vskip \let \vrule \hrule \let...
l.7759   \end{tabularx}
                       
I expect to see \noalign only after the \cr of
an alignment. Proceed, and I'll ignore this case.

./monthly.tex:7759: Misplaced \noalign.
\hline ->\noalign 
                  {\ifnum 0=`}\fi \let \hskip \vskip \let \vrule \hrule \let...
l.7759   \end{tabularx}
                       
I expect to see \noalign only after the \cr of
an alignment. Proceed, and I'll ignore this case.

./monthly.tex:7759: Misplaced \noalign.
\hline ->\noalign 
                  {\ifnum 0=`}\fi \let \hskip \vskip \let \vrule \hrule \let...
l.7759   \end{tabularx}
                       
I expect to see \noalign only after the \cr of
an alignment. Proceed, and I'll ignore this case.

./monthly.tex:7759: Misplaced \noalign.
\hline ->\noalign 
                  {\ifnum 0=`}\fi \let \hskip \vskip \let \vrule \hrule \let...
l.7759   \end{tabularx}
                       
I expect to see \noalign only after the \cr of
an alignment. Proceed, and I'll ignore this case.

./monthly.tex:7759: Misplaced \noalign.
\hline ->\noalign 
                  {\ifnum 0=`}\fi \let \hskip \vskip \let \vrule \hrule \let...
l.7759   \end{tabularx}
                       
I expect to see \noalign only after the \cr of
an alignment. Proceed, and I'll ignore this case.

./monthly.tex:7759: Misplaced \noalign.
\hline ->\noalign 
                  {\ifnum 0=`}\fi \let \hskip \vskip \let \vrule \hrule \let...
l.7759   \end{tabularx}
                       
I expect to see \noalign only after the \cr of
an alignment. Proceed, and I'll ignore this case.

./monthly.tex:7759: Misplaced \noalign.
\hline ->\noalign 
                  {\ifnum 0=`}\fi \let \hskip \vskip \let \vrule \hrule \let...
l.7759   \end{tabularx}
                       
I expect to see \noalign only after the \cr of
an alignment. Proceed, and I'll ignore this case.

./monthly.tex:7759: Misplaced \noalign.
\hline ->\noalign 
                  {\ifnum 0=`}\fi \let \hskip \vskip \let \vrule \hrule \let...
l.7759   \end{tabularx}
                       
I expect to see \noalign only after the \cr of
an alignment. Proceed, and I'll ignore this case.

./monthly.tex:7759: Misplaced \noalign.
\hline ->\noalign 
                  {\ifnum 0=`}\fi \let \hskip \vskip \let \vrule \hrule \let...
l.7759   \end{tabularx}
                       
I expect to see \noalign only after the \cr of
an alignment. Proceed, and I'll ignore this case.

./monthly.tex:7759: Misplaced \noalign.
\hline ->\noalign 
                  {\ifnum 0=`}\fi \let \hskip \vskip \let \vrule \hrule \let...
l.7759   \end{tabularx}
                       
I expect to see \noalign only after the \cr of
an alignment. Proceed, and I'll ignore this case.

./monthly.tex:7759: Misplaced \noalign.
\hline ->\noalign 
                  {\ifnum 0=`}\fi \let \hskip \vskip \let \vrule \hrule \let...
l.7759   \end{tabularx}
                       
I expect to see \noalign only after the \cr of
an alignment. Proceed, and I'll ignore this case.

./monthly.tex:7759: Misplaced \noalign.
\hline ->\noalign 
                  {\ifnum 0=`}\fi \let \hskip \vskip \let \vrule \hrule \let...
l.7759   \end{tabularx}
                       
I expect to see \noalign only after the \cr of
an alignment. Proceed, and I'll ignore this case.

./monthly.tex:7759: Misplaced \noalign.
\hline ->\noalign 
                  {\ifnum 0=`}\fi \let \hskip \vskip \let \vrule \hrule \let...
l.7759   \end{tabularx}
                       
I expect to see \noalign only after the \cr of
an alignment. Proceed, and I'll ignore this case.

./monthly.tex:7759: Misplaced \noalign.
\hline ->\noalign 
                  {\ifnum 0=`}\fi \let \hskip \vskip \let \vrule \hrule \let...
l.7759   \end{tabularx}
                       
I expect to see \noalign only after the \cr of
an alignment. Proceed, and I'll ignore this case.

./monthly.tex:7759: Misplaced \noalign.
\hline ->\noalign 
                  {\ifnum 0=`}\fi \let \hskip \vskip \let \vrule \hrule \let...
l.7759   \end{tabularx}
                       
I expect to see \noalign only after the \cr of
an alignment. Proceed, and I'll ignore this case.

./monthly.tex:7759: Misplaced \noalign.
\hline ->\noalign 
                  {\ifnum 0=`}\fi \let \hskip \vskip \let \vrule \hrule \let...
l.7759   \end{tabularx}
                       
I expect to see \noalign only after the \cr of
an alignment. Proceed, and I'll ignore this case.

./monthly.tex:7759: Misplaced \noalign.
\hline ->\noalign 
                  {\ifnum 0=`}\fi \let \hskip \vskip \let \vrule \hrule \let...
l.7759   \end{tabularx}
                       
I expect to see \noalign only after the \cr of
an alignment. Proceed, and I'll ignore this case.

./monthly.tex:7759: Misplaced \noalign.
\hline ->\noalign 
                  {\ifnum 0=`}\fi \let \hskip \vskip \let \vrule \hrule \let...
l.7759   \end{tabularx}
                       
I expect to see \noalign only after the \cr of
an alignment. Proceed, and I'll ignore this case.

./monthly.tex:7759: Misplaced \noalign.
\hline ->\noalign 
                  {\ifnum 0=`}\fi \let \hskip \vskip \let \vrule \hrule \let...
l.7759   \end{tabularx}
                       
I expect to see \noalign only after the \cr of
an alignment. Proceed, and I'll ignore this case.

./monthly.tex:7759: Misplaced \noalign.
\hline ->\noalign 
                  {\ifnum 0=`}\fi \let \hskip \vskip \let \vrule \hrule \let...
l.7759   \end{tabularx}
                       
I expect to see \noalign only after the \cr of
an alignment. Proceed, and I'll ignore this case.

./monthly.tex:7759: Misplaced \noalign.
\hline ->\noalign 
                  {\ifnum 0=`}\fi \let \hskip \vskip \let \vrule \hrule \let...
l.7759   \end{tabularx}
                       
I expect to see \noalign only after the \cr of
an alignment. Proceed, and I'll ignore this case.

./monthly.tex:7759: Misplaced \noalign.
\hline ->\noalign 
                  {\ifnum 0=`}\fi \let \hskip \vskip \let \vrule \hrule \let...
l.7759   \end{tabularx}
                       
I expect to see \noalign only after the \cr of
an alignment. Proceed, and I'll ignore this case.

./monthly.tex:7759: Misplaced \noalign.
\hline ->\noalign 
                  {\ifnum 0=`}\fi \let \hskip \vskip \let \vrule \hrule \let...
l.7759   \end{tabularx}
                       
I expect to see \noalign only after the \cr of
an alignment. Proceed, and I'll ignore this case.

./monthly.tex:7759: Misplaced \noalign.
\hline ->\noalign 
                  {\ifnum 0=`}\fi \let \hskip \vskip \let \vrule \hrule \let...
l.7759   \end{tabularx}
                       
I expect to see \noalign only after the \cr of
an alignment. Proceed, and I'll ignore this case.

./monthly.tex:7759: Misplaced \noalign.
\hline ->\noalign 
                  {\ifnum 0=`}\fi \let \hskip \vskip \let \vrule \hrule \let...
l.7759   \end{tabularx}
                       
I expect to see \noalign only after the \cr of
an alignment. Proceed, and I'll ignore this case.

./monthly.tex:7759: Misplaced \noalign.
\hline ->\noalign 
                  {\ifnum 0=`}\fi \let \hskip \vskip \let \vrule \hrule \let...
l.7759   \end{tabularx}
                       
I expect to see \noalign only after the \cr of
an alignment. Proceed, and I'll ignore this case.

./monthly.tex:7759: Misplaced \noalign.
\hline ->\noalign 
                  {\ifnum 0=`}\fi \let \hskip \vskip \let \vrule \hrule \let...
l.7759   \end{tabularx}
                       
I expect to see \noalign only after the \cr of
an alignment. Proceed, and I'll ignore this case.

./monthly.tex:7759: Misplaced \noalign.
\hline ->\noalign 
                  {\ifnum 0=`}\fi \let \hskip \vskip \let \vrule \hrule \let...
l.7759   \end{tabularx}
                       
I expect to see \noalign only after the \cr of
an alignment. Proceed, and I'll ignore this case.

./monthly.tex:7759: Misplaced \noalign.
\hline ->\noalign 
                  {\ifnum 0=`}\fi \let \hskip \vskip \let \vrule \hrule \let...
l.7759   \end{tabularx}
                       
I expect to see \noalign only after the \cr of
an alignment. Proceed, and I'll ignore this case.

./monthly.tex:7759: Misplaced \noalign.
\hline ->\noalign 
                  {\ifnum 0=`}\fi \let \hskip \vskip \let \vrule \hrule \let...
l.7759   \end{tabularx}
                       
I expect to see \noalign only after the \cr of
an alignment. Proceed, and I'll ignore this case.


Underfull \hbox (badness 10000) in paragraph at lines 7759--7762

 []

) [30] (./monthly_calendar.aux (./monthly.aux))
 ***********
LaTeX2e <2023-11-01> patch level 1
L3 programming layer <2024-02-20>
 ***********
 ) 
Here is how much of TeX's memory you used:
 23776 strings out of 474773
 506241 string characters out of 5757725
 2001839 words of memory out of 5000000
 45457 multiletter control sequences out of 15000+600000
 597968 words of font info for 70 fonts, out of 8000000 for 9000
 1348 hyphenation exceptions out of 8191
 84i,20n,96p,1904b,1596s stack positions out of 10000i,1000n,20000p,200000b,200000s

Output written on monthly_calendar.pdf (30 pages).
